# Batch started 2025-10-20 16:31:28 | map=/home/max/Documents/PhD/MAPF/LNS/MAPF_LNS_SAT/mapf-map/empty-32-32.map | agents=50 | total_time_limit=600s

# Run 0 | scenario="/home/max/Documents/PhD/MAPF/LNS/MAPF_LNS_SAT/mapf-scen-even/scen-even/empty-32-32-even-1.scen" | scenario_index=0
# Command: /home/max/Documents/PhD/MAPF/LNS/MAPF_LNS_SAT/lns_clean/main_clean_lns /home/max/Documents/PhD/MAPF/LNS/MAPF_LNS_SAT/mapf-map/empty-32-32.map /home/max/Documents/PhD/MAPF/LNS/MAPF_LNS_SAT/mapf-scen-even/scen-even/empty-32-32-even-1.scen 50 0 minisat 42
# Remaining time budget: 599 seconds
[LNS] Loaded map 32x32, agents: 50
[LNS] Map:
................................
................................
................................
................................
................................
................................
................................
................................
................................
................................
................................
................................
................................
................................
................................
................................
................................
................................
................................
................................
................................
................................
................................
................................
................................
................................
................................
................................
................................
................................
................................
................................
[LNS] Number of agents: 50
[LNS] Agents (start -> goal):
  Agent 0: (25,11) -> (30,20)
  Agent 1: (31,14) -> (16,23)
  Agent 2: (23,5) -> (11,5)
  Agent 3: (13,13) -> (27,28)
  Agent 4: (27,3) -> (2,13)
  Agent 5: (3,16) -> (22,0)
  Agent 6: (25,24) -> (23,22)
  Agent 7: (22,18) -> (2,27)
  Agent 8: (8,28) -> (7,11)
  Agent 9: (3,7) -> (28,12)
  Agent 10: (0,5) -> (10,2)
  Agent 11: (7,14) -> (28,26)
  Agent 12: (8,23) -> (22,24)
  Agent 13: (20,9) -> (20,20)
  Agent 14: (14,26) -> (17,31)
  Agent 15: (10,19) -> (28,28)
  Agent 16: (25,9) -> (2,26)
  Agent 17: (1,22) -> (19,0)
  Agent 18: (24,18) -> (14,10)
  Agent 19: (4,3) -> (30,11)
  Agent 20: (26,1) -> (18,30)
  Agent 21: (27,11) -> (30,30)
  Agent 22: (10,31) -> (6,6)
  Agent 23: (16,12) -> (9,21)
  Agent 24: (9,8) -> (13,26)
  Agent 25: (14,13) -> (12,17)
  Agent 26: (3,0) -> (5,28)
  Agent 27: (8,31) -> (18,31)
  Agent 28: (17,30) -> (21,28)
  Agent 29: (17,6) -> (29,0)
  Agent 30: (19,26) -> (26,6)
  Agent 31: (0,15) -> (3,2)
  Agent 32: (5,12) -> (7,29)
  Agent 33: (25,17) -> (0,12)
  Agent 34: (1,25) -> (20,19)
  Agent 35: (18,26) -> (17,16)
  Agent 36: (22,29) -> (0,26)
  Agent 37: (11,10) -> (23,8)
  Agent 38: (13,14) -> (13,24)
  Agent 39: (21,3) -> (2,15)
  Agent 40: (11,3) -> (30,2)
  Agent 41: (10,16) -> (18,21)
  Agent 42: (14,29) -> (15,5)
  Agent 43: (31,13) -> (29,22)
  Agent 44: (30,16) -> (15,29)
  Agent 45: (27,19) -> (13,9)
  Agent 46: (13,29) -> (0,30)
  Agent 47: (19,4) -> (11,24)
  Agent 48: (10,13) -> (17,8)
  Agent 49: (11,17) -> (5,21)
[LNS] Base makespan: 40

[LNS] === Attempt with max_timesteps=40 ===
[SAT] Creating MDDs with shortest paths + waiting time...
[SAT] Created 50 MDDs with waiting time structure
[LNS] Built MDDs with waiting time structure for 50 agents at makespan 40
[Current_Solution] Calculating waiting times for agents...
[Current_Solution] Agent 49 reaches goal at t=10, waiting time=30
[Current_Solution] Agent 48 reaches goal at t=12, waiting time=28
[Current_Solution] Agent 47 reaches goal at t=28, waiting time=12
[Current_Solution] Agent 46 reaches goal at t=14, waiting time=26
[Current_Solution] Agent 45 reaches goal at t=24, waiting time=16
[Current_Solution] Agent 44 reaches goal at t=28, waiting time=12
[Current_Solution] Agent 43 reaches goal at t=11, waiting time=29
[Current_Solution] Agent 42 reaches goal at t=25, waiting time=15
[Current_Solution] Agent 41 reaches goal at t=13, waiting time=27
[Current_Solution] Agent 40 reaches goal at t=20, waiting time=20
[Current_Solution] Agent 39 reaches goal at t=31, waiting time=9
[Current_Solution] Agent 38 reaches goal at t=10, waiting time=30
[Current_Solution] Agent 37 reaches goal at t=14, waiting time=26
[Current_Solution] Agent 36 reaches goal at t=25, waiting time=15
[Current_Solution] Agent 35 reaches goal at t=11, waiting time=29
[Current_Solution] Agent 34 reaches goal at t=25, waiting time=15
[Current_Solution] Agent 33 reaches goal at t=30, waiting time=10
[Current_Solution] Agent 32 reaches goal at t=19, waiting time=21
[Current_Solution] Agent 31 reaches goal at t=16, waiting time=24
[Current_Solution] Agent 30 reaches goal at t=27, waiting time=13
[Current_Solution] Agent 29 reaches goal at t=18, waiting time=22
[Current_Solution] Agent 28 reaches goal at t=6, waiting time=34
[Current_Solution] Agent 27 reaches goal at t=10, waiting time=30
[Current_Solution] Agent 26 reaches goal at t=30, waiting time=10
[Current_Solution] Agent 25 reaches goal at t=6, waiting time=34
[Current_Solution] Agent 24 reaches goal at t=22, waiting time=18
[Current_Solution] Agent 23 reaches goal at t=16, waiting time=24
[Current_Solution] Agent 22 reaches goal at t=29, waiting time=11
[Current_Solution] Agent 21 reaches goal at t=22, waiting time=18
[Current_Solution] Agent 20 reaches goal at t=37, waiting time=3
[Current_Solution] Agent 19 reaches goal at t=34, waiting time=6
[Current_Solution] Agent 18 reaches goal at t=18, waiting time=22
[Current_Solution] Agent 17 reaches goal at t=40, waiting time=0
[Current_Solution] Agent 16 reaches goal at t=40, waiting time=0
[Current_Solution] Agent 15 reaches goal at t=27, waiting time=13
[Current_Solution] Agent 14 reaches goal at t=8, waiting time=32
[Current_Solution] Agent 13 reaches goal at t=11, waiting time=29
[Current_Solution] Agent 12 reaches goal at t=15, waiting time=25
[Current_Solution] Agent 11 reaches goal at t=33, waiting time=7
[Current_Solution] Agent 10 reaches goal at t=13, waiting time=27
[Current_Solution] Agent 9 reaches goal at t=30, waiting time=10
[Current_Solution] Agent 8 reaches goal at t=18, waiting time=22
[Current_Solution] Agent 7 reaches goal at t=29, waiting time=11
[Current_Solution] Agent 6 reaches goal at t=4, waiting time=36
[Current_Solution] Agent 5 reaches goal at t=35, waiting time=5
[Current_Solution] Agent 4 reaches goal at t=35, waiting time=5
[Current_Solution] Agent 3 reaches goal at t=29, waiting time=11
[Current_Solution] Agent 2 reaches goal at t=12, waiting time=28
[Current_Solution] Agent 1 reaches goal at t=24, waiting time=16
[Current_Solution] Agent 0 reaches goal at t=14, waiting time=26
[Current_Solution] Waiting time calculation complete
[LNS] Created current solution with 50 agent paths on a map of size 32x32
[LNS] Analyzing conflicts...
[LNS] Current solution: vertex collisions=26, edge collisions=5
[LNS] Creating conflict buckets...
[LOCAL ZONE] Building diamond bucket for conflict 0
[LOCAL ZONE] Built diamond bucket for conflict 0 with 5 positions, 1 conflicts, 2 - 2 time window
[LOCAL ZONE] Building diamond bucket for conflict 26
[LOCAL ZONE] Built diamond bucket for conflict 26 with 8 positions, 1 conflicts, 2 - 2 time window
[LNS] Selected most relevant bucket 26 with time window: 2 - 2, 1 conflicts and 8 positions.
[LNS] Solving the best bucket Local Zone...
[Solve_local_zone] Local zone size reached 95% of all walkable positions
[Solve_local_zone] Will try to solve with full time window and all positions
[Solve_local_zone] Makespan: 40
[Solve_local_zone] Time window: [0, 40]
[Current_Solution] Agent 0 used 26 waiting timesteps, 0 remaining
[Current_Solution] Agent 1 used 16 waiting timesteps, 0 remaining
[Current_Solution] Agent 2 used 28 waiting timesteps, 0 remaining
[Current_Solution] Agent 3 used 11 waiting timesteps, 0 remaining
[Current_Solution] Agent 4 used 5 waiting timesteps, 0 remaining
[Current_Solution] Agent 5 used 5 waiting timesteps, 0 remaining
[Current_Solution] Agent 6 used 36 waiting timesteps, 0 remaining
[Current_Solution] Agent 7 used 11 waiting timesteps, 0 remaining
[Current_Solution] Agent 8 used 22 waiting timesteps, 0 remaining
[Current_Solution] Agent 9 used 10 waiting timesteps, 0 remaining
[Current_Solution] Agent 10 used 27 waiting timesteps, 0 remaining
[Current_Solution] Agent 11 used 7 waiting timesteps, 0 remaining
[Current_Solution] Agent 12 used 25 waiting timesteps, 0 remaining
[Current_Solution] Agent 13 used 29 waiting timesteps, 0 remaining
[Current_Solution] Agent 14 used 32 waiting timesteps, 0 remaining
[Current_Solution] Agent 15 used 13 waiting timesteps, 0 remaining
[Current_Solution] Agent 18 used 22 waiting timesteps, 0 remaining
[Current_Solution] Agent 19 used 6 waiting timesteps, 0 remaining
[Current_Solution] Agent 20 used 3 waiting timesteps, 0 remaining
[Current_Solution] Agent 21 used 18 waiting timesteps, 0 remaining
[Current_Solution] Agent 22 used 11 waiting timesteps, 0 remaining
[Current_Solution] Agent 23 used 24 waiting timesteps, 0 remaining
[Current_Solution] Agent 24 used 18 waiting timesteps, 0 remaining
[Current_Solution] Agent 25 used 34 waiting timesteps, 0 remaining
[Current_Solution] Agent 26 used 10 waiting timesteps, 0 remaining
[Current_Solution] Agent 27 used 30 waiting timesteps, 0 remaining
[Current_Solution] Agent 28 used 34 waiting timesteps, 0 remaining
[Current_Solution] Agent 29 used 22 waiting timesteps, 0 remaining
[Current_Solution] Agent 30 used 13 waiting timesteps, 0 remaining
[Current_Solution] Agent 31 used 24 waiting timesteps, 0 remaining
[Current_Solution] Agent 32 used 21 waiting timesteps, 0 remaining
[Current_Solution] Agent 33 used 10 waiting timesteps, 0 remaining
[Current_Solution] Agent 34 used 15 waiting timesteps, 0 remaining
[Current_Solution] Agent 35 used 29 waiting timesteps, 0 remaining
[Current_Solution] Agent 36 used 15 waiting timesteps, 0 remaining
[Current_Solution] Agent 37 used 26 waiting timesteps, 0 remaining
[Current_Solution] Agent 38 used 30 waiting timesteps, 0 remaining
[Current_Solution] Agent 39 used 9 waiting timesteps, 0 remaining
[Current_Solution] Agent 40 used 20 waiting timesteps, 0 remaining
[Current_Solution] Agent 41 used 27 waiting timesteps, 0 remaining
[Current_Solution] Agent 42 used 15 waiting timesteps, 0 remaining
[Current_Solution] Agent 43 used 29 waiting timesteps, 0 remaining
[Current_Solution] Agent 44 used 12 waiting timesteps, 0 remaining
[Current_Solution] Agent 45 used 16 waiting timesteps, 0 remaining
[Current_Solution] Agent 46 used 26 waiting timesteps, 0 remaining
[Current_Solution] Agent 47 used 12 waiting timesteps, 0 remaining
[Current_Solution] Agent 48 used 28 waiting timesteps, 0 remaining
[Current_Solution] Agent 49 used 30 waiting timesteps, 0 remaining
[Waiting_time_Solve] Agent 0 has waiting time 0
[Waiting_time_Solve] Agent 1 has waiting time 0
[Waiting_time_Solve] Agent 2 has waiting time 0
[Waiting_time_Solve] Agent 3 has waiting time 0
[Waiting_time_Solve] Agent 4 has waiting time 0
[Waiting_time_Solve] Agent 5 has waiting time 0
[Waiting_time_Solve] Agent 6 has waiting time 0
[Waiting_time_Solve] Agent 7 has waiting time 0
[Waiting_time_Solve] Agent 8 has waiting time 0
[Waiting_time_Solve] Agent 9 has waiting time 0
[Waiting_time_Solve] Agent 10 has waiting time 0
[Waiting_time_Solve] Agent 11 has waiting time 0
[Waiting_time_Solve] Agent 12 has waiting time 0
[Waiting_time_Solve] Agent 13 has waiting time 0
[Waiting_time_Solve] Agent 14 has waiting time 0
[Waiting_time_Solve] Agent 15 has waiting time 0
[Waiting_time_Solve] Agent 16 has waiting time 0
[Waiting_time_Solve] Agent 17 has waiting time 0
[Waiting_time_Solve] Agent 18 has waiting time 0
[Waiting_time_Solve] Agent 19 has waiting time 0
[Waiting_time_Solve] Agent 20 has waiting time 0
[Waiting_time_Solve] Agent 21 has waiting time 0
[Waiting_time_Solve] Agent 22 has waiting time 0
[Waiting_time_Solve] Agent 23 has waiting time 0
[Waiting_time_Solve] Agent 24 has waiting time 0
[Waiting_time_Solve] Agent 25 has waiting time 0
[Waiting_time_Solve] Agent 26 has waiting time 0
[Waiting_time_Solve] Agent 27 has waiting time 0
[Waiting_time_Solve] Agent 28 has waiting time 0
[Waiting_time_Solve] Agent 29 has waiting time 0
[Waiting_time_Solve] Agent 30 has waiting time 0
[Waiting_time_Solve] Agent 31 has waiting time 0
[Waiting_time_Solve] Agent 32 has waiting time 0
[Waiting_time_Solve] Agent 33 has waiting time 0
[Waiting_time_Solve] Agent 34 has waiting time 0
[Waiting_time_Solve] Agent 35 has waiting time 0
[Waiting_time_Solve] Agent 36 has waiting time 0
[Waiting_time_Solve] Agent 37 has waiting time 0
[Waiting_time_Solve] Agent 38 has waiting time 0
[Waiting_time_Solve] Agent 39 has waiting time 0
[Waiting_time_Solve] Agent 40 has waiting time 0
[Waiting_time_Solve] Agent 41 has waiting time 0
[Waiting_time_Solve] Agent 42 has waiting time 0
[Waiting_time_Solve] Agent 43 has waiting time 0
[Waiting_time_Solve] Agent 44 has waiting time 0
[Waiting_time_Solve] Agent 45 has waiting time 0
[Waiting_time_Solve] Agent 46 has waiting time 0
[Waiting_time_Solve] Agent 47 has waiting time 0
[Waiting_time_Solve] Agent 48 has waiting time 0
[Waiting_time_Solve] Agent 49 has waiting time 0
[Waiting_time_Solve] Total available waiting time: 0
[Waiting_time_Solve] Max iterations: 1
[Waiting_time_Solve] Iteration 0...
Command terminated after exceeding the time limit.
# Run terminated after reaching overall time limit

# Batch stopped after reaching overall time limit (elapsed 599s)
