# Batch started 2025-10-20 17:11:24 | map=/home/max/Documents/PhD/MAPF/LNS/MAPF_LNS_SAT/mapf-map/empty-48-48.map | agents=20 | total_time_limit=600s

# Run 0 | scenario="/home/max/Documents/PhD/MAPF/LNS/MAPF_LNS_SAT/mapf-scen-even/scen-even/empty-48-48-even-1.scen" | scenario_index=0
# Command: /home/max/Documents/PhD/MAPF/LNS/MAPF_LNS_SAT/lns_clean/main_clean_lns /home/max/Documents/PhD/MAPF/LNS/MAPF_LNS_SAT/mapf-map/empty-48-48.map /home/max/Documents/PhD/MAPF/LNS/MAPF_LNS_SAT/mapf-scen-even/scen-even/empty-48-48-even-1.scen 20 0 minisat 42
# Remaining time budget: 599 seconds
[LNS] Loaded map 48x48, agents: 20
[LNS] Map:
................................................
................................................
................................................
................................................
................................................
................................................
................................................
................................................
................................................
................................................
................................................
................................................
................................................
................................................
................................................
................................................
................................................
................................................
................................................
................................................
................................................
................................................
................................................
................................................
................................................
................................................
................................................
................................................
................................................
................................................
................................................
................................................
................................................
................................................
................................................
................................................
................................................
................................................
................................................
................................................
................................................
................................................
................................................
................................................
................................................
................................................
................................................
................................................
[LNS] Number of agents: 20
[LNS] Agents (start -> goal):
  Agent 0: (15,42) -> (22,25)
  Agent 1: (40,3) -> (27,2)
  Agent 2: (32,0) -> (2,37)
  Agent 3: (15,5) -> (27,3)
  Agent 4: (4,28) -> (27,23)
  Agent 5: (37,1) -> (20,29)
  Agent 6: (9,24) -> (5,44)
  Agent 7: (11,8) -> (42,17)
  Agent 8: (0,16) -> (15,20)
  Agent 9: (10,31) -> (31,33)
  Agent 10: (37,39) -> (40,40)
  Agent 11: (19,26) -> (10,12)
  Agent 12: (28,25) -> (11,21)
  Agent 13: (42,6) -> (30,23)
  Agent 14: (21,26) -> (33,16)
  Agent 15: (38,19) -> (21,3)
  Agent 16: (10,29) -> (33,19)
  Agent 17: (27,42) -> (26,10)
  Agent 18: (42,39) -> (7,10)
  Agent 19: (19,30) -> (37,0)
[LNS] Base makespan: 67

[LNS] === Attempt with max_timesteps=67 ===
[SAT] Creating MDDs with shortest paths + waiting time...
[SAT] Created 20 MDDs with waiting time structure
[LNS] Built MDDs with waiting time structure for 20 agents at makespan 67
[Current_Solution] Calculating waiting times for agents...
[Current_Solution] Agent 19 reaches goal at t=48, waiting time=19
[Current_Solution] Agent 18 reaches goal at t=64, waiting time=3
[Current_Solution] Agent 17 reaches goal at t=33, waiting time=34
[Current_Solution] Agent 16 reaches goal at t=33, waiting time=34
[Current_Solution] Agent 15 reaches goal at t=33, waiting time=34
[Current_Solution] Agent 14 reaches goal at t=22, waiting time=45
[Current_Solution] Agent 13 reaches goal at t=29, waiting time=38
[Current_Solution] Agent 12 reaches goal at t=21, waiting time=46
[Current_Solution] Agent 11 reaches goal at t=23, waiting time=44
[Current_Solution] Agent 10 reaches goal at t=4, waiting time=63
[Current_Solution] Agent 9 reaches goal at t=23, waiting time=44
[Current_Solution] Agent 8 reaches goal at t=19, waiting time=48
[Current_Solution] Agent 7 reaches goal at t=40, waiting time=27
[Current_Solution] Agent 6 reaches goal at t=24, waiting time=43
[Current_Solution] Agent 5 reaches goal at t=45, waiting time=22
[Current_Solution] Agent 4 reaches goal at t=28, waiting time=39
[Current_Solution] Agent 3 reaches goal at t=14, waiting time=53
[Current_Solution] Agent 2 reaches goal at t=67, waiting time=0
[Current_Solution] Agent 1 reaches goal at t=14, waiting time=53
[Current_Solution] Agent 0 reaches goal at t=24, waiting time=43
[Current_Solution] Waiting time calculation complete
[LNS] Created current solution with 20 agent paths on a map of size 48x48
[LNS] Analyzing conflicts...
[LNS] Current solution: vertex collisions=4, edge collisions=1
[LNS] Creating conflict buckets...
[LOCAL ZONE] Building diamond bucket for conflict 0
[LOCAL ZONE] Built diamond bucket for conflict 0 with 5 positions, 1 conflicts, 8 - 8 time window
[LNS] Selected most relevant bucket 0 with time window: 8 - 8, 1 conflicts and 5 positions.
[LNS] Solving the best bucket Local Zone...
[Solve_local_zone] Local zone size reached 95% of all walkable positions
[Solve_local_zone] Will try to solve with full time window and all positions
[Solve_local_zone] Makespan: 67
[Solve_local_zone] Time window: [0, 67]
[Current_Solution] Agent 0 used 43 waiting timesteps, 0 remaining
[Current_Solution] Agent 1 used 53 waiting timesteps, 0 remaining
[Current_Solution] Agent 3 used 53 waiting timesteps, 0 remaining
[Current_Solution] Agent 4 used 39 waiting timesteps, 0 remaining
[Current_Solution] Agent 5 used 22 waiting timesteps, 0 remaining
[Current_Solution] Agent 6 used 43 waiting timesteps, 0 remaining
[Current_Solution] Agent 7 used 27 waiting timesteps, 0 remaining
[Current_Solution] Agent 8 used 48 waiting timesteps, 0 remaining
[Current_Solution] Agent 9 used 44 waiting timesteps, 0 remaining
[Current_Solution] Agent 10 used 63 waiting timesteps, 0 remaining
[Current_Solution] Agent 11 used 44 waiting timesteps, 0 remaining
[Current_Solution] Agent 12 used 46 waiting timesteps, 0 remaining
[Current_Solution] Agent 13 used 38 waiting timesteps, 0 remaining
[Current_Solution] Agent 14 used 45 waiting timesteps, 0 remaining
[Current_Solution] Agent 15 used 34 waiting timesteps, 0 remaining
[Current_Solution] Agent 16 used 34 waiting timesteps, 0 remaining
[Current_Solution] Agent 17 used 34 waiting timesteps, 0 remaining
[Current_Solution] Agent 18 used 3 waiting timesteps, 0 remaining
[Current_Solution] Agent 19 used 19 waiting timesteps, 0 remaining
[Waiting_time_Solve] Agent 0 has waiting time 0
[Waiting_time_Solve] Agent 1 has waiting time 0
[Waiting_time_Solve] Agent 2 has waiting time 0
[Waiting_time_Solve] Agent 3 has waiting time 0
[Waiting_time_Solve] Agent 4 has waiting time 0
[Waiting_time_Solve] Agent 5 has waiting time 0
[Waiting_time_Solve] Agent 6 has waiting time 0
[Waiting_time_Solve] Agent 7 has waiting time 0
[Waiting_time_Solve] Agent 8 has waiting time 0
[Waiting_time_Solve] Agent 9 has waiting time 0
[Waiting_time_Solve] Agent 10 has waiting time 0
[Waiting_time_Solve] Agent 11 has waiting time 0
[Waiting_time_Solve] Agent 12 has waiting time 0
[Waiting_time_Solve] Agent 13 has waiting time 0
[Waiting_time_Solve] Agent 14 has waiting time 0
[Waiting_time_Solve] Agent 15 has waiting time 0
[Waiting_time_Solve] Agent 16 has waiting time 0
[Waiting_time_Solve] Agent 17 has waiting time 0
[Waiting_time_Solve] Agent 18 has waiting time 0
[Waiting_time_Solve] Agent 19 has waiting time 0
[Waiting_time_Solve] Total available waiting time: 0
[Waiting_time_Solve] Max iterations: 1
[Waiting_time_Solve] Iteration 0...
Command terminated after exceeding the time limit.
# Run terminated after reaching overall time limit

# Batch stopped after reaching overall time limit (elapsed 599s)
