# Batch started 2025-10-20 16:51:26 | map=/home/max/Documents/PhD/MAPF/LNS/MAPF_LNS_SAT/mapf-map/empty-32-32.map | agents=200 | total_time_limit=600s

# Run 0 | scenario="/home/max/Documents/PhD/MAPF/LNS/MAPF_LNS_SAT/mapf-scen-even/scen-even/empty-32-32-even-1.scen" | scenario_index=0
# Command: /home/max/Documents/PhD/MAPF/LNS/MAPF_LNS_SAT/lns_clean/main_clean_lns /home/max/Documents/PhD/MAPF/LNS/MAPF_LNS_SAT/mapf-map/empty-32-32.map /home/max/Documents/PhD/MAPF/LNS/MAPF_LNS_SAT/mapf-scen-even/scen-even/empty-32-32-even-1.scen 200 0 minisat 42
# Remaining time budget: 599 seconds
[LNS] Loaded map 32x32, agents: 200
[LNS] Map:
................................
................................
................................
................................
................................
................................
................................
................................
................................
................................
................................
................................
................................
................................
................................
................................
................................
................................
................................
................................
................................
................................
................................
................................
................................
................................
................................
................................
................................
................................
................................
................................
[LNS] Number of agents: 200
[LNS] Agents (start -> goal):
  Agent 0: (25,11) -> (30,20)
  Agent 1: (31,14) -> (16,23)
  Agent 2: (23,5) -> (11,5)
  Agent 3: (13,13) -> (27,28)
  Agent 4: (27,3) -> (2,13)
  Agent 5: (3,16) -> (22,0)
  Agent 6: (25,24) -> (23,22)
  Agent 7: (22,18) -> (2,27)
  Agent 8: (8,28) -> (7,11)
  Agent 9: (3,7) -> (28,12)
  Agent 10: (0,5) -> (10,2)
  Agent 11: (7,14) -> (28,26)
  Agent 12: (8,23) -> (22,24)
  Agent 13: (20,9) -> (20,20)
  Agent 14: (14,26) -> (17,31)
  Agent 15: (10,19) -> (28,28)
  Agent 16: (25,9) -> (2,26)
  Agent 17: (1,22) -> (19,0)
  Agent 18: (24,18) -> (14,10)
  Agent 19: (4,3) -> (30,11)
  Agent 20: (26,1) -> (18,30)
  Agent 21: (27,11) -> (30,30)
  Agent 22: (10,31) -> (6,6)
  Agent 23: (16,12) -> (9,21)
  Agent 24: (9,8) -> (13,26)
  Agent 25: (14,13) -> (12,17)
  Agent 26: (3,0) -> (5,28)
  Agent 27: (8,31) -> (18,31)
  Agent 28: (17,30) -> (21,28)
  Agent 29: (17,6) -> (29,0)
  Agent 30: (19,26) -> (26,6)
  Agent 31: (0,15) -> (3,2)
  Agent 32: (5,12) -> (7,29)
  Agent 33: (25,17) -> (0,12)
  Agent 34: (1,25) -> (20,19)
  Agent 35: (18,26) -> (17,16)
  Agent 36: (22,29) -> (0,26)
  Agent 37: (11,10) -> (23,8)
  Agent 38: (13,14) -> (13,24)
  Agent 39: (21,3) -> (2,15)
  Agent 40: (11,3) -> (30,2)
  Agent 41: (10,16) -> (18,21)
  Agent 42: (14,29) -> (15,5)
  Agent 43: (31,13) -> (29,22)
  Agent 44: (30,16) -> (15,29)
  Agent 45: (27,19) -> (13,9)
  Agent 46: (13,29) -> (0,30)
  Agent 47: (19,4) -> (11,24)
  Agent 48: (10,13) -> (17,8)
  Agent 49: (11,17) -> (5,21)
  Agent 50: (26,30) -> (17,3)
  Agent 51: (27,27) -> (22,13)
  Agent 52: (3,30) -> (25,7)
  Agent 53: (9,3) -> (25,8)
  Agent 54: (26,25) -> (23,7)
  Agent 55: (20,1) -> (4,5)
  Agent 56: (5,0) -> (7,6)
  Agent 57: (30,10) -> (26,5)
  Agent 58: (1,31) -> (8,30)
  Agent 59: (30,14) -> (15,11)
  Agent 60: (9,26) -> (15,31)
  Agent 61: (26,31) -> (4,11)
  Agent 62: (24,7) -> (29,30)
  Agent 63: (16,19) -> (4,13)
  Agent 64: (9,6) -> (21,9)
  Agent 65: (24,31) -> (8,27)
  Agent 66: (19,5) -> (0,10)
  Agent 67: (18,28) -> (16,21)
  Agent 68: (22,14) -> (1,12)
  Agent 69: (1,10) -> (15,9)
  Agent 70: (7,27) -> (10,17)
  Agent 71: (4,9) -> (28,7)
  Agent 72: (21,29) -> (15,20)
  Agent 73: (20,3) -> (20,8)
  Agent 74: (21,30) -> (16,26)
  Agent 75: (6,23) -> (1,6)
  Agent 76: (4,25) -> (18,22)
  Agent 77: (20,14) -> (4,30)
  Agent 78: (21,21) -> (29,7)
  Agent 79: (8,2) -> (5,22)
  Agent 80: (4,6) -> (2,12)
  Agent 81: (11,18) -> (6,27)
  Agent 82: (0,8) -> (2,31)
  Agent 83: (8,18) -> (6,8)
  Agent 84: (16,29) -> (6,4)
  Agent 85: (26,19) -> (20,23)
  Agent 86: (18,0) -> (19,7)
  Agent 87: (20,11) -> (5,10)
  Agent 88: (13,5) -> (2,29)
  Agent 89: (15,27) -> (1,3)
  Agent 90: (11,6) -> (16,15)
  Agent 91: (26,15) -> (5,14)
  Agent 92: (12,3) -> (18,18)
  Agent 93: (11,31) -> (25,23)
  Agent 94: (5,20) -> (3,27)
  Agent 95: (15,16) -> (18,17)
  Agent 96: (31,5) -> (30,28)
  Agent 97: (8,10) -> (11,28)
  Agent 98: (19,23) -> (14,27)
  Agent 99: (19,29) -> (21,2)
  Agent 100: (9,2) -> (13,15)
  Agent 101: (26,13) -> (17,7)
  Agent 102: (16,4) -> (23,30)
  Agent 103: (13,6) -> (13,23)
  Agent 104: (0,24) -> (17,20)
  Agent 105: (0,9) -> (6,9)
  Agent 106: (9,4) -> (3,4)
  Agent 107: (3,3) -> (3,17)
  Agent 108: (2,5) -> (24,9)
  Agent 109: (1,17) -> (13,19)
  Agent 110: (28,24) -> (20,10)
  Agent 111: (5,31) -> (26,8)
  Agent 112: (31,28) -> (24,13)
  Agent 113: (8,26) -> (4,24)
  Agent 114: (25,10) -> (21,19)
  Agent 115: (16,16) -> (1,27)
  Agent 116: (17,14) -> (27,25)
  Agent 117: (16,30) -> (14,8)
  Agent 118: (17,24) -> (29,17)
  Agent 119: (10,6) -> (20,15)
  Agent 120: (21,6) -> (22,9)
  Agent 121: (0,11) -> (10,25)
  Agent 122: (31,2) -> (13,7)
  Agent 123: (14,14) -> (29,12)
  Agent 124: (1,2) -> (2,25)
  Agent 125: (5,27) -> (24,1)
  Agent 126: (20,21) -> (23,29)
  Agent 127: (15,25) -> (22,19)
  Agent 128: (23,0) -> (8,13)
  Agent 129: (25,26) -> (8,11)
  Agent 130: (18,29) -> (10,28)
  Agent 131: (30,8) -> (8,21)
  Agent 132: (8,3) -> (9,11)
  Agent 133: (9,17) -> (23,23)
  Agent 134: (16,31) -> (18,24)
  Agent 135: (5,13) -> (3,6)
  Agent 136: (26,4) -> (3,8)
  Agent 137: (8,16) -> (14,16)
  Agent 138: (18,15) -> (6,29)
  Agent 139: (6,24) -> (16,6)
  Agent 140: (4,17) -> (16,13)
  Agent 141: (8,17) -> (21,18)
  Agent 142: (22,15) -> (3,21)
  Agent 143: (29,16) -> (18,20)
  Agent 144: (31,26) -> (19,2)
  Agent 145: (5,9) -> (15,13)
  Agent 146: (11,25) -> (4,22)
  Agent 147: (21,31) -> (22,30)
  Agent 148: (29,11) -> (22,7)
  Agent 149: (13,18) -> (3,12)
  Agent 150: (19,30) -> (10,11)
  Agent 151: (2,19) -> (13,0)
  Agent 152: (8,19) -> (14,0)
  Agent 153: (25,13) -> (9,13)
  Agent 154: (28,13) -> (6,25)
  Agent 155: (26,18) -> (1,8)
  Agent 156: (3,29) -> (16,7)
  Agent 157: (26,20) -> (14,19)
  Agent 158: (29,24) -> (29,9)
  Agent 159: (28,21) -> (17,5)
  Agent 160: (6,17) -> (1,18)
  Agent 161: (24,21) -> (28,23)
  Agent 162: (31,25) -> (30,0)
  Agent 163: (25,19) -> (10,22)
  Agent 164: (3,26) -> (30,31)
  Agent 165: (10,20) -> (11,8)
  Agent 166: (14,20) -> (12,11)
  Agent 167: (4,19) -> (8,15)
  Agent 168: (10,7) -> (19,24)
  Agent 169: (7,20) -> (26,14)
  Agent 170: (23,4) -> (29,3)
  Agent 171: (4,8) -> (1,4)
  Agent 172: (25,25) -> (11,14)
  Agent 173: (19,15) -> (19,10)
  Agent 174: (24,22) -> (23,13)
  Agent 175: (21,17) -> (12,23)
  Agent 176: (12,22) -> (9,24)
  Agent 177: (27,20) -> (13,27)
  Agent 178: (27,2) -> (2,9)
  Agent 179: (14,9) -> (16,9)
  Agent 180: (14,5) -> (24,11)
  Agent 181: (31,19) -> (27,23)
  Agent 182: (4,29) -> (26,17)
  Agent 183: (3,18) -> (1,15)
  Agent 184: (12,6) -> (19,3)
  Agent 185: (16,27) -> (5,5)
  Agent 186: (2,10) -> (25,22)
  Agent 187: (2,3) -> (1,24)
  Agent 188: (4,18) -> (11,15)
  Agent 189: (18,5) -> (12,0)
  Agent 190: (11,21) -> (7,1)
  Agent 191: (22,31) -> (13,21)
  Agent 192: (29,4) -> (8,14)
  Agent 193: (0,0) -> (8,20)
  Agent 194: (27,6) -> (9,15)
  Agent 195: (26,24) -> (16,24)
  Agent 196: (10,0) -> (20,24)
  Agent 197: (1,20) -> (14,1)
  Agent 198: (2,22) -> (19,18)
  Agent 199: (0,25) -> (7,7)
[LNS] Base makespan: 45

[LNS] === Attempt with max_timesteps=45 ===
[SAT] Creating MDDs with shortest paths + waiting time...
[SAT] Created 200 MDDs with waiting time structure
[LNS] Built MDDs with waiting time structure for 200 agents at makespan 45
[Current_Solution] Calculating waiting times for agents...
[Current_Solution] Agent 199 reaches goal at t=25, waiting time=20
[Current_Solution] Agent 198 reaches goal at t=21, waiting time=24
[Current_Solution] Agent 197 reaches goal at t=32, waiting time=13
[Current_Solution] Agent 196 reaches goal at t=34, waiting time=11
[Current_Solution] Agent 195 reaches goal at t=10, waiting time=35
[Current_Solution] Agent 194 reaches goal at t=27, waiting time=18
[Current_Solution] Agent 193 reaches goal at t=28, waiting time=17
[Current_Solution] Agent 192 reaches goal at t=31, waiting time=14
[Current_Solution] Agent 191 reaches goal at t=19, waiting time=26
[Current_Solution] Agent 190 reaches goal at t=24, waiting time=21
[Current_Solution] Agent 189 reaches goal at t=11, waiting time=34
[Current_Solution] Agent 188 reaches goal at t=10, waiting time=35
[Current_Solution] Agent 187 reaches goal at t=22, waiting time=23
[Current_Solution] Agent 186 reaches goal at t=35, waiting time=10
[Current_Solution] Agent 185 reaches goal at t=33, waiting time=12
[Current_Solution] Agent 184 reaches goal at t=10, waiting time=35
[Current_Solution] Agent 183 reaches goal at t=5, waiting time=40
[Current_Solution] Agent 182 reaches goal at t=34, waiting time=11
[Current_Solution] Agent 181 reaches goal at t=8, waiting time=37
[Current_Solution] Agent 180 reaches goal at t=16, waiting time=29
[Current_Solution] Agent 179 reaches goal at t=2, waiting time=43
[Current_Solution] Agent 178 reaches goal at t=32, waiting time=13
[Current_Solution] Agent 177 reaches goal at t=21, waiting time=24
[Current_Solution] Agent 176 reaches goal at t=5, waiting time=40
[Current_Solution] Agent 175 reaches goal at t=15, waiting time=30
[Current_Solution] Agent 174 reaches goal at t=10, waiting time=35
[Current_Solution] Agent 173 reaches goal at t=5, waiting time=40
[Current_Solution] Agent 172 reaches goal at t=25, waiting time=20
[Current_Solution] Agent 171 reaches goal at t=7, waiting time=38
[Current_Solution] Agent 170 reaches goal at t=7, waiting time=38
[Current_Solution] Agent 169 reaches goal at t=25, waiting time=20
[Current_Solution] Agent 168 reaches goal at t=26, waiting time=19
[Current_Solution] Agent 167 reaches goal at t=8, waiting time=37
[Current_Solution] Agent 166 reaches goal at t=11, waiting time=34
[Current_Solution] Agent 165 reaches goal at t=13, waiting time=32
[Current_Solution] Agent 164 reaches goal at t=32, waiting time=13
[Current_Solution] Agent 163 reaches goal at t=18, waiting time=27
[Current_Solution] Agent 162 reaches goal at t=26, waiting time=19
[Current_Solution] Agent 161 reaches goal at t=6, waiting time=39
[Current_Solution] Agent 160 reaches goal at t=6, waiting time=39
[Current_Solution] Agent 159 reaches goal at t=27, waiting time=18
[Current_Solution] Agent 158 reaches goal at t=15, waiting time=30
[Current_Solution] Agent 157 reaches goal at t=13, waiting time=32
[Current_Solution] Agent 156 reaches goal at t=35, waiting time=10
[Current_Solution] Agent 155 reaches goal at t=35, waiting time=10
[Current_Solution] Agent 154 reaches goal at t=34, waiting time=11
[Current_Solution] Agent 153 reaches goal at t=16, waiting time=29
[Current_Solution] Agent 152 reaches goal at t=25, waiting time=20
[Current_Solution] Agent 151 reaches goal at t=30, waiting time=15
[Current_Solution] Agent 150 reaches goal at t=28, waiting time=17
[Current_Solution] Agent 149 reaches goal at t=16, waiting time=29
[Current_Solution] Agent 148 reaches goal at t=11, waiting time=34
[Current_Solution] Agent 147 reaches goal at t=2, waiting time=43
[Current_Solution] Agent 146 reaches goal at t=10, waiting time=35
[Current_Solution] Agent 145 reaches goal at t=14, waiting time=31
[Current_Solution] Agent 144 reaches goal at t=36, waiting time=9
[Current_Solution] Agent 143 reaches goal at t=15, waiting time=30
[Current_Solution] Agent 142 reaches goal at t=25, waiting time=20
[Current_Solution] Agent 141 reaches goal at t=14, waiting time=31
[Current_Solution] Agent 140 reaches goal at t=16, waiting time=29
[Current_Solution] Agent 139 reaches goal at t=28, waiting time=17
[Current_Solution] Agent 138 reaches goal at t=26, waiting time=19
[Current_Solution] Agent 137 reaches goal at t=6, waiting time=39
[Current_Solution] Agent 136 reaches goal at t=27, waiting time=18
[Current_Solution] Agent 135 reaches goal at t=9, waiting time=36
[Current_Solution] Agent 134 reaches goal at t=9, waiting time=36
[Current_Solution] Agent 133 reaches goal at t=20, waiting time=25
[Current_Solution] Agent 132 reaches goal at t=9, waiting time=36
[Current_Solution] Agent 131 reaches goal at t=35, waiting time=10
[Current_Solution] Agent 130 reaches goal at t=9, waiting time=36
[Current_Solution] Agent 129 reaches goal at t=32, waiting time=13
[Current_Solution] Agent 128 reaches goal at t=28, waiting time=17
[Current_Solution] Agent 127 reaches goal at t=13, waiting time=32
[Current_Solution] Agent 126 reaches goal at t=11, waiting time=34
[Current_Solution] Agent 125 reaches goal at t=45, waiting time=0
[Current_Solution] Agent 124 reaches goal at t=24, waiting time=21
[Current_Solution] Agent 123 reaches goal at t=17, waiting time=28
[Current_Solution] Agent 122 reaches goal at t=23, waiting time=22
[Current_Solution] Agent 121 reaches goal at t=24, waiting time=21
[Current_Solution] Agent 120 reaches goal at t=4, waiting time=41
[Current_Solution] Agent 119 reaches goal at t=19, waiting time=26
[Current_Solution] Agent 118 reaches goal at t=19, waiting time=26
[Current_Solution] Agent 117 reaches goal at t=24, waiting time=21
[Current_Solution] Agent 116 reaches goal at t=21, waiting time=24
[Current_Solution] Agent 115 reaches goal at t=26, waiting time=19
[Current_Solution] Agent 114 reaches goal at t=13, waiting time=32
[Current_Solution] Agent 113 reaches goal at t=6, waiting time=39
[Current_Solution] Agent 112 reaches goal at t=22, waiting time=23
[Current_Solution] Agent 111 reaches goal at t=44, waiting time=1
[Current_Solution] Agent 110 reaches goal at t=22, waiting time=23
[Current_Solution] Agent 109 reaches goal at t=14, waiting time=31
[Current_Solution] Agent 108 reaches goal at t=26, waiting time=19
[Current_Solution] Agent 107 reaches goal at t=14, waiting time=31
[Current_Solution] Agent 106 reaches goal at t=6, waiting time=39
[Current_Solution] Agent 105 reaches goal at t=6, waiting time=39
[Current_Solution] Agent 104 reaches goal at t=21, waiting time=24
[Current_Solution] Agent 103 reaches goal at t=17, waiting time=28
[Current_Solution] Agent 102 reaches goal at t=33, waiting time=12
[Current_Solution] Agent 101 reaches goal at t=15, waiting time=30
[Current_Solution] Agent 100 reaches goal at t=17, waiting time=28
[Current_Solution] Agent 99 reaches goal at t=29, waiting time=16
[Current_Solution] Agent 98 reaches goal at t=9, waiting time=36
[Current_Solution] Agent 97 reaches goal at t=21, waiting time=24
[Current_Solution] Agent 96 reaches goal at t=24, waiting time=21
[Current_Solution] Agent 95 reaches goal at t=4, waiting time=41
[Current_Solution] Agent 94 reaches goal at t=9, waiting time=36
[Current_Solution] Agent 93 reaches goal at t=22, waiting time=23
[Current_Solution] Agent 92 reaches goal at t=21, waiting time=24
[Current_Solution] Agent 91 reaches goal at t=22, waiting time=23
[Current_Solution] Agent 90 reaches goal at t=14, waiting time=31
[Current_Solution] Agent 89 reaches goal at t=38, waiting time=7
[Current_Solution] Agent 88 reaches goal at t=35, waiting time=10
[Current_Solution] Agent 87 reaches goal at t=16, waiting time=29
[Current_Solution] Agent 86 reaches goal at t=8, waiting time=37
[Current_Solution] Agent 85 reaches goal at t=10, waiting time=35
[Current_Solution] Agent 84 reaches goal at t=35, waiting time=10
[Current_Solution] Agent 83 reaches goal at t=12, waiting time=33
[Current_Solution] Agent 82 reaches goal at t=25, waiting time=20
[Current_Solution] Agent 81 reaches goal at t=14, waiting time=31
[Current_Solution] Agent 80 reaches goal at t=8, waiting time=37
[Current_Solution] Agent 79 reaches goal at t=23, waiting time=22
[Current_Solution] Agent 78 reaches goal at t=22, waiting time=23
[Current_Solution] Agent 77 reaches goal at t=32, waiting time=13
[Current_Solution] Agent 76 reaches goal at t=17, waiting time=28
[Current_Solution] Agent 75 reaches goal at t=22, waiting time=23
[Current_Solution] Agent 74 reaches goal at t=9, waiting time=36
[Current_Solution] Agent 73 reaches goal at t=5, waiting time=40
[Current_Solution] Agent 72 reaches goal at t=15, waiting time=30
[Current_Solution] Agent 71 reaches goal at t=26, waiting time=19
[Current_Solution] Agent 70 reaches goal at t=13, waiting time=32
[Current_Solution] Agent 69 reaches goal at t=15, waiting time=30
[Current_Solution] Agent 68 reaches goal at t=23, waiting time=22
[Current_Solution] Agent 67 reaches goal at t=9, waiting time=36
[Current_Solution] Agent 66 reaches goal at t=24, waiting time=21
[Current_Solution] Agent 65 reaches goal at t=20, waiting time=25
[Current_Solution] Agent 64 reaches goal at t=15, waiting time=30
[Current_Solution] Agent 63 reaches goal at t=18, waiting time=27
[Current_Solution] Agent 62 reaches goal at t=28, waiting time=17
[Current_Solution] Agent 61 reaches goal at t=42, waiting time=3
[Current_Solution] Agent 60 reaches goal at t=11, waiting time=34
[Current_Solution] Agent 59 reaches goal at t=18, waiting time=27
[Current_Solution] Agent 58 reaches goal at t=8, waiting time=37
[Current_Solution] Agent 57 reaches goal at t=9, waiting time=36
[Current_Solution] Agent 56 reaches goal at t=8, waiting time=37
[Current_Solution] Agent 55 reaches goal at t=20, waiting time=25
[Current_Solution] Agent 54 reaches goal at t=21, waiting time=24
[Current_Solution] Agent 53 reaches goal at t=21, waiting time=24
[Current_Solution] Agent 52 reaches goal at t=45, waiting time=0
[Current_Solution] Agent 51 reaches goal at t=19, waiting time=26
[Current_Solution] Agent 50 reaches goal at t=36, waiting time=9
[Current_Solution] Agent 49 reaches goal at t=10, waiting time=35
[Current_Solution] Agent 48 reaches goal at t=12, waiting time=33
[Current_Solution] Agent 47 reaches goal at t=28, waiting time=17
[Current_Solution] Agent 46 reaches goal at t=14, waiting time=31
[Current_Solution] Agent 45 reaches goal at t=24, waiting time=21
[Current_Solution] Agent 44 reaches goal at t=28, waiting time=17
[Current_Solution] Agent 43 reaches goal at t=11, waiting time=34
[Current_Solution] Agent 42 reaches goal at t=25, waiting time=20
[Current_Solution] Agent 41 reaches goal at t=13, waiting time=32
[Current_Solution] Agent 40 reaches goal at t=20, waiting time=25
[Current_Solution] Agent 39 reaches goal at t=31, waiting time=14
[Current_Solution] Agent 38 reaches goal at t=10, waiting time=35
[Current_Solution] Agent 37 reaches goal at t=14, waiting time=31
[Current_Solution] Agent 36 reaches goal at t=25, waiting time=20
[Current_Solution] Agent 35 reaches goal at t=11, waiting time=34
[Current_Solution] Agent 34 reaches goal at t=25, waiting time=20
[Current_Solution] Agent 33 reaches goal at t=30, waiting time=15
[Current_Solution] Agent 32 reaches goal at t=19, waiting time=26
[Current_Solution] Agent 31 reaches goal at t=16, waiting time=29
[Current_Solution] Agent 30 reaches goal at t=27, waiting time=18
[Current_Solution] Agent 29 reaches goal at t=18, waiting time=27
[Current_Solution] Agent 28 reaches goal at t=6, waiting time=39
[Current_Solution] Agent 27 reaches goal at t=10, waiting time=35
[Current_Solution] Agent 26 reaches goal at t=30, waiting time=15
[Current_Solution] Agent 25 reaches goal at t=6, waiting time=39
[Current_Solution] Agent 24 reaches goal at t=22, waiting time=23
[Current_Solution] Agent 23 reaches goal at t=16, waiting time=29
[Current_Solution] Agent 22 reaches goal at t=29, waiting time=16
[Current_Solution] Agent 21 reaches goal at t=22, waiting time=23
[Current_Solution] Agent 20 reaches goal at t=37, waiting time=8
[Current_Solution] Agent 19 reaches goal at t=34, waiting time=11
[Current_Solution] Agent 18 reaches goal at t=18, waiting time=27
[Current_Solution] Agent 17 reaches goal at t=40, waiting time=5
[Current_Solution] Agent 16 reaches goal at t=40, waiting time=5
[Current_Solution] Agent 15 reaches goal at t=27, waiting time=18
[Current_Solution] Agent 14 reaches goal at t=8, waiting time=37
[Current_Solution] Agent 13 reaches goal at t=11, waiting time=34
[Current_Solution] Agent 12 reaches goal at t=15, waiting time=30
[Current_Solution] Agent 11 reaches goal at t=33, waiting time=12
[Current_Solution] Agent 10 reaches goal at t=13, waiting time=32
[Current_Solution] Agent 9 reaches goal at t=30, waiting time=15
[Current_Solution] Agent 8 reaches goal at t=18, waiting time=27
[Current_Solution] Agent 7 reaches goal at t=29, waiting time=16
[Current_Solution] Agent 6 reaches goal at t=4, waiting time=41
[Current_Solution] Agent 5 reaches goal at t=35, waiting time=10
[Current_Solution] Agent 4 reaches goal at t=35, waiting time=10
[Current_Solution] Agent 3 reaches goal at t=29, waiting time=16
[Current_Solution] Agent 2 reaches goal at t=12, waiting time=33
[Current_Solution] Agent 1 reaches goal at t=24, waiting time=21
[Current_Solution] Agent 0 reaches goal at t=14, waiting time=31
[Current_Solution] Waiting time calculation complete
[LNS] Created current solution with 200 agent paths on a map of size 32x32
[LNS] Analyzing conflicts...
[LNS] Current solution: vertex collisions=585, edge collisions=82
[LNS] Creating conflict buckets...
[LOCAL ZONE] Building diamond bucket for conflict 0
[LOCAL ZONE] Built diamond bucket for conflict 0 with 11 positions, 3 conflicts, 1 - 2 time window
[LOCAL ZONE] Building diamond bucket for conflict 1
[LOCAL ZONE] Built diamond bucket for conflict 1 with 14 positions, 4 conflicts, 1 - 4 time window
[LOCAL ZONE] Building diamond bucket for conflict 2
[LOCAL ZONE] Built diamond bucket for conflict 2 with 5 positions, 1 conflicts, 1 - 1 time window
[LOCAL ZONE] Building diamond bucket for conflict 3
[LOCAL ZONE] Built diamond bucket for conflict 3 with 5 positions, 1 conflicts, 1 - 1 time window
[LOCAL ZONE] Building diamond bucket for conflict 4
[LOCAL ZONE] Built diamond bucket for conflict 4 with 20 positions, 6 conflicts, 1 - 6 time window
[LOCAL ZONE] Building diamond bucket for conflict 5
[LOCAL ZONE] Built diamond bucket for conflict 5 with 5 positions, 1 conflicts, 1 - 1 time window
[LOCAL ZONE] Building diamond bucket for conflict 6
[LOCAL ZONE] Built diamond bucket for conflict 6 with 8 positions, 2 conflicts, 1 - 2 time window
[LOCAL ZONE] Building diamond bucket for conflict 7
[LOCAL ZONE] ERROR: Found already used conflict 2 at position (11,7) in new positions of diamond bucket.
[LOCAL ZONE] Built diamond bucket for conflict 7 with 350 positions, 327 conflicts, 1 - 25 time window
[LOCAL ZONE] Building diamond bucket for conflict 8
[LOCAL ZONE] Built diamond bucket for conflict 8 with 5 positions, 1 conflicts, 1 - 1 time window
[LOCAL ZONE] Building diamond bucket for conflict 10
[LOCAL ZONE] Built diamond bucket for conflict 10 with 8 positions, 2 conflicts, 1 - 2 time window
[LOCAL ZONE] Building diamond bucket for conflict 585
[LOCAL ZONE] Built diamond bucket for conflict 585 with 8 positions, 1 conflicts, 1 - 1 time window
[LNS] Selected most relevant bucket 7 with time window: 1 - 25, 327 conflicts and 350 positions.
[LNS] Solving the best bucket Local Zone...
[Solve_local_zone] Local zone size reached 95% of all walkable positions
[Solve_local_zone] Will try to solve with full time window and all positions
[Solve_local_zone] Makespan: 45
[Solve_local_zone] Time window: [0, 45]
[Current_Solution] Agent 0 used 31 waiting timesteps, 0 remaining
[Current_Solution] Agent 1 used 21 waiting timesteps, 0 remaining
[Current_Solution] Agent 2 used 33 waiting timesteps, 0 remaining
[Current_Solution] Agent 3 used 16 waiting timesteps, 0 remaining
[Current_Solution] Agent 4 used 10 waiting timesteps, 0 remaining
[Current_Solution] Agent 5 used 10 waiting timesteps, 0 remaining
[Current_Solution] Agent 6 used 41 waiting timesteps, 0 remaining
[Current_Solution] Agent 7 used 16 waiting timesteps, 0 remaining
[Current_Solution] Agent 8 used 27 waiting timesteps, 0 remaining
[Current_Solution] Agent 9 used 15 waiting timesteps, 0 remaining
[Current_Solution] Agent 10 used 32 waiting timesteps, 0 remaining
[Current_Solution] Agent 11 used 12 waiting timesteps, 0 remaining
[Current_Solution] Agent 12 used 30 waiting timesteps, 0 remaining
[Current_Solution] Agent 13 used 34 waiting timesteps, 0 remaining
[Current_Solution] Agent 14 used 37 waiting timesteps, 0 remaining
[Current_Solution] Agent 15 used 18 waiting timesteps, 0 remaining
[Current_Solution] Agent 16 used 5 waiting timesteps, 0 remaining
[Current_Solution] Agent 17 used 5 waiting timesteps, 0 remaining
[Current_Solution] Agent 18 used 27 waiting timesteps, 0 remaining
[Current_Solution] Agent 19 used 11 waiting timesteps, 0 remaining
[Current_Solution] Agent 20 used 8 waiting timesteps, 0 remaining
[Current_Solution] Agent 21 used 23 waiting timesteps, 0 remaining
[Current_Solution] Agent 22 used 16 waiting timesteps, 0 remaining
[Current_Solution] Agent 23 used 29 waiting timesteps, 0 remaining
[Current_Solution] Agent 24 used 23 waiting timesteps, 0 remaining
[Current_Solution] Agent 25 used 39 waiting timesteps, 0 remaining
[Current_Solution] Agent 26 used 15 waiting timesteps, 0 remaining
[Current_Solution] Agent 27 used 35 waiting timesteps, 0 remaining
[Current_Solution] Agent 28 used 39 waiting timesteps, 0 remaining
[Current_Solution] Agent 29 used 27 waiting timesteps, 0 remaining
[Current_Solution] Agent 30 used 18 waiting timesteps, 0 remaining
[Current_Solution] Agent 31 used 29 waiting timesteps, 0 remaining
[Current_Solution] Agent 32 used 26 waiting timesteps, 0 remaining
[Current_Solution] Agent 33 used 15 waiting timesteps, 0 remaining
[Current_Solution] Agent 34 used 20 waiting timesteps, 0 remaining
[Current_Solution] Agent 35 used 34 waiting timesteps, 0 remaining
[Current_Solution] Agent 36 used 20 waiting timesteps, 0 remaining
[Current_Solution] Agent 37 used 31 waiting timesteps, 0 remaining
[Current_Solution] Agent 38 used 35 waiting timesteps, 0 remaining
[Current_Solution] Agent 39 used 14 waiting timesteps, 0 remaining
[Current_Solution] Agent 40 used 25 waiting timesteps, 0 remaining
[Current_Solution] Agent 41 used 32 waiting timesteps, 0 remaining
[Current_Solution] Agent 42 used 20 waiting timesteps, 0 remaining
[Current_Solution] Agent 43 used 34 waiting timesteps, 0 remaining
[Current_Solution] Agent 44 used 17 waiting timesteps, 0 remaining
[Current_Solution] Agent 45 used 21 waiting timesteps, 0 remaining
[Current_Solution] Agent 46 used 31 waiting timesteps, 0 remaining
[Current_Solution] Agent 47 used 17 waiting timesteps, 0 remaining
[Current_Solution] Agent 48 used 33 waiting timesteps, 0 remaining
[Current_Solution] Agent 49 used 35 waiting timesteps, 0 remaining
[Current_Solution] Agent 50 used 9 waiting timesteps, 0 remaining
[Current_Solution] Agent 51 used 26 waiting timesteps, 0 remaining
[Current_Solution] Agent 53 used 24 waiting timesteps, 0 remaining
[Current_Solution] Agent 54 used 24 waiting timesteps, 0 remaining
[Current_Solution] Agent 55 used 25 waiting timesteps, 0 remaining
[Current_Solution] Agent 56 used 37 waiting timesteps, 0 remaining
[Current_Solution] Agent 57 used 36 waiting timesteps, 0 remaining
[Current_Solution] Agent 58 used 37 waiting timesteps, 0 remaining
[Current_Solution] Agent 59 used 27 waiting timesteps, 0 remaining
[Current_Solution] Agent 60 used 34 waiting timesteps, 0 remaining
[Current_Solution] Agent 61 used 3 waiting timesteps, 0 remaining
[Current_Solution] Agent 62 used 17 waiting timesteps, 0 remaining
[Current_Solution] Agent 63 used 27 waiting timesteps, 0 remaining
[Current_Solution] Agent 64 used 30 waiting timesteps, 0 remaining
[Current_Solution] Agent 65 used 25 waiting timesteps, 0 remaining
[Current_Solution] Agent 66 used 21 waiting timesteps, 0 remaining
[Current_Solution] Agent 67 used 36 waiting timesteps, 0 remaining
[Current_Solution] Agent 68 used 22 waiting timesteps, 0 remaining
[Current_Solution] Agent 69 used 30 waiting timesteps, 0 remaining
[Current_Solution] Agent 70 used 32 waiting timesteps, 0 remaining
[Current_Solution] Agent 71 used 19 waiting timesteps, 0 remaining
[Current_Solution] Agent 72 used 30 waiting timesteps, 0 remaining
[Current_Solution] Agent 73 used 40 waiting timesteps, 0 remaining
[Current_Solution] Agent 74 used 36 waiting timesteps, 0 remaining
[Current_Solution] Agent 75 used 23 waiting timesteps, 0 remaining
[Current_Solution] Agent 76 used 28 waiting timesteps, 0 remaining
[Current_Solution] Agent 77 used 13 waiting timesteps, 0 remaining
[Current_Solution] Agent 78 used 23 waiting timesteps, 0 remaining
[Current_Solution] Agent 79 used 22 waiting timesteps, 0 remaining
[Current_Solution] Agent 80 used 37 waiting timesteps, 0 remaining
[Current_Solution] Agent 81 used 31 waiting timesteps, 0 remaining
[Current_Solution] Agent 82 used 20 waiting timesteps, 0 remaining
[Current_Solution] Agent 83 used 33 waiting timesteps, 0 remaining
[Current_Solution] Agent 84 used 10 waiting timesteps, 0 remaining
[Current_Solution] Agent 85 used 35 waiting timesteps, 0 remaining
[Current_Solution] Agent 86 used 37 waiting timesteps, 0 remaining
[Current_Solution] Agent 87 used 29 waiting timesteps, 0 remaining
[Current_Solution] Agent 88 used 10 waiting timesteps, 0 remaining
[Current_Solution] Agent 89 used 7 waiting timesteps, 0 remaining
[Current_Solution] Agent 90 used 31 waiting timesteps, 0 remaining
[Current_Solution] Agent 91 used 23 waiting timesteps, 0 remaining
[Current_Solution] Agent 92 used 24 waiting timesteps, 0 remaining
[Current_Solution] Agent 93 used 23 waiting timesteps, 0 remaining
[Current_Solution] Agent 94 used 36 waiting timesteps, 0 remaining
[Current_Solution] Agent 95 used 41 waiting timesteps, 0 remaining
[Current_Solution] Agent 96 used 21 waiting timesteps, 0 remaining
[Current_Solution] Agent 97 used 24 waiting timesteps, 0 remaining
[Current_Solution] Agent 98 used 36 waiting timesteps, 0 remaining
[Current_Solution] Agent 99 used 16 waiting timesteps, 0 remaining
[Current_Solution] Agent 100 used 28 waiting timesteps, 0 remaining
[Current_Solution] Agent 101 used 30 waiting timesteps, 0 remaining
[Current_Solution] Agent 102 used 12 waiting timesteps, 0 remaining
[Current_Solution] Agent 103 used 28 waiting timesteps, 0 remaining
[Current_Solution] Agent 104 used 24 waiting timesteps, 0 remaining
[Current_Solution] Agent 105 used 39 waiting timesteps, 0 remaining
[Current_Solution] Agent 106 used 39 waiting timesteps, 0 remaining
[Current_Solution] Agent 107 used 31 waiting timesteps, 0 remaining
[Current_Solution] Agent 108 used 19 waiting timesteps, 0 remaining
[Current_Solution] Agent 109 used 31 waiting timesteps, 0 remaining
[Current_Solution] Agent 110 used 23 waiting timesteps, 0 remaining
[Current_Solution] Agent 111 used 1 waiting timesteps, 0 remaining
[Current_Solution] Agent 112 used 23 waiting timesteps, 0 remaining
[Current_Solution] Agent 113 used 39 waiting timesteps, 0 remaining
[Current_Solution] Agent 114 used 32 waiting timesteps, 0 remaining
[Current_Solution] Agent 115 used 19 waiting timesteps, 0 remaining
[Current_Solution] Agent 116 used 24 waiting timesteps, 0 remaining
[Current_Solution] Agent 117 used 21 waiting timesteps, 0 remaining
[Current_Solution] Agent 118 used 26 waiting timesteps, 0 remaining
[Current_Solution] Agent 119 used 26 waiting timesteps, 0 remaining
[Current_Solution] Agent 120 used 41 waiting timesteps, 0 remaining
[Current_Solution] Agent 121 used 21 waiting timesteps, 0 remaining
[Current_Solution] Agent 122 used 22 waiting timesteps, 0 remaining
[Current_Solution] Agent 123 used 28 waiting timesteps, 0 remaining
[Current_Solution] Agent 124 used 21 waiting timesteps, 0 remaining
[Current_Solution] Agent 126 used 34 waiting timesteps, 0 remaining
[Current_Solution] Agent 127 used 32 waiting timesteps, 0 remaining
[Current_Solution] Agent 128 used 17 waiting timesteps, 0 remaining
[Current_Solution] Agent 129 used 13 waiting timesteps, 0 remaining
[Current_Solution] Agent 130 used 36 waiting timesteps, 0 remaining
[Current_Solution] Agent 131 used 10 waiting timesteps, 0 remaining
[Current_Solution] Agent 132 used 36 waiting timesteps, 0 remaining
[Current_Solution] Agent 133 used 25 waiting timesteps, 0 remaining
[Current_Solution] Agent 134 used 36 waiting timesteps, 0 remaining
[Current_Solution] Agent 135 used 36 waiting timesteps, 0 remaining
[Current_Solution] Agent 136 used 18 waiting timesteps, 0 remaining
[Current_Solution] Agent 137 used 39 waiting timesteps, 0 remaining
[Current_Solution] Agent 138 used 19 waiting timesteps, 0 remaining
[Current_Solution] Agent 139 used 17 waiting timesteps, 0 remaining
[Current_Solution] Agent 140 used 29 waiting timesteps, 0 remaining
[Current_Solution] Agent 141 used 31 waiting timesteps, 0 remaining
[Current_Solution] Agent 142 used 20 waiting timesteps, 0 remaining
[Current_Solution] Agent 143 used 30 waiting timesteps, 0 remaining
[Current_Solution] Agent 144 used 9 waiting timesteps, 0 remaining
[Current_Solution] Agent 145 used 31 waiting timesteps, 0 remaining
[Current_Solution] Agent 146 used 35 waiting timesteps, 0 remaining
[Current_Solution] Agent 147 used 43 waiting timesteps, 0 remaining
[Current_Solution] Agent 148 used 34 waiting timesteps, 0 remaining
[Current_Solution] Agent 149 used 29 waiting timesteps, 0 remaining
[Current_Solution] Agent 150 used 17 waiting timesteps, 0 remaining
[Current_Solution] Agent 151 used 15 waiting timesteps, 0 remaining
[Current_Solution] Agent 152 used 20 waiting timesteps, 0 remaining
[Current_Solution] Agent 153 used 29 waiting timesteps, 0 remaining
[Current_Solution] Agent 154 used 11 waiting timesteps, 0 remaining
[Current_Solution] Agent 155 used 10 waiting timesteps, 0 remaining
[Current_Solution] Agent 156 used 10 waiting timesteps, 0 remaining
[Current_Solution] Agent 157 used 32 waiting timesteps, 0 remaining
[Current_Solution] Agent 158 used 30 waiting timesteps, 0 remaining
[Current_Solution] Agent 159 used 18 waiting timesteps, 0 remaining
[Current_Solution] Agent 160 used 39 waiting timesteps, 0 remaining
[Current_Solution] Agent 161 used 39 waiting timesteps, 0 remaining
[Current_Solution] Agent 162 used 19 waiting timesteps, 0 remaining
[Current_Solution] Agent 163 used 27 waiting timesteps, 0 remaining
[Current_Solution] Agent 164 used 13 waiting timesteps, 0 remaining
[Current_Solution] Agent 165 used 32 waiting timesteps, 0 remaining
[Current_Solution] Agent 166 used 34 waiting timesteps, 0 remaining
[Current_Solution] Agent 167 used 37 waiting timesteps, 0 remaining
[Current_Solution] Agent 168 used 19 waiting timesteps, 0 remaining
[Current_Solution] Agent 169 used 20 waiting timesteps, 0 remaining
[Current_Solution] Agent 170 used 38 waiting timesteps, 0 remaining
[Current_Solution] Agent 171 used 38 waiting timesteps, 0 remaining
[Current_Solution] Agent 172 used 20 waiting timesteps, 0 remaining
[Current_Solution] Agent 173 used 40 waiting timesteps, 0 remaining
[Current_Solution] Agent 174 used 35 waiting timesteps, 0 remaining
[Current_Solution] Agent 175 used 30 waiting timesteps, 0 remaining
[Current_Solution] Agent 176 used 40 waiting timesteps, 0 remaining
[Current_Solution] Agent 177 used 24 waiting timesteps, 0 remaining
[Current_Solution] Agent 178 used 13 waiting timesteps, 0 remaining
[Current_Solution] Agent 179 used 43 waiting timesteps, 0 remaining
[Current_Solution] Agent 180 used 29 waiting timesteps, 0 remaining
[Current_Solution] Agent 181 used 37 waiting timesteps, 0 remaining
[Current_Solution] Agent 182 used 11 waiting timesteps, 0 remaining
[Current_Solution] Agent 183 used 40 waiting timesteps, 0 remaining
[Current_Solution] Agent 184 used 35 waiting timesteps, 0 remaining
[Current_Solution] Agent 185 used 12 waiting timesteps, 0 remaining
[Current_Solution] Agent 186 used 10 waiting timesteps, 0 remaining
[Current_Solution] Agent 187 used 23 waiting timesteps, 0 remaining
[Current_Solution] Agent 188 used 35 waiting timesteps, 0 remaining
[Current_Solution] Agent 189 used 34 waiting timesteps, 0 remaining
[Current_Solution] Agent 190 used 21 waiting timesteps, 0 remaining
[Current_Solution] Agent 191 used 26 waiting timesteps, 0 remaining
[Current_Solution] Agent 192 used 14 waiting timesteps, 0 remaining
[Current_Solution] Agent 193 used 17 waiting timesteps, 0 remaining
[Current_Solution] Agent 194 used 18 waiting timesteps, 0 remaining
[Current_Solution] Agent 195 used 35 waiting timesteps, 0 remaining
[Current_Solution] Agent 196 used 11 waiting timesteps, 0 remaining
[Current_Solution] Agent 197 used 13 waiting timesteps, 0 remaining
[Current_Solution] Agent 198 used 24 waiting timesteps, 0 remaining
[Current_Solution] Agent 199 used 20 waiting timesteps, 0 remaining
[Waiting_time_Solve] Agent 0 has waiting time 0
[Waiting_time_Solve] Agent 1 has waiting time 0
[Waiting_time_Solve] Agent 2 has waiting time 0
[Waiting_time_Solve] Agent 3 has waiting time 0
[Waiting_time_Solve] Agent 4 has waiting time 0
[Waiting_time_Solve] Agent 5 has waiting time 0
[Waiting_time_Solve] Agent 6 has waiting time 0
[Waiting_time_Solve] Agent 7 has waiting time 0
[Waiting_time_Solve] Agent 8 has waiting time 0
[Waiting_time_Solve] Agent 9 has waiting time 0
[Waiting_time_Solve] Agent 10 has waiting time 0
[Waiting_time_Solve] Agent 11 has waiting time 0
[Waiting_time_Solve] Agent 12 has waiting time 0
[Waiting_time_Solve] Agent 13 has waiting time 0
[Waiting_time_Solve] Agent 14 has waiting time 0
[Waiting_time_Solve] Agent 15 has waiting time 0
[Waiting_time_Solve] Agent 16 has waiting time 0
[Waiting_time_Solve] Agent 17 has waiting time 0
[Waiting_time_Solve] Agent 18 has waiting time 0
[Waiting_time_Solve] Agent 19 has waiting time 0
[Waiting_time_Solve] Agent 20 has waiting time 0
[Waiting_time_Solve] Agent 21 has waiting time 0
[Waiting_time_Solve] Agent 22 has waiting time 0
[Waiting_time_Solve] Agent 23 has waiting time 0
[Waiting_time_Solve] Agent 24 has waiting time 0
[Waiting_time_Solve] Agent 25 has waiting time 0
[Waiting_time_Solve] Agent 26 has waiting time 0
[Waiting_time_Solve] Agent 27 has waiting time 0
[Waiting_time_Solve] Agent 28 has waiting time 0
[Waiting_time_Solve] Agent 29 has waiting time 0
[Waiting_time_Solve] Agent 30 has waiting time 0
[Waiting_time_Solve] Agent 31 has waiting time 0
[Waiting_time_Solve] Agent 32 has waiting time 0
[Waiting_time_Solve] Agent 33 has waiting time 0
[Waiting_time_Solve] Agent 34 has waiting time 0
[Waiting_time_Solve] Agent 35 has waiting time 0
[Waiting_time_Solve] Agent 36 has waiting time 0
[Waiting_time_Solve] Agent 37 has waiting time 0
[Waiting_time_Solve] Agent 38 has waiting time 0
[Waiting_time_Solve] Agent 39 has waiting time 0
[Waiting_time_Solve] Agent 40 has waiting time 0
[Waiting_time_Solve] Agent 41 has waiting time 0
[Waiting_time_Solve] Agent 42 has waiting time 0
[Waiting_time_Solve] Agent 43 has waiting time 0
[Waiting_time_Solve] Agent 44 has waiting time 0
[Waiting_time_Solve] Agent 45 has waiting time 0
[Waiting_time_Solve] Agent 46 has waiting time 0
[Waiting_time_Solve] Agent 47 has waiting time 0
[Waiting_time_Solve] Agent 48 has waiting time 0
[Waiting_time_Solve] Agent 49 has waiting time 0
[Waiting_time_Solve] Agent 50 has waiting time 0
[Waiting_time_Solve] Agent 51 has waiting time 0
[Waiting_time_Solve] Agent 52 has waiting time 0
[Waiting_time_Solve] Agent 53 has waiting time 0
[Waiting_time_Solve] Agent 54 has waiting time 0
[Waiting_time_Solve] Agent 55 has waiting time 0
[Waiting_time_Solve] Agent 56 has waiting time 0
[Waiting_time_Solve] Agent 57 has waiting time 0
[Waiting_time_Solve] Agent 58 has waiting time 0
[Waiting_time_Solve] Agent 59 has waiting time 0
[Waiting_time_Solve] Agent 60 has waiting time 0
[Waiting_time_Solve] Agent 61 has waiting time 0
[Waiting_time_Solve] Agent 62 has waiting time 0
[Waiting_time_Solve] Agent 63 has waiting time 0
[Waiting_time_Solve] Agent 64 has waiting time 0
[Waiting_time_Solve] Agent 65 has waiting time 0
[Waiting_time_Solve] Agent 66 has waiting time 0
[Waiting_time_Solve] Agent 67 has waiting time 0
[Waiting_time_Solve] Agent 68 has waiting time 0
[Waiting_time_Solve] Agent 69 has waiting time 0
[Waiting_time_Solve] Agent 70 has waiting time 0
[Waiting_time_Solve] Agent 71 has waiting time 0
[Waiting_time_Solve] Agent 72 has waiting time 0
[Waiting_time_Solve] Agent 73 has waiting time 0
[Waiting_time_Solve] Agent 74 has waiting time 0
[Waiting_time_Solve] Agent 75 has waiting time 0
[Waiting_time_Solve] Agent 76 has waiting time 0
[Waiting_time_Solve] Agent 77 has waiting time 0
[Waiting_time_Solve] Agent 78 has waiting time 0
[Waiting_time_Solve] Agent 79 has waiting time 0
[Waiting_time_Solve] Agent 80 has waiting time 0
[Waiting_time_Solve] Agent 81 has waiting time 0
[Waiting_time_Solve] Agent 82 has waiting time 0
[Waiting_time_Solve] Agent 83 has waiting time 0
[Waiting_time_Solve] Agent 84 has waiting time 0
[Waiting_time_Solve] Agent 85 has waiting time 0
[Waiting_time_Solve] Agent 86 has waiting time 0
[Waiting_time_Solve] Agent 87 has waiting time 0
[Waiting_time_Solve] Agent 88 has waiting time 0
[Waiting_time_Solve] Agent 89 has waiting time 0
[Waiting_time_Solve] Agent 90 has waiting time 0
[Waiting_time_Solve] Agent 91 has waiting time 0
[Waiting_time_Solve] Agent 92 has waiting time 0
[Waiting_time_Solve] Agent 93 has waiting time 0
[Waiting_time_Solve] Agent 94 has waiting time 0
[Waiting_time_Solve] Agent 95 has waiting time 0
[Waiting_time_Solve] Agent 96 has waiting time 0
[Waiting_time_Solve] Agent 97 has waiting time 0
[Waiting_time_Solve] Agent 98 has waiting time 0
[Waiting_time_Solve] Agent 99 has waiting time 0
[Waiting_time_Solve] Agent 100 has waiting time 0
[Waiting_time_Solve] Agent 101 has waiting time 0
[Waiting_time_Solve] Agent 102 has waiting time 0
[Waiting_time_Solve] Agent 103 has waiting time 0
[Waiting_time_Solve] Agent 104 has waiting time 0
[Waiting_time_Solve] Agent 105 has waiting time 0
[Waiting_time_Solve] Agent 106 has waiting time 0
[Waiting_time_Solve] Agent 107 has waiting time 0
[Waiting_time_Solve] Agent 108 has waiting time 0
[Waiting_time_Solve] Agent 109 has waiting time 0
[Waiting_time_Solve] Agent 110 has waiting time 0
[Waiting_time_Solve] Agent 111 has waiting time 0
[Waiting_time_Solve] Agent 112 has waiting time 0
[Waiting_time_Solve] Agent 113 has waiting time 0
[Waiting_time_Solve] Agent 114 has waiting time 0
[Waiting_time_Solve] Agent 115 has waiting time 0
[Waiting_time_Solve] Agent 116 has waiting time 0
[Waiting_time_Solve] Agent 117 has waiting time 0
[Waiting_time_Solve] Agent 118 has waiting time 0
[Waiting_time_Solve] Agent 119 has waiting time 0
[Waiting_time_Solve] Agent 120 has waiting time 0
[Waiting_time_Solve] Agent 121 has waiting time 0
[Waiting_time_Solve] Agent 122 has waiting time 0
[Waiting_time_Solve] Agent 123 has waiting time 0
[Waiting_time_Solve] Agent 124 has waiting time 0
[Waiting_time_Solve] Agent 125 has waiting time 0
[Waiting_time_Solve] Agent 126 has waiting time 0
[Waiting_time_Solve] Agent 127 has waiting time 0
[Waiting_time_Solve] Agent 128 has waiting time 0
[Waiting_time_Solve] Agent 129 has waiting time 0
[Waiting_time_Solve] Agent 130 has waiting time 0
[Waiting_time_Solve] Agent 131 has waiting time 0
[Waiting_time_Solve] Agent 132 has waiting time 0
[Waiting_time_Solve] Agent 133 has waiting time 0
[Waiting_time_Solve] Agent 134 has waiting time 0
[Waiting_time_Solve] Agent 135 has waiting time 0
[Waiting_time_Solve] Agent 136 has waiting time 0
[Waiting_time_Solve] Agent 137 has waiting time 0
[Waiting_time_Solve] Agent 138 has waiting time 0
[Waiting_time_Solve] Agent 139 has waiting time 0
[Waiting_time_Solve] Agent 140 has waiting time 0
[Waiting_time_Solve] Agent 141 has waiting time 0
[Waiting_time_Solve] Agent 142 has waiting time 0
[Waiting_time_Solve] Agent 143 has waiting time 0
[Waiting_time_Solve] Agent 144 has waiting time 0
[Waiting_time_Solve] Agent 145 has waiting time 0
[Waiting_time_Solve] Agent 146 has waiting time 0
[Waiting_time_Solve] Agent 147 has waiting time 0
[Waiting_time_Solve] Agent 148 has waiting time 0
[Waiting_time_Solve] Agent 149 has waiting time 0
[Waiting_time_Solve] Agent 150 has waiting time 0
[Waiting_time_Solve] Agent 151 has waiting time 0
[Waiting_time_Solve] Agent 152 has waiting time 0
[Waiting_time_Solve] Agent 153 has waiting time 0
[Waiting_time_Solve] Agent 154 has waiting time 0
[Waiting_time_Solve] Agent 155 has waiting time 0
[Waiting_time_Solve] Agent 156 has waiting time 0
[Waiting_time_Solve] Agent 157 has waiting time 0
[Waiting_time_Solve] Agent 158 has waiting time 0
[Waiting_time_Solve] Agent 159 has waiting time 0
[Waiting_time_Solve] Agent 160 has waiting time 0
[Waiting_time_Solve] Agent 161 has waiting time 0
[Waiting_time_Solve] Agent 162 has waiting time 0
[Waiting_time_Solve] Agent 163 has waiting time 0
[Waiting_time_Solve] Agent 164 has waiting time 0
[Waiting_time_Solve] Agent 165 has waiting time 0
[Waiting_time_Solve] Agent 166 has waiting time 0
[Waiting_time_Solve] Agent 167 has waiting time 0
[Waiting_time_Solve] Agent 168 has waiting time 0
[Waiting_time_Solve] Agent 169 has waiting time 0
[Waiting_time_Solve] Agent 170 has waiting time 0
[Waiting_time_Solve] Agent 171 has waiting time 0
[Waiting_time_Solve] Agent 172 has waiting time 0
[Waiting_time_Solve] Agent 173 has waiting time 0
[Waiting_time_Solve] Agent 174 has waiting time 0
[Waiting_time_Solve] Agent 175 has waiting time 0
[Waiting_time_Solve] Agent 176 has waiting time 0
[Waiting_time_Solve] Agent 177 has waiting time 0
[Waiting_time_Solve] Agent 178 has waiting time 0
[Waiting_time_Solve] Agent 179 has waiting time 0
[Waiting_time_Solve] Agent 180 has waiting time 0
[Waiting_time_Solve] Agent 181 has waiting time 0
[Waiting_time_Solve] Agent 182 has waiting time 0
[Waiting_time_Solve] Agent 183 has waiting time 0
[Waiting_time_Solve] Agent 184 has waiting time 0
[Waiting_time_Solve] Agent 185 has waiting time 0
[Waiting_time_Solve] Agent 186 has waiting time 0
[Waiting_time_Solve] Agent 187 has waiting time 0
[Waiting_time_Solve] Agent 188 has waiting time 0
[Waiting_time_Solve] Agent 189 has waiting time 0
[Waiting_time_Solve] Agent 190 has waiting time 0
[Waiting_time_Solve] Agent 191 has waiting time 0
[Waiting_time_Solve] Agent 192 has waiting time 0
[Waiting_time_Solve] Agent 193 has waiting time 0
[Waiting_time_Solve] Agent 194 has waiting time 0
[Waiting_time_Solve] Agent 195 has waiting time 0
[Waiting_time_Solve] Agent 196 has waiting time 0
[Waiting_time_Solve] Agent 197 has waiting time 0
[Waiting_time_Solve] Agent 198 has waiting time 0
[Waiting_time_Solve] Agent 199 has waiting time 0
[Waiting_time_Solve] Total available waiting time: 0
[Waiting_time_Solve] Max iterations: 1
[Waiting_time_Solve] Iteration 0...
Command terminated after exceeding the time limit.
# Run terminated after reaching overall time limit

# Batch stopped after reaching overall time limit (elapsed 599s)
