# Batch started 2025-10-20 17:01:25 | map=/home/max/Documents/PhD/MAPF/LNS/MAPF_LNS_SAT/mapf-map/empty-48-48.map | agents=10 | total_time_limit=600s

# Run 0 | scenario="/home/max/Documents/PhD/MAPF/LNS/MAPF_LNS_SAT/mapf-scen-even/scen-even/empty-48-48-even-1.scen" | scenario_index=0
# Command: /home/max/Documents/PhD/MAPF/LNS/MAPF_LNS_SAT/lns_clean/main_clean_lns /home/max/Documents/PhD/MAPF/LNS/MAPF_LNS_SAT/mapf-map/empty-48-48.map /home/max/Documents/PhD/MAPF/LNS/MAPF_LNS_SAT/mapf-scen-even/scen-even/empty-48-48-even-1.scen 10 0 minisat 42
# Remaining time budget: 599 seconds
[LNS] Loaded map 48x48, agents: 10
[LNS] Map:
................................................
................................................
................................................
................................................
................................................
................................................
................................................
................................................
................................................
................................................
................................................
................................................
................................................
................................................
................................................
................................................
................................................
................................................
................................................
................................................
................................................
................................................
................................................
................................................
................................................
................................................
................................................
................................................
................................................
................................................
................................................
................................................
................................................
................................................
................................................
................................................
................................................
................................................
................................................
................................................
................................................
................................................
................................................
................................................
................................................
................................................
................................................
................................................
[LNS] Number of agents: 10
[LNS] Agents (start -> goal):
  Agent 0: (15,42) -> (22,25)
  Agent 1: (40,3) -> (27,2)
  Agent 2: (32,0) -> (2,37)
  Agent 3: (15,5) -> (27,3)
  Agent 4: (4,28) -> (27,23)
  Agent 5: (37,1) -> (20,29)
  Agent 6: (9,24) -> (5,44)
  Agent 7: (11,8) -> (42,17)
  Agent 8: (0,16) -> (15,20)
  Agent 9: (10,31) -> (31,33)
[LNS] Base makespan: 67

[LNS] === Attempt with max_timesteps=67 ===
[SAT] Creating MDDs with shortest paths + waiting time...
[SAT] Created 10 MDDs with waiting time structure
[LNS] Built MDDs with waiting time structure for 10 agents at makespan 67
[Current_Solution] Calculating waiting times for agents...
[Current_Solution] Agent 9 reaches goal at t=23, waiting time=44
[Current_Solution] Agent 8 reaches goal at t=19, waiting time=48
[Current_Solution] Agent 7 reaches goal at t=40, waiting time=27
[Current_Solution] Agent 6 reaches goal at t=24, waiting time=43
[Current_Solution] Agent 5 reaches goal at t=45, waiting time=22
[Current_Solution] Agent 4 reaches goal at t=28, waiting time=39
[Current_Solution] Agent 3 reaches goal at t=14, waiting time=53
[Current_Solution] Agent 2 reaches goal at t=67, waiting time=0
[Current_Solution] Agent 1 reaches goal at t=14, waiting time=53
[Current_Solution] Agent 0 reaches goal at t=24, waiting time=43
[Current_Solution] Waiting time calculation complete
[LNS] Created current solution with 10 agent paths on a map of size 48x48
[LNS] Analyzing conflicts...
[LNS] Current solution: vertex collisions=2, edge collisions=0
[LNS] Creating conflict buckets...
[LOCAL ZONE] Building diamond bucket for conflict 0
[LOCAL ZONE] Built diamond bucket for conflict 0 with 5 positions, 1 conflicts, 11 - 11 time window
[LNS] Selected most relevant bucket 0 with time window: 11 - 11, 1 conflicts and 5 positions.
[LNS] Solving the best bucket Local Zone...
[Solve_local_zone] Local zone size reached 95% of all walkable positions
[Solve_local_zone] Will try to solve with full time window and all positions
[Solve_local_zone] Makespan: 67
[Solve_local_zone] Time window: [0, 67]
[Current_Solution] Agent 0 used 43 waiting timesteps, 0 remaining
[Current_Solution] Agent 1 used 53 waiting timesteps, 0 remaining
[Current_Solution] Agent 3 used 53 waiting timesteps, 0 remaining
[Current_Solution] Agent 4 used 39 waiting timesteps, 0 remaining
[Current_Solution] Agent 5 used 22 waiting timesteps, 0 remaining
[Current_Solution] Agent 6 used 43 waiting timesteps, 0 remaining
[Current_Solution] Agent 7 used 27 waiting timesteps, 0 remaining
[Current_Solution] Agent 8 used 48 waiting timesteps, 0 remaining
[Current_Solution] Agent 9 used 44 waiting timesteps, 0 remaining
[Waiting_time_Solve] Agent 0 has waiting time 0
[Waiting_time_Solve] Agent 1 has waiting time 0
[Waiting_time_Solve] Agent 2 has waiting time 0
[Waiting_time_Solve] Agent 3 has waiting time 0
[Waiting_time_Solve] Agent 4 has waiting time 0
[Waiting_time_Solve] Agent 5 has waiting time 0
[Waiting_time_Solve] Agent 6 has waiting time 0
[Waiting_time_Solve] Agent 7 has waiting time 0
[Waiting_time_Solve] Agent 8 has waiting time 0
[Waiting_time_Solve] Agent 9 has waiting time 0
[Waiting_time_Solve] Total available waiting time: 0
[Waiting_time_Solve] Max iterations: 1
[Waiting_time_Solve] Iteration 0...
Command terminated after exceeding the time limit.
# Run terminated after reaching overall time limit

# Batch stopped after reaching overall time limit (elapsed 599s)
