# Batch started 2025-10-20 16:21:28 | map=/home/max/Documents/PhD/MAPF/LNS/MAPF_LNS_SAT/mapf-map/empty-32-32.map | agents=20 | total_time_limit=600s

# Run 0 | scenario="/home/max/Documents/PhD/MAPF/LNS/MAPF_LNS_SAT/mapf-scen-even/scen-even/empty-32-32-even-1.scen" | scenario_index=0
# Command: /home/max/Documents/PhD/MAPF/LNS/MAPF_LNS_SAT/lns_clean/main_clean_lns /home/max/Documents/PhD/MAPF/LNS/MAPF_LNS_SAT/mapf-map/empty-32-32.map /home/max/Documents/PhD/MAPF/LNS/MAPF_LNS_SAT/mapf-scen-even/scen-even/empty-32-32-even-1.scen 20 0 minisat 42
# Remaining time budget: 599 seconds
[LNS] Loaded map 32x32, agents: 20
[LNS] Map:
................................
................................
................................
................................
................................
................................
................................
................................
................................
................................
................................
................................
................................
................................
................................
................................
................................
................................
................................
................................
................................
................................
................................
................................
................................
................................
................................
................................
................................
................................
................................
................................
[LNS] Number of agents: 20
[LNS] Agents (start -> goal):
  Agent 0: (25,11) -> (30,20)
  Agent 1: (31,14) -> (16,23)
  Agent 2: (23,5) -> (11,5)
  Agent 3: (13,13) -> (27,28)
  Agent 4: (27,3) -> (2,13)
  Agent 5: (3,16) -> (22,0)
  Agent 6: (25,24) -> (23,22)
  Agent 7: (22,18) -> (2,27)
  Agent 8: (8,28) -> (7,11)
  Agent 9: (3,7) -> (28,12)
  Agent 10: (0,5) -> (10,2)
  Agent 11: (7,14) -> (28,26)
  Agent 12: (8,23) -> (22,24)
  Agent 13: (20,9) -> (20,20)
  Agent 14: (14,26) -> (17,31)
  Agent 15: (10,19) -> (28,28)
  Agent 16: (25,9) -> (2,26)
  Agent 17: (1,22) -> (19,0)
  Agent 18: (24,18) -> (14,10)
  Agent 19: (4,3) -> (30,11)
[LNS] Base makespan: 40

[LNS] === Attempt with max_timesteps=40 ===
[SAT] Creating MDDs with shortest paths + waiting time...
[SAT] Created 20 MDDs with waiting time structure
[LNS] Built MDDs with waiting time structure for 20 agents at makespan 40
[Current_Solution] Calculating waiting times for agents...
[Current_Solution] Agent 19 reaches goal at t=34, waiting time=6
[Current_Solution] Agent 18 reaches goal at t=18, waiting time=22
[Current_Solution] Agent 17 reaches goal at t=40, waiting time=0
[Current_Solution] Agent 16 reaches goal at t=40, waiting time=0
[Current_Solution] Agent 15 reaches goal at t=27, waiting time=13
[Current_Solution] Agent 14 reaches goal at t=8, waiting time=32
[Current_Solution] Agent 13 reaches goal at t=11, waiting time=29
[Current_Solution] Agent 12 reaches goal at t=15, waiting time=25
[Current_Solution] Agent 11 reaches goal at t=33, waiting time=7
[Current_Solution] Agent 10 reaches goal at t=13, waiting time=27
[Current_Solution] Agent 9 reaches goal at t=30, waiting time=10
[Current_Solution] Agent 8 reaches goal at t=18, waiting time=22
[Current_Solution] Agent 7 reaches goal at t=29, waiting time=11
[Current_Solution] Agent 6 reaches goal at t=4, waiting time=36
[Current_Solution] Agent 5 reaches goal at t=35, waiting time=5
[Current_Solution] Agent 4 reaches goal at t=35, waiting time=5
[Current_Solution] Agent 3 reaches goal at t=29, waiting time=11
[Current_Solution] Agent 2 reaches goal at t=12, waiting time=28
[Current_Solution] Agent 1 reaches goal at t=24, waiting time=16
[Current_Solution] Agent 0 reaches goal at t=14, waiting time=26
[Current_Solution] Waiting time calculation complete
[LNS] Created current solution with 20 agent paths on a map of size 32x32
[LNS] Analyzing conflicts...
[LNS] Current solution: vertex collisions=3, edge collisions=0
[LNS] Creating conflict buckets...
[LOCAL ZONE] Building diamond bucket for conflict 0
[LOCAL ZONE] Built diamond bucket for conflict 0 with 5 positions, 1 conflicts, 16 - 16 time window
[LNS] Selected most relevant bucket 0 with time window: 16 - 16, 1 conflicts and 5 positions.
[LNS] Solving the best bucket Local Zone...
[Solve_local_zone] Local zone size reached 95% of all walkable positions
[Solve_local_zone] Will try to solve with full time window and all positions
[Solve_local_zone] Makespan: 40
[Solve_local_zone] Time window: [0, 40]
[Current_Solution] Agent 0 used 26 waiting timesteps, 0 remaining
[Current_Solution] Agent 1 used 16 waiting timesteps, 0 remaining
[Current_Solution] Agent 2 used 28 waiting timesteps, 0 remaining
[Current_Solution] Agent 3 used 11 waiting timesteps, 0 remaining
[Current_Solution] Agent 4 used 5 waiting timesteps, 0 remaining
[Current_Solution] Agent 5 used 5 waiting timesteps, 0 remaining
[Current_Solution] Agent 6 used 36 waiting timesteps, 0 remaining
[Current_Solution] Agent 7 used 11 waiting timesteps, 0 remaining
[Current_Solution] Agent 8 used 22 waiting timesteps, 0 remaining
[Current_Solution] Agent 9 used 10 waiting timesteps, 0 remaining
[Current_Solution] Agent 10 used 27 waiting timesteps, 0 remaining
[Current_Solution] Agent 11 used 7 waiting timesteps, 0 remaining
[Current_Solution] Agent 12 used 25 waiting timesteps, 0 remaining
[Current_Solution] Agent 13 used 29 waiting timesteps, 0 remaining
[Current_Solution] Agent 14 used 32 waiting timesteps, 0 remaining
[Current_Solution] Agent 15 used 13 waiting timesteps, 0 remaining
[Current_Solution] Agent 18 used 22 waiting timesteps, 0 remaining
[Current_Solution] Agent 19 used 6 waiting timesteps, 0 remaining
[Waiting_time_Solve] Agent 0 has waiting time 0
[Waiting_time_Solve] Agent 1 has waiting time 0
[Waiting_time_Solve] Agent 2 has waiting time 0
[Waiting_time_Solve] Agent 3 has waiting time 0
[Waiting_time_Solve] Agent 4 has waiting time 0
[Waiting_time_Solve] Agent 5 has waiting time 0
[Waiting_time_Solve] Agent 6 has waiting time 0
[Waiting_time_Solve] Agent 7 has waiting time 0
[Waiting_time_Solve] Agent 8 has waiting time 0
[Waiting_time_Solve] Agent 9 has waiting time 0
[Waiting_time_Solve] Agent 10 has waiting time 0
[Waiting_time_Solve] Agent 11 has waiting time 0
[Waiting_time_Solve] Agent 12 has waiting time 0
[Waiting_time_Solve] Agent 13 has waiting time 0
[Waiting_time_Solve] Agent 14 has waiting time 0
[Waiting_time_Solve] Agent 15 has waiting time 0
[Waiting_time_Solve] Agent 16 has waiting time 0
[Waiting_time_Solve] Agent 17 has waiting time 0
[Waiting_time_Solve] Agent 18 has waiting time 0
[Waiting_time_Solve] Agent 19 has waiting time 0
[Waiting_time_Solve] Total available waiting time: 0
[Waiting_time_Solve] Max iterations: 1
[Waiting_time_Solve] Iteration 0...
[SAT] Start solving CNF: 12274705 clauses and 102241 variables
[SAT] Agent 19 entry time: 0 exit time: 40
[SAT] Agent 18 entry time: 0 exit time: 40
[SAT] Agent 17 entry time: 0 exit time: 40
[SAT] Agent 16 entry time: 0 exit time: 40
[SAT] Agent 15 entry time: 0 exit time: 40
[SAT] Agent 14 entry time: 0 exit time: 40
[SAT] Agent 13 entry time: 0 exit time: 40
[SAT] Agent 0 entry time: 0 exit time: 40
[SAT] Agent 1 entry time: 0 exit time: 40
[SAT] Agent 2 entry time: 0 exit time: 40
[SAT] Agent 3 entry time: 0 exit time: 40
[SAT] Agent 4 entry time: 0 exit time: 40
[SAT] Agent 5 entry time: 0 exit time: 40
[SAT] Agent 6 entry time: 0 exit time: 40
[SAT] Agent 7 entry time: 0 exit time: 40
[SAT] Agent 8 entry time: 0 exit time: 40
[SAT] Agent 9 entry time: 0 exit time: 40
[SAT] Agent 10 entry time: 0 exit time: 40
[SAT] Agent 11 entry time: 0 exit time: 40
[SAT] Agent 12 entry time: 0 exit time: 40

[SAT] Start time: 0 End time: 40

[SAT] Solving local zone with SAT iteration 1...
[SAT] Local CNF: 12274705 clauses 

DEBUG: Adding 12274705 new clauses to MiniSAT (incremental run)
DEBUG: Clause load summary: input=12274705, added=12274705, tautologies_skipped=0, duplicates_skipped=0, unit_clauses=40, empties=0, intra_clause_literals_removed=0, added_but_db_unchanged=92
DEBUG: After adding clauses, solver has 12274573 clauses and 102241 variables
DEBUG: MiniSAT found 102241 variables
DEBUG: Assignment size: 102241
DEBUG: First few assignment values: 1 0 0 0 0 1 0 1 0 0 

=== DEBUG: cnf_assignment_to_paths ===
Input assignment size: 102241

=== END DEBUG ===
[SAT] Found 4 vertex collisions and 7 edge collisions
[SAT] Adding collision clauses and solving again...
[SAT] Solving local zone with SAT iteration 2...
[SAT] Local CNF: 12274716 clauses 

DEBUG: Adding 11 new clauses to MiniSAT (incremental run)
DEBUG: Clause load summary: input=11, added=11, tautologies_skipped=0, duplicates_skipped=0, unit_clauses=0, empties=0, intra_clause_literals_removed=0, added_but_db_unchanged=0
DEBUG: After adding clauses, solver has 12274584 clauses and 102241 variables
DEBUG: MiniSAT found 102241 variables
DEBUG: Assignment size: 102241
DEBUG: First few assignment values: 1 0 0 0 0 1 0 0 0 0 

=== DEBUG: cnf_assignment_to_paths ===
Input assignment size: 102241

=== END DEBUG ===
[SAT] Found 2 vertex collisions and 1 edge collisions
[SAT] Adding collision clauses and solving again...
[SAT] Solving local zone with SAT iteration 3...
[SAT] Local CNF: 12274719 clauses 

DEBUG: Adding 3 new clauses to MiniSAT (incremental run)
DEBUG: Clause load summary: input=3, added=3, tautologies_skipped=0, duplicates_skipped=0, unit_clauses=0, empties=0, intra_clause_literals_removed=0, added_but_db_unchanged=0
DEBUG: After adding clauses, solver has 12274587 clauses and 102241 variables
DEBUG: MiniSAT found 102241 variables
DEBUG: Assignment size: 102241
DEBUG: First few assignment values: 1 0 0 0 0 1 0 0 0 0 

=== DEBUG: cnf_assignment_to_paths ===
Input assignment size: 102241

=== END DEBUG ===
[SAT] Found 3 vertex collisions and 0 edge collisions
[SAT] Adding collision clauses and solving again...
[SAT] Solving local zone with SAT iteration 4...
[SAT] Local CNF: 12274722 clauses 

DEBUG: Adding 3 new clauses to MiniSAT (incremental run)
DEBUG: Clause load summary: input=3, added=3, tautologies_skipped=0, duplicates_skipped=0, unit_clauses=0, empties=0, intra_clause_literals_removed=0, added_but_db_unchanged=0
DEBUG: After adding clauses, solver has 12274590 clauses and 102241 variables
DEBUG: MiniSAT found 102241 variables
DEBUG: Assignment size: 102241
DEBUG: First few assignment values: 1 0 0 0 0 1 0 0 0 0 

=== DEBUG: cnf_assignment_to_paths ===
Input assignment size: 102241

=== END DEBUG ===
[SAT] Found 0 vertex collisions and 1 edge collisions
[SAT] Adding collision clauses and solving again...
[SAT] Solving local zone with SAT iteration 5...
[SAT] Local CNF: 12274723 clauses 

DEBUG: Adding 1 new clauses to MiniSAT (incremental run)
DEBUG: Clause load summary: input=1, added=1, tautologies_skipped=0, duplicates_skipped=0, unit_clauses=0, empties=0, intra_clause_literals_removed=0, added_but_db_unchanged=0
DEBUG: After adding clauses, solver has 12274591 clauses and 102241 variables
DEBUG: MiniSAT found 102241 variables
DEBUG: Assignment size: 102241
DEBUG: First few assignment values: 1 0 0 0 0 1 0 0 0 0 

=== DEBUG: cnf_assignment_to_paths ===
Input assignment size: 102241

=== END DEBUG ===
[SAT] Found 0 vertex collisions and 1 edge collisions
[SAT] Adding collision clauses and solving again...
[SAT] Solving local zone with SAT iteration 6...
[SAT] Local CNF: 12274724 clauses 

DEBUG: Adding 1 new clauses to MiniSAT (incremental run)
DEBUG: Clause load summary: input=1, added=1, tautologies_skipped=0, duplicates_skipped=0, unit_clauses=0, empties=0, intra_clause_literals_removed=0, added_but_db_unchanged=0
DEBUG: After adding clauses, solver has 12274592 clauses and 102241 variables
DEBUG: MiniSAT found 102241 variables
DEBUG: Assignment size: 102241
DEBUG: First few assignment values: 1 0 0 0 0 1 0 0 0 0 

=== DEBUG: cnf_assignment_to_paths ===
Input assignment size: 102241

=== END DEBUG ===
[SAT] Found 1 vertex collisions and 0 edge collisions
[SAT] Adding collision clauses and solving again...
[SAT] Solving local zone with SAT iteration 7...
[SAT] Local CNF: 12274725 clauses 

DEBUG: Adding 1 new clauses to MiniSAT (incremental run)
DEBUG: Clause load summary: input=1, added=1, tautologies_skipped=0, duplicates_skipped=0, unit_clauses=0, empties=0, intra_clause_literals_removed=0, added_but_db_unchanged=0
DEBUG: After adding clauses, solver has 12274593 clauses and 102241 variables
DEBUG: MiniSAT found 102241 variables
DEBUG: Assignment size: 102241
DEBUG: First few assignment values: 1 0 0 0 0 1 0 0 0 0 

=== DEBUG: cnf_assignment_to_paths ===
Input assignment size: 102241

=== END DEBUG ===
[SAT] Found 1 vertex collisions and 0 edge collisions
[SAT] Adding collision clauses and solving again...
[SAT] Solving local zone with SAT iteration 8...
[SAT] Local CNF: 12274726 clauses 

DEBUG: Adding 1 new clauses to MiniSAT (incremental run)
DEBUG: Clause load summary: input=1, added=1, tautologies_skipped=0, duplicates_skipped=0, unit_clauses=0, empties=0, intra_clause_literals_removed=0, added_but_db_unchanged=0
DEBUG: After adding clauses, solver has 12274594 clauses and 102241 variables
DEBUG: MiniSAT found 102241 variables
DEBUG: Assignment size: 102241
DEBUG: First few assignment values: 1 0 0 0 0 1 0 0 0 0 

=== DEBUG: cnf_assignment_to_paths ===
Input assignment size: 102241

=== END DEBUG ===
[SAT] Found 0 vertex collisions and 0 edge collisions
[SAT] Found collision-free local solution!
[Waiting_time_Solve] Solution found, updating global solution
[LNS] Updating global solution with pseudo-agent local paths...
[Current_Solution] Updating global solution for agent 19
[Current_Solution] Global solution is consistent after updating with local path
[LNS] Successfully updated global solution with pseudo-agent local paths!
[Current_Solution] Updating global solution for agent 18
[Current_Solution] Global solution is consistent after updating with local path
[LNS] Successfully updated global solution with pseudo-agent local paths!
[Current_Solution] Updating global solution for agent 17
[Current_Solution] Global solution is consistent after updating with local path
[LNS] Successfully updated global solution with pseudo-agent local paths!
[Current_Solution] Updating global solution for agent 16
[Current_Solution] Global solution is consistent after updating with local path
[LNS] Successfully updated global solution with pseudo-agent local paths!
[Current_Solution] Updating global solution for agent 15
[Current_Solution] Global solution is consistent after updating with local path
[LNS] Successfully updated global solution with pseudo-agent local paths!
[Current_Solution] Updating global solution for agent 14
[Current_Solution] Global solution is consistent after updating with local path
[LNS] Successfully updated global solution with pseudo-agent local paths!
[Current_Solution] Updating global solution for agent 13
[Current_Solution] Global solution is consistent after updating with local path
[LNS] Successfully updated global solution with pseudo-agent local paths!
[Current_Solution] Updating global solution for agent 0
[Current_Solution] Global solution is consistent after updating with local path
[LNS] Successfully updated global solution with pseudo-agent local paths!
[Current_Solution] Updating global solution for agent 1
[Current_Solution] Global solution is consistent after updating with local path
[LNS] Successfully updated global solution with pseudo-agent local paths!
[Current_Solution] Updating global solution for agent 2
[Current_Solution] Global solution is consistent after updating with local path
[LNS] Successfully updated global solution with pseudo-agent local paths!
[Current_Solution] Updating global solution for agent 3
[Current_Solution] Global solution is consistent after updating with local path
[LNS] Successfully updated global solution with pseudo-agent local paths!
[Current_Solution] Updating global solution for agent 4
[Current_Solution] Global solution is consistent after updating with local path
[LNS] Successfully updated global solution with pseudo-agent local paths!
[Current_Solution] Updating global solution for agent 5
[Current_Solution] Global solution is consistent after updating with local path
[LNS] Successfully updated global solution with pseudo-agent local paths!
[Current_Solution] Updating global solution for agent 6
[Current_Solution] Global solution is consistent after updating with local path
[LNS] Successfully updated global solution with pseudo-agent local paths!
[Current_Solution] Updating global solution for agent 7
[Current_Solution] Global solution is consistent after updating with local path
[LNS] Successfully updated global solution with pseudo-agent local paths!
[Current_Solution] Updating global solution for agent 8
[Current_Solution] Global solution is consistent after updating with local path
[LNS] Successfully updated global solution with pseudo-agent local paths!
[Current_Solution] Updating global solution for agent 9
[Current_Solution] Global solution is consistent after updating with local path
[LNS] Successfully updated global solution with pseudo-agent local paths!
[Current_Solution] Updating global solution for agent 10
[Current_Solution] Global solution is consistent after updating with local path
[LNS] Successfully updated global solution with pseudo-agent local paths!
[Current_Solution] Updating global solution for agent 11
[Current_Solution] Global solution is consistent after updating with local path
[LNS] Successfully updated global solution with pseudo-agent local paths!
[Current_Solution] Updating global solution for agent 12
[Current_Solution] Global solution is consistent after updating with local path
[LNS] Successfully updated global solution with pseudo-agent local paths!
[LNS] Updating path map with new local paths...
[LNS] Successfully updated global solution with local paths and pseudo agents!
[Solve_local_zone] Successfully solved global zone
[Solve_local_zone] Final local zone size: 1024 (100% of all walkable positions)
[LNS] Successfully solved local zone
[LNS] Analyzing conflicts...
[LNS] Current solution: vertex collisions=0, edge collisions=0
[LNS] Collision-free solution found at makespan 40
[LNS] Final agent paths:

=== Agent Paths ===
Agent 19 path:
  Time 0: (4, 3)
  Time 1: (4, 3)
  Time 2: (4, 4)
  Time 3: (4, 5)
  Time 4: (4, 6)
  Time 5: (4, 7)
  Time 6: (5, 7)
  Time 7: (6, 7)
  Time 8: (6, 8)
  Time 9: (6, 9)
  Time 10: (6, 10)
  Time 11: (6, 11)
  Time 12: (6, 12)
  Time 13: (7, 12)
  Time 14: (7, 11)
  Time 15: (8, 11)
  Time 16: (8, 11)
  Time 17: (9, 11)
  Time 18: (10, 11)
  Time 19: (11, 11)
  Time 20: (12, 11)
  Time 21: (13, 11)
  Time 22: (14, 11)
  Time 23: (15, 11)
  Time 24: (16, 11)
  Time 25: (17, 11)
  Time 26: (18, 11)
  Time 27: (19, 11)
  Time 28: (19, 10)
  Time 29: (20, 10)
  Time 30: (21, 10)
  Time 31: (22, 10)
  Time 32: (23, 10)
  Time 33: (24, 10)
  Time 34: (25, 10)
  Time 35: (26, 10)
  Time 36: (27, 10)
  Time 37: (28, 10)
  Time 38: (29, 10)
  Time 39: (30, 10)
  Time 40: (30, 11)

Agent 18 path:
  Time 0: (24, 18)
  Time 1: (23, 18)
  Time 2: (22, 18)
  Time 3: (21, 18)
  Time 4: (20, 18)
  Time 5: (19, 18)
  Time 6: (18, 18)
  Time 7: (17, 18)
  Time 8: (16, 18)
  Time 9: (15, 18)
  Time 10: (14, 18)
  Time 11: (13, 18)
  Time 12: (12, 18)
  Time 13: (11, 18)
  Time 14: (10, 18)
  Time 15: (9, 18)
  Time 16: (8, 18)
  Time 17: (7, 18)
  Time 18: (6, 18)
  Time 19: (5, 18)
  Time 20: (4, 18)
  Time 21: (3, 18)
  Time 22: (4, 18)
  Time 23: (5, 18)
  Time 24: (6, 18)
  Time 25: (7, 18)
  Time 26: (8, 18)
  Time 27: (9, 18)
  Time 28: (10, 18)
  Time 29: (11, 18)
  Time 30: (12, 18)
  Time 31: (13, 18)
  Time 32: (14, 18)
  Time 33: (14, 17)
  Time 34: (14, 16)
  Time 35: (14, 15)
  Time 36: (14, 14)
  Time 37: (14, 13)
  Time 38: (14, 12)
  Time 39: (14, 11)
  Time 40: (14, 10)

Agent 17 path:
  Time 0: (1, 22)
  Time 1: (2, 22)
  Time 2: (3, 22)
  Time 3: (4, 22)
  Time 4: (5, 22)
  Time 5: (6, 22)
  Time 6: (7, 22)
  Time 7: (8, 22)
  Time 8: (9, 22)
  Time 9: (10, 22)
  Time 10: (11, 22)
  Time 11: (12, 22)
  Time 12: (13, 22)
  Time 13: (14, 22)
  Time 14: (15, 22)
  Time 15: (16, 22)
  Time 16: (17, 22)
  Time 17: (18, 22)
  Time 18: (19, 22)
  Time 19: (19, 21)
  Time 20: (19, 20)
  Time 21: (19, 19)
  Time 22: (19, 18)
  Time 23: (19, 17)
  Time 24: (19, 16)
  Time 25: (19, 15)
  Time 26: (19, 14)
  Time 27: (19, 13)
  Time 28: (19, 12)
  Time 29: (19, 11)
  Time 30: (19, 10)
  Time 31: (19, 9)
  Time 32: (19, 8)
  Time 33: (19, 7)
  Time 34: (19, 6)
  Time 35: (19, 5)
  Time 36: (19, 4)
  Time 37: (19, 3)
  Time 38: (19, 2)
  Time 39: (19, 1)
  Time 40: (19, 0)

Agent 16 path:
  Time 0: (25, 9)
  Time 1: (24, 9)
  Time 2: (23, 9)
  Time 3: (22, 9)
  Time 4: (21, 9)
  Time 5: (20, 9)
  Time 6: (19, 9)
  Time 7: (18, 9)
  Time 8: (17, 9)
  Time 9: (16, 9)
  Time 10: (15, 9)
  Time 11: (14, 9)
  Time 12: (13, 9)
  Time 13: (12, 9)
  Time 14: (11, 9)
  Time 15: (10, 9)
  Time 16: (10, 10)
  Time 17: (9, 10)
  Time 18: (8, 10)
  Time 19: (7, 10)
  Time 20: (6, 10)
  Time 21: (5, 10)
  Time 22: (4, 10)
  Time 23: (3, 10)
  Time 24: (2, 10)
  Time 25: (2, 11)
  Time 26: (2, 12)
  Time 27: (2, 13)
  Time 28: (2, 14)
  Time 29: (2, 15)
  Time 30: (2, 16)
  Time 31: (2, 17)
  Time 32: (2, 18)
  Time 33: (2, 19)
  Time 34: (2, 20)
  Time 35: (2, 21)
  Time 36: (2, 22)
  Time 37: (2, 23)
  Time 38: (2, 24)
  Time 39: (2, 25)
  Time 40: (2, 26)

Agent 15 path:
  Time 0: (10, 19)
  Time 1: (9, 19)
  Time 2: (8, 19)
  Time 3: (7, 19)
  Time 4: (6, 19)
  Time 5: (5, 19)
  Time 6: (4, 19)
  Time 7: (5, 19)
  Time 8: (6, 19)
  Time 9: (7, 19)
  Time 10: (8, 19)
  Time 11: (9, 19)
  Time 12: (10, 19)
  Time 13: (11, 19)
  Time 14: (12, 19)
  Time 15: (13, 19)
  Time 16: (14, 19)
  Time 17: (15, 19)
  Time 18: (16, 19)
  Time 19: (17, 19)
  Time 20: (18, 19)
  Time 21: (18, 20)
  Time 22: (19, 20)
  Time 23: (20, 20)
  Time 24: (21, 20)
  Time 25: (22, 20)
  Time 26: (23, 20)
  Time 27: (24, 20)
  Time 28: (25, 20)
  Time 29: (26, 20)
  Time 30: (27, 20)
  Time 31: (28, 20)
  Time 32: (28, 21)
  Time 33: (28, 22)
  Time 34: (28, 23)
  Time 35: (28, 24)
  Time 36: (28, 25)
  Time 37: (28, 26)
  Time 38: (28, 27)
  Time 39: (28, 28)
  Time 40: (28, 28)

Agent 14 path:
  Time 0: (14, 26)
  Time 1: (13, 26)
  Time 2: (12, 26)
  Time 3: (11, 26)
  Time 4: (10, 26)
  Time 5: (9, 26)
  Time 6: (8, 26)
  Time 7: (7, 26)
  Time 8: (6, 26)
  Time 9: (5, 26)
  Time 10: (4, 26)
  Time 11: (3, 26)
  Time 12: (2, 26)
  Time 13: (1, 26)
  Time 14: (0, 26)
  Time 15: (1, 26)
  Time 16: (0, 26)
  Time 17: (1, 26)
  Time 18: (2, 26)
  Time 19: (3, 26)
  Time 20: (4, 26)
  Time 21: (5, 26)
  Time 22: (6, 26)
  Time 23: (7, 26)
  Time 24: (8, 26)
  Time 25: (9, 26)
  Time 26: (8, 26)
  Time 27: (9, 26)
  Time 28: (10, 26)
  Time 29: (11, 26)
  Time 30: (12, 26)
  Time 31: (13, 26)
  Time 32: (14, 26)
  Time 33: (15, 26)
  Time 34: (16, 26)
  Time 35: (17, 26)
  Time 36: (17, 27)
  Time 37: (17, 28)
  Time 38: (17, 29)
  Time 39: (17, 30)
  Time 40: (17, 31)

Agent 13 path:
  Time 0: (20, 9)
  Time 1: (19, 9)
  Time 2: (18, 9)
  Time 3: (17, 9)
  Time 4: (16, 9)
  Time 5: (15, 9)
  Time 6: (14, 9)
  Time 7: (13, 9)
  Time 8: (12, 9)
  Time 9: (11, 9)
  Time 10: (10, 9)
  Time 11: (9, 9)
  Time 12: (8, 9)
  Time 13: (7, 9)
  Time 14: (6, 9)
  Time 15: (7, 9)
  Time 16: (8, 9)
  Time 17: (9, 9)
  Time 18: (10, 9)
  Time 19: (11, 9)
  Time 20: (12, 9)
  Time 21: (13, 9)
  Time 22: (14, 9)
  Time 23: (15, 9)
  Time 24: (16, 9)
  Time 25: (16, 10)
  Time 26: (16, 11)
  Time 27: (16, 12)
  Time 28: (17, 12)
  Time 29: (18, 12)
  Time 30: (19, 12)
  Time 31: (20, 12)
  Time 32: (20, 13)
  Time 33: (20, 14)
  Time 34: (20, 15)
  Time 35: (20, 16)
  Time 36: (20, 17)
  Time 37: (20, 18)
  Time 38: (20, 19)
  Time 39: (20, 20)
  Time 40: (20, 20)

Agent 12 path:
  Time 0: (8, 23)
  Time 1: (7, 23)
  Time 2: (6, 23)
  Time 3: (5, 23)
  Time 4: (4, 23)
  Time 5: (3, 23)
  Time 6: (2, 23)
  Time 7: (1, 23)
  Time 8: (0, 23)
  Time 9: (1, 23)
  Time 10: (0, 23)
  Time 11: (1, 23)
  Time 12: (0, 23)
  Time 13: (1, 23)
  Time 14: (0, 23)
  Time 15: (1, 23)
  Time 16: (0, 23)
  Time 17: (1, 23)
  Time 18: (2, 23)
  Time 19: (3, 23)
  Time 20: (4, 23)
  Time 21: (5, 23)
  Time 22: (6, 23)
  Time 23: (7, 23)
  Time 24: (8, 23)
  Time 25: (9, 23)
  Time 26: (10, 23)
  Time 27: (11, 23)
  Time 28: (12, 23)
  Time 29: (13, 23)
  Time 30: (14, 23)
  Time 31: (15, 23)
  Time 32: (16, 23)
  Time 33: (17, 23)
  Time 34: (18, 23)
  Time 35: (19, 23)
  Time 36: (20, 23)
  Time 37: (21, 23)
  Time 38: (22, 23)
  Time 39: (22, 24)
  Time 40: (22, 24)

Agent 11 path:
  Time 0: (7, 14)
  Time 1: (8, 14)
  Time 2: (9, 14)
  Time 3: (10, 14)
  Time 4: (11, 14)
  Time 5: (12, 14)
  Time 6: (13, 14)
  Time 7: (14, 14)
  Time 8: (15, 14)
  Time 9: (15, 14)
  Time 10: (14, 14)
  Time 11: (13, 14)
  Time 12: (13, 15)
  Time 13: (12, 15)
  Time 14: (12, 16)
  Time 15: (13, 16)
  Time 16: (13, 17)
  Time 17: (13, 18)
  Time 18: (13, 19)
  Time 19: (13, 20)
  Time 20: (14, 20)
  Time 21: (15, 20)
  Time 22: (16, 20)
  Time 23: (17, 20)
  Time 24: (17, 21)
  Time 25: (17, 22)
  Time 26: (17, 23)
  Time 27: (17, 24)
  Time 28: (17, 25)
  Time 29: (17, 26)
  Time 30: (18, 26)
  Time 31: (19, 26)
  Time 32: (20, 26)
  Time 33: (21, 26)
  Time 34: (22, 26)
  Time 35: (23, 26)
  Time 36: (24, 26)
  Time 37: (25, 26)
  Time 38: (26, 26)
  Time 39: (27, 26)
  Time 40: (28, 26)

Agent 10 path:
  Time 0: (0, 5)
  Time 1: (1, 5)
  Time 2: (0, 5)
  Time 3: (1, 5)
  Time 4: (0, 5)
  Time 5: (1, 5)
  Time 6: (0, 5)
  Time 7: (1, 5)
  Time 8: (0, 5)
  Time 9: (1, 5)
  Time 10: (0, 5)
  Time 11: (1, 5)
  Time 12: (0, 5)
  Time 13: (1, 5)
  Time 14: (0, 5)
  Time 15: (1, 5)
  Time 16: (0, 5)
  Time 17: (1, 5)
  Time 18: (0, 5)
  Time 19: (1, 5)
  Time 20: (0, 5)
  Time 21: (1, 5)
  Time 22: (0, 5)
  Time 23: (1, 5)
  Time 24: (0, 5)
  Time 25: (1, 5)
  Time 26: (0, 5)
  Time 27: (1, 5)
  Time 28: (2, 5)
  Time 29: (3, 5)
  Time 30: (4, 5)
  Time 31: (5, 5)
  Time 32: (6, 5)
  Time 33: (7, 5)
  Time 34: (8, 5)
  Time 35: (9, 5)
  Time 36: (10, 5)
  Time 37: (10, 4)
  Time 38: (10, 3)
  Time 39: (10, 2)
  Time 40: (10, 2)

Agent 9 path:
  Time 0: (3, 7)
  Time 1: (2, 7)
  Time 2: (1, 7)
  Time 3: (0, 7)
  Time 4: (1, 7)
  Time 5: (0, 7)
  Time 6: (1, 7)
  Time 7: (0, 7)
  Time 8: (1, 7)
  Time 9: (2, 7)
  Time 10: (3, 7)
  Time 11: (4, 7)
  Time 12: (5, 7)
  Time 13: (6, 7)
  Time 14: (7, 7)
  Time 15: (8, 7)
  Time 16: (9, 7)
  Time 17: (10, 7)
  Time 18: (11, 7)
  Time 19: (12, 7)
  Time 20: (13, 7)
  Time 21: (14, 7)
  Time 22: (15, 7)
  Time 23: (16, 7)
  Time 24: (17, 7)
  Time 25: (18, 7)
  Time 26: (19, 7)
  Time 27: (20, 7)
  Time 28: (21, 7)
  Time 29: (22, 7)
  Time 30: (23, 7)
  Time 31: (24, 7)
  Time 32: (25, 7)
  Time 33: (26, 7)
  Time 34: (27, 7)
  Time 35: (28, 7)
  Time 36: (28, 8)
  Time 37: (28, 9)
  Time 38: (28, 10)
  Time 39: (28, 11)
  Time 40: (28, 12)

Agent 8 path:
  Time 0: (8, 28)
  Time 1: (7, 28)
  Time 2: (6, 28)
  Time 3: (5, 28)
  Time 4: (4, 28)
  Time 5: (3, 28)
  Time 6: (2, 28)
  Time 7: (1, 28)
  Time 8: (0, 28)
  Time 9: (1, 28)
  Time 10: (0, 28)
  Time 11: (1, 28)
  Time 12: (0, 28)
  Time 13: (1, 28)
  Time 14: (0, 28)
  Time 15: (1, 28)
  Time 16: (0, 28)
  Time 17: (1, 28)
  Time 18: (2, 28)
  Time 19: (3, 28)
  Time 20: (4, 28)
  Time 21: (5, 28)
  Time 22: (6, 28)
  Time 23: (7, 28)
  Time 24: (7, 27)
  Time 25: (7, 26)
  Time 26: (7, 25)
  Time 27: (7, 24)
  Time 28: (7, 23)
  Time 29: (7, 22)
  Time 30: (7, 21)
  Time 31: (7, 20)
  Time 32: (7, 19)
  Time 33: (7, 18)
  Time 34: (7, 17)
  Time 35: (7, 16)
  Time 36: (7, 15)
  Time 37: (7, 14)
  Time 38: (7, 13)
  Time 39: (7, 12)
  Time 40: (7, 11)

Agent 7 path:
  Time 0: (22, 18)
  Time 1: (21, 18)
  Time 2: (20, 18)
  Time 3: (19, 18)
  Time 4: (18, 18)
  Time 5: (17, 18)
  Time 6: (16, 18)
  Time 7: (15, 18)
  Time 8: (14, 18)
  Time 9: (13, 18)
  Time 10: (12, 18)
  Time 11: (11, 18)
  Time 12: (10, 18)
  Time 13: (9, 18)
  Time 14: (8, 18)
  Time 15: (7, 18)
  Time 16: (6, 18)
  Time 17: (5, 18)
  Time 18: (4, 18)
  Time 19: (3, 18)
  Time 20: (2, 18)
  Time 21: (1, 18)
  Time 22: (0, 18)
  Time 23: (1, 18)
  Time 24: (0, 18)
  Time 25: (1, 18)
  Time 26: (0, 18)
  Time 27: (1, 18)
  Time 28: (0, 18)
  Time 29: (1, 18)
  Time 30: (2, 18)
  Time 31: (2, 19)
  Time 32: (2, 20)
  Time 33: (2, 21)
  Time 34: (2, 22)
  Time 35: (2, 23)
  Time 36: (2, 24)
  Time 37: (2, 25)
  Time 38: (2, 26)
  Time 39: (2, 27)
  Time 40: (2, 27)

Agent 6 path:
  Time 0: (25, 24)
  Time 1: (24, 24)
  Time 2: (23, 24)
  Time 3: (22, 24)
  Time 4: (21, 24)
  Time 5: (20, 24)
  Time 6: (19, 24)
  Time 7: (18, 24)
  Time 8: (17, 24)
  Time 9: (16, 24)
  Time 10: (15, 24)
  Time 11: (14, 24)
  Time 12: (13, 24)
  Time 13: (12, 24)
  Time 14: (11, 24)
  Time 15: (10, 24)
  Time 16: (9, 24)
  Time 17: (8, 24)
  Time 18: (7, 24)
  Time 19: (6, 24)
  Time 20: (5, 24)
  Time 21: (6, 24)
  Time 22: (7, 24)
  Time 23: (8, 24)
  Time 24: (9, 24)
  Time 25: (10, 24)
  Time 26: (11, 24)
  Time 27: (12, 24)
  Time 28: (13, 24)
  Time 29: (14, 24)
  Time 30: (15, 24)
  Time 31: (16, 24)
  Time 32: (17, 24)
  Time 33: (18, 24)
  Time 34: (19, 24)
  Time 35: (20, 24)
  Time 36: (21, 24)
  Time 37: (22, 24)
  Time 38: (23, 24)
  Time 39: (23, 23)
  Time 40: (23, 22)

Agent 5 path:
  Time 0: (3, 16)
  Time 1: (2, 16)
  Time 2: (1, 16)
  Time 3: (2, 16)
  Time 4: (3, 16)
  Time 5: (4, 16)
  Time 6: (5, 16)
  Time 7: (6, 16)
  Time 8: (7, 16)
  Time 9: (8, 16)
  Time 10: (9, 16)
  Time 11: (10, 16)
  Time 12: (11, 16)
  Time 13: (12, 16)
  Time 14: (13, 16)
  Time 15: (14, 16)
  Time 16: (15, 16)
  Time 17: (16, 16)
  Time 18: (17, 16)
  Time 19: (18, 16)
  Time 20: (19, 16)
  Time 21: (20, 16)
  Time 22: (21, 16)
  Time 23: (22, 16)
  Time 24: (22, 15)
  Time 25: (22, 14)
  Time 26: (22, 13)
  Time 27: (22, 12)
  Time 28: (22, 11)
  Time 29: (22, 10)
  Time 30: (22, 9)
  Time 31: (22, 8)
  Time 32: (22, 7)
  Time 33: (22, 6)
  Time 34: (22, 5)
  Time 35: (22, 4)
  Time 36: (22, 3)
  Time 37: (22, 2)
  Time 38: (22, 1)
  Time 39: (22, 0)
  Time 40: (22, 0)

Agent 4 path:
  Time 0: (27, 3)
  Time 1: (26, 3)
  Time 2: (25, 3)
  Time 3: (24, 3)
  Time 4: (23, 3)
  Time 5: (22, 3)
  Time 6: (21, 3)
  Time 7: (20, 3)
  Time 8: (19, 3)
  Time 9: (18, 3)
  Time 10: (17, 3)
  Time 11: (16, 3)
  Time 12: (15, 3)
  Time 13: (14, 3)
  Time 14: (13, 3)
  Time 15: (12, 3)
  Time 16: (11, 3)
  Time 17: (10, 3)
  Time 18: (9, 3)
  Time 19: (8, 3)
  Time 20: (7, 3)
  Time 21: (6, 3)
  Time 22: (5, 3)
  Time 23: (4, 3)
  Time 24: (3, 3)
  Time 25: (2, 3)
  Time 26: (1, 3)
  Time 27: (0, 3)
  Time 28: (1, 3)
  Time 29: (2, 3)
  Time 30: (2, 4)
  Time 31: (2, 5)
  Time 32: (2, 6)
  Time 33: (2, 7)
  Time 34: (2, 8)
  Time 35: (2, 9)
  Time 36: (2, 10)
  Time 37: (2, 11)
  Time 38: (2, 12)
  Time 39: (2, 13)
  Time 40: (2, 13)

Agent 3 path:
  Time 0: (13, 13)
  Time 1: (12, 13)
  Time 2: (11, 13)
  Time 3: (10, 13)
  Time 4: (9, 13)
  Time 5: (8, 13)
  Time 6: (9, 13)
  Time 7: (10, 13)
  Time 8: (11, 13)
  Time 9: (12, 13)
  Time 10: (13, 13)
  Time 11: (14, 13)
  Time 12: (15, 13)
  Time 13: (16, 13)
  Time 14: (17, 13)
  Time 15: (18, 13)
  Time 16: (19, 13)
  Time 17: (20, 13)
  Time 18: (21, 13)
  Time 19: (22, 13)
  Time 20: (23, 13)
  Time 21: (24, 13)
  Time 22: (25, 13)
  Time 23: (26, 13)
  Time 24: (27, 13)
  Time 25: (27, 14)
  Time 26: (27, 15)
  Time 27: (27, 16)
  Time 28: (27, 17)
  Time 29: (27, 18)
  Time 30: (27, 19)
  Time 31: (27, 20)
  Time 32: (27, 21)
  Time 33: (27, 22)
  Time 34: (27, 23)
  Time 35: (27, 24)
  Time 36: (27, 25)
  Time 37: (27, 26)
  Time 38: (27, 27)
  Time 39: (27, 28)
  Time 40: (27, 28)

Agent 2 path:
  Time 0: (23, 5)
  Time 1: (22, 5)
  Time 2: (21, 5)
  Time 3: (20, 5)
  Time 4: (19, 5)
  Time 5: (18, 5)
  Time 6: (17, 5)
  Time 7: (16, 5)
  Time 8: (15, 5)
  Time 9: (14, 5)
  Time 10: (13, 5)
  Time 11: (12, 5)
  Time 12: (11, 5)
  Time 13: (10, 5)
  Time 14: (9, 5)
  Time 15: (8, 5)
  Time 16: (7, 5)
  Time 17: (6, 5)
  Time 18: (5, 5)
  Time 19: (4, 5)
  Time 20: (3, 5)
  Time 21: (2, 5)
  Time 22: (2, 4)
  Time 23: (1, 4)
  Time 24: (0, 4)
  Time 25: (0, 5)
  Time 26: (0, 4)
  Time 27: (0, 5)
  Time 28: (1, 5)
  Time 29: (2, 5)
  Time 30: (3, 5)
  Time 31: (4, 5)
  Time 32: (3, 5)
  Time 33: (4, 5)
  Time 34: (5, 5)
  Time 35: (6, 5)
  Time 36: (7, 5)
  Time 37: (8, 5)
  Time 38: (9, 5)
  Time 39: (10, 5)
  Time 40: (11, 5)

Agent 1 path:
  Time 0: (31, 14)
  Time 1: (30, 14)
  Time 2: (29, 14)
  Time 3: (28, 14)
  Time 4: (27, 14)
  Time 5: (26, 14)
  Time 6: (25, 14)
  Time 7: (24, 14)
  Time 8: (23, 14)
  Time 9: (22, 14)
  Time 10: (21, 14)
  Time 11: (20, 14)
  Time 12: (19, 14)
  Time 13: (18, 14)
  Time 14: (18, 14)
  Time 15: (17, 14)
  Time 16: (16, 14)
  Time 17: (15, 14)
  Time 18: (15, 14)
  Time 19: (14, 14)
  Time 20: (13, 14)
  Time 21: (12, 14)
  Time 22: (11, 14)
  Time 23: (10, 14)
  Time 24: (9, 14)
  Time 25: (10, 14)
  Time 26: (11, 14)
  Time 27: (12, 14)
  Time 28: (13, 14)
  Time 29: (14, 14)
  Time 30: (15, 14)
  Time 31: (16, 14)
  Time 32: (16, 15)
  Time 33: (16, 16)
  Time 34: (16, 17)
  Time 35: (16, 18)
  Time 36: (16, 19)
  Time 37: (16, 20)
  Time 38: (16, 21)
  Time 39: (16, 22)
  Time 40: (16, 23)

Agent 0 path:
  Time 0: (25, 11)
  Time 1: (24, 11)
  Time 2: (23, 11)
  Time 3: (22, 11)
  Time 4: (21, 11)
  Time 5: (20, 11)
  Time 6: (19, 11)
  Time 7: (18, 11)
  Time 8: (17, 11)
  Time 9: (16, 11)
  Time 10: (15, 11)
  Time 11: (14, 11)
  Time 12: (13, 11)
  Time 13: (12, 11)
  Time 14: (13, 11)
  Time 15: (14, 11)
  Time 16: (15, 11)
  Time 17: (16, 11)
  Time 18: (17, 11)
  Time 19: (18, 11)
  Time 20: (19, 11)
  Time 21: (20, 11)
  Time 22: (21, 11)
  Time 23: (22, 11)
  Time 24: (23, 11)
  Time 25: (24, 11)
  Time 26: (25, 11)
  Time 27: (26, 11)
  Time 28: (27, 11)
  Time 29: (28, 11)
  Time 30: (29, 11)
  Time 31: (30, 11)
  Time 32: (30, 12)
  Time 33: (30, 13)
  Time 34: (30, 14)
  Time 35: (30, 15)
  Time 36: (30, 16)
  Time 37: (30, 17)
  Time 38: (30, 18)
  Time 39: (30, 19)
  Time 40: (30, 20)

[LNS] All conflicts resolved
[LNS] Collision-free solution found at makespan 40
[LNS] Final agent paths:
[LNS] Verified Final agent paths:
[LNS] IT WORKED I THINK

# Run 1 | scenario="/home/max/Documents/PhD/MAPF/LNS/MAPF_LNS_SAT/mapf-scen-even/scen-even/empty-32-32-even-1.scen" | scenario_index=1
# Command: /home/max/Documents/PhD/MAPF/LNS/MAPF_LNS_SAT/lns_clean/main_clean_lns /home/max/Documents/PhD/MAPF/LNS/MAPF_LNS_SAT/mapf-map/empty-32-32.map /home/max/Documents/PhD/MAPF/LNS/MAPF_LNS_SAT/mapf-scen-even/scen-even/empty-32-32-even-1.scen 20 1 minisat 42
# Remaining time budget: 463 seconds
[LNS] Loaded map 32x32, agents: 20
[LNS] Map:
................................
................................
................................
................................
................................
................................
................................
................................
................................
................................
................................
................................
................................
................................
................................
................................
................................
................................
................................
................................
................................
................................
................................
................................
................................
................................
................................
................................
................................
................................
................................
................................
[LNS] Number of agents: 20
[LNS] Agents (start -> goal):
  Agent 0: (26,1) -> (18,30)
  Agent 1: (27,11) -> (30,30)
  Agent 2: (10,31) -> (6,6)
  Agent 3: (16,12) -> (9,21)
  Agent 4: (9,8) -> (13,26)
  Agent 5: (14,13) -> (12,17)
  Agent 6: (3,0) -> (5,28)
  Agent 7: (8,31) -> (18,31)
  Agent 8: (17,30) -> (21,28)
  Agent 9: (17,6) -> (29,0)
  Agent 10: (19,26) -> (26,6)
  Agent 11: (0,15) -> (3,2)
  Agent 12: (5,12) -> (7,29)
  Agent 13: (25,17) -> (0,12)
  Agent 14: (1,25) -> (20,19)
  Agent 15: (18,26) -> (17,16)
  Agent 16: (22,29) -> (0,26)
  Agent 17: (11,10) -> (23,8)
  Agent 18: (13,14) -> (13,24)
  Agent 19: (21,3) -> (2,15)
[LNS] Base makespan: 37

[LNS] === Attempt with max_timesteps=37 ===
[SAT] Creating MDDs with shortest paths + waiting time...
[SAT] Created 20 MDDs with waiting time structure
[LNS] Built MDDs with waiting time structure for 20 agents at makespan 37
[Current_Solution] Calculating waiting times for agents...
[Current_Solution] Agent 19 reaches goal at t=31, waiting time=6
[Current_Solution] Agent 18 reaches goal at t=10, waiting time=27
[Current_Solution] Agent 17 reaches goal at t=14, waiting time=23
[Current_Solution] Agent 16 reaches goal at t=25, waiting time=12
[Current_Solution] Agent 15 reaches goal at t=11, waiting time=26
[Current_Solution] Agent 14 reaches goal at t=25, waiting time=12
[Current_Solution] Agent 13 reaches goal at t=30, waiting time=7
[Current_Solution] Agent 12 reaches goal at t=19, waiting time=18
[Current_Solution] Agent 11 reaches goal at t=16, waiting time=21
[Current_Solution] Agent 10 reaches goal at t=27, waiting time=10
[Current_Solution] Agent 9 reaches goal at t=18, waiting time=19
[Current_Solution] Agent 8 reaches goal at t=6, waiting time=31
[Current_Solution] Agent 7 reaches goal at t=10, waiting time=27
[Current_Solution] Agent 6 reaches goal at t=30, waiting time=7
[Current_Solution] Agent 5 reaches goal at t=6, waiting time=31
[Current_Solution] Agent 4 reaches goal at t=22, waiting time=15
[Current_Solution] Agent 3 reaches goal at t=16, waiting time=21
[Current_Solution] Agent 2 reaches goal at t=29, waiting time=8
[Current_Solution] Agent 1 reaches goal at t=22, waiting time=15
[Current_Solution] Agent 0 reaches goal at t=37, waiting time=0
[Current_Solution] Waiting time calculation complete
[LNS] Created current solution with 20 agent paths on a map of size 32x32
[LNS] Analyzing conflicts...
[LNS] Current solution: vertex collisions=2, edge collisions=0
[LNS] Creating conflict buckets...
[LOCAL ZONE] Building diamond bucket for conflict 0
[LOCAL ZONE] Built diamond bucket for conflict 0 with 5 positions, 1 conflicts, 14 - 14 time window
[LNS] Selected most relevant bucket 0 with time window: 14 - 14, 1 conflicts and 5 positions.
[LNS] Solving the best bucket Local Zone...
[Solve_local_zone] Local zone size reached 95% of all walkable positions
[Solve_local_zone] Will try to solve with full time window and all positions
[Solve_local_zone] Makespan: 37
[Solve_local_zone] Time window: [0, 37]
[Current_Solution] Agent 1 used 15 waiting timesteps, 0 remaining
[Current_Solution] Agent 2 used 8 waiting timesteps, 0 remaining
[Current_Solution] Agent 3 used 21 waiting timesteps, 0 remaining
[Current_Solution] Agent 4 used 15 waiting timesteps, 0 remaining
[Current_Solution] Agent 5 used 31 waiting timesteps, 0 remaining
[Current_Solution] Agent 6 used 7 waiting timesteps, 0 remaining
[Current_Solution] Agent 7 used 27 waiting timesteps, 0 remaining
[Current_Solution] Agent 8 used 31 waiting timesteps, 0 remaining
[Current_Solution] Agent 9 used 19 waiting timesteps, 0 remaining
[Current_Solution] Agent 10 used 10 waiting timesteps, 0 remaining
[Current_Solution] Agent 11 used 21 waiting timesteps, 0 remaining
[Current_Solution] Agent 12 used 18 waiting timesteps, 0 remaining
[Current_Solution] Agent 13 used 7 waiting timesteps, 0 remaining
[Current_Solution] Agent 14 used 12 waiting timesteps, 0 remaining
[Current_Solution] Agent 15 used 26 waiting timesteps, 0 remaining
[Current_Solution] Agent 16 used 12 waiting timesteps, 0 remaining
[Current_Solution] Agent 17 used 23 waiting timesteps, 0 remaining
[Current_Solution] Agent 18 used 27 waiting timesteps, 0 remaining
[Current_Solution] Agent 19 used 6 waiting timesteps, 0 remaining
[Waiting_time_Solve] Agent 0 has waiting time 0
[Waiting_time_Solve] Agent 1 has waiting time 0
[Waiting_time_Solve] Agent 2 has waiting time 0
[Waiting_time_Solve] Agent 3 has waiting time 0
[Waiting_time_Solve] Agent 4 has waiting time 0
[Waiting_time_Solve] Agent 5 has waiting time 0
[Waiting_time_Solve] Agent 6 has waiting time 0
[Waiting_time_Solve] Agent 7 has waiting time 0
[Waiting_time_Solve] Agent 8 has waiting time 0
[Waiting_time_Solve] Agent 9 has waiting time 0
[Waiting_time_Solve] Agent 10 has waiting time 0
[Waiting_time_Solve] Agent 11 has waiting time 0
[Waiting_time_Solve] Agent 12 has waiting time 0
[Waiting_time_Solve] Agent 13 has waiting time 0
[Waiting_time_Solve] Agent 14 has waiting time 0
[Waiting_time_Solve] Agent 15 has waiting time 0
[Waiting_time_Solve] Agent 16 has waiting time 0
[Waiting_time_Solve] Agent 17 has waiting time 0
[Waiting_time_Solve] Agent 18 has waiting time 0
[Waiting_time_Solve] Agent 19 has waiting time 0
[Waiting_time_Solve] Total available waiting time: 0
[Waiting_time_Solve] Max iterations: 1
[Waiting_time_Solve] Iteration 0...
[SAT] Start solving CNF: 9350317 clauses and 85406 variables
[SAT] Agent 19 entry time: 0 exit time: 37
[SAT] Agent 18 entry time: 0 exit time: 37
[SAT] Agent 17 entry time: 0 exit time: 37
[SAT] Agent 16 entry time: 0 exit time: 37
[SAT] Agent 15 entry time: 0 exit time: 37
[SAT] Agent 14 entry time: 0 exit time: 37
[SAT] Agent 13 entry time: 0 exit time: 37
[SAT] Agent 0 entry time: 0 exit time: 37
[SAT] Agent 1 entry time: 0 exit time: 37
[SAT] Agent 2 entry time: 0 exit time: 37
[SAT] Agent 3 entry time: 0 exit time: 37
[SAT] Agent 4 entry time: 0 exit time: 37
[SAT] Agent 5 entry time: 0 exit time: 37
[SAT] Agent 6 entry time: 0 exit time: 37
[SAT] Agent 7 entry time: 0 exit time: 37
[SAT] Agent 8 entry time: 0 exit time: 37
[SAT] Agent 9 entry time: 0 exit time: 37
[SAT] Agent 10 entry time: 0 exit time: 37
[SAT] Agent 11 entry time: 0 exit time: 37
[SAT] Agent 12 entry time: 0 exit time: 37

[SAT] Start time: 0 End time: 37

[SAT] Solving local zone with SAT iteration 1...
[SAT] Local CNF: 9350317 clauses 

DEBUG: Adding 9350317 new clauses to MiniSAT (incremental run)
DEBUG: Clause load summary: input=9350317, added=9350317, tautologies_skipped=0, duplicates_skipped=0, unit_clauses=40, empties=0, intra_clause_literals_removed=0, added_but_db_unchanged=93
DEBUG: After adding clauses, solver has 9350184 clauses and 85406 variables
DEBUG: MiniSAT found 85406 variables
DEBUG: Assignment size: 85406
DEBUG: First few assignment values: 1 0 0 0 0 1 0 0 0 0 

=== DEBUG: cnf_assignment_to_paths ===
Input assignment size: 85406

=== END DEBUG ===
[SAT] Found 1 vertex collisions and 1 edge collisions
[SAT] Adding collision clauses and solving again...
[SAT] Solving local zone with SAT iteration 2...
[SAT] Local CNF: 9350319 clauses 

DEBUG: Adding 2 new clauses to MiniSAT (incremental run)
DEBUG: Clause load summary: input=2, added=2, tautologies_skipped=0, duplicates_skipped=0, unit_clauses=0, empties=0, intra_clause_literals_removed=0, added_but_db_unchanged=0
DEBUG: After adding clauses, solver has 9350186 clauses and 85406 variables
DEBUG: MiniSAT found 85406 variables
DEBUG: Assignment size: 85406
DEBUG: First few assignment values: 1 0 0 0 0 1 0 0 0 0 

=== DEBUG: cnf_assignment_to_paths ===
Input assignment size: 85406

=== END DEBUG ===
[SAT] Found 2 vertex collisions and 1 edge collisions
[SAT] Adding collision clauses and solving again...
[SAT] Solving local zone with SAT iteration 3...
[SAT] Local CNF: 9350322 clauses 

DEBUG: Adding 3 new clauses to MiniSAT (incremental run)
DEBUG: Clause load summary: input=3, added=3, tautologies_skipped=0, duplicates_skipped=0, unit_clauses=0, empties=0, intra_clause_literals_removed=0, added_but_db_unchanged=0
DEBUG: After adding clauses, solver has 9350189 clauses and 85406 variables
DEBUG: MiniSAT found 85406 variables
DEBUG: Assignment size: 85406
DEBUG: First few assignment values: 1 0 0 0 0 1 0 0 0 0 

=== DEBUG: cnf_assignment_to_paths ===
Input assignment size: 85406

=== END DEBUG ===
[SAT] Found 0 vertex collisions and 0 edge collisions
[SAT] Found collision-free local solution!
[Waiting_time_Solve] Solution found, updating global solution
[LNS] Updating global solution with pseudo-agent local paths...
[Current_Solution] Updating global solution for agent 19
[Current_Solution] Global solution is consistent after updating with local path
[LNS] Successfully updated global solution with pseudo-agent local paths!
[Current_Solution] Updating global solution for agent 18
[Current_Solution] Global solution is consistent after updating with local path
[LNS] Successfully updated global solution with pseudo-agent local paths!
[Current_Solution] Updating global solution for agent 17
[Current_Solution] Global solution is consistent after updating with local path
[LNS] Successfully updated global solution with pseudo-agent local paths!
[Current_Solution] Updating global solution for agent 16
[Current_Solution] Global solution is consistent after updating with local path
[LNS] Successfully updated global solution with pseudo-agent local paths!
[Current_Solution] Updating global solution for agent 15
[Current_Solution] Global solution is consistent after updating with local path
[LNS] Successfully updated global solution with pseudo-agent local paths!
[Current_Solution] Updating global solution for agent 14
[Current_Solution] Global solution is consistent after updating with local path
[LNS] Successfully updated global solution with pseudo-agent local paths!
[Current_Solution] Updating global solution for agent 13
[Current_Solution] Global solution is consistent after updating with local path
[LNS] Successfully updated global solution with pseudo-agent local paths!
[Current_Solution] Updating global solution for agent 0
[Current_Solution] Global solution is consistent after updating with local path
[LNS] Successfully updated global solution with pseudo-agent local paths!
[Current_Solution] Updating global solution for agent 1
[Current_Solution] Global solution is consistent after updating with local path
[LNS] Successfully updated global solution with pseudo-agent local paths!
[Current_Solution] Updating global solution for agent 2
[Current_Solution] Global solution is consistent after updating with local path
[LNS] Successfully updated global solution with pseudo-agent local paths!
[Current_Solution] Updating global solution for agent 3
[Current_Solution] Global solution is consistent after updating with local path
[LNS] Successfully updated global solution with pseudo-agent local paths!
[Current_Solution] Updating global solution for agent 4
[Current_Solution] Global solution is consistent after updating with local path
[LNS] Successfully updated global solution with pseudo-agent local paths!
[Current_Solution] Updating global solution for agent 5
[Current_Solution] Global solution is consistent after updating with local path
[LNS] Successfully updated global solution with pseudo-agent local paths!
[Current_Solution] Updating global solution for agent 6
[Current_Solution] Global solution is consistent after updating with local path
[LNS] Successfully updated global solution with pseudo-agent local paths!
[Current_Solution] Updating global solution for agent 7
[Current_Solution] Global solution is consistent after updating with local path
[LNS] Successfully updated global solution with pseudo-agent local paths!
[Current_Solution] Updating global solution for agent 8
[Current_Solution] Global solution is consistent after updating with local path
[LNS] Successfully updated global solution with pseudo-agent local paths!
[Current_Solution] Updating global solution for agent 9
[Current_Solution] Global solution is consistent after updating with local path
[LNS] Successfully updated global solution with pseudo-agent local paths!
[Current_Solution] Updating global solution for agent 10
[Current_Solution] Global solution is consistent after updating with local path
[LNS] Successfully updated global solution with pseudo-agent local paths!
[Current_Solution] Updating global solution for agent 11
[Current_Solution] Global solution is consistent after updating with local path
[LNS] Successfully updated global solution with pseudo-agent local paths!
[Current_Solution] Updating global solution for agent 12
[Current_Solution] Global solution is consistent after updating with local path
[LNS] Successfully updated global solution with pseudo-agent local paths!
[LNS] Updating path map with new local paths...
[LNS] Successfully updated global solution with local paths and pseudo agents!
[Solve_local_zone] Successfully solved global zone
[Solve_local_zone] Final local zone size: 1024 (100% of all walkable positions)
[LNS] Successfully solved local zone
[LNS] Analyzing conflicts...
[LNS] Current solution: vertex collisions=0, edge collisions=0
[LNS] Collision-free solution found at makespan 37
[LNS] Final agent paths:

=== Agent Paths ===
Agent 19 path:
  Time 0: (21, 3)
  Time 1: (21, 3)
  Time 2: (20, 3)
  Time 3: (19, 3)
  Time 4: (18, 3)
  Time 5: (17, 3)
  Time 6: (16, 3)
  Time 7: (15, 3)
  Time 8: (15, 3)
  Time 9: (15, 4)
  Time 10: (15, 4)
  Time 11: (15, 5)
  Time 12: (15, 6)
  Time 13: (15, 7)
  Time 14: (14, 7)
  Time 15: (14, 6)
  Time 16: (14, 6)
  Time 17: (13, 6)
  Time 18: (12, 6)
  Time 19: (11, 6)
  Time 20: (10, 6)
  Time 21: (9, 6)
  Time 22: (8, 6)
  Time 23: (7, 6)
  Time 24: (6, 6)
  Time 25: (5, 6)
  Time 26: (4, 6)
  Time 27: (3, 6)
  Time 28: (2, 6)
  Time 29: (2, 7)
  Time 30: (2, 8)
  Time 31: (2, 9)
  Time 32: (2, 10)
  Time 33: (2, 11)
  Time 34: (2, 12)
  Time 35: (2, 13)
  Time 36: (2, 14)
  Time 37: (2, 15)

Agent 18 path:
  Time 0: (13, 14)
  Time 1: (12, 14)
  Time 2: (11, 14)
  Time 3: (10, 14)
  Time 4: (9, 14)
  Time 5: (8, 14)
  Time 6: (7, 14)
  Time 7: (6, 14)
  Time 8: (5, 14)
  Time 9: (4, 14)
  Time 10: (3, 14)
  Time 11: (2, 14)
  Time 12: (1, 14)
  Time 13: (0, 14)
  Time 14: (1, 14)
  Time 15: (2, 14)
  Time 16: (3, 14)
  Time 17: (4, 14)
  Time 18: (5, 14)
  Time 19: (6, 14)
  Time 20: (7, 14)
  Time 21: (8, 14)
  Time 22: (9, 14)
  Time 23: (10, 14)
  Time 24: (11, 14)
  Time 25: (12, 14)
  Time 26: (13, 14)
  Time 27: (13, 15)
  Time 28: (13, 16)
  Time 29: (13, 17)
  Time 30: (13, 18)
  Time 31: (13, 19)
  Time 32: (13, 20)
  Time 33: (13, 21)
  Time 34: (13, 22)
  Time 35: (13, 23)
  Time 36: (13, 24)
  Time 37: (13, 24)

Agent 17 path:
  Time 0: (11, 10)
  Time 1: (10, 10)
  Time 2: (9, 10)
  Time 3: (8, 10)
  Time 4: (7, 10)
  Time 5: (6, 10)
  Time 6: (5, 10)
  Time 7: (4, 10)
  Time 8: (3, 10)
  Time 9: (2, 10)
  Time 10: (1, 10)
  Time 11: (0, 10)
  Time 12: (1, 10)
  Time 13: (2, 10)
  Time 14: (3, 10)
  Time 15: (4, 10)
  Time 16: (5, 10)
  Time 17: (6, 10)
  Time 18: (7, 10)
  Time 19: (8, 10)
  Time 20: (9, 10)
  Time 21: (10, 10)
  Time 22: (11, 10)
  Time 23: (12, 10)
  Time 24: (13, 10)
  Time 25: (14, 10)
  Time 26: (15, 10)
  Time 27: (16, 10)
  Time 28: (17, 10)
  Time 29: (18, 10)
  Time 30: (19, 10)
  Time 31: (20, 10)
  Time 32: (21, 10)
  Time 33: (22, 10)
  Time 34: (23, 10)
  Time 35: (23, 9)
  Time 36: (23, 8)
  Time 37: (23, 8)

Agent 16 path:
  Time 0: (22, 29)
  Time 1: (21, 29)
  Time 2: (20, 29)
  Time 3: (19, 29)
  Time 4: (18, 29)
  Time 5: (17, 29)
  Time 6: (16, 29)
  Time 7: (15, 29)
  Time 8: (14, 29)
  Time 9: (13, 29)
  Time 10: (12, 29)
  Time 11: (11, 29)
  Time 12: (10, 29)
  Time 13: (9, 29)
  Time 14: (8, 29)
  Time 15: (7, 29)
  Time 16: (6, 29)
  Time 17: (5, 29)
  Time 18: (4, 29)
  Time 19: (3, 29)
  Time 20: (2, 29)
  Time 21: (1, 29)
  Time 22: (0, 29)
  Time 23: (1, 29)
  Time 24: (0, 29)
  Time 25: (1, 29)
  Time 26: (0, 29)
  Time 27: (1, 29)
  Time 28: (0, 29)
  Time 29: (1, 29)
  Time 30: (0, 29)
  Time 31: (1, 29)
  Time 32: (0, 29)
  Time 33: (1, 29)
  Time 34: (0, 29)
  Time 35: (0, 28)
  Time 36: (0, 27)
  Time 37: (0, 26)

Agent 15 path:
  Time 0: (18, 26)
  Time 1: (17, 26)
  Time 2: (16, 26)
  Time 3: (15, 26)
  Time 4: (14, 26)
  Time 5: (13, 26)
  Time 6: (12, 26)
  Time 7: (11, 26)
  Time 8: (10, 26)
  Time 9: (9, 26)
  Time 10: (8, 26)
  Time 11: (7, 26)
  Time 12: (6, 26)
  Time 13: (5, 26)
  Time 14: (6, 26)
  Time 15: (7, 26)
  Time 16: (8, 26)
  Time 17: (9, 26)
  Time 18: (10, 26)
  Time 19: (11, 26)
  Time 20: (12, 26)
  Time 21: (13, 26)
  Time 22: (14, 26)
  Time 23: (15, 26)
  Time 24: (16, 26)
  Time 25: (17, 26)
  Time 26: (17, 25)
  Time 27: (17, 24)
  Time 28: (16, 24)
  Time 29: (17, 24)
  Time 30: (17, 23)
  Time 31: (17, 22)
  Time 32: (17, 21)
  Time 33: (17, 20)
  Time 34: (17, 19)
  Time 35: (17, 18)
  Time 36: (17, 17)
  Time 37: (17, 16)

Agent 14 path:
  Time 0: (1, 25)
  Time 1: (0, 25)
  Time 2: (1, 25)
  Time 3: (0, 25)
  Time 4: (1, 25)
  Time 5: (0, 25)
  Time 6: (1, 25)
  Time 7: (0, 25)
  Time 8: (1, 25)
  Time 9: (0, 25)
  Time 10: (1, 25)
  Time 11: (0, 25)
  Time 12: (1, 25)
  Time 13: (2, 25)
  Time 14: (3, 25)
  Time 15: (4, 25)
  Time 16: (5, 25)
  Time 17: (6, 25)
  Time 18: (7, 25)
  Time 19: (8, 25)
  Time 20: (9, 25)
  Time 21: (10, 25)
  Time 22: (11, 25)
  Time 23: (12, 25)
  Time 24: (13, 25)
  Time 25: (14, 25)
  Time 26: (15, 25)
  Time 27: (16, 25)
  Time 28: (17, 25)
  Time 29: (18, 25)
  Time 30: (19, 25)
  Time 31: (20, 25)
  Time 32: (20, 24)
  Time 33: (20, 23)
  Time 34: (20, 22)
  Time 35: (20, 21)
  Time 36: (20, 20)
  Time 37: (20, 19)

Agent 13 path:
  Time 0: (25, 17)
  Time 1: (24, 17)
  Time 2: (23, 17)
  Time 3: (22, 17)
  Time 4: (21, 17)
  Time 5: (20, 17)
  Time 6: (19, 17)
  Time 7: (18, 17)
  Time 8: (17, 17)
  Time 9: (16, 17)
  Time 10: (15, 17)
  Time 11: (14, 17)
  Time 12: (13, 17)
  Time 13: (12, 17)
  Time 14: (11, 17)
  Time 15: (10, 17)
  Time 16: (9, 17)
  Time 17: (8, 17)
  Time 18: (7, 17)
  Time 19: (6, 17)
  Time 20: (5, 17)
  Time 21: (4, 17)
  Time 22: (3, 17)
  Time 23: (2, 17)
  Time 24: (1, 17)
  Time 25: (0, 17)
  Time 26: (1, 17)
  Time 27: (0, 17)
  Time 28: (1, 17)
  Time 29: (0, 17)
  Time 30: (1, 17)
  Time 31: (0, 17)
  Time 32: (0, 16)
  Time 33: (0, 15)
  Time 34: (0, 14)
  Time 35: (0, 13)
  Time 36: (0, 12)
  Time 37: (0, 12)

Agent 12 path:
  Time 0: (5, 12)
  Time 1: (4, 12)
  Time 2: (3, 12)
  Time 3: (2, 12)
  Time 4: (1, 12)
  Time 5: (0, 12)
  Time 6: (1, 12)
  Time 7: (0, 12)
  Time 8: (1, 12)
  Time 9: (0, 12)
  Time 10: (1, 12)
  Time 11: (0, 12)
  Time 12: (1, 12)
  Time 13: (0, 12)
  Time 14: (1, 12)
  Time 15: (2, 12)
  Time 16: (2, 13)
  Time 17: (3, 13)
  Time 18: (4, 13)
  Time 19: (5, 13)
  Time 20: (6, 13)
  Time 21: (7, 13)
  Time 22: (7, 14)
  Time 23: (7, 15)
  Time 24: (7, 16)
  Time 25: (7, 17)
  Time 26: (7, 18)
  Time 27: (7, 19)
  Time 28: (7, 20)
  Time 29: (7, 21)
  Time 30: (7, 22)
  Time 31: (7, 23)
  Time 32: (7, 24)
  Time 33: (7, 25)
  Time 34: (7, 26)
  Time 35: (7, 27)
  Time 36: (7, 28)
  Time 37: (7, 29)

Agent 11 path:
  Time 0: (0, 15)
  Time 1: (1, 15)
  Time 2: (0, 15)
  Time 3: (1, 15)
  Time 4: (0, 15)
  Time 5: (1, 15)
  Time 6: (0, 15)
  Time 7: (1, 15)
  Time 8: (0, 15)
  Time 9: (1, 15)
  Time 10: (0, 15)
  Time 11: (1, 15)
  Time 12: (0, 15)
  Time 13: (1, 15)
  Time 14: (0, 15)
  Time 15: (1, 15)
  Time 16: (0, 15)
  Time 17: (1, 15)
  Time 18: (0, 15)
  Time 19: (1, 15)
  Time 20: (0, 15)
  Time 21: (1, 15)
  Time 22: (2, 15)
  Time 23: (3, 15)
  Time 24: (3, 14)
  Time 25: (3, 13)
  Time 26: (3, 12)
  Time 27: (3, 11)
  Time 28: (3, 10)
  Time 29: (3, 9)
  Time 30: (3, 8)
  Time 31: (3, 7)
  Time 32: (3, 6)
  Time 33: (3, 5)
  Time 34: (3, 4)
  Time 35: (3, 3)
  Time 36: (3, 2)
  Time 37: (3, 2)

Agent 10 path:
  Time 0: (19, 26)
  Time 1: (18, 26)
  Time 2: (17, 26)
  Time 3: (16, 26)
  Time 4: (15, 26)
  Time 5: (14, 26)
  Time 6: (15, 26)
  Time 7: (16, 26)
  Time 8: (17, 26)
  Time 9: (18, 26)
  Time 10: (19, 26)
  Time 11: (20, 26)
  Time 12: (21, 26)
  Time 13: (22, 26)
  Time 14: (23, 26)
  Time 15: (24, 26)
  Time 16: (25, 26)
  Time 17: (26, 26)
  Time 18: (26, 25)
  Time 19: (26, 24)
  Time 20: (26, 23)
  Time 21: (26, 22)
  Time 22: (26, 21)
  Time 23: (26, 20)
  Time 24: (26, 19)
  Time 25: (26, 18)
  Time 26: (26, 17)
  Time 27: (26, 16)
  Time 28: (26, 15)
  Time 29: (26, 14)
  Time 30: (26, 13)
  Time 31: (26, 12)
  Time 32: (26, 11)
  Time 33: (26, 10)
  Time 34: (26, 9)
  Time 35: (26, 8)
  Time 36: (26, 7)
  Time 37: (26, 6)

Agent 9 path:
  Time 0: (17, 6)
  Time 1: (16, 6)
  Time 2: (15, 6)
  Time 3: (14, 6)
  Time 4: (13, 6)
  Time 5: (12, 6)
  Time 6: (11, 6)
  Time 7: (10, 6)
  Time 8: (9, 6)
  Time 9: (10, 6)
  Time 10: (11, 6)
  Time 11: (12, 6)
  Time 12: (13, 6)
  Time 13: (14, 6)
  Time 14: (15, 6)
  Time 15: (16, 6)
  Time 16: (15, 6)
  Time 17: (16, 6)
  Time 18: (17, 6)
  Time 19: (18, 6)
  Time 20: (19, 6)
  Time 21: (20, 6)
  Time 22: (21, 6)
  Time 23: (22, 6)
  Time 24: (23, 6)
  Time 25: (24, 6)
  Time 26: (25, 6)
  Time 27: (26, 6)
  Time 28: (27, 6)
  Time 29: (28, 6)
  Time 30: (29, 6)
  Time 31: (29, 5)
  Time 32: (29, 4)
  Time 33: (29, 3)
  Time 34: (29, 2)
  Time 35: (29, 1)
  Time 36: (29, 0)
  Time 37: (29, 0)

Agent 8 path:
  Time 0: (17, 30)
  Time 1: (16, 30)
  Time 2: (15, 30)
  Time 3: (14, 30)
  Time 4: (13, 30)
  Time 5: (12, 30)
  Time 6: (11, 30)
  Time 7: (10, 30)
  Time 8: (9, 30)
  Time 9: (8, 30)
  Time 10: (7, 30)
  Time 11: (6, 30)
  Time 12: (5, 30)
  Time 13: (4, 30)
  Time 14: (3, 30)
  Time 15: (2, 30)
  Time 16: (3, 30)
  Time 17: (4, 30)
  Time 18: (5, 30)
  Time 19: (6, 30)
  Time 20: (7, 30)
  Time 21: (8, 30)
  Time 22: (9, 30)
  Time 23: (10, 30)
  Time 24: (11, 30)
  Time 25: (12, 30)
  Time 26: (13, 30)
  Time 27: (14, 30)
  Time 28: (15, 30)
  Time 29: (16, 30)
  Time 30: (17, 30)
  Time 31: (18, 30)
  Time 32: (19, 30)
  Time 33: (20, 30)
  Time 34: (21, 30)
  Time 35: (21, 29)
  Time 36: (21, 28)
  Time 37: (21, 28)

Agent 7 path:
  Time 0: (8, 31)
  Time 1: (7, 31)
  Time 2: (6, 31)
  Time 3: (5, 31)
  Time 4: (4, 31)
  Time 5: (3, 31)
  Time 6: (2, 31)
  Time 7: (1, 31)
  Time 8: (0, 31)
  Time 9: (1, 31)
  Time 10: (0, 31)
  Time 11: (1, 31)
  Time 12: (0, 31)
  Time 13: (1, 31)
  Time 14: (0, 31)
  Time 15: (1, 31)
  Time 16: (0, 31)
  Time 17: (1, 31)
  Time 18: (0, 31)
  Time 19: (1, 31)
  Time 20: (2, 31)
  Time 21: (3, 31)
  Time 22: (4, 31)
  Time 23: (5, 31)
  Time 24: (6, 31)
  Time 25: (7, 31)
  Time 26: (8, 31)
  Time 27: (9, 31)
  Time 28: (10, 31)
  Time 29: (11, 31)
  Time 30: (12, 31)
  Time 31: (13, 31)
  Time 32: (14, 31)
  Time 33: (15, 31)
  Time 34: (16, 31)
  Time 35: (17, 31)
  Time 36: (18, 31)
  Time 37: (18, 31)

Agent 6 path:
  Time 0: (3, 0)
  Time 1: (2, 0)
  Time 2: (1, 0)
  Time 3: (0, 0)
  Time 4: (1, 0)
  Time 5: (2, 0)
  Time 6: (3, 0)
  Time 7: (4, 0)
  Time 8: (5, 0)
  Time 9: (5, 1)
  Time 10: (5, 2)
  Time 11: (5, 3)
  Time 12: (5, 4)
  Time 13: (5, 5)
  Time 14: (5, 6)
  Time 15: (5, 7)
  Time 16: (5, 8)
  Time 17: (5, 9)
  Time 18: (5, 10)
  Time 19: (5, 11)
  Time 20: (5, 12)
  Time 21: (5, 13)
  Time 22: (5, 14)
  Time 23: (5, 15)
  Time 24: (5, 16)
  Time 25: (5, 17)
  Time 26: (5, 18)
  Time 27: (5, 19)
  Time 28: (5, 20)
  Time 29: (5, 21)
  Time 30: (5, 22)
  Time 31: (5, 23)
  Time 32: (5, 24)
  Time 33: (5, 25)
  Time 34: (5, 26)
  Time 35: (5, 27)
  Time 36: (5, 28)
  Time 37: (5, 28)

Agent 5 path:
  Time 0: (14, 13)
  Time 1: (13, 13)
  Time 2: (12, 13)
  Time 3: (11, 13)
  Time 4: (10, 13)
  Time 5: (9, 13)
  Time 6: (8, 13)
  Time 7: (7, 13)
  Time 8: (6, 13)
  Time 9: (5, 13)
  Time 10: (4, 13)
  Time 11: (3, 13)
  Time 12: (2, 13)
  Time 13: (1, 13)
  Time 14: (0, 13)
  Time 15: (1, 13)
  Time 16: (0, 13)
  Time 17: (1, 13)
  Time 18: (0, 13)
  Time 19: (1, 13)
  Time 20: (0, 13)
  Time 21: (1, 13)
  Time 22: (2, 13)
  Time 23: (3, 13)
  Time 24: (4, 13)
  Time 25: (5, 13)
  Time 26: (6, 13)
  Time 27: (7, 13)
  Time 28: (8, 13)
  Time 29: (9, 13)
  Time 30: (10, 13)
  Time 31: (11, 13)
  Time 32: (12, 13)
  Time 33: (12, 14)
  Time 34: (12, 15)
  Time 35: (12, 16)
  Time 36: (12, 17)
  Time 37: (12, 17)

Agent 4 path:
  Time 0: (9, 8)
  Time 1: (8, 8)
  Time 2: (7, 8)
  Time 3: (6, 8)
  Time 4: (5, 8)
  Time 5: (4, 8)
  Time 6: (3, 8)
  Time 7: (2, 8)
  Time 8: (3, 8)
  Time 9: (4, 8)
  Time 10: (5, 8)
  Time 11: (6, 8)
  Time 12: (7, 8)
  Time 13: (8, 8)
  Time 14: (9, 8)
  Time 15: (10, 8)
  Time 16: (11, 8)
  Time 17: (12, 8)
  Time 18: (13, 8)
  Time 19: (13, 9)
  Time 20: (13, 10)
  Time 21: (13, 11)
  Time 22: (13, 12)
  Time 23: (13, 13)
  Time 24: (13, 14)
  Time 25: (13, 15)
  Time 26: (13, 16)
  Time 27: (13, 17)
  Time 28: (13, 18)
  Time 29: (13, 19)
  Time 30: (13, 20)
  Time 31: (13, 21)
  Time 32: (13, 22)
  Time 33: (13, 23)
  Time 34: (13, 24)
  Time 35: (13, 25)
  Time 36: (13, 26)
  Time 37: (13, 26)

Agent 3 path:
  Time 0: (16, 12)
  Time 1: (15, 12)
  Time 2: (14, 12)
  Time 3: (13, 12)
  Time 4: (12, 12)
  Time 5: (11, 12)
  Time 6: (10, 12)
  Time 7: (9, 12)
  Time 8: (8, 12)
  Time 9: (7, 12)
  Time 10: (6, 12)
  Time 11: (5, 12)
  Time 12: (4, 12)
  Time 13: (3, 12)
  Time 14: (3, 12)
  Time 15: (3, 12)
  Time 16: (2, 12)
  Time 17: (1, 12)
  Time 18: (0, 12)
  Time 19: (1, 12)
  Time 20: (2, 12)
  Time 21: (3, 12)
  Time 22: (4, 12)
  Time 23: (5, 12)
  Time 24: (6, 12)
  Time 25: (7, 12)
  Time 26: (8, 12)
  Time 27: (9, 12)
  Time 28: (9, 13)
  Time 29: (9, 14)
  Time 30: (9, 15)
  Time 31: (9, 16)
  Time 32: (9, 17)
  Time 33: (9, 18)
  Time 34: (9, 19)
  Time 35: (9, 20)
  Time 36: (9, 21)
  Time 37: (9, 21)

Agent 2 path:
  Time 0: (10, 31)
  Time 1: (9, 31)
  Time 2: (8, 31)
  Time 3: (7, 31)
  Time 4: (6, 31)
  Time 5: (5, 31)
  Time 6: (4, 31)
  Time 7: (3, 31)
  Time 8: (2, 31)
  Time 9: (3, 31)
  Time 10: (4, 31)
  Time 11: (5, 31)
  Time 12: (6, 31)
  Time 13: (6, 30)
  Time 14: (6, 29)
  Time 15: (6, 28)
  Time 16: (6, 27)
  Time 17: (6, 26)
  Time 18: (6, 25)
  Time 19: (6, 24)
  Time 20: (6, 23)
  Time 21: (6, 22)
  Time 22: (6, 21)
  Time 23: (6, 20)
  Time 24: (6, 19)
  Time 25: (6, 18)
  Time 26: (6, 17)
  Time 27: (6, 16)
  Time 28: (6, 15)
  Time 29: (6, 14)
  Time 30: (6, 13)
  Time 31: (6, 12)
  Time 32: (6, 11)
  Time 33: (6, 10)
  Time 34: (6, 9)
  Time 35: (6, 8)
  Time 36: (6, 7)
  Time 37: (6, 6)

Agent 1 path:
  Time 0: (27, 11)
  Time 1: (26, 11)
  Time 2: (25, 11)
  Time 3: (24, 11)
  Time 4: (23, 11)
  Time 5: (22, 11)
  Time 6: (21, 11)
  Time 7: (20, 11)
  Time 8: (21, 11)
  Time 9: (22, 11)
  Time 10: (23, 11)
  Time 11: (24, 11)
  Time 12: (25, 11)
  Time 13: (26, 11)
  Time 14: (27, 11)
  Time 15: (28, 11)
  Time 16: (29, 11)
  Time 17: (30, 11)
  Time 18: (30, 12)
  Time 19: (30, 13)
  Time 20: (30, 14)
  Time 21: (30, 15)
  Time 22: (30, 16)
  Time 23: (30, 17)
  Time 24: (30, 18)
  Time 25: (30, 19)
  Time 26: (30, 20)
  Time 27: (30, 21)
  Time 28: (30, 22)
  Time 29: (30, 23)
  Time 30: (30, 24)
  Time 31: (30, 25)
  Time 32: (30, 26)
  Time 33: (30, 27)
  Time 34: (30, 28)
  Time 35: (30, 29)
  Time 36: (30, 30)
  Time 37: (30, 30)

Agent 0 path:
  Time 0: (26, 1)
  Time 1: (25, 1)
  Time 2: (24, 1)
  Time 3: (23, 1)
  Time 4: (22, 1)
  Time 5: (21, 1)
  Time 6: (20, 1)
  Time 7: (19, 1)
  Time 8: (18, 1)
  Time 9: (18, 2)
  Time 10: (18, 3)
  Time 11: (18, 4)
  Time 12: (18, 5)
  Time 13: (18, 6)
  Time 14: (18, 7)
  Time 15: (18, 8)
  Time 16: (18, 9)
  Time 17: (18, 10)
  Time 18: (18, 11)
  Time 19: (18, 12)
  Time 20: (18, 13)
  Time 21: (18, 14)
  Time 22: (18, 15)
  Time 23: (18, 16)
  Time 24: (18, 17)
  Time 25: (18, 18)
  Time 26: (18, 19)
  Time 27: (18, 20)
  Time 28: (18, 21)
  Time 29: (18, 22)
  Time 30: (18, 23)
  Time 31: (18, 24)
  Time 32: (18, 25)
  Time 33: (18, 26)
  Time 34: (18, 27)
  Time 35: (18, 28)
  Time 36: (18, 29)
  Time 37: (18, 30)

[LNS] All conflicts resolved
[LNS] Collision-free solution found at makespan 37
[LNS] Final agent paths:
[LNS] Verified Final agent paths:
[LNS] IT WORKED I THINK

# Run 2 | scenario="/home/max/Documents/PhD/MAPF/LNS/MAPF_LNS_SAT/mapf-scen-even/scen-even/empty-32-32-even-1.scen" | scenario_index=2
# Command: /home/max/Documents/PhD/MAPF/LNS/MAPF_LNS_SAT/lns_clean/main_clean_lns /home/max/Documents/PhD/MAPF/LNS/MAPF_LNS_SAT/mapf-map/empty-32-32.map /home/max/Documents/PhD/MAPF/LNS/MAPF_LNS_SAT/mapf-scen-even/scen-even/empty-32-32-even-1.scen 20 2 minisat 42
# Remaining time budget: 374 seconds
[LNS] Loaded map 32x32, agents: 20
[LNS] Map:
................................
................................
................................
................................
................................
................................
................................
................................
................................
................................
................................
................................
................................
................................
................................
................................
................................
................................
................................
................................
................................
................................
................................
................................
................................
................................
................................
................................
................................
................................
................................
................................
[LNS] Number of agents: 20
[LNS] Agents (start -> goal):
  Agent 0: (11,3) -> (30,2)
  Agent 1: (10,16) -> (18,21)
  Agent 2: (14,29) -> (15,5)
  Agent 3: (31,13) -> (29,22)
  Agent 4: (30,16) -> (15,29)
  Agent 5: (27,19) -> (13,9)
  Agent 6: (13,29) -> (0,30)
  Agent 7: (19,4) -> (11,24)
  Agent 8: (10,13) -> (17,8)
  Agent 9: (11,17) -> (5,21)
  Agent 10: (26,30) -> (17,3)
  Agent 11: (27,27) -> (22,13)
  Agent 12: (3,30) -> (25,7)
  Agent 13: (9,3) -> (25,8)
  Agent 14: (26,25) -> (23,7)
  Agent 15: (20,1) -> (4,5)
  Agent 16: (5,0) -> (7,6)
  Agent 17: (30,10) -> (26,5)
  Agent 18: (1,31) -> (8,30)
  Agent 19: (30,14) -> (15,11)
[LNS] Base makespan: 45

[LNS] === Attempt with max_timesteps=45 ===
[SAT] Creating MDDs with shortest paths + waiting time...
[SAT] Created 20 MDDs with waiting time structure
[LNS] Built MDDs with waiting time structure for 20 agents at makespan 45
[Current_Solution] Calculating waiting times for agents...
[Current_Solution] Agent 19 reaches goal at t=18, waiting time=27
[Current_Solution] Agent 18 reaches goal at t=8, waiting time=37
[Current_Solution] Agent 17 reaches goal at t=9, waiting time=36
[Current_Solution] Agent 16 reaches goal at t=8, waiting time=37
[Current_Solution] Agent 15 reaches goal at t=20, waiting time=25
[Current_Solution] Agent 14 reaches goal at t=21, waiting time=24
[Current_Solution] Agent 13 reaches goal at t=21, waiting time=24
[Current_Solution] Agent 12 reaches goal at t=45, waiting time=0
[Current_Solution] Agent 11 reaches goal at t=19, waiting time=26
[Current_Solution] Agent 10 reaches goal at t=36, waiting time=9
[Current_Solution] Agent 9 reaches goal at t=10, waiting time=35
[Current_Solution] Agent 8 reaches goal at t=12, waiting time=33
[Current_Solution] Agent 7 reaches goal at t=28, waiting time=17
[Current_Solution] Agent 6 reaches goal at t=14, waiting time=31
[Current_Solution] Agent 5 reaches goal at t=24, waiting time=21
[Current_Solution] Agent 4 reaches goal at t=28, waiting time=17
[Current_Solution] Agent 3 reaches goal at t=11, waiting time=34
[Current_Solution] Agent 2 reaches goal at t=25, waiting time=20
[Current_Solution] Agent 1 reaches goal at t=13, waiting time=32
[Current_Solution] Agent 0 reaches goal at t=20, waiting time=25
[Current_Solution] Waiting time calculation complete
[LNS] Created current solution with 20 agent paths on a map of size 32x32
[LNS] Analyzing conflicts...
[LNS] Current solution: vertex collisions=8, edge collisions=1
[LNS] Creating conflict buckets...
[LOCAL ZONE] Building diamond bucket for conflict 0
[LOCAL ZONE] Built diamond bucket for conflict 0 with 5 positions, 1 conflicts, 1 - 1 time window
[LNS] Selected most relevant bucket 0 with time window: 1 - 1, 1 conflicts and 5 positions.
[LNS] Solving the best bucket Local Zone...
[Solve_local_zone] Local zone size reached 95% of all walkable positions
[Solve_local_zone] Will try to solve with full time window and all positions
[Solve_local_zone] Makespan: 45
[Solve_local_zone] Time window: [0, 45]
[Current_Solution] Agent 0 used 25 waiting timesteps, 0 remaining
[Current_Solution] Agent 1 used 32 waiting timesteps, 0 remaining
[Current_Solution] Agent 2 used 20 waiting timesteps, 0 remaining
[Current_Solution] Agent 3 used 34 waiting timesteps, 0 remaining
[Current_Solution] Agent 4 used 17 waiting timesteps, 0 remaining
[Current_Solution] Agent 5 used 21 waiting timesteps, 0 remaining
[Current_Solution] Agent 6 used 31 waiting timesteps, 0 remaining
[Current_Solution] Agent 7 used 17 waiting timesteps, 0 remaining
[Current_Solution] Agent 8 used 33 waiting timesteps, 0 remaining
[Current_Solution] Agent 9 used 35 waiting timesteps, 0 remaining
[Current_Solution] Agent 10 used 9 waiting timesteps, 0 remaining
[Current_Solution] Agent 11 used 26 waiting timesteps, 0 remaining
[Current_Solution] Agent 13 used 24 waiting timesteps, 0 remaining
[Current_Solution] Agent 14 used 24 waiting timesteps, 0 remaining
[Current_Solution] Agent 15 used 25 waiting timesteps, 0 remaining
[Current_Solution] Agent 16 used 37 waiting timesteps, 0 remaining
[Current_Solution] Agent 17 used 36 waiting timesteps, 0 remaining
[Current_Solution] Agent 18 used 37 waiting timesteps, 0 remaining
[Current_Solution] Agent 19 used 27 waiting timesteps, 0 remaining
[Waiting_time_Solve] Agent 0 has waiting time 0
[Waiting_time_Solve] Agent 1 has waiting time 0
[Waiting_time_Solve] Agent 2 has waiting time 0
[Waiting_time_Solve] Agent 3 has waiting time 0
[Waiting_time_Solve] Agent 4 has waiting time 0
[Waiting_time_Solve] Agent 5 has waiting time 0
[Waiting_time_Solve] Agent 6 has waiting time 0
[Waiting_time_Solve] Agent 7 has waiting time 0
[Waiting_time_Solve] Agent 8 has waiting time 0
[Waiting_time_Solve] Agent 9 has waiting time 0
[Waiting_time_Solve] Agent 10 has waiting time 0
[Waiting_time_Solve] Agent 11 has waiting time 0
[Waiting_time_Solve] Agent 12 has waiting time 0
[Waiting_time_Solve] Agent 13 has waiting time 0
[Waiting_time_Solve] Agent 14 has waiting time 0
[Waiting_time_Solve] Agent 15 has waiting time 0
[Waiting_time_Solve] Agent 16 has waiting time 0
[Waiting_time_Solve] Agent 17 has waiting time 0
[Waiting_time_Solve] Agent 18 has waiting time 0
[Waiting_time_Solve] Agent 19 has waiting time 0
[Waiting_time_Solve] Total available waiting time: 0
[Waiting_time_Solve] Max iterations: 1
[Waiting_time_Solve] Iteration 0...
Command terminated after exceeding the time limit.
# Run terminated after reaching overall time limit

# Batch stopped after reaching overall time limit (elapsed 599s)
