# Batch started 2025-10-20 17:41:21 | map=/home/max/Documents/PhD/MAPF/LNS/MAPF_LNS_SAT/mapf-map/empty-48-48.map | agents=200 | total_time_limit=600s

# Run 0 | scenario="/home/max/Documents/PhD/MAPF/LNS/MAPF_LNS_SAT/mapf-scen-even/scen-even/empty-48-48-even-1.scen" | scenario_index=0
# Command: /home/max/Documents/PhD/MAPF/LNS/MAPF_LNS_SAT/lns_clean/main_clean_lns /home/max/Documents/PhD/MAPF/LNS/MAPF_LNS_SAT/mapf-map/empty-48-48.map /home/max/Documents/PhD/MAPF/LNS/MAPF_LNS_SAT/mapf-scen-even/scen-even/empty-48-48-even-1.scen 200 0 minisat 42
# Remaining time budget: 599 seconds
[LNS] Loaded map 48x48, agents: 200
[LNS] Map:
................................................
................................................
................................................
................................................
................................................
................................................
................................................
................................................
................................................
................................................
................................................
................................................
................................................
................................................
................................................
................................................
................................................
................................................
................................................
................................................
................................................
................................................
................................................
................................................
................................................
................................................
................................................
................................................
................................................
................................................
................................................
................................................
................................................
................................................
................................................
................................................
................................................
................................................
................................................
................................................
................................................
................................................
................................................
................................................
................................................
................................................
................................................
................................................
[LNS] Number of agents: 200
[LNS] Agents (start -> goal):
  Agent 0: (15,42) -> (22,25)
  Agent 1: (40,3) -> (27,2)
  Agent 2: (32,0) -> (2,37)
  Agent 3: (15,5) -> (27,3)
  Agent 4: (4,28) -> (27,23)
  Agent 5: (37,1) -> (20,29)
  Agent 6: (9,24) -> (5,44)
  Agent 7: (11,8) -> (42,17)
  Agent 8: (0,16) -> (15,20)
  Agent 9: (10,31) -> (31,33)
  Agent 10: (37,39) -> (40,40)
  Agent 11: (19,26) -> (10,12)
  Agent 12: (28,25) -> (11,21)
  Agent 13: (42,6) -> (30,23)
  Agent 14: (21,26) -> (33,16)
  Agent 15: (38,19) -> (21,3)
  Agent 16: (10,29) -> (33,19)
  Agent 17: (27,42) -> (26,10)
  Agent 18: (42,39) -> (7,10)
  Agent 19: (19,30) -> (37,0)
  Agent 20: (1,27) -> (38,41)
  Agent 21: (41,44) -> (1,25)
  Agent 22: (31,7) -> (23,20)
  Agent 23: (11,34) -> (31,34)
  Agent 24: (16,21) -> (42,34)
  Agent 25: (19,41) -> (46,23)
  Agent 26: (9,25) -> (41,47)
  Agent 27: (29,47) -> (16,22)
  Agent 28: (28,1) -> (45,22)
  Agent 29: (35,45) -> (1,13)
  Agent 30: (6,38) -> (23,8)
  Agent 31: (0,33) -> (6,46)
  Agent 32: (22,15) -> (8,0)
  Agent 33: (13,22) -> (43,24)
  Agent 34: (14,44) -> (34,37)
  Agent 35: (16,27) -> (3,13)
  Agent 36: (19,28) -> (27,26)
  Agent 37: (9,36) -> (41,21)
  Agent 38: (3,38) -> (8,4)
  Agent 39: (21,12) -> (42,3)
  Agent 40: (41,14) -> (26,30)
  Agent 41: (20,1) -> (31,11)
  Agent 42: (23,34) -> (43,1)
  Agent 43: (14,18) -> (29,27)
  Agent 44: (31,35) -> (16,39)
  Agent 45: (32,11) -> (39,36)
  Agent 46: (1,31) -> (35,43)
  Agent 47: (27,15) -> (10,24)
  Agent 48: (23,17) -> (3,25)
  Agent 49: (39,27) -> (12,44)
  Agent 50: (8,23) -> (23,22)
  Agent 51: (23,44) -> (41,12)
  Agent 52: (16,32) -> (44,22)
  Agent 53: (45,8) -> (25,25)
  Agent 54: (9,4) -> (14,13)
  Agent 55: (3,14) -> (1,45)
  Agent 56: (45,36) -> (4,14)
  Agent 57: (27,16) -> (23,6)
  Agent 58: (11,46) -> (18,11)
  Agent 59: (25,34) -> (30,28)
  Agent 60: (44,16) -> (44,26)
  Agent 61: (46,2) -> (24,36)
  Agent 62: (33,13) -> (13,15)
  Agent 63: (15,19) -> (35,2)
  Agent 64: (17,29) -> (28,27)
  Agent 65: (39,22) -> (11,0)
  Agent 66: (28,40) -> (9,5)
  Agent 67: (15,39) -> (47,19)
  Agent 68: (12,16) -> (45,5)
  Agent 69: (17,44) -> (28,4)
  Agent 70: (30,38) -> (40,9)
  Agent 71: (42,43) -> (4,36)
  Agent 72: (41,35) -> (32,18)
  Agent 73: (19,1) -> (6,23)
  Agent 74: (0,3) -> (30,29)
  Agent 75: (34,27) -> (24,11)
  Agent 76: (20,6) -> (45,40)
  Agent 77: (32,31) -> (44,19)
  Agent 78: (16,40) -> (4,30)
  Agent 79: (22,0) -> (46,3)
  Agent 80: (28,6) -> (17,30)
  Agent 81: (28,3) -> (9,28)
  Agent 82: (29,5) -> (5,39)
  Agent 83: (12,26) -> (22,33)
  Agent 84: (30,15) -> (16,44)
  Agent 85: (19,38) -> (10,11)
  Agent 86: (39,34) -> (23,45)
  Agent 87: (26,26) -> (15,31)
  Agent 88: (7,21) -> (34,6)
  Agent 89: (12,18) -> (39,41)
  Agent 90: (2,2) -> (23,0)
  Agent 91: (42,38) -> (7,33)
  Agent 92: (30,21) -> (27,47)
  Agent 93: (23,10) -> (26,33)
  Agent 94: (28,16) -> (34,45)
  Agent 95: (19,20) -> (16,23)
  Agent 96: (6,44) -> (13,47)
  Agent 97: (15,1) -> (32,20)
  Agent 98: (26,31) -> (28,34)
  Agent 99: (26,25) -> (35,22)
  Agent 100: (35,39) -> (39,40)
  Agent 101: (16,1) -> (24,31)
  Agent 102: (34,26) -> (34,47)
  Agent 103: (30,32) -> (42,19)
  Agent 104: (4,3) -> (20,45)
  Agent 105: (36,27) -> (6,33)
  Agent 106: (14,14) -> (42,26)
  Agent 107: (17,14) -> (30,17)
  Agent 108: (9,38) -> (21,32)
  Agent 109: (42,8) -> (32,5)
  Agent 110: (4,10) -> (10,19)
  Agent 111: (18,32) -> (44,44)
  Agent 112: (35,16) -> (46,21)
  Agent 113: (25,10) -> (47,27)
  Agent 114: (38,21) -> (19,17)
  Agent 115: (38,20) -> (43,15)
  Agent 116: (6,3) -> (18,1)
  Agent 117: (8,46) -> (31,10)
  Agent 118: (42,13) -> (29,3)
  Agent 119: (5,13) -> (12,33)
  Agent 120: (36,10) -> (11,28)
  Agent 121: (11,33) -> (24,42)
  Agent 122: (20,7) -> (12,24)
  Agent 123: (44,6) -> (36,11)
  Agent 124: (9,8) -> (42,10)
  Agent 125: (0,15) -> (39,6)
  Agent 126: (23,11) -> (42,32)
  Agent 127: (47,5) -> (45,17)
  Agent 128: (35,20) -> (33,17)
  Agent 129: (34,44) -> (10,38)
  Agent 130: (12,39) -> (4,33)
  Agent 131: (39,15) -> (17,7)
  Agent 132: (30,33) -> (19,14)
  Agent 133: (0,5) -> (18,46)
  Agent 134: (46,10) -> (35,40)
  Agent 135: (16,26) -> (30,40)
  Agent 136: (11,7) -> (45,47)
  Agent 137: (4,11) -> (0,25)
  Agent 138: (26,34) -> (8,25)
  Agent 139: (33,24) -> (24,45)
  Agent 140: (17,22) -> (6,29)
  Agent 141: (7,39) -> (0,18)
  Agent 142: (3,39) -> (12,27)
  Agent 143: (28,43) -> (27,20)
  Agent 144: (47,45) -> (4,5)
  Agent 145: (17,46) -> (23,33)
  Agent 146: (42,1) -> (26,14)
  Agent 147: (43,29) -> (1,40)
  Agent 148: (21,21) -> (44,32)
  Agent 149: (24,28) -> (11,25)
  Agent 150: (46,34) -> (36,40)
  Agent 151: (9,43) -> (11,29)
  Agent 152: (18,26) -> (6,16)
  Agent 153: (37,45) -> (5,26)
  Agent 154: (32,14) -> (0,21)
  Agent 155: (29,14) -> (30,39)
  Agent 156: (42,28) -> (6,0)
  Agent 157: (0,0) -> (0,40)
  Agent 158: (8,15) -> (27,33)
  Agent 159: (3,19) -> (12,31)
  Agent 160: (17,32) -> (3,0)
  Agent 161: (34,30) -> (28,12)
  Agent 162: (8,26) -> (5,10)
  Agent 163: (23,2) -> (44,18)
  Agent 164: (44,45) -> (9,17)
  Agent 165: (4,40) -> (18,28)
  Agent 166: (5,45) -> (19,43)
  Agent 167: (0,31) -> (42,2)
  Agent 168: (32,13) -> (45,21)
  Agent 169: (27,4) -> (7,2)
  Agent 170: (6,15) -> (34,1)
  Agent 171: (26,12) -> (43,21)
  Agent 172: (15,44) -> (16,2)
  Agent 173: (38,22) -> (8,11)
  Agent 174: (43,10) -> (24,0)
  Agent 175: (27,7) -> (13,1)
  Agent 176: (16,35) -> (11,38)
  Agent 177: (23,31) -> (30,5)
  Agent 178: (16,42) -> (12,28)
  Agent 179: (19,37) -> (22,42)
  Agent 180: (36,41) -> (24,26)
  Agent 181: (29,29) -> (33,2)
  Agent 182: (31,23) -> (43,30)
  Agent 183: (42,5) -> (35,34)
  Agent 184: (3,40) -> (28,44)
  Agent 185: (31,17) -> (10,22)
  Agent 186: (37,41) -> (13,41)
  Agent 187: (26,41) -> (6,2)
  Agent 188: (15,40) -> (24,37)
  Agent 189: (2,25) -> (4,23)
  Agent 190: (39,13) -> (22,23)
  Agent 191: (7,26) -> (0,42)
  Agent 192: (32,19) -> (41,13)
  Agent 193: (34,4) -> (2,32)
  Agent 194: (32,3) -> (37,14)
  Agent 195: (16,16) -> (19,27)
  Agent 196: (29,26) -> (46,43)
  Agent 197: (25,26) -> (42,22)
  Agent 198: (41,8) -> (22,35)
  Agent 199: (1,9) -> (26,40)
[LNS] Base makespan: 83

[LNS] === Attempt with max_timesteps=83 ===
[SAT] Creating MDDs with shortest paths + waiting time...
[SAT] Created 200 MDDs with waiting time structure
[LNS] Built MDDs with waiting time structure for 200 agents at makespan 83
[Current_Solution] Calculating waiting times for agents...
[Current_Solution] Agent 199 reaches goal at t=56, waiting time=27
[Current_Solution] Agent 198 reaches goal at t=46, waiting time=37
[Current_Solution] Agent 197 reaches goal at t=21, waiting time=62
[Current_Solution] Agent 196 reaches goal at t=34, waiting time=49
[Current_Solution] Agent 195 reaches goal at t=14, waiting time=69
[Current_Solution] Agent 194 reaches goal at t=16, waiting time=67
[Current_Solution] Agent 193 reaches goal at t=60, waiting time=23
[Current_Solution] Agent 192 reaches goal at t=15, waiting time=68
[Current_Solution] Agent 191 reaches goal at t=23, waiting time=60
[Current_Solution] Agent 190 reaches goal at t=27, waiting time=56
[Current_Solution] Agent 189 reaches goal at t=4, waiting time=79
[Current_Solution] Agent 188 reaches goal at t=12, waiting time=71
[Current_Solution] Agent 187 reaches goal at t=59, waiting time=24
[Current_Solution] Agent 186 reaches goal at t=24, waiting time=59
[Current_Solution] Agent 185 reaches goal at t=26, waiting time=57
[Current_Solution] Agent 184 reaches goal at t=29, waiting time=54
[Current_Solution] Agent 183 reaches goal at t=36, waiting time=47
[Current_Solution] Agent 182 reaches goal at t=19, waiting time=64
[Current_Solution] Agent 181 reaches goal at t=31, waiting time=52
[Current_Solution] Agent 180 reaches goal at t=27, waiting time=56
[Current_Solution] Agent 179 reaches goal at t=8, waiting time=75
[Current_Solution] Agent 178 reaches goal at t=18, waiting time=65
[Current_Solution] Agent 177 reaches goal at t=33, waiting time=50
[Current_Solution] Agent 176 reaches goal at t=8, waiting time=75
[Current_Solution] Agent 175 reaches goal at t=20, waiting time=63
[Current_Solution] Agent 174 reaches goal at t=29, waiting time=54
[Current_Solution] Agent 173 reaches goal at t=41, waiting time=42
[Current_Solution] Agent 172 reaches goal at t=43, waiting time=40
[Current_Solution] Agent 171 reaches goal at t=26, waiting time=57
[Current_Solution] Agent 170 reaches goal at t=42, waiting time=41
[Current_Solution] Agent 169 reaches goal at t=22, waiting time=61
[Current_Solution] Agent 168 reaches goal at t=21, waiting time=62
[Current_Solution] Agent 167 reaches goal at t=71, waiting time=12
[Current_Solution] Agent 166 reaches goal at t=16, waiting time=67
[Current_Solution] Agent 165 reaches goal at t=26, waiting time=57
[Current_Solution] Agent 164 reaches goal at t=63, waiting time=20
[Current_Solution] Agent 163 reaches goal at t=37, waiting time=46
[Current_Solution] Agent 162 reaches goal at t=19, waiting time=64
[Current_Solution] Agent 161 reaches goal at t=24, waiting time=59
[Current_Solution] Agent 160 reaches goal at t=46, waiting time=37
[Current_Solution] Agent 159 reaches goal at t=21, waiting time=62
[Current_Solution] Agent 158 reaches goal at t=37, waiting time=46
[Current_Solution] Agent 157 reaches goal at t=40, waiting time=43
[Current_Solution] Agent 156 reaches goal at t=64, waiting time=19
[Current_Solution] Agent 155 reaches goal at t=26, waiting time=57
[Current_Solution] Agent 154 reaches goal at t=39, waiting time=44
[Current_Solution] Agent 153 reaches goal at t=51, waiting time=32
[Current_Solution] Agent 152 reaches goal at t=22, waiting time=61
[Current_Solution] Agent 151 reaches goal at t=16, waiting time=67
[Current_Solution] Agent 150 reaches goal at t=16, waiting time=67
[Current_Solution] Agent 149 reaches goal at t=16, waiting time=67
[Current_Solution] Agent 148 reaches goal at t=34, waiting time=49
[Current_Solution] Agent 147 reaches goal at t=53, waiting time=30
[Current_Solution] Agent 146 reaches goal at t=29, waiting time=54
[Current_Solution] Agent 145 reaches goal at t=19, waiting time=64
[Current_Solution] Agent 144 reaches goal at t=83, waiting time=0
[Current_Solution] Agent 143 reaches goal at t=24, waiting time=59
[Current_Solution] Agent 142 reaches goal at t=21, waiting time=62
[Current_Solution] Agent 141 reaches goal at t=28, waiting time=55
[Current_Solution] Agent 140 reaches goal at t=18, waiting time=65
[Current_Solution] Agent 139 reaches goal at t=30, waiting time=53
[Current_Solution] Agent 138 reaches goal at t=27, waiting time=56
[Current_Solution] Agent 137 reaches goal at t=18, waiting time=65
[Current_Solution] Agent 136 reaches goal at t=74, waiting time=9
[Current_Solution] Agent 135 reaches goal at t=28, waiting time=55
[Current_Solution] Agent 134 reaches goal at t=41, waiting time=42
[Current_Solution] Agent 133 reaches goal at t=59, waiting time=24
[Current_Solution] Agent 132 reaches goal at t=30, waiting time=53
[Current_Solution] Agent 131 reaches goal at t=30, waiting time=53
[Current_Solution] Agent 130 reaches goal at t=14, waiting time=69
[Current_Solution] Agent 129 reaches goal at t=30, waiting time=53
[Current_Solution] Agent 128 reaches goal at t=5, waiting time=78
[Current_Solution] Agent 127 reaches goal at t=14, waiting time=69
[Current_Solution] Agent 126 reaches goal at t=40, waiting time=43
[Current_Solution] Agent 125 reaches goal at t=48, waiting time=35
[Current_Solution] Agent 124 reaches goal at t=35, waiting time=48
[Current_Solution] Agent 123 reaches goal at t=13, waiting time=70
[Current_Solution] Agent 122 reaches goal at t=25, waiting time=58
[Current_Solution] Agent 121 reaches goal at t=22, waiting time=61
[Current_Solution] Agent 120 reaches goal at t=43, waiting time=40
[Current_Solution] Agent 119 reaches goal at t=27, waiting time=56
[Current_Solution] Agent 118 reaches goal at t=23, waiting time=60
[Current_Solution] Agent 117 reaches goal at t=59, waiting time=24
[Current_Solution] Agent 116 reaches goal at t=14, waiting time=69
[Current_Solution] Agent 115 reaches goal at t=10, waiting time=73
[Current_Solution] Agent 114 reaches goal at t=23, waiting time=60
[Current_Solution] Agent 113 reaches goal at t=39, waiting time=44
[Current_Solution] Agent 112 reaches goal at t=16, waiting time=67
[Current_Solution] Agent 111 reaches goal at t=38, waiting time=45
[Current_Solution] Agent 110 reaches goal at t=15, waiting time=68
[Current_Solution] Agent 109 reaches goal at t=13, waiting time=70
[Current_Solution] Agent 108 reaches goal at t=18, waiting time=65
[Current_Solution] Agent 107 reaches goal at t=16, waiting time=67
[Current_Solution] Agent 106 reaches goal at t=40, waiting time=43
[Current_Solution] Agent 105 reaches goal at t=36, waiting time=47
[Current_Solution] Agent 104 reaches goal at t=58, waiting time=25
[Current_Solution] Agent 103 reaches goal at t=25, waiting time=58
[Current_Solution] Agent 102 reaches goal at t=21, waiting time=62
[Current_Solution] Agent 101 reaches goal at t=38, waiting time=45
[Current_Solution] Agent 100 reaches goal at t=5, waiting time=78
[Current_Solution] Agent 99 reaches goal at t=12, waiting time=71
[Current_Solution] Agent 98 reaches goal at t=5, waiting time=78
[Current_Solution] Agent 97 reaches goal at t=36, waiting time=47
[Current_Solution] Agent 96 reaches goal at t=10, waiting time=73
[Current_Solution] Agent 95 reaches goal at t=6, waiting time=77
[Current_Solution] Agent 94 reaches goal at t=35, waiting time=48
[Current_Solution] Agent 93 reaches goal at t=26, waiting time=57
[Current_Solution] Agent 92 reaches goal at t=29, waiting time=54
[Current_Solution] Agent 91 reaches goal at t=40, waiting time=43
[Current_Solution] Agent 90 reaches goal at t=23, waiting time=60
[Current_Solution] Agent 89 reaches goal at t=50, waiting time=33
[Current_Solution] Agent 88 reaches goal at t=42, waiting time=41
[Current_Solution] Agent 87 reaches goal at t=16, waiting time=67
[Current_Solution] Agent 86 reaches goal at t=27, waiting time=56
[Current_Solution] Agent 85 reaches goal at t=36, waiting time=47
[Current_Solution] Agent 84 reaches goal at t=43, waiting time=40
[Current_Solution] Agent 83 reaches goal at t=17, waiting time=66
[Current_Solution] Agent 82 reaches goal at t=58, waiting time=25
[Current_Solution] Agent 81 reaches goal at t=44, waiting time=39
[Current_Solution] Agent 80 reaches goal at t=35, waiting time=48
[Current_Solution] Agent 79 reaches goal at t=27, waiting time=56
[Current_Solution] Agent 78 reaches goal at t=22, waiting time=61
[Current_Solution] Agent 77 reaches goal at t=24, waiting time=59
[Current_Solution] Agent 76 reaches goal at t=59, waiting time=24
[Current_Solution] Agent 75 reaches goal at t=26, waiting time=57
[Current_Solution] Agent 74 reaches goal at t=56, waiting time=27
[Current_Solution] Agent 73 reaches goal at t=35, waiting time=48
[Current_Solution] Agent 72 reaches goal at t=26, waiting time=57
[Current_Solution] Agent 71 reaches goal at t=45, waiting time=38
[Current_Solution] Agent 70 reaches goal at t=39, waiting time=44
[Current_Solution] Agent 69 reaches goal at t=51, waiting time=32
[Current_Solution] Agent 68 reaches goal at t=44, waiting time=39
[Current_Solution] Agent 67 reaches goal at t=52, waiting time=31
[Current_Solution] Agent 66 reaches goal at t=54, waiting time=29
[Current_Solution] Agent 65 reaches goal at t=50, waiting time=33
[Current_Solution] Agent 64 reaches goal at t=13, waiting time=70
[Current_Solution] Agent 63 reaches goal at t=37, waiting time=46
[Current_Solution] Agent 62 reaches goal at t=22, waiting time=61
[Current_Solution] Agent 61 reaches goal at t=56, waiting time=27
[Current_Solution] Agent 60 reaches goal at t=10, waiting time=73
[Current_Solution] Agent 59 reaches goal at t=11, waiting time=72
[Current_Solution] Agent 58 reaches goal at t=42, waiting time=41
[Current_Solution] Agent 57 reaches goal at t=14, waiting time=69
[Current_Solution] Agent 56 reaches goal at t=63, waiting time=20
[Current_Solution] Agent 55 reaches goal at t=33, waiting time=50
[Current_Solution] Agent 54 reaches goal at t=14, waiting time=69
[Current_Solution] Agent 53 reaches goal at t=37, waiting time=46
[Current_Solution] Agent 52 reaches goal at t=38, waiting time=45
[Current_Solution] Agent 51 reaches goal at t=50, waiting time=33
[Current_Solution] Agent 50 reaches goal at t=16, waiting time=67
[Current_Solution] Agent 49 reaches goal at t=44, waiting time=39
[Current_Solution] Agent 48 reaches goal at t=28, waiting time=55
[Current_Solution] Agent 47 reaches goal at t=26, waiting time=57
[Current_Solution] Agent 46 reaches goal at t=46, waiting time=37
[Current_Solution] Agent 45 reaches goal at t=32, waiting time=51
[Current_Solution] Agent 44 reaches goal at t=19, waiting time=64
[Current_Solution] Agent 43 reaches goal at t=24, waiting time=59
[Current_Solution] Agent 42 reaches goal at t=53, waiting time=30
[Current_Solution] Agent 41 reaches goal at t=21, waiting time=62
[Current_Solution] Agent 40 reaches goal at t=31, waiting time=52
[Current_Solution] Agent 39 reaches goal at t=30, waiting time=53
[Current_Solution] Agent 38 reaches goal at t=39, waiting time=44
[Current_Solution] Agent 37 reaches goal at t=47, waiting time=36
[Current_Solution] Agent 36 reaches goal at t=10, waiting time=73
[Current_Solution] Agent 35 reaches goal at t=27, waiting time=56
[Current_Solution] Agent 34 reaches goal at t=27, waiting time=56
[Current_Solution] Agent 33 reaches goal at t=32, waiting time=51
[Current_Solution] Agent 32 reaches goal at t=29, waiting time=54
[Current_Solution] Agent 31 reaches goal at t=19, waiting time=64
[Current_Solution] Agent 30 reaches goal at t=47, waiting time=36
[Current_Solution] Agent 29 reaches goal at t=66, waiting time=17
[Current_Solution] Agent 28 reaches goal at t=38, waiting time=45
[Current_Solution] Agent 27 reaches goal at t=38, waiting time=45
[Current_Solution] Agent 26 reaches goal at t=54, waiting time=29
[Current_Solution] Agent 25 reaches goal at t=45, waiting time=38
[Current_Solution] Agent 24 reaches goal at t=39, waiting time=44
[Current_Solution] Agent 23 reaches goal at t=20, waiting time=63
[Current_Solution] Agent 22 reaches goal at t=21, waiting time=62
[Current_Solution] Agent 21 reaches goal at t=59, waiting time=24
[Current_Solution] Agent 20 reaches goal at t=51, waiting time=32
[Current_Solution] Agent 19 reaches goal at t=48, waiting time=35
[Current_Solution] Agent 18 reaches goal at t=64, waiting time=19
[Current_Solution] Agent 17 reaches goal at t=33, waiting time=50
[Current_Solution] Agent 16 reaches goal at t=33, waiting time=50
[Current_Solution] Agent 15 reaches goal at t=33, waiting time=50
[Current_Solution] Agent 14 reaches goal at t=22, waiting time=61
[Current_Solution] Agent 13 reaches goal at t=29, waiting time=54
[Current_Solution] Agent 12 reaches goal at t=21, waiting time=62
[Current_Solution] Agent 11 reaches goal at t=23, waiting time=60
[Current_Solution] Agent 10 reaches goal at t=4, waiting time=79
[Current_Solution] Agent 9 reaches goal at t=23, waiting time=60
[Current_Solution] Agent 8 reaches goal at t=19, waiting time=64
[Current_Solution] Agent 7 reaches goal at t=40, waiting time=43
[Current_Solution] Agent 6 reaches goal at t=24, waiting time=59
[Current_Solution] Agent 5 reaches goal at t=45, waiting time=38
[Current_Solution] Agent 4 reaches goal at t=28, waiting time=55
[Current_Solution] Agent 3 reaches goal at t=14, waiting time=69
[Current_Solution] Agent 2 reaches goal at t=67, waiting time=16
[Current_Solution] Agent 1 reaches goal at t=14, waiting time=69
[Current_Solution] Agent 0 reaches goal at t=24, waiting time=59
[Current_Solution] Waiting time calculation complete
[LNS] Created current solution with 200 agent paths on a map of size 48x48
[LNS] Analyzing conflicts...
[LNS] Current solution: vertex collisions=366, edge collisions=56
[LNS] Creating conflict buckets...
[LOCAL ZONE] Building diamond bucket for conflict 366
[LOCAL ZONE] Built diamond bucket for conflict 366 with 8 positions, 1 conflicts, 0 - 0 time window
[LOCAL ZONE] Building diamond bucket for conflict 367
[LOCAL ZONE] Built diamond bucket for conflict 367 with 8 positions, 1 conflicts, 0 - 0 time window
[LNS] Selected most relevant bucket 366 with time window: 0 - 0, 1 conflicts and 8 positions.
[LNS] Solving the best bucket Local Zone...
[Solve_local_zone] Local zone size reached 95% of all walkable positions
[Solve_local_zone] Will try to solve with full time window and all positions
[Solve_local_zone] Makespan: 83
[Solve_local_zone] Time window: [0, 83]
[Current_Solution] Agent 0 used 59 waiting timesteps, 0 remaining
[Current_Solution] Agent 1 used 69 waiting timesteps, 0 remaining
[Current_Solution] Agent 2 used 16 waiting timesteps, 0 remaining
[Current_Solution] Agent 3 used 69 waiting timesteps, 0 remaining
[Current_Solution] Agent 4 used 55 waiting timesteps, 0 remaining
[Current_Solution] Agent 5 used 38 waiting timesteps, 0 remaining
[Current_Solution] Agent 6 used 59 waiting timesteps, 0 remaining
[Current_Solution] Agent 7 used 43 waiting timesteps, 0 remaining
[Current_Solution] Agent 8 used 64 waiting timesteps, 0 remaining
[Current_Solution] Agent 9 used 60 waiting timesteps, 0 remaining
[Current_Solution] Agent 10 used 79 waiting timesteps, 0 remaining
[Current_Solution] Agent 11 used 60 waiting timesteps, 0 remaining
[Current_Solution] Agent 12 used 62 waiting timesteps, 0 remaining
[Current_Solution] Agent 13 used 54 waiting timesteps, 0 remaining
[Current_Solution] Agent 14 used 61 waiting timesteps, 0 remaining
[Current_Solution] Agent 15 used 50 waiting timesteps, 0 remaining
[Current_Solution] Agent 16 used 50 waiting timesteps, 0 remaining
[Current_Solution] Agent 17 used 50 waiting timesteps, 0 remaining
[Current_Solution] Agent 18 used 19 waiting timesteps, 0 remaining
[Current_Solution] Agent 19 used 35 waiting timesteps, 0 remaining
[Current_Solution] Agent 20 used 32 waiting timesteps, 0 remaining
[Current_Solution] Agent 21 used 24 waiting timesteps, 0 remaining
[Current_Solution] Agent 22 used 62 waiting timesteps, 0 remaining
[Current_Solution] Agent 23 used 63 waiting timesteps, 0 remaining
[Current_Solution] Agent 24 used 44 waiting timesteps, 0 remaining
[Current_Solution] Agent 25 used 38 waiting timesteps, 0 remaining
[Current_Solution] Agent 26 used 29 waiting timesteps, 0 remaining
[Current_Solution] Agent 27 used 45 waiting timesteps, 0 remaining
[Current_Solution] Agent 28 used 45 waiting timesteps, 0 remaining
[Current_Solution] Agent 29 used 17 waiting timesteps, 0 remaining
[Current_Solution] Agent 30 used 36 waiting timesteps, 0 remaining
[Current_Solution] Agent 31 used 64 waiting timesteps, 0 remaining
[Current_Solution] Agent 32 used 54 waiting timesteps, 0 remaining
[Current_Solution] Agent 33 used 51 waiting timesteps, 0 remaining
[Current_Solution] Agent 34 used 56 waiting timesteps, 0 remaining
[Current_Solution] Agent 35 used 56 waiting timesteps, 0 remaining
[Current_Solution] Agent 36 used 73 waiting timesteps, 0 remaining
[Current_Solution] Agent 37 used 36 waiting timesteps, 0 remaining
[Current_Solution] Agent 38 used 44 waiting timesteps, 0 remaining
[Current_Solution] Agent 39 used 53 waiting timesteps, 0 remaining
[Current_Solution] Agent 40 used 52 waiting timesteps, 0 remaining
[Current_Solution] Agent 41 used 62 waiting timesteps, 0 remaining
[Current_Solution] Agent 42 used 30 waiting timesteps, 0 remaining
[Current_Solution] Agent 43 used 59 waiting timesteps, 0 remaining
[Current_Solution] Agent 44 used 64 waiting timesteps, 0 remaining
[Current_Solution] Agent 45 used 51 waiting timesteps, 0 remaining
[Current_Solution] Agent 46 used 37 waiting timesteps, 0 remaining
[Current_Solution] Agent 47 used 57 waiting timesteps, 0 remaining
[Current_Solution] Agent 48 used 55 waiting timesteps, 0 remaining
[Current_Solution] Agent 49 used 39 waiting timesteps, 0 remaining
[Current_Solution] Agent 50 used 67 waiting timesteps, 0 remaining
[Current_Solution] Agent 51 used 33 waiting timesteps, 0 remaining
[Current_Solution] Agent 52 used 45 waiting timesteps, 0 remaining
[Current_Solution] Agent 53 used 46 waiting timesteps, 0 remaining
[Current_Solution] Agent 54 used 69 waiting timesteps, 0 remaining
[Current_Solution] Agent 55 used 50 waiting timesteps, 0 remaining
[Current_Solution] Agent 56 used 20 waiting timesteps, 0 remaining
[Current_Solution] Agent 57 used 69 waiting timesteps, 0 remaining
[Current_Solution] Agent 58 used 41 waiting timesteps, 0 remaining
[Current_Solution] Agent 59 used 72 waiting timesteps, 0 remaining
[Current_Solution] Agent 60 used 73 waiting timesteps, 0 remaining
[Current_Solution] Agent 61 used 27 waiting timesteps, 0 remaining
[Current_Solution] Agent 62 used 61 waiting timesteps, 0 remaining
[Current_Solution] Agent 63 used 46 waiting timesteps, 0 remaining
[Current_Solution] Agent 64 used 70 waiting timesteps, 0 remaining
[Current_Solution] Agent 65 used 33 waiting timesteps, 0 remaining
[Current_Solution] Agent 66 used 29 waiting timesteps, 0 remaining
[Current_Solution] Agent 67 used 31 waiting timesteps, 0 remaining
[Current_Solution] Agent 68 used 39 waiting timesteps, 0 remaining
[Current_Solution] Agent 69 used 32 waiting timesteps, 0 remaining
[Current_Solution] Agent 70 used 44 waiting timesteps, 0 remaining
[Current_Solution] Agent 71 used 38 waiting timesteps, 0 remaining
[Current_Solution] Agent 72 used 57 waiting timesteps, 0 remaining
[Current_Solution] Agent 73 used 48 waiting timesteps, 0 remaining
[Current_Solution] Agent 74 used 27 waiting timesteps, 0 remaining
[Current_Solution] Agent 75 used 57 waiting timesteps, 0 remaining
[Current_Solution] Agent 76 used 24 waiting timesteps, 0 remaining
[Current_Solution] Agent 77 used 59 waiting timesteps, 0 remaining
[Current_Solution] Agent 78 used 61 waiting timesteps, 0 remaining
[Current_Solution] Agent 79 used 56 waiting timesteps, 0 remaining
[Current_Solution] Agent 80 used 48 waiting timesteps, 0 remaining
[Current_Solution] Agent 81 used 39 waiting timesteps, 0 remaining
[Current_Solution] Agent 82 used 25 waiting timesteps, 0 remaining
[Current_Solution] Agent 83 used 66 waiting timesteps, 0 remaining
[Current_Solution] Agent 84 used 40 waiting timesteps, 0 remaining
[Current_Solution] Agent 85 used 47 waiting timesteps, 0 remaining
[Current_Solution] Agent 86 used 56 waiting timesteps, 0 remaining
[Current_Solution] Agent 87 used 67 waiting timesteps, 0 remaining
[Current_Solution] Agent 88 used 41 waiting timesteps, 0 remaining
[Current_Solution] Agent 89 used 33 waiting timesteps, 0 remaining
[Current_Solution] Agent 90 used 60 waiting timesteps, 0 remaining
[Current_Solution] Agent 91 used 43 waiting timesteps, 0 remaining
[Current_Solution] Agent 92 used 54 waiting timesteps, 0 remaining
[Current_Solution] Agent 93 used 57 waiting timesteps, 0 remaining
[Current_Solution] Agent 94 used 48 waiting timesteps, 0 remaining
[Current_Solution] Agent 95 used 77 waiting timesteps, 0 remaining
[Current_Solution] Agent 96 used 73 waiting timesteps, 0 remaining
[Current_Solution] Agent 97 used 47 waiting timesteps, 0 remaining
[Current_Solution] Agent 98 used 78 waiting timesteps, 0 remaining
[Current_Solution] Agent 99 used 71 waiting timesteps, 0 remaining
[Current_Solution] Agent 100 used 78 waiting timesteps, 0 remaining
[Current_Solution] Agent 101 used 45 waiting timesteps, 0 remaining
[Current_Solution] Agent 102 used 62 waiting timesteps, 0 remaining
[Current_Solution] Agent 103 used 58 waiting timesteps, 0 remaining
[Current_Solution] Agent 104 used 25 waiting timesteps, 0 remaining
[Current_Solution] Agent 105 used 47 waiting timesteps, 0 remaining
[Current_Solution] Agent 106 used 43 waiting timesteps, 0 remaining
[Current_Solution] Agent 107 used 67 waiting timesteps, 0 remaining
[Current_Solution] Agent 108 used 65 waiting timesteps, 0 remaining
[Current_Solution] Agent 109 used 70 waiting timesteps, 0 remaining
[Current_Solution] Agent 110 used 68 waiting timesteps, 0 remaining
[Current_Solution] Agent 111 used 45 waiting timesteps, 0 remaining
[Current_Solution] Agent 112 used 67 waiting timesteps, 0 remaining
[Current_Solution] Agent 113 used 44 waiting timesteps, 0 remaining
[Current_Solution] Agent 114 used 60 waiting timesteps, 0 remaining
[Current_Solution] Agent 115 used 73 waiting timesteps, 0 remaining
[Current_Solution] Agent 116 used 69 waiting timesteps, 0 remaining
[Current_Solution] Agent 117 used 24 waiting timesteps, 0 remaining
[Current_Solution] Agent 118 used 60 waiting timesteps, 0 remaining
[Current_Solution] Agent 119 used 56 waiting timesteps, 0 remaining
[Current_Solution] Agent 120 used 40 waiting timesteps, 0 remaining
[Current_Solution] Agent 121 used 61 waiting timesteps, 0 remaining
[Current_Solution] Agent 122 used 58 waiting timesteps, 0 remaining
[Current_Solution] Agent 123 used 70 waiting timesteps, 0 remaining
[Current_Solution] Agent 124 used 48 waiting timesteps, 0 remaining
[Current_Solution] Agent 125 used 35 waiting timesteps, 0 remaining
[Current_Solution] Agent 126 used 43 waiting timesteps, 0 remaining
[Current_Solution] Agent 127 used 69 waiting timesteps, 0 remaining
[Current_Solution] Agent 128 used 78 waiting timesteps, 0 remaining
[Current_Solution] Agent 129 used 53 waiting timesteps, 0 remaining
[Current_Solution] Agent 130 used 69 waiting timesteps, 0 remaining
[Current_Solution] Agent 131 used 53 waiting timesteps, 0 remaining
[Current_Solution] Agent 132 used 53 waiting timesteps, 0 remaining
[Current_Solution] Agent 133 used 24 waiting timesteps, 0 remaining
[Current_Solution] Agent 134 used 42 waiting timesteps, 0 remaining
[Current_Solution] Agent 135 used 55 waiting timesteps, 0 remaining
[Current_Solution] Agent 136 used 9 waiting timesteps, 0 remaining
[Current_Solution] Agent 137 used 65 waiting timesteps, 0 remaining
[Current_Solution] Agent 138 used 56 waiting timesteps, 0 remaining
[Current_Solution] Agent 139 used 53 waiting timesteps, 0 remaining
[Current_Solution] Agent 140 used 65 waiting timesteps, 0 remaining
[Current_Solution] Agent 141 used 55 waiting timesteps, 0 remaining
[Current_Solution] Agent 142 used 62 waiting timesteps, 0 remaining
[Current_Solution] Agent 143 used 59 waiting timesteps, 0 remaining
[Current_Solution] Agent 145 used 64 waiting timesteps, 0 remaining
[Current_Solution] Agent 146 used 54 waiting timesteps, 0 remaining
[Current_Solution] Agent 147 used 30 waiting timesteps, 0 remaining
[Current_Solution] Agent 148 used 49 waiting timesteps, 0 remaining
[Current_Solution] Agent 149 used 67 waiting timesteps, 0 remaining
[Current_Solution] Agent 150 used 67 waiting timesteps, 0 remaining
[Current_Solution] Agent 151 used 67 waiting timesteps, 0 remaining
[Current_Solution] Agent 152 used 61 waiting timesteps, 0 remaining
[Current_Solution] Agent 153 used 32 waiting timesteps, 0 remaining
[Current_Solution] Agent 154 used 44 waiting timesteps, 0 remaining
[Current_Solution] Agent 155 used 57 waiting timesteps, 0 remaining
[Current_Solution] Agent 156 used 19 waiting timesteps, 0 remaining
[Current_Solution] Agent 157 used 43 waiting timesteps, 0 remaining
[Current_Solution] Agent 158 used 46 waiting timesteps, 0 remaining
[Current_Solution] Agent 159 used 62 waiting timesteps, 0 remaining
[Current_Solution] Agent 160 used 37 waiting timesteps, 0 remaining
[Current_Solution] Agent 161 used 59 waiting timesteps, 0 remaining
[Current_Solution] Agent 162 used 64 waiting timesteps, 0 remaining
[Current_Solution] Agent 163 used 46 waiting timesteps, 0 remaining
[Current_Solution] Agent 164 used 20 waiting timesteps, 0 remaining
[Current_Solution] Agent 165 used 57 waiting timesteps, 0 remaining
[Current_Solution] Agent 166 used 67 waiting timesteps, 0 remaining
[Current_Solution] Agent 167 used 12 waiting timesteps, 0 remaining
[Current_Solution] Agent 168 used 62 waiting timesteps, 0 remaining
[Current_Solution] Agent 169 used 61 waiting timesteps, 0 remaining
[Current_Solution] Agent 170 used 41 waiting timesteps, 0 remaining
[Current_Solution] Agent 171 used 57 waiting timesteps, 0 remaining
[Current_Solution] Agent 172 used 40 waiting timesteps, 0 remaining
[Current_Solution] Agent 173 used 42 waiting timesteps, 0 remaining
[Current_Solution] Agent 174 used 54 waiting timesteps, 0 remaining
[Current_Solution] Agent 175 used 63 waiting timesteps, 0 remaining
[Current_Solution] Agent 176 used 75 waiting timesteps, 0 remaining
[Current_Solution] Agent 177 used 50 waiting timesteps, 0 remaining
[Current_Solution] Agent 178 used 65 waiting timesteps, 0 remaining
[Current_Solution] Agent 179 used 75 waiting timesteps, 0 remaining
[Current_Solution] Agent 180 used 56 waiting timesteps, 0 remaining
[Current_Solution] Agent 181 used 52 waiting timesteps, 0 remaining
[Current_Solution] Agent 182 used 64 waiting timesteps, 0 remaining
[Current_Solution] Agent 183 used 47 waiting timesteps, 0 remaining
[Current_Solution] Agent 184 used 54 waiting timesteps, 0 remaining
[Current_Solution] Agent 185 used 57 waiting timesteps, 0 remaining
[Current_Solution] Agent 186 used 59 waiting timesteps, 0 remaining
[Current_Solution] Agent 187 used 24 waiting timesteps, 0 remaining
[Current_Solution] Agent 188 used 71 waiting timesteps, 0 remaining
[Current_Solution] Agent 189 used 79 waiting timesteps, 0 remaining
[Current_Solution] Agent 190 used 56 waiting timesteps, 0 remaining
[Current_Solution] Agent 191 used 60 waiting timesteps, 0 remaining
[Current_Solution] Agent 192 used 68 waiting timesteps, 0 remaining
[Current_Solution] Agent 193 used 23 waiting timesteps, 0 remaining
[Current_Solution] Agent 194 used 67 waiting timesteps, 0 remaining
[Current_Solution] Agent 195 used 69 waiting timesteps, 0 remaining
[Current_Solution] Agent 196 used 49 waiting timesteps, 0 remaining
[Current_Solution] Agent 197 used 62 waiting timesteps, 0 remaining
[Current_Solution] Agent 198 used 37 waiting timesteps, 0 remaining
[Current_Solution] Agent 199 used 27 waiting timesteps, 0 remaining
[Waiting_time_Solve] Agent 0 has waiting time 0
[Waiting_time_Solve] Agent 1 has waiting time 0
[Waiting_time_Solve] Agent 2 has waiting time 0
[Waiting_time_Solve] Agent 3 has waiting time 0
[Waiting_time_Solve] Agent 4 has waiting time 0
[Waiting_time_Solve] Agent 5 has waiting time 0
[Waiting_time_Solve] Agent 6 has waiting time 0
[Waiting_time_Solve] Agent 7 has waiting time 0
[Waiting_time_Solve] Agent 8 has waiting time 0
[Waiting_time_Solve] Agent 9 has waiting time 0
[Waiting_time_Solve] Agent 10 has waiting time 0
[Waiting_time_Solve] Agent 11 has waiting time 0
[Waiting_time_Solve] Agent 12 has waiting time 0
[Waiting_time_Solve] Agent 13 has waiting time 0
[Waiting_time_Solve] Agent 14 has waiting time 0
[Waiting_time_Solve] Agent 15 has waiting time 0
[Waiting_time_Solve] Agent 16 has waiting time 0
[Waiting_time_Solve] Agent 17 has waiting time 0
[Waiting_time_Solve] Agent 18 has waiting time 0
[Waiting_time_Solve] Agent 19 has waiting time 0
[Waiting_time_Solve] Agent 20 has waiting time 0
[Waiting_time_Solve] Agent 21 has waiting time 0
[Waiting_time_Solve] Agent 22 has waiting time 0
[Waiting_time_Solve] Agent 23 has waiting time 0
[Waiting_time_Solve] Agent 24 has waiting time 0
[Waiting_time_Solve] Agent 25 has waiting time 0
[Waiting_time_Solve] Agent 26 has waiting time 0
[Waiting_time_Solve] Agent 27 has waiting time 0
[Waiting_time_Solve] Agent 28 has waiting time 0
[Waiting_time_Solve] Agent 29 has waiting time 0
[Waiting_time_Solve] Agent 30 has waiting time 0
[Waiting_time_Solve] Agent 31 has waiting time 0
[Waiting_time_Solve] Agent 32 has waiting time 0
[Waiting_time_Solve] Agent 33 has waiting time 0
[Waiting_time_Solve] Agent 34 has waiting time 0
[Waiting_time_Solve] Agent 35 has waiting time 0
[Waiting_time_Solve] Agent 36 has waiting time 0
[Waiting_time_Solve] Agent 37 has waiting time 0
[Waiting_time_Solve] Agent 38 has waiting time 0
[Waiting_time_Solve] Agent 39 has waiting time 0
[Waiting_time_Solve] Agent 40 has waiting time 0
[Waiting_time_Solve] Agent 41 has waiting time 0
[Waiting_time_Solve] Agent 42 has waiting time 0
[Waiting_time_Solve] Agent 43 has waiting time 0
[Waiting_time_Solve] Agent 44 has waiting time 0
[Waiting_time_Solve] Agent 45 has waiting time 0
[Waiting_time_Solve] Agent 46 has waiting time 0
[Waiting_time_Solve] Agent 47 has waiting time 0
[Waiting_time_Solve] Agent 48 has waiting time 0
[Waiting_time_Solve] Agent 49 has waiting time 0
[Waiting_time_Solve] Agent 50 has waiting time 0
[Waiting_time_Solve] Agent 51 has waiting time 0
[Waiting_time_Solve] Agent 52 has waiting time 0
[Waiting_time_Solve] Agent 53 has waiting time 0
[Waiting_time_Solve] Agent 54 has waiting time 0
[Waiting_time_Solve] Agent 55 has waiting time 0
[Waiting_time_Solve] Agent 56 has waiting time 0
[Waiting_time_Solve] Agent 57 has waiting time 0
[Waiting_time_Solve] Agent 58 has waiting time 0
[Waiting_time_Solve] Agent 59 has waiting time 0
[Waiting_time_Solve] Agent 60 has waiting time 0
[Waiting_time_Solve] Agent 61 has waiting time 0
[Waiting_time_Solve] Agent 62 has waiting time 0
[Waiting_time_Solve] Agent 63 has waiting time 0
[Waiting_time_Solve] Agent 64 has waiting time 0
[Waiting_time_Solve] Agent 65 has waiting time 0
[Waiting_time_Solve] Agent 66 has waiting time 0
[Waiting_time_Solve] Agent 67 has waiting time 0
[Waiting_time_Solve] Agent 68 has waiting time 0
[Waiting_time_Solve] Agent 69 has waiting time 0
[Waiting_time_Solve] Agent 70 has waiting time 0
[Waiting_time_Solve] Agent 71 has waiting time 0
[Waiting_time_Solve] Agent 72 has waiting time 0
[Waiting_time_Solve] Agent 73 has waiting time 0
[Waiting_time_Solve] Agent 74 has waiting time 0
[Waiting_time_Solve] Agent 75 has waiting time 0
[Waiting_time_Solve] Agent 76 has waiting time 0
[Waiting_time_Solve] Agent 77 has waiting time 0
[Waiting_time_Solve] Agent 78 has waiting time 0
[Waiting_time_Solve] Agent 79 has waiting time 0
[Waiting_time_Solve] Agent 80 has waiting time 0
[Waiting_time_Solve] Agent 81 has waiting time 0
[Waiting_time_Solve] Agent 82 has waiting time 0
[Waiting_time_Solve] Agent 83 has waiting time 0
[Waiting_time_Solve] Agent 84 has waiting time 0
[Waiting_time_Solve] Agent 85 has waiting time 0
[Waiting_time_Solve] Agent 86 has waiting time 0
[Waiting_time_Solve] Agent 87 has waiting time 0
[Waiting_time_Solve] Agent 88 has waiting time 0
[Waiting_time_Solve] Agent 89 has waiting time 0
[Waiting_time_Solve] Agent 90 has waiting time 0
[Waiting_time_Solve] Agent 91 has waiting time 0
[Waiting_time_Solve] Agent 92 has waiting time 0
[Waiting_time_Solve] Agent 93 has waiting time 0
[Waiting_time_Solve] Agent 94 has waiting time 0
[Waiting_time_Solve] Agent 95 has waiting time 0
[Waiting_time_Solve] Agent 96 has waiting time 0
[Waiting_time_Solve] Agent 97 has waiting time 0
[Waiting_time_Solve] Agent 98 has waiting time 0
[Waiting_time_Solve] Agent 99 has waiting time 0
[Waiting_time_Solve] Agent 100 has waiting time 0
[Waiting_time_Solve] Agent 101 has waiting time 0
[Waiting_time_Solve] Agent 102 has waiting time 0
[Waiting_time_Solve] Agent 103 has waiting time 0
[Waiting_time_Solve] Agent 104 has waiting time 0
[Waiting_time_Solve] Agent 105 has waiting time 0
[Waiting_time_Solve] Agent 106 has waiting time 0
[Waiting_time_Solve] Agent 107 has waiting time 0
[Waiting_time_Solve] Agent 108 has waiting time 0
[Waiting_time_Solve] Agent 109 has waiting time 0
[Waiting_time_Solve] Agent 110 has waiting time 0
[Waiting_time_Solve] Agent 111 has waiting time 0
[Waiting_time_Solve] Agent 112 has waiting time 0
[Waiting_time_Solve] Agent 113 has waiting time 0
[Waiting_time_Solve] Agent 114 has waiting time 0
[Waiting_time_Solve] Agent 115 has waiting time 0
[Waiting_time_Solve] Agent 116 has waiting time 0
[Waiting_time_Solve] Agent 117 has waiting time 0
[Waiting_time_Solve] Agent 118 has waiting time 0
[Waiting_time_Solve] Agent 119 has waiting time 0
[Waiting_time_Solve] Agent 120 has waiting time 0
[Waiting_time_Solve] Agent 121 has waiting time 0
[Waiting_time_Solve] Agent 122 has waiting time 0
[Waiting_time_Solve] Agent 123 has waiting time 0
[Waiting_time_Solve] Agent 124 has waiting time 0
[Waiting_time_Solve] Agent 125 has waiting time 0
[Waiting_time_Solve] Agent 126 has waiting time 0
[Waiting_time_Solve] Agent 127 has waiting time 0
[Waiting_time_Solve] Agent 128 has waiting time 0
[Waiting_time_Solve] Agent 129 has waiting time 0
[Waiting_time_Solve] Agent 130 has waiting time 0
[Waiting_time_Solve] Agent 131 has waiting time 0
[Waiting_time_Solve] Agent 132 has waiting time 0
[Waiting_time_Solve] Agent 133 has waiting time 0
[Waiting_time_Solve] Agent 134 has waiting time 0
[Waiting_time_Solve] Agent 135 has waiting time 0
[Waiting_time_Solve] Agent 136 has waiting time 0
[Waiting_time_Solve] Agent 137 has waiting time 0
[Waiting_time_Solve] Agent 138 has waiting time 0
[Waiting_time_Solve] Agent 139 has waiting time 0
[Waiting_time_Solve] Agent 140 has waiting time 0
[Waiting_time_Solve] Agent 141 has waiting time 0
[Waiting_time_Solve] Agent 142 has waiting time 0
[Waiting_time_Solve] Agent 143 has waiting time 0
[Waiting_time_Solve] Agent 144 has waiting time 0
[Waiting_time_Solve] Agent 145 has waiting time 0
[Waiting_time_Solve] Agent 146 has waiting time 0
[Waiting_time_Solve] Agent 147 has waiting time 0
[Waiting_time_Solve] Agent 148 has waiting time 0
[Waiting_time_Solve] Agent 149 has waiting time 0
[Waiting_time_Solve] Agent 150 has waiting time 0
[Waiting_time_Solve] Agent 151 has waiting time 0
[Waiting_time_Solve] Agent 152 has waiting time 0
[Waiting_time_Solve] Agent 153 has waiting time 0
[Waiting_time_Solve] Agent 154 has waiting time 0
[Waiting_time_Solve] Agent 155 has waiting time 0
[Waiting_time_Solve] Agent 156 has waiting time 0
[Waiting_time_Solve] Agent 157 has waiting time 0
[Waiting_time_Solve] Agent 158 has waiting time 0
[Waiting_time_Solve] Agent 159 has waiting time 0
[Waiting_time_Solve] Agent 160 has waiting time 0
[Waiting_time_Solve] Agent 161 has waiting time 0
[Waiting_time_Solve] Agent 162 has waiting time 0
[Waiting_time_Solve] Agent 163 has waiting time 0
[Waiting_time_Solve] Agent 164 has waiting time 0
[Waiting_time_Solve] Agent 165 has waiting time 0
[Waiting_time_Solve] Agent 166 has waiting time 0
[Waiting_time_Solve] Agent 167 has waiting time 0
[Waiting_time_Solve] Agent 168 has waiting time 0
[Waiting_time_Solve] Agent 169 has waiting time 0
[Waiting_time_Solve] Agent 170 has waiting time 0
[Waiting_time_Solve] Agent 171 has waiting time 0
[Waiting_time_Solve] Agent 172 has waiting time 0
[Waiting_time_Solve] Agent 173 has waiting time 0
[Waiting_time_Solve] Agent 174 has waiting time 0
[Waiting_time_Solve] Agent 175 has waiting time 0
[Waiting_time_Solve] Agent 176 has waiting time 0
[Waiting_time_Solve] Agent 177 has waiting time 0
[Waiting_time_Solve] Agent 178 has waiting time 0
[Waiting_time_Solve] Agent 179 has waiting time 0
[Waiting_time_Solve] Agent 180 has waiting time 0
[Waiting_time_Solve] Agent 181 has waiting time 0
[Waiting_time_Solve] Agent 182 has waiting time 0
[Waiting_time_Solve] Agent 183 has waiting time 0
[Waiting_time_Solve] Agent 184 has waiting time 0
[Waiting_time_Solve] Agent 185 has waiting time 0
[Waiting_time_Solve] Agent 186 has waiting time 0
[Waiting_time_Solve] Agent 187 has waiting time 0
[Waiting_time_Solve] Agent 188 has waiting time 0
[Waiting_time_Solve] Agent 189 has waiting time 0
[Waiting_time_Solve] Agent 190 has waiting time 0
[Waiting_time_Solve] Agent 191 has waiting time 0
[Waiting_time_Solve] Agent 192 has waiting time 0
[Waiting_time_Solve] Agent 193 has waiting time 0
[Waiting_time_Solve] Agent 194 has waiting time 0
[Waiting_time_Solve] Agent 195 has waiting time 0
[Waiting_time_Solve] Agent 196 has waiting time 0
[Waiting_time_Solve] Agent 197 has waiting time 0
[Waiting_time_Solve] Agent 198 has waiting time 0
[Waiting_time_Solve] Agent 199 has waiting time 0
[Waiting_time_Solve] Total available waiting time: 0
[Waiting_time_Solve] Max iterations: 1
[Waiting_time_Solve] Iteration 0...
Command terminated after exceeding the time limit.
# Run terminated after reaching overall time limit

# Batch stopped after reaching overall time limit (elapsed 599s)
