# Batch started 2025-10-21 15:35:13 | map=/home/max/Documents/PhD/MAPF/LNS/MAPF_LNS_SAT/mapf-map/Berlin_1_256.map | agents=20 | total_time_limit=600s

# Run 0 | scenario="/home/max/Documents/PhD/MAPF/LNS/MAPF_LNS_SAT/mapf-scen-even/scen-even/Berlin_1_256-even-1.scen" | scenario_index=0
# Command: /home/max/Documents/PhD/MAPF/LNS/MAPF_LNS_SAT/lns_clean/main_clean_lns /home/max/Documents/PhD/MAPF/LNS/MAPF_LNS_SAT/mapf-map/Berlin_1_256.map /home/max/Documents/PhD/MAPF/LNS/MAPF_LNS_SAT/mapf-scen-even/scen-even/Berlin_1_256-even-1.scen 20 0 minisat 42
# Remaining time budget: 599 seconds
[LNS] Loaded map 256x256, agents: 20
[LNS] Map:
.........................................................................................................@@@@................@@@@@@@@..................................................................@@@@@@@@@@@@@@@@@@@@@@@@@@@@@@@@@@@@@@@@@@...............
.....................................................................................................@@@@@@@@..........................................................................................@@@@@@@@@@@@@@@@@@@@@@@@@@@@@@@@@@@@@@@@@................
.....................................................................................................@@@@@@@@.................................................................................@@.......@@@@@@@@@@@@@@@@@@@@@@@@@@@@@@@@@@@@@@@@@................
........................................................................................@@@@.........@@@@@@@@...............................................................................@@@@......@@@@@@@@@@@@@@@@@@@@@@@@@@@@@@@@@@@@@@@@@@@...............
.....................................................................................@@@@@@@..........@@@@@@@@@..............................................................................@@@..@@@@@@@@@@@@@@@@@@@@@@@@@@@@@@@@@@@@@@@@@@@@@@@...............
.....................................................................................@@@@@@@..........@@@@@@@@@.............................................................................@@@@@@@@@@@@@@@@@@@@@@@@@@@@@@@@@@@@@@@@@@@@@@@@@@@@@@..............
.....................................................................................@@@@@@@@.........@@@@@@@@@..................@@@......................................................@@@@@@@@@.....@@@@@@@@@@@@@@@@@@@@@@@@@@@@@@@@@@@@@@@@@@..............
......................................................................................@@@@@@@...........@@@@@@@@..............@@@@@@@.....................................................@@@@@@........@@@@@@@@@@@@@@@@@@@@@@@@@@@@@@@@@@@@@@@@@@..............
......................................................................................@@@@@@@...........@@@@@@@@..............@@@@@@@@@...................................................@@@@@@........@@@@@@@@@@@@@@@@@@@@@@@@@@@@@@@@@@@@@@@@@@..............
.....................................................................................@@@@@@@.............@@@@@@@..............@@@@@@@@@....................................................@@@@@@.......@@@@@@@@@@@@@@@@@@@@@@@@@@@@@@@@@@@@@@@@@@@.............
...............................@@@@.................................................@@@@@@@@.............@@@@@@@...............@@@@@@@@....................................................@@@@@@.......@@@@@@@@@@@@@@@@@@@@@@@@@@@@@@@@@@@@@@@@@@@.............
............................@@@@@@@.................................................@@@@@@@@.............@@@@@@@...............@@@@@@@@....................................................@@@@@@......@@@@@@@@@@@@@@@@@@@@@@@@@@@@@@@@@@@@@@@@@@@@.............
............................@@@@@@@@................................................@@@@@@@@@............@@@@@@@@...............@@@@@@@....................................................@@@.........@@@@@@@@@@@@@@@@@@@@@@@@@@@@@@@@@@@@@@@@@@@@.............
................@@@@........@@@@@@@@.................................................@@@@@@@@............@@@@@@@@................@@@@@@@..............................................................@@@@@@@@@@@@@@@@@@@@@@@@@@@@@@@@@@@@@@@@@@@@@@............
@............@@@@@@@.........@@@@@@@.................................................@@@@@@@@.............@@@@@@@................@@@@@@@..............................................................@@@@@@@@@@@@@@@@@@@@@@@@@@@@@@@@@@@@@@@@@@@@@@............
@............@@@@@@@.........@@@@@@@@@...............................................@@@@@@@@.............@@@@@@@................@@@@@@@@............................................................@@@@@@@@@@@@@@@@@@@@@@@@@@@@@@@@@@@@@@@@@@@@@@.............
@@...........@@@@@@@@........@@@@@@@@@...............................................@@@@@@@@.............@@@@@@@@...............@@@@@@@@............................................................@@@@@@@@@@@@@@@@@@@@@@@@@@@@@@@@@@@@@@@@@@@@@@.............
@@............@@@@@@@..........@@@@@@@...............................................@@@@@@@@.............@@@@@@@@................@@@@@@@............................................................@@@@@@@@@@@@@@@@@@@@@@@@@@@@@@@@@@@@@@@@@@@@@..............
@@............@@@@@@@..........@@@@@@@@...............................................@@@@@@@@.............@@@@@@@...............@@@@@@@@............................................................@@@@@@@@@@@@@@@@@@@@@@@@@@@@@@@@@@@@@@@@@@@@...............
@@@@.........@@@@@@@............@@@@@@@...............................................@@@@@@@@.............@@@@@@@...............@@@@@@@..............................................................@@@@@@@@@@@@@@@@@@@@@@@@@@@@@@@@@@@@@@@@@@................
@@@@........@@@@@@@@............@@@@@@@......................@@@@........@@@..........@@@@@@@@.............@@@@@@@...............@@@@@@@@.............................................................@@@@@@@@@@@@@@@@@@@@@@@@@@@@@@@@@@@@@@@@@@................
@@@@........@@@@@@@@............@@@@@@@.....................@@@@@@.@@@@@@@@@..........@@@@@@@@.............@@@@@@@@...............@@@@@@...............................................................@@@@@@@@@@@@@@@@@@@@@@@@@..@@@@@@@@@@@@@.................
@@@@@.......@@@@@@@@@...........@@@@@@@.....................@@@@@@@@@@@@@@@@@..........@@@@@@@.............@@@@@@@@...............@@@@@@@............................................................@@@@@@@@@@@@@@@..@@@@@@........@@@@@@@@....................
@@@@@........@@@@@@@@...........@@@@@@@....................@@@@@@@@@@@@@@@@@@..........@@@@@@@..............@@@@@@@...............@@@@@@@@...........................................................@@@@@@@@@@@@@@@..@@...........@@@@@........................
@@@@@........@@@@@@@@...........@@@@@@@@.............@@@@@@@@@@@@@@@@@@@@@@@@..........@@@@@@@@.............@@@@@@@...............@@@@@@@@@.........................................................@@@@@@@@@@@@@@@.................@@..........................
@@@@@........@@@@@@@@............@@@@@@@..........@@@@@@@@@@@@@@@@@@@@@@@@@@@..........@@@@@@@@.............@@@@@@@................@@@@@@@..........................................................@@@@@@@@@@@@................................................
@@@@@........@@@@@@@@............@@@@@@@..........@@@@@@@@@@@@@@@@@@@@@@@@@@@@.........@@@@@@@@.............@@@@@@@@...............@@@@@@@..........................................................@@@@@@@@....................................................
@@@@@@........@@@@@@@............@@@@@@@..........@@@@@@@@@@@@@@@@@@@@@@@@@@@@..........@@@@@@@.............@@@@@@@@................@@@@@@@.........................................................@@@@@@@.....................................................
@@@@@@........@@@@@@@@...........@@@@@@@..........@@@@@@@@@@@@@@@@@@@@@@@@@@............@@@@@@@..............@@@@@@@................@@@@@@@..........................................................@@@@@......................................................
@@@@@@........@@@@@@@@...........@@@@@@@@..........@@@@@@@@@@@@@@@@..@@.................@@@@@@@..............@@@@@@@...............@@@@@@@.............................................................@........................................................
@@@@@@........@@@@@@@@............@@@@@@@..........@@@@@@@@@@@..........................@@@@@@@@.............@@@@@@@...............@@@@@@@@.....................................................................................................................
@@@@@@........@@@@@@@@............@@@@@@@..........@@@@@@@@@............................@@@@@@@@.............@@@@@@@@..............@@@@@@@@.....................................................................................................................
@@@@@@@........@@@@@@@............@@@@@@@..........@@@...................................@@@@@@@.............@@@@@@@@...............@@@@@@@.....................................................................................................................
@@@@@@@........@@@@@@@............@@@@@@@................................................@@@@@@@..............@@@@@@@..............@@@@@@@@@....................................................................................................................
@@@@@@@........@@@@@@@@...........@@@@@@@................................................@@@@@@@@.............@@@@@@@..............@@@@@@@@.....................................................................................................................
@@@@@@@........@@@@@@@@...........@@@@@@@@..................................@@@..........@@@@@@@@.............@@@@@@@..............@@@@@@@@....................................................................................................................@
@@@@@@@........@@@@@@@@............@@@@@@@..............................@@@@@@@..........@@@@@@@@.............@@@@@@@...............@@@@@@................................................................................................................@@@@@@
@@@@@@@.........@@@@@@@............@@@@@@@..........................@@@@@@@@@@@@..........@@@@@@@.............@@@@@@@@..............@@@.....................@@@@.....................................................................................@@@@@@@@@@@
@@@@@@@@........@@@@@@@............@@@@........................@@@@@@@@@@@@@@@@@..........@@@@@@@@.............@@@@@@@.................................@..@@@@@@@@@...............................................................................@@@@@@@@@@@@@@
.@@@@@@@........@@@@@@@..................................@@@@@@@@@@@@@@@@@@@@@@@..........@@@@@@@@.............@@@@@@@..............................@@@@@@@@@@@@@@@...............................................................................@@@@@@@@@@@@@.
.@@@@@@@........@@@@@@@@.............................@@@@@@@@@@@@@@@@@@@@@@@@@@@..........@@@@@@@@.............@@@@@@@............................@@@@@@@@@@@@@@@@@...............................................................................@@@@@@@@......
.@@@@@@@.........@@@@@@@.............................@@@@@@@@@@@@@@@@@@@@@@@@@@@@.........@@@@@@@@.............@@@@@@@...........................@@@@@@@@@@@@@@@@@@@.......................................................................@@@....@@@...........
.@@@@@@@.........@@@@@@@.............................@@@@@@@@@@@@@@@@@@@@@@@@@@@@..........@@@@@@@@............@@@@@@@@......................@@@@@@@@@@@@@@@@@@@@@@@....................................................................@@@@@@..................
.@@@@@@@@........@@@@@@@..............................@@@@@@@@@@@@@@@@@@@@@@@@@@...........@@@@@@@@.............@@@@@@@......................@@@@@@@@@@@@@@@@@@@@@@@....................................................................@@@@@@..................
..@@@@@@@........@@@@@@@..............................@@@@@@@@@@@@@@@@@@@@@@@@@@@..........@@@@@@@@.............@@@@@@@....................@@@@@@@@@@@@@@@@@@@@@@@.......................................................................@@@@@..................
..@@@@@@@........@@@@@@@@.............................@@@@@@@@@@@@@@@@@@@@@@@@@@@..........@@@@@@@@...........@@@@@@@@.....................@@@@@@@@@@@@@@@@@.@@................................................................@@@.......@@@@@..................
..@@@@@@@........@@@@@@@@.............................@@@@@@@@@@@@@@@@@@@@@@@@@@@@.........@@@@@@@@@..........@@@@@@@@.................@@@.@@@@@@@@@@@.@@@................................................................@@@@@@@@.......@@@@@@.................
..@@@@@@@........@@@@@@@@..............................@@@@@@@@@@@@@@@@@@@@@@@@@@@..........@@@@@@@@@.........@@@@@@@@..............@@@@@@@.@@@@@@@@@................................................................@@@@@@@@@@@@@.......@@@@@@...............@@
..@@@@@@@@........@@@@@@@..................@@..........@@@@@@@@@@@@@@@.@@@@@@@@.............@@@@@@@@@.........@@@@@@@@@.............@@@@@@@@@@@@@@@..............................................................@@@@@@@@@@@@@@@@@@......@@@@@@...........@@@@@@
...@@@@@@@........@@@@@@@..............@@@@@@..........@@@@@@@@@@@.....@@@..................@@@@@@@@@..........@@@@@@@@..............@@@@@@@@@@@@...........................................................@@@@@@@@@@@@@@@@@@@@@@@.......@@@@@......@@@@@@@@@@@
...@@@@@@@........@@@@@@@@...........@@@@@@@@..........@@@@@@@@@@@............................@@@@@@@@.........@@@@@@................@@@@@@@@..........................................................@@@@@@@@@@@@@@@@@@@@@@@@@@@@.......@@@@@@@@@@@@@@@@@@@@@@
...@@@@@@@........@@@@@@@@...........@@@@@@@@@.........@@@@@@@@...............................@@@@@@@@.........@@.....................@@@@@@@@............................@@@......................@@@@@@@@@@@@@@@@@@@@@@@@@@@@@..........@@@@@@@@@@@@@@@@@@@@@@
...@@@@@@@........@@@@@@@@............@@@@@@@@.........@@@....................................@@@@@@@@...............................@@@@@@@@@.........................@@@@@@.................@@@@@@@@@@@@@@@@@@@@@@@@@@@@................@@@@@@@@@@@@@@@@@@@@@@
...@@@@@@@@........@@@@@@@............@@@@@@@@.................................................@@@@@@@...............................@@@@@@@...........................@@@@@@.............@@@@@@@@@@@@@@@@@@@@@@@@@@......................@@@@@@@@@@@@@@@@@@@...
....@@@@@@@........@@@@@@@............@@@@@@@@.................................................@@@@..................................@@@@@@@................@@@.........@@@@@@.........@@@@@@@@@@@@@@@@@@@@@@@.............................@@@@@@@@@@@@@........
....@@@@@@@........@@@@@@@@...........@@@@@@@@.......................................................................................@@@@@@..............@@@@@@.........@@@@@@.........@@@@@@@@@@@@@@@@@...................................@@@@@@@@.............
....@@@@@@@........@@@@@@@@............@@@@@@@.......................................................................................@@@@@@..............@@@@@@@........@@@@@@.........@@@@@@@@@@@@@.......................................@@@..................
....@@@@@@@.........@@@@@@@............@@@@@@@@......................................................................................@@@@@@..............@@@@@@@........@@@@@@..........@@@@@@@.................................................................
....@@@@@@@.........@@@@@@@............@@@@@@@@......................................................................................@@@@@@@..............@@@@@@.........@@@@@..........@@@.....................................................................
....@@@@@@@@........@@@@@@@.............@@@@@@@.......................................................................................@@@@@@..............@@@@@@.........@@@@@..................................................................................
.....@@@@@@@........@@@@@@@@..........@@@@@@@.........................................................................................@@@@@@..............@@@@@@@........@@@@@@.................................................................................
.....@@@@@@@........@@@@@@@@..........@@@@@@@...............................................................@@@@@@....................@@@@@@..............@@@@@@@........@@@@@@.................................................................................
.....@@@@@@@.........@@@@@@@@@........@@@@@@@@..........................................................@@@@@@@@@@.......@@@..........@@@@@@..............@@@@@@@........@@@@@@.................................................................................
.....@@@@@@@.........@@@@@@@@@.........@@@@@@@.....................................................@@@@@@@@@@@@@@@....@@@@@@..........@@@@@@@.............@@@@@@@.........@@@@@.................................................................................
.....@@@@@@@@........@@@@@@@@@.........@@@@@@@...............................................@@@@@@@@@@@@@@@@@@@......@@@@@@...........@@@@@@..............@@@@@@.........@@@@@.................................................................................
......@@@@@@@..........@@@@@@@@........@@@@..............................................@@@@@@@@@@@@@@@@@@@@@.........@@@@@@..........@@@@@@..............@@@@@@@........@@@@@......................................................................@@@@@......
......@@@@@@@..........@@@@@@@@....................................................@@@@@@@@@@@@@@@@@@@@@@@@@@@........@@@@@@@..........@@@@@@..............@@@@@@@........@@@@@@...............................................................@@@@@@@@@@@@@....
....@@@@@@@@............@@@@@@@...............................................@@@@@@@@@@@@@@@@.@@@@@...@@@@@@@@.......@@@@@@@..........@@@@@@@.............@@@@@@@........@@@@@@.........................................................@@@@@@@@@@@@@@@@@@@@...
....@@@@@@@@............@@@@.................................................@@@@@@@@@@@@@@@@..........@@@@@@@@.......@@@@@@@...........@@@@@@.............@@@@@@@........@@@@@@....................................................@@@@@@@@@@@@@@@@@@@@@@@@@@..
....@@@@@@@@...........................................................@@@...@@@@@@@@@..@@@@@...........@@@@@@@........@@@@@@...........@@@@@@.............@@@@@@@........@@@...................................................@@@@@@@@@@@@@@@@@@@@@@@@@@@@@@@@
.....@@@@@@@...........................................................@@@...@@@@@@@.................@@@@@@@@@@...@....@@@@@@@..........@@@@@@..............@@@@@@........................................................@@@@@@@@@@@@@@@@@@@@@@@@@@@@@@@@@@@@@@
.....@@@@@@@...........................................................@@@...@@@@@@@..............@@@@@@@@@@@@@@@@@...@@@@@@@@..........@@@@@@..............@@@@@@...................................................@@@@@@@@@@@@@@@@@@@@@@@@@@@@..@@@..@@@@@@@@
.....@@@@..............................................................@@@@...@@@@@@...@@.........@@@@@@@@@@@@@@@@@@..@@@@@@@@..........@@@@@@@.............@@@..................................................@@@@@@@@@@@@@@@@@@@@@@@@@@@..............@@@@@@
........................................................................@@@...@@@@@@..@@@.........@@@@@@@@@@@@@@@@@@@@@@@@@@@@...........@@@@@@.............................................................@@@@@@@@@@@@@@@@@@@@@@@@@@...................@@@@@@@
........................................................................@@@...@@@@@@@.@@@@........@@@@@@@@@@@@@@@@@@@@@@@@@@@@...........@@@@@@.........................................................@@@@@@@@@@@@@@@@@@@@@@@@@@.......................@@@@@@.
.......................................@@.............................@@@@@...@@@@@@@.@@@@.........@@@@@@@@@@@@@@@@@@@@@@@@@@@@..........@@@..........................................................@@@@@@@@@@@@@@@@@@@@@............................@@@@@@@@.
....................................@@@@@.....@@@@..................@@@@@@@@..@@@@@@@..@@@@@.......@@@@@@@@@@@@@@@@@@@@@@@@@@@@.......................................................................@@@@@@@@@@@@@@@@@...............................@@@@@@@@..
................................@@@@@@@@@..@@@@@@@..................@@@@@@@@...@@@@@@..@@@@@.......@@@@@@@@@@@@@@@@@@@@@@@@@@@@.........................................................@@@@@..........@@@@@@@@@@@...................................@@@@@@@@...
...........................@@@@@@@@@@@@@@..@@@@@@@...........@@@@@..@@@@@@@@...@@@@@@..@@@@@@......@@@@@@@@@@@@@@@@@@@@@@@@@@@@.....................................................@@@@@@@@@..........@@@@@@@........................................@@@@@@@...
......................@@@@@@@@@@@@@@@@@@@@.@@@@@@@......@@@@@@@@@@...@@@@@@@...@@@@@@..@@@@@@......@@@@@@@@@@@@@@@@@@@@@@@@@..................................................@@@@@@@@@@@@@@@........................................................@@@@@@@....
...................@@@@@@@@@@@@@@@@@@@@@@@..@@@@@@@.....@@@@@@@@@@@..@@@@@@@@..@@@@@@@..@@@@@@......@@@@@@@@@@@@@@@@@@@................................................@@@@@@@@@@@@@@@@@@@@@@@....................................................@@.@@@@@@.....
...................@@@@@@@@@@@@@@@@@@@@@@@..@@.@@@@.....@@@@@@@@@@@..@@@@@@@@...@@@@@@..@@@@@@......@@@@@@@@@@@@@@..................................................@@@@@@@@@@@@@@@@@@@@@@@@@@....................................................@@@@@@@@@.....
....................@@@@@@@@@@@@@@@@@@@@@@.....@@@@.....@@@@@@@@@@@..@@@@@@@@...@@@@@@..@@@@@@@@....@@@@..@@@.......................................................@@@@@@@@@@@@@@@@@@@@@@@@@@....................................................@@@@@@@@......
....................@@@@@@@@@@@@@@@@@@@@@@..............@@@@@@@@@@@..@@@@@@@@...@@......@@@@@@@@.........................................................@@@@@@......@@@@@@@@@@@@@@@@@@@@@@........................................................@@@@@@.......
....................@@@@@@@@@@@@@....@@@@@...............@@@@@@@@@@@..@@@@@@@@...........@@@@@@@@....................................................@@@@@@@@@@@....@@@@@@@@@@@@@@@@@.............................................................@@@@@@@.......
.....................@@@@@@..........@@@@@...............@@@@@@@@@@@..@@@@@@@@...........@@@@@@@@................................................@@@@@@@@@@@@@@@.@@@@@@@@@@@@@@@....................................@@...........................@@@@@@@........
.....................@@@@............@@@@@@..............@@@@@@@@.....@@@..@@@...........@@@@@@@@@.............................................@@@@@@@@@@@@@@@...@@@@@@@@@...........................@@@@.........@@@@@@@........................@@@@@@.........
.....................@@@@.............@@@@@..............@@@.............................@@@@@@@@@............................................@@@@@@@@@@@@@@@....@@@@@@@.......................@@@@@@@@@@@.......@@@@@@@@.......................@@@@@@@.........
.......@@..@@@@......@@@@@............@@@@@...............................................@@@@@..............................................@@@@@@@@@@@@@@@@.....@@@@@@.....................@@@@@@@@@@@@@..@@@@@@@@@@@@@@.....................@@@@@@@..........
.....@@@@@@@@@@@......@@@@............@@@@@...............................................@@...............................@@@...............@@@@@@@@@@@@@@@......@@@@@@@....................@@@@@@@@@@@@@@@@@@@@@@@@@@@@@...................@@@@@@@@...........
...@@@@@@@@@@@@@......@@@@............@@@@@@...@@@.....................................................................@@@@@@@...............@@@@@@@@@@@..........@@@@@@@.....................@@@@@@@@@@@@@@@@@@@@@@@@@@@@..................@@@@@@@@@...........
...@@@@@@@@@@@........@@@@............@@@@@@...@@@..................................................................@@@@@@@@@@................@@@@@@..............@@@@@@@....................@@@@@@@@@@@@@@@@@@@@@@@@@@......................@@@@@@@............
...@@@@@@@.......................@@@...@@@@@..@@@@@.................................................................@@@@@@@@@@@...............@@@@@@..............@@@@@@@..................@@@@@@@@@@@@@@@@@@@@@@@..........................@@@@@@@.............
...@@@.......@@@.............@@@@@@@@..@@@@@..@@@@@.....................................................@@@@........@@@@@@@@@@@...............@@@@@@@..............@@@@@@..................@@@@@@@@@@@....@@@..........@@@..................@@@@@@@.............
........@@@@@@@@.............@@@@@@@@..@@@@@..@@@@@@................................................@@@@@@@@.........@@@@@@@@@@@@@............@@@@@@@..............@@@@@@@..................@@@@@@................@@@@@@@@................@@@@@@@@..............
....@@@@@@@@@@@@...........@@@@@@@@@@..@@@@@@..@@@@@................................................@@@@@@@@..........@@@@@@@@@@@@............@@@@@@@..............@@@@@@@.................@@@@@@@...........@@@@@@@@@@@@@...............@@@@@@@@@..............
@@@@@@@@@@@@@@@@@..........@@@@@@@@@@@..@@@@@..@@@..................................................@@@@@@@@@.........@@.@@.@@@@@@@............@@@@@@..............@@@@@@@.................@@@@@@@@.......@@@@@@@@@@@@@@@@.............@@@@@@@@@@.............@@
@@@@@@@@@@...@@@@..........@@@@@@@@@@@..@@@@@........................................@@@@............@@@@@@@@...............@@@@@@@............@@@@@@..............@@@@@@@..................@@@@@@@.......@@@@@@@@@@@@@................@@@@@@@@@..............@@
@@@@.........@@@@...........@@@@@@@@@@..@@@.......................................@@@@@@@............@@@@@@@@................@@@@@@............@@@@@@@.............@@@@@@@..................@@@@@@@.......@@@@@@@@....................@@@@@@@@@@..............@@
@@............@@@...........@@@@@@@...............................................@@@@@@@..........@@@@@@@@..................@@@@@@............@@@@@@@..............@@@@@@@.................@@@@@@@.......@@@......................@@@@@@@@@@@@...............@@
@@............@@............@@@...................................................@@@@@@@@.......@@@@@@@....................@@@@@@@............@@@@@@@..............@@@@@@@.................@@@@@@@...............................@@@@@@@@@@@@................@@
@@@.@@............................................................@@@@.............@@@@@@@.......@@@@@@@....................@@@@@@@@............@@@@@@..............@@@@@@@..................@@@@@@@.............................@@@@@@@@@@@@@................@@
@@@@@@.........................................................@@@@@@@............@@@@@@@@........@@@@@@@...................@@@@@@@@............@@@@@@..............@@@@@@@..................@@@@@@@..........................@@@@@@@@@@@@@@@.................@@
@@@@@@@........................................................@@@@@@@............@@@@@@@@........@@@@@@@....................@@@@@@@............@@@@@@@.............@@@@@@@..................@@@@@@@........................@@@@@@@@@@@@@@@@....................
@@@@@@@........................................................@@@@@@@@...........@@@@@@@@.........@@@@@@....................@@@@@@@............@@@@@@@..............@@@@@@..................@@@@@@@..................@@@@@@@@@@@@@@@@@@@@......................
@@@@@@@...........................................@@@@@.........@@@@@@@............@@@@@@@@.......@@@@@@@....................@@@@@@@............@@@@@@@..............@@@@@@@.................@@@@@@@.............@@@@@@@@@@@@@@@@@@@@@@@........................
@@@@.........................................@@@@@@@@@@@........@@@@@@@............@@@@@@@@.......@@@@@@@....................@@@@@@@@...........@@@@@@@..............@@@@@@@..................@@@@@@@...@@@@@@@@@@@@@@@@@@@@@@@@@@@@@@..........................
...........................................@@@@@@@@@@@@@........@@@@@@@............@@@@@@@@.......@@@@@@@@...................@@@@@@@@............@@@@@@..............@@@@@@@..................@@@@@@@@@@@@@@@@@@@@@@@@@@@@@@@@@@@@@@............................
...........................................@@@@@@@@@@@..........@@@@@@@............@@@@@@@@........@@@@@@@....................@@@@@@@............@@@@@@...............@@@@@@..................@@@@@@@@@@@@@@@@@@@@@@@@@@@@@@@@@@................................
...........................................@@@@@@@@@@...........@@@@@@@@...........@@@@@@@@........@@@@@@@....................@@@@@@@............@@@@@@@..............@@@@@@..................@@@@@@@@@@@@@@@@@@@@@@@@@@@@......................................
....................@@@....................@@@@@@@@@@............@@@@@@@............@@@@@@@........@@@@@@@....................@@@@@@@............@@@@@@@..............@@@@@@@.................@@@@@@@@@@@@@@@@@@@@@@@...........................................
.................@@@@@@.....................@@@@@@@@@............@@@@@@@............@@@@@@@@.......@@@@@@@....................@@@@@@@@...........@@@@@@@..............@@@@@@@..................@@@@@@@@@@@@@@@@.................................................
...............@@@@@@@@@....................@@@@@@@@@@...........@@@@@@@............@@@@@@@@.......@@@@@@@@....................@@@@@@@............@@@@@@...............@@@@@@..................@@@@@@@@@@@@.................................................@@..
..........@@@@@@@@@@@@@@....................@@@@@@@@@@...........@@@@@@@............@@@@@@@@........@@@@@@@....................@@@@@@@............@@@@@@...............@@@@@@...................@@@@@@@...............................................@@@@@@@@@@
......@@@@@@@@@@@@@@@@@@....................@@@@@@@@.............@@@@@@@@...........@@@@@@@@........@@@@@@@....................@@@@@@@............@@@@@@@..............@@@@@@...................@@@................................................@@@@@@@@@@@@@
..@@@@@@@@@@@@@@@@@@@@@@....................@@@@@@................@@@@@@@............@@@@@@@........@@@@@@@....................@@@@@@@............@@@@@@@..@@@.........@@@@@@@.....................................................................@@@@@@@@@@@@@
@@@@@@@@@@@@@@@@@@@@@@@@@.@@@@@..............@@@@.................@@@@@@@............@@@@@@@@.......@@@@@@@@...................@@@@@@@@...........@@@@@@@@@@@@.........@@@@@@@......................................................................@@@@@@@@@@@@
@@@@@@@@@@@@@@@@@@@@.@@@@.@@@@@..............@@...................@@@@@@@............@@@@@@@@.......@@@@@@@@....................@@@@@@@............@@@@@@@@@@@.........@@@@@@@.....................................................................@@@@@@@@@@@@@
@@@@@@@@@@@@@@@@@@.@@@@...@@@@@@.......................@@@........@@@@@@@@...........@@@@@@@@........@@@@@@@....................@@@@@@@............@@@@@@@@@@@@........@@@.........................................................................@@@@@@@@@@@@@
@@@@@@@@@@@@@@.....@@@.....@@@@@@@..................@@@@@@........@@@@@@@@...........@@@@@@@@........@@@@@@@....................@@@@@@@............@@.@@@@@@@@@.........................................................@@@@.......................@@@@@@@@@@@@@
@@@@@@@@@@..........@@.....@@@@@@@..................@@@@@@@.......@@@@@@@@............@@@@@@@........@@@@@@@....................@@@@@@@...............@@@@@@@@@......................................................@@@@@@@@........................@@@@@@@@@..
@@@@@...............@@@.......@@@@..................@@@@@@@........@@@@@@@............@@@@@@@@.......@@@@@@@@...................@@@@@@@@...............@@@@@@................................................@@@@@...@@@@@@@@........................@@@........
....................@@@......@@@@@@.................@@@@@@@........@@@@@@@............@@@@@@@@.......@@@@@@@@....................@@@@@@@...............@@................................................@@@@@@@@@....@@@@@@@@..................................
....................@@@..@@@@@@@@@@.................@@@@@@@........@@@@@@@@...........@@@@@@@@........@@@@@@@....................@@@@@@@............................................................@@@@@@@@@@@@@@@...@@@@@@@@..................................
....................@@@@@@@@@@@@@@@..................@@@@@@@.......@@@@@@@@............@@@@@@@........@@@@@@@....................@@@@@@@..........................................................@@@@@@@@@@@@@@@@@....@@@@@@@@.................................
....................@@@@@@@@@@@@.....................@@@@@@@.......@@@@@@@@............@@@@@@@........@@@@@@@....................@@@@@@@.................................................@@@@@....@@@@@@@@@@@@@@@@@....@@@@@@@@.................................
.....................@@@@@@@@@.......................@@@@@@@........@@@@@@@............@@@@@@@@.......@@@@@@@@....................@@@@@@@...............................................@@@@@@....@@@@@@@@@@@@@@@@@@....@@@@@@.............@....................
....................@@@@@@@@@@.......................@@@@@@@........@@@@@@@............@@@@@@@@.......@@@@@@@@....................@@@@@@@......................................@@@@.....@@@@@@@....@@@@@@@@@@@@@@......@@@@@@@.............@@@..................
....................@@@@@@@@@@.......................@@@@@@@........@@@@@@@@...........@@@@@@@@........@@@@@@@....................@@@@@@@...................................@@@@@@@.....@@@@@@@....@@@@@@@@@...........@@@@@@.............@@@@@@................
....................@@@@@@@@@........................@@@@@@@@.......@@@@@@@@............@@@@@@@........@@@@@@@....................@@@@@@@.............................@@@@@@@@@@@@@@....@@@@@@@....@@@................@@@@@@@.............@@@@@@@@..............
......@@............@@@..............................@@@@@@@@.......@@@@@@@@............@@@@@@@........@@@@@@@@...................@@@@@@@........................@@@@@@@@@@@@@@@@@@@.....@@@@@@.......................@@@@@@.............@@@@@@@@...............
..@@@@@@....@@@@.....................................@@@@@@@@........@@@@@@@............@@@@@@@@.......@@@@@@@@....................@@@@@@@.......................@@@@@@@@@@@@@@@@@@@.....@@@@@@@.....................@@@@@@@.............@@@@@@@@...............
@@@@@@@@@...@@@@......................................@@@@@@@........@@@@@@@............@@@@@@@@.......@@@@@@@@....................@@@@@@@..............@@@......@@@@@@@@@@@@@@@@@@@.....@@@@@@@.....................@@@@@@.............@@@@@@@@................
@@@@@@@@@...@@@@......................................@@@@@@@........@@@@@@@@...........@@@@@@@@........@@@@@@@....................@@@@@@@...........@@@@@@......@@@@@@@@@@@@@@@@........@@@@@@.....................@@@@@@@.............@@@@@@@@................
@@@..@@@@....@@@......................................@@@@@@@........@@@@@@@@............@@@@@@@........@@@@@@@....................@@@@@@@...........@@@@@@.......@@@@@@@@@@..............@@@@@@....................@@@@@..............@@@@@@@@.................
......@@@....@@@@...................................@@@@@@@@@@.......@@@@@@@@............@@@@@@@........@@@@@@@@....................@@@@@@...........@@@@@@@......@@@@@...................@@@@@@...................@@@@@@..............@@@@@@@..................
.@@@.@@@@@...@@@@.............................@@@@@@@@@@@@@@@@........@@@@@@.............@@@@@@@........@@@@@@@@....................@@@@@@@...........@@@@@@......@@......................@@@@@@...................@@@@@..............@@@@@@@@..................
@@@@@@@@@@...@@@@.................@@@@.......@@@@@@@@@@@@@@@@@........@@@@@@.............@@@@@@@@.......@@@@@@@@....................@@@@@@@...........@@@@@@...............................@@@@@..................@@@@@@..............@@@@@@@...................
@@@@@@@@@@....@@@.................@@@@@@...@@@@@@@@@@@@@@@@@@@........@@@................@@@@@@@@........@@@@@@@....................@@@@@@@...........@@@@@@...............................@@@@@@.................@@@@@..............@@@@@@@@...................
@@@@@@@.......@@@................@@@@@@@@@@@@@@@@@@@@@@@@@@@@@@...........................@@@@@@@........@@@@@@@.....................@@@@@@...........@@@@@@...............................@@@@@@................@@@@@@.............@@@@@@@@....................
@@............................@@@@@@@@@@@@@@@@@@@@@@@@@@@@@@@@@...........................@@@@@@@........@@@@@@@@....................@@@@@@...........@@@@@@@..............................@@@@@@................@@@@@..............@@@@@@@@....................
.................@@@@@@@..@@@@@@@@@@@@@@@@@@@@@@@@@@@@@@@@@@@@............................@@@@@@@........@@@@@@@@....................@@@@@@@...........@@@@@@..............................@@@@@@...............@@@@@@.............@@@@@@@@.....................
................@@@@@@@@@@@@@@@@@@@@@@@@@@@@@@@@@@@@@@@....................................@@@@@@@........@@@@@@@....................@@@@@@@...........@@@@@@..............................@@@@@@@..............@@@@@..............@@@@@@@......................
.............@@@@@@@@@@@@@@@@@@@@@@@@@@@@@@@@@@@@@@........................................@@@@@@@........@@@@@@@@...................@@@@@@@...........@@@@@@@.....................@@@......@@@@@@.............@@@@@@.............@@@@@@@@......................
...........@@@@@@@@@@@@@@@@@@@@@@@@@@@@@@@@@@@@@............................................@@@@@@........@@@@@@@@....................@@@@@@............@@@@@@..................@@@@@@......@@@@@@.............@@@@@.............@@@@@@@@.......................
....@@..@@@@@@@@@@@@@@@@@@@@@@@@@@@@@@@@@...................................................@@@...........@@@@@@@@....................@@@@@@............@@@@@.............@@@@@@@@@@@@@.....@@@@@@............@@@@@@.............@@@@@@@@.......................
@@@@@@@@@@@@@@@@@@@@@@@@@@@@@@@@@@@.@@@...................................................................@@@@@@@@....................@@@@@@@...........@@@@@@......@@@@@@@@@@@@@@@@@@@.....@@@@@@@..........@@@@@@.............@@@@@@@@........................
@@@@@@@@@@@@@@@@@@@@@@@@@@@@@@@............................................................................@@@@@@@....................@@@@@@@...........@@@@@@@.....@@@@@@@@@@@@@@@@@@@.....@@@@@@@..........@@@@@@.............@@@@@@@@........................
@@@@@@@@@@@@@@@@@@@@@@@@@@@................................................................................@@@@@@@@...................@@@@@@@...........@@@@@@@.....@@@@@@@@@@@@@@@@@@@.....@@@@@@@.........@@@@@@@............@@@@@@@@.........................
@@@@@@@@@@@@@@@@@@@@@......................................................................................@@@@@@@@....................@@@@@@............@@@@@@......@@@@@@@@@@@@@@@.........@@@@@@.........@@@@@@.............@@@@@@@@.........................
@@@@@@@@@@@@@@.............................................................................................@@@@@@@@....................@@@@@@............@@@@@@......@@@@@@@@@@@.............@@@@@@@.......@@@@@@@............@@@@@@@@......................@@@@
@@@@@@@@@..@@..............................................................................................@@@@@@@@....................@@@@@@@...........@@@@@@......@@@@@@@.................@@@@@@@.........@@@@.............@@@@@@@@...................@@@@@@@
@@@@@.......................................................................................................@@@@@@@....................@@@@@@@...........@@@@@@@.....@@@.....................@@@@..............@@............@@@@@@@@..................@@@@@@@@@
@...........................................................................................................@@@@@@@@...................@@@@@@@............@@@@@@.........................................@...................@@@@@@@..............@@@@@@@@@@@@@@
............................................................................................................@@@@@@@@....................@@@@@@............@@@@@@........................................@@@@................@@@@@@@@.........@@@@@@@@@@@@@@@@@@@
.................................@@@@.......................................................................@@@@@@@@....................@@@@@@............@@@@@@........................................@@@@@@...............@@@@@@@@..@@@@@@@@@@@@@@@@@@@@@@@@@
............................@@@@@@@@@.......................................................................@@@@@@@@....................@@@@@@............@@@@@@.......................................@@@@@@@@..............@@@@@@@@@@@@@@@@@@@@@@@@@@@@@@@@@@@
........................@@@@@@@@@@@@@........................................................................@@@@@@@....................@@@@@@@...........@@@@@@...................................@@..@@@@@@@................@@@@@@@@@@@@@@@@@@@@@@@@@@@@@@@@@@
....................@@@@@@@@@@@@@@@@@@.......................................................................@@@@@@@@...................@@@@@@@...........@@@@@@...................................@@@@@@@@@@@................@@@@@@@@@@@@@@@@@@@@@@@@@@@@@@....
................@@@@@@@@@@@@@@@@@@@@@@.......................................................................@@@@@@@@....................@@@@@@............@@@@@..................................@@@@@@@@@@@.................@@@@@@@@@@@@@@@@@@@@@@@@@@........
.........@@@@@@@@@@@@@@@@@@@@@@@@@@@@@.......................................................................@@@@@@@@....................@@@@@@............@@@@@@...................................@@@@@@@@@..................@@@@@@@@@@@@@@@@@@@@@............
.....@@@@@@@@@@@@@@@@@@@@@@@@@@@@@@@@@.......................................................................@@@@@@@@....................@@@@@@............@@@@@@....................................@@@@@@@.....................@@@@@@@@@@@@@@.................
@@@@@@@@@@@@@@@@@@@@@@@@@@@@@@@@@@@@@@........................................................................@@@@@@@....................@@@@@@@..........@@@@@@@...................................@@@@@@@@.....................@@@@@@@@@......................
@@@@@@@@@@@@@@@@@@@@@@@@@@@@@@@@@@@@@@@.......................................................................@@@@@@@....................@@@@@@@..........@@@@@@@..............................@@.@@@@@@@@@.......................@@@...........................
@@@@@@@@@@@@@@@@@@@@@@@@@@@@@@@@@@@@@@@.......................................................................@@@@@@@@....................@@@@@@...........@@@@@@.........................@@@@@@@@@@@@@@@@@.....................................................
@@@@@@@@@@@@@@@@@@@@@@@@@@@@@@@@@@@@@@@.......................................................................@@@@@@@@....................@@@@@@...........@@@@@@.................@@@.@@@@@@@@@@@@@@@@@@@@......................................................
@@@@@@@@@@@@@@@@@@@@@@@@@@@@@@@@@@@@@@@.......................................................................@@@@@@@@....................@@@@@@...........@@@@@@@............@@@@@@@@@@@@@@@@@@@@@@@@@@@@......................................................
@@@@@@@@@@.....@@@@@@@@@@@@@@@@@@@@@@@@........................................................................@@@@@@@....................@@@@@@@..........@@@@@@@...........@@@@@@@@@@@@@@@@@@@@@@@@@@@@.......................................................
@@@@@@..........@@@@@@@@@@@@@@@@@@@@@@@@.......................................................................@@@@@@@....................@@@@@@@...........@@@@@@......@@@@@@@@@@@@@@@@@@@@@@@@@@@@@@@@@.......................................................
................@@@@@@@@@@@@@@@@@@@@@@@@.......................................................................@@@@@@@@....................@@@@@@...........@@@@@@..@@@@@@@@@@@@@@@@@@@@@@@@@@@@@@@@@...........................................................
................@@@@@@@@@@@@@@@@@@@@@@@@.......................................................................@@@@@@@@....................@@@@@@...........@@@@@@@@@@@@@@@@@@@@@@@@@@@@@@...@@.................................................................
................@@@@@@@@@@@@@@@@@@@@@@@@.......................................................................@@@@@@@@....................@@@@@@...........@@@@@@@@@@@@@@@@@@@@@@@@@@..........................................................................
................@@@@@@@@@@@@@@@@@@@@@@@@........................................................................@@@@@@@.....................@@@@@@............@@@@@@@@@@@@@@@@@@@@............................................................................@@
.................@@@@@@@@@@@@@@@@@@@@@@@@.......................................................................@@@@@@@.....................@@@@@@............@@@@@@@@@@@@@@@@...........................................................................@@@@@@@
.................@@@@@@@@@@@@@@@@@@@@@@@@.......................................................................@@@@@@@@...................@@@@@@@.............@@@@@@@@@@@@@........................................................................@@@@@@@@@@@@
...........@@....@@@@@@@@@@@@@@@@@@@@@@@@........................................................................@@@@@@@...............@@@@@@@@................@@@@@@@@@....................................................................@@.@@@@@@@@@@@@@@@@@
.........@@@@....@@@@@@@@@@@@@@@@@@@@@@@@........................................................................@@@@@@@.............@@@@@@@@@@................@@@.....................................................................@@@@@@@@@@@@@@@@@@@@@@@@@
.........@@@@@...@@@@@@@@@@@@@@@@@@@@@@@@@........................................................................@@@@@@.............@@@@@@@@@@@...........................................................................@@@@......@@@@@@@@@@@@@@@@@@@@@@@@@@@
..........@@@@....@@@@@@@@@@@@@@@@@@@@@@@@........................................................................@@@@@@.............@@@@@@@@@@@.......................................................................@@@@@@@@......@@@@@@@@@@@@@@@@@@@@@@@@@@@
..........@@@@....@@@@@@@@@@@@@@@@@@@@@@@@........................................................................@@@@@@@.............@@@@@@@@@@.......................................................................@@@@@@@@.......@@@@@@@@@@@@@@@@@@@@@@@...
..........@@@@....@@@@@@@@@@@@@@.@@@@@@@@@........................................................................@@@@@@@.............@@@@@@@..........................................................................@@@@@@@@@......@@@@@@@@@@@@@@@@@@........
..........@@@@@...@@@@@@@@@...@@@@@@@@@@@@.........................................................................@@@@@@.............@@@...............................................................................@@@@@@@@......@@@@@@@@@@@@@.............
...........@@@@....@@@........@@@@@@@@@@@@@........................................................................@@@@@@@............................................................................@@@...............@@@@@@@@......@@@@@@@@@.................
...........@@@@...............@@@@@@@@@@@@@........................................................................@@@@@@@.......................................................................@@@@@@@@...............@@@@@@@@.......@@@@@@@..................
...........@@@@................@@@@@@@@@@@@.........................................................................@@@@@@..................................................................@@@@@@@@@@@@@...............@@@@@@@@@......@.@@@....................
...........@@@@@...............@@@@@@@@@@@@.........................................................................@@................................................................@@@@@@@@@@@@@@@@@@@@...............@@@@@@@@...............................
@...........@@@@...............@@@@@@@@@@@@..........................@@@.........................................................................................................@@@@@@@@@@@@@@@@@@@@@@@@@...............@@@@@@@@...............................
@...........@@@@...............@@@@@@@@@@@@@.....................@@@@@@@......................................................................................................@@@@@@@@@@@@@@@@@@@@@@@@@@@@...............@@@@@@@@..............................@
@...........@@@@...............@@@@@@@@@@@@@...................@@@@@@@@@......................................................................................................@@@@@@@@@@@@@@@@@@@@@@@@@@@@...............@@@@@@@@@............@@@..........@@@@@
@@..........@@@@@..............@@@@@@@@@@@@@...................@@@@@@@@@@.....................................................................................................@@@@@@@@@@@@@@@@@@@@@@@@@@@@................@@@@@@@@.........@@@@@@......@@@@@@@@@
@@...........@@@@..@@@..........@@@@@@@@@@@@...................@@@@@@@@@@.....................................................................................................@@@@@@@@@@@@@@@@@@@@@@@@@@@@@...............@@@@@@@@........@@@@@@@...@@@@@@@@@@@@
@............@@@@@@@@@..........@@@@@@@@@@@@....................@@@@@@@@@......................................................................................................@@@@@@@@@@@@@@@@@..@@@@@@@@@...............@@@@@@@@........@@@@@@@...@@@@@@@@@@@@
@@........@@@@@@@@@@@@..........@@@..@@@@@@@@...................@@@@@..........................................................................................................@@@@@@@@@@@@.......@@@@@@@@@...............@@@@@@@@@........@@@@@@...@@@@@@@@@@@@
@@........@@@@@@.@@@@@..............@@@@@@@@@..................................................................................................................................@@@@@@@@............@@@@@@@@................@@@@@@@@........@@@@@@@...@@@@@@@@@@@
@@.........@@@...@@@@@............@@@@@@@@@@@..................................................................................................................................@@@.................@@@@@@@@................@@@@@@..........@@@@@@@...@@@@@@@@@@@
.................@@@@@...@@@@@@@@@@@@@@@@@@@@......................................................................................................................................................@@@@@@@@@...............@@..............@@@@@@@...@@@@@@@....
.@@@.............@@@@@..@@@@@@@@@@@@@@@@@@@@@......................................................................................................................................................@@@@@@@@@...............................@@@@@@@..............
@@@@..............@@@@@@@@@@@@@@@@@@@@@@@@@@@@.....................................................................................................................................................@@@@@@@@@................................@@@@@@..............
@@@@..........@@@@@@@@@@@@@@@@@@@@@@@@@@@@@@@@.....................................................................................................................................................@@@@@@@@@................................@@@@@@@.............
@@@@@.......@@@@@@@@@@@@@@@@@@@@@@@@@@@@@@@@@@......................................................................................................................................................@@@@@@@@................................@@@@@@@.............
@@@@@......@@@@@@@@@@@@@@@@@@@@@@@@@@@@@@@@.........................................................................................................................................................@@@@@@@@.................................@@@@@@.............
@@@@@...@@@@@@@@@@@@@@@@@@@@@@@@@@@@@...............................................................................................................................................................@@@@@@@@@................................@@@@@@.............
@@@@@@@@@@@@@@@@@@@@@@@@@@@@@@@@....................................................................................................................................................................@@@@@@@@@................................@@@@@@.............
@@@@@@@@@@@@@@@@@@@@@@@@@@@@@.......................................................................................................................................................................@@@@@@@@@................................@@@@@@.............
@@@@@@@@@@@@@@@@@@@@.................................................................................................................................................................................@@@@@@@@................................@@@@@@@............
@@@@@@@@@@@@@@@@@....................................................@@@.............................................................................................................................@@@@@@@@.................................@@@@@@............
@@@@@@@@@@@@@....................................................@@@@@@@.............................................................................................................................@@@@@@@@@................................@@................
@@@@@@@@....................................................@@@@@@@@@@@@.............................................................................................................................@@@@@@@@@...................@@@............................
@@@.....................................................@@@@@@@@@@@@@@@@@............................................................................................................................@@@@@@@@@.................@@@@@.@@@..........@@@...........
.....................................................@@@@@@@@@@@@@@@@@@@@............................................................................................................................@@@@@@@@@................@@@@@@@@@@.......@@@@@@...........
.....................................................@@@@@@@@@@@@@@@@@@@@.............................................................................................................................@@@@@@@@..............@@@@@@@@@@@@@@....@@@@@@@...........
.....................................@@@.............@@@@@@@@@@@@@@@@@@@@@@@@.........................................................................................................................@@@@@@@@@.............@@@@@@@@@@@@@@....@@@@@@@...........
.................................@@@@@@@..............@@@@@@@@@@@@@@@..@@@@@@........................................................................................................................@@@@@@@@@@.............@@@@@@@@@@@@@......@@@@@@...........
.............................@@@@@@@@@@@@.....@@......@@@@@@@@@........@@@@@@....................................................................................................................@@@@@@@@@@@@@@.............@@@@@@@@@@@@@......@@@@@@...........
.........................@@@@@@@@@@@@@@@@@@@@@@@......@@@..............@@@@@@..................................................................................................................@@@@@@@@@@@@@@@@..............@@@@@@@@@@@@......@@@@@@@..........
...................@@..@@@@@@@@@@@@@@@@@@@@@@@@@.......................@@@@@@..................................................................................................................@@@@@@@@@@@@@@@@..............@@@@@@@@@@.........@@@@@@.......@@@
...............@@@@@@..@@@@@@@@@@@@@@@@@@@@@@@@@.......................@@@@@@@..................................................................................................................@@@@@@@@@@@@@@@@.............@@@@@@@@@..........@@........@@@@@@
.........@@@@@@@@@@@@..@@@@@@@@@@@@@@@@@@@@@@@@@.......................@@@@@@@..................................................................................................................@@@@@@@@@@@@@@@@.............@@.@@@@@@....................@@@@@@
.....@@@@@@@@@@@@@@@@@..@@@@@@@@@@@@@@...@@@@@@@.......................@@@@@@@..................................................................................................................@@@@@@@@@@@@@@@@................@@@@@@..............@@@...@@@@@@
...@@@@@@@@@@@@@@@@@@@..@@@@@@@@@........@@@@@@@.......................@@@@@@@..................................................................................................................@@@@@@@@@@@@@@@@..................@@@@..........@@@@@@@...@@@@@@
...@@@@@@@@@@@@@@@@@@@..@@@..............@@@@@@@.......................@@@@@@@...................................................................................................................@@@@@@@@@@@@@@@..................@@@@..........@@@@@@@....@@@@@
...@@@@@@@@@@@@@@@@@@@....................@@@@@@........................@@@@@@...................................................................................................................@@@@@@@@@@@@@@@.................................@@@@@@....@@@@@
...@@@@@@@@@@@@@@@@.......................@@@@@@........................@@@@@@...................................................................................................................@@@@@@@@@@@@....................................@@@@@@@...@@@@@
...@@@@@@@@@@@@...........................@@@@@@@.......................@@@@@@...................................................................................................................@@@@@@@.........................................@@@@@@@........
...@@@@@@@@...........@@@@................@@@@@@@.......................@@@@@@...................................................................................................................@@@..............................................@@@@@@........
....@@@@@@@........@@@@@@@................@@@@@@@.......................@@@@@@@...................................................................................................................................................................@@@@..........
....@@@@@@@@.......@@@@@@@@...............@@@@@@@.......................@@@@@@@.................................................................................................................................................................................
....@@@@@@@@.......@@@@@@@@...............@@@@@@@.......................@@@@@@@.................................................................................................................................................................................
....@@@@@@@@......@@@@....................@@@@@@@.......................@@@@@@@.................................................................................................................................................................................
.....@@@@@@@......@@@@.....................@@@@@@.......................@@@@@@@@@...............................................................................................................................................................................
.....@@@@@@@...............................@@@@@@.......................@@@@@@@@@.............................................................................................................................................................................@@
.....@@@@@@@@..............................@@@@@@.........................@@@@@@@.............................................................................................................................................................................@@
.....@@@@@@@@....@@@@@@....................@@@@@@@........................@@@@@@@................................................................................................................................................................@@@..........@@
......@@@@@@@..@@@@@@@@@....................@@@@@@........................@@@@@@@........................................................................................................................................................@@@.@@@@@@@..........@@
......@@@@@@@@@@@@@@@@@@....................@@@@@@.........................@@@@@@@.....................................................................................................................................................@@@@@@@@@@@@@...........@
......@@@@@@@@@@@...........................@@@@@@.........................@@@@@@@.................................................................................................................................................@@@@@@@@@@@@@@@@@@..........@
......@@@@@@@@@.............................@@@@@@@........................@@@@@@@.........@@@@@@@...............................................................................................................................@@@@@@@@@@@@@@@@@@@@..........@
........@@@@@@@..............................@@@@@@........................@@@@@@@..@@@@@@@@@@@@@@...............................................................................................................................@@@@@@@@@@@@@@@@@@@@..........@
........@@@@@@@..............................@@@@@@........................@@@@@@@..@@@@@@@@@@@@@@................................................................................................................................@@@@@@@@@@@@@@@@@@@..........@
........@@@@@@@@@............................@@@@@@.......@@@@@@@@@........@@@@@@@..@@@@@@@@@@@@@@...............................................................................................................................@@@@@@@@@@@@@@@@@@@@...........
........@@@@@@@@@............................@@@@@@@@@@@@@@@@@@@@@@........@@@@@@@..@@@@@@@......................................................................................................................................@@@@@@@@@@@@@@@@@@@@...........
.........@@@@@@.....................@@@@@@@@@@@@@@@@@@@@@@@@@@@@@@@........@@@@@@@................................................................................................................................................@@@@@@@@@@@@@@@@@@@...........
.........@@@@@@@............@@@@@@@@@@@@@@@@@@@@@@@@@@@@@@@@@@.............@@@@@@@................................................................................................................................................@@@@@@@@@@@@@@@@@@@...........
.........@@@@@@@@@@@@@@@@@@@@@@@@@@@@@@@@@@@@@@@@@@@@@.....................@@@@@@@...........@@@@@@@...............................................................................................................................@@@@@@@@@@@@@@@..............
.........@@@@@@@@@@@@@@@@@@@@@@@@@@@@@@@@@@@@@@@@@..........................@@@@@@@...@@@@@@@@@@@@@@...............................................................................................................................@@@@@@@@@....................
.........@@@@@@@@@@@@@@@@@@@@@@@@@@@@@@@@@@@@...............................@@@@@@@...@@@@@@@@@@@@@@...............................................................................................................................@@@..........................
.........@@@@@@@@@@@@@@@@@@@@@@...............................@@@@@.........@@@@@@@...@@@@@@@@@@@@@@..........................................................................................................................................................@@
.........@@@@@@@.....................................@@@@@@@@@@@@@@.........@@@@@@@...@@@@@@@@@@@@@@..........................................................................................................................................................@@
..........@@@@@@@...........................@@@@@@@@@@@@@@@@@@@@@@@@........@@@@@@@...........@@@@@@..........................................................................................................................................................@@
..........@@@@@@@.............@@@@@@@@@@@@@@@@@@@@@@@@@@@@@@@@@@@@@@..........................@@@..............................................................................................................................................................@
..........@@@@........@@@@@@@@@@@@@@@@@@@@@@@@@@@@@@@@@@@@@@@@@................................................................................................................................................................................................@
...........@@@@@@.@@@@@@@@@@@@@@@@@@@@@@@@@@@@@@@@@.@@@@@@@....................................................................................................................................................................................................@
...........@@@@@@@@@@@@@@@@@@@@@@@@@@@@@@@@..@@@@...@@@@@@@................................@@@.................................................................................................................................................................@
...........@@@@@@@@@@@@@@@@@@@@@@@@@@@@@@....@@@@....@@@@@@@..........................@@@@@@@@@@@..............................................................................................................................................................@
...........@@@@@@@@@@@.....@@@@@@@@@@@@@@.....@@@@...@@@@@@@..........................@@@@@@@@@@@..............................................................................................................................................................@
...........@@@@@@@@@@@.....@@@@@@@@.@@........@@@@...@@@@@@@..........................@@@@@@@@@@@...............................................................................................................................................................
[LNS] Number of agents: 20
[LNS] Agents (start -> goal):
  Agent 0: (92,220) -> (65,194)
  Agent 1: (202,146) -> (191,132)
  Agent 2: (112,254) -> (219,222)
  Agent 3: (83,87) -> (246,107)
  Agent 4: (153,24) -> (201,58)
  Agent 5: (230,51) -> (23,11)
  Agent 6: (170,82) -> (170,253)
  Agent 7: (77,93) -> (195,69)
  Agent 8: (9,56) -> (103,243)
  Agent 9: (38,141) -> (56,226)
  Agent 10: (121,250) -> (125,148)
  Agent 11: (15,178) -> (71,37)
  Agent 12: (140,157) -> (138,160)
  Agent 13: (142,80) -> (36,84)
  Agent 14: (82,125) -> (180,171)
  Agent 15: (43,13) -> (27,232)
  Agent 16: (248,115) -> (104,81)
  Agent 17: (151,17) -> (167,51)
  Agent 18: (126,79) -> (205,122)
  Agent 19: (184,126) -> (206,79)
[LNS] Base makespan: 313

[LNS] === Attempt with max_timesteps=313 ===
[SAT] Creating MDDs with shortest paths + waiting time...
[SAT] Created 20 MDDs with waiting time structure
[LNS] Built MDDs with waiting time structure for 20 agents at makespan 313
[Current_Solution] Calculating waiting times for agents...
[Current_Solution] Agent 19 reaches goal at t=69, waiting time=244
[Current_Solution] Agent 18 reaches goal at t=122, waiting time=191
[Current_Solution] Agent 17 reaches goal at t=50, waiting time=263
[Current_Solution] Agent 16 reaches goal at t=178, waiting time=135
[Current_Solution] Agent 15 reaches goal at t=287, waiting time=26
[Current_Solution] Agent 14 reaches goal at t=144, waiting time=169
[Current_Solution] Agent 13 reaches goal at t=118, waiting time=195
[Current_Solution] Agent 12 reaches goal at t=5, waiting time=308
[Current_Solution] Agent 11 reaches goal at t=197, waiting time=116
[Current_Solution] Agent 10 reaches goal at t=114, waiting time=199
[Current_Solution] Agent 9 reaches goal at t=109, waiting time=204
[Current_Solution] Agent 8 reaches goal at t=313, waiting time=0
[Current_Solution] Agent 7 reaches goal at t=152, waiting time=161
[Current_Solution] Agent 6 reaches goal at t=203, waiting time=110
[Current_Solution] Agent 5 reaches goal at t=271, waiting time=42
[Current_Solution] Agent 4 reaches goal at t=82, waiting time=231
[Current_Solution] Agent 3 reaches goal at t=183, waiting time=130
[Current_Solution] Agent 2 reaches goal at t=157, waiting time=156
[Current_Solution] Agent 1 reaches goal at t=25, waiting time=288
[Current_Solution] Agent 0 reaches goal at t=53, waiting time=260
[Current_Solution] Waiting time calculation complete
[LNS] Created current solution with 20 agent paths on a map of size 256x256
[LNS] Analyzing conflicts...
[LNS] Current solution: vertex collisions=3, edge collisions=0
[LNS] Creating conflict buckets...
[LOCAL ZONE] Building diamond bucket for conflict 0
[LOCAL ZONE] Built diamond bucket for conflict 0 with 5 positions, 1 conflicts, 46 - 46 time window
[LNS] Selected most relevant bucket 0 with time window: 46 - 46, 1 conflicts and 5 positions.
[LNS] Solving the best bucket Local Zone...
[Solve_local_zone] Local zone size reached 95% of all walkable positions
[Solve_local_zone] Will try to solve with full time window and all positions
[Solve_local_zone] Makespan: 313
[Solve_local_zone] Time window: [0, 313]
[Current_Solution] Agent 0 used 260 waiting timesteps, 0 remaining
[Current_Solution] Agent 1 used 288 waiting timesteps, 0 remaining
[Current_Solution] Agent 2 used 156 waiting timesteps, 0 remaining
[Current_Solution] Agent 3 used 130 waiting timesteps, 0 remaining
[Current_Solution] Agent 4 used 231 waiting timesteps, 0 remaining
[Current_Solution] Agent 5 used 42 waiting timesteps, 0 remaining
[Current_Solution] Agent 6 used 110 waiting timesteps, 0 remaining
[Current_Solution] Agent 7 used 161 waiting timesteps, 0 remaining
[Current_Solution] Agent 9 used 204 waiting timesteps, 0 remaining
[Current_Solution] Agent 10 used 199 waiting timesteps, 0 remaining
[Current_Solution] Agent 11 used 116 waiting timesteps, 0 remaining
[Current_Solution] Agent 12 used 308 waiting timesteps, 0 remaining
[Current_Solution] Agent 13 used 195 waiting timesteps, 0 remaining
[Current_Solution] Agent 14 used 169 waiting timesteps, 0 remaining
[Current_Solution] Agent 15 used 26 waiting timesteps, 0 remaining
[Current_Solution] Agent 16 used 135 waiting timesteps, 0 remaining
[Current_Solution] Agent 17 used 263 waiting timesteps, 0 remaining
[Current_Solution] Agent 18 used 191 waiting timesteps, 0 remaining
[Current_Solution] Agent 19 used 244 waiting timesteps, 0 remaining
[Waiting_time_Solve] Agent 0 has waiting time 0
[Waiting_time_Solve] Agent 1 has waiting time 0
[Waiting_time_Solve] Agent 2 has waiting time 0
[Waiting_time_Solve] Agent 3 has waiting time 0
[Waiting_time_Solve] Agent 4 has waiting time 0
[Waiting_time_Solve] Agent 5 has waiting time 0
[Waiting_time_Solve] Agent 6 has waiting time 0
[Waiting_time_Solve] Agent 7 has waiting time 0
[Waiting_time_Solve] Agent 8 has waiting time 0
[Waiting_time_Solve] Agent 9 has waiting time 0
[Waiting_time_Solve] Agent 10 has waiting time 0
[Waiting_time_Solve] Agent 11 has waiting time 0
[Waiting_time_Solve] Agent 12 has waiting time 0
[Waiting_time_Solve] Agent 13 has waiting time 0
[Waiting_time_Solve] Agent 14 has waiting time 0
[Waiting_time_Solve] Agent 15 has waiting time 0
[Waiting_time_Solve] Agent 16 has waiting time 0
[Waiting_time_Solve] Agent 17 has waiting time 0
[Waiting_time_Solve] Agent 18 has waiting time 0
[Waiting_time_Solve] Agent 19 has waiting time 0
[Waiting_time_Solve] Total available waiting time: 0
[Waiting_time_Solve] Max iterations: 1
[Waiting_time_Solve] Iteration 0...
Command terminated after exceeding the time limit.
# Run terminated after reaching overall time limit

# Batch stopped after reaching overall time limit (elapsed 599s)
