# Batch started 2025-10-21 16:05:11 | map=/home/max/Documents/PhD/MAPF/LNS/MAPF_LNS_SAT/mapf-map/Berlin_1_256.map | agents=200 | total_time_limit=600s

# Run 0 | scenario="/home/max/Documents/PhD/MAPF/LNS/MAPF_LNS_SAT/mapf-scen-even/scen-even/Berlin_1_256-even-1.scen" | scenario_index=0
# Command: /home/max/Documents/PhD/MAPF/LNS/MAPF_LNS_SAT/lns_clean/main_clean_lns /home/max/Documents/PhD/MAPF/LNS/MAPF_LNS_SAT/mapf-map/Berlin_1_256.map /home/max/Documents/PhD/MAPF/LNS/MAPF_LNS_SAT/mapf-scen-even/scen-even/Berlin_1_256-even-1.scen 200 0 minisat 42
# Remaining time budget: 599 seconds
[LNS] Loaded map 256x256, agents: 200
[LNS] Map:
.........................................................................................................@@@@................@@@@@@@@..................................................................@@@@@@@@@@@@@@@@@@@@@@@@@@@@@@@@@@@@@@@@@@...............
.....................................................................................................@@@@@@@@..........................................................................................@@@@@@@@@@@@@@@@@@@@@@@@@@@@@@@@@@@@@@@@@................
.....................................................................................................@@@@@@@@.................................................................................@@.......@@@@@@@@@@@@@@@@@@@@@@@@@@@@@@@@@@@@@@@@@................
........................................................................................@@@@.........@@@@@@@@...............................................................................@@@@......@@@@@@@@@@@@@@@@@@@@@@@@@@@@@@@@@@@@@@@@@@@...............
.....................................................................................@@@@@@@..........@@@@@@@@@..............................................................................@@@..@@@@@@@@@@@@@@@@@@@@@@@@@@@@@@@@@@@@@@@@@@@@@@@...............
.....................................................................................@@@@@@@..........@@@@@@@@@.............................................................................@@@@@@@@@@@@@@@@@@@@@@@@@@@@@@@@@@@@@@@@@@@@@@@@@@@@@@..............
.....................................................................................@@@@@@@@.........@@@@@@@@@..................@@@......................................................@@@@@@@@@.....@@@@@@@@@@@@@@@@@@@@@@@@@@@@@@@@@@@@@@@@@@..............
......................................................................................@@@@@@@...........@@@@@@@@..............@@@@@@@.....................................................@@@@@@........@@@@@@@@@@@@@@@@@@@@@@@@@@@@@@@@@@@@@@@@@@..............
......................................................................................@@@@@@@...........@@@@@@@@..............@@@@@@@@@...................................................@@@@@@........@@@@@@@@@@@@@@@@@@@@@@@@@@@@@@@@@@@@@@@@@@..............
.....................................................................................@@@@@@@.............@@@@@@@..............@@@@@@@@@....................................................@@@@@@.......@@@@@@@@@@@@@@@@@@@@@@@@@@@@@@@@@@@@@@@@@@@.............
...............................@@@@.................................................@@@@@@@@.............@@@@@@@...............@@@@@@@@....................................................@@@@@@.......@@@@@@@@@@@@@@@@@@@@@@@@@@@@@@@@@@@@@@@@@@@.............
............................@@@@@@@.................................................@@@@@@@@.............@@@@@@@...............@@@@@@@@....................................................@@@@@@......@@@@@@@@@@@@@@@@@@@@@@@@@@@@@@@@@@@@@@@@@@@@.............
............................@@@@@@@@................................................@@@@@@@@@............@@@@@@@@...............@@@@@@@....................................................@@@.........@@@@@@@@@@@@@@@@@@@@@@@@@@@@@@@@@@@@@@@@@@@@.............
................@@@@........@@@@@@@@.................................................@@@@@@@@............@@@@@@@@................@@@@@@@..............................................................@@@@@@@@@@@@@@@@@@@@@@@@@@@@@@@@@@@@@@@@@@@@@@............
@............@@@@@@@.........@@@@@@@.................................................@@@@@@@@.............@@@@@@@................@@@@@@@..............................................................@@@@@@@@@@@@@@@@@@@@@@@@@@@@@@@@@@@@@@@@@@@@@@............
@............@@@@@@@.........@@@@@@@@@...............................................@@@@@@@@.............@@@@@@@................@@@@@@@@............................................................@@@@@@@@@@@@@@@@@@@@@@@@@@@@@@@@@@@@@@@@@@@@@@.............
@@...........@@@@@@@@........@@@@@@@@@...............................................@@@@@@@@.............@@@@@@@@...............@@@@@@@@............................................................@@@@@@@@@@@@@@@@@@@@@@@@@@@@@@@@@@@@@@@@@@@@@@.............
@@............@@@@@@@..........@@@@@@@...............................................@@@@@@@@.............@@@@@@@@................@@@@@@@............................................................@@@@@@@@@@@@@@@@@@@@@@@@@@@@@@@@@@@@@@@@@@@@@..............
@@............@@@@@@@..........@@@@@@@@...............................................@@@@@@@@.............@@@@@@@...............@@@@@@@@............................................................@@@@@@@@@@@@@@@@@@@@@@@@@@@@@@@@@@@@@@@@@@@@...............
@@@@.........@@@@@@@............@@@@@@@...............................................@@@@@@@@.............@@@@@@@...............@@@@@@@..............................................................@@@@@@@@@@@@@@@@@@@@@@@@@@@@@@@@@@@@@@@@@@................
@@@@........@@@@@@@@............@@@@@@@......................@@@@........@@@..........@@@@@@@@.............@@@@@@@...............@@@@@@@@.............................................................@@@@@@@@@@@@@@@@@@@@@@@@@@@@@@@@@@@@@@@@@@................
@@@@........@@@@@@@@............@@@@@@@.....................@@@@@@.@@@@@@@@@..........@@@@@@@@.............@@@@@@@@...............@@@@@@...............................................................@@@@@@@@@@@@@@@@@@@@@@@@@..@@@@@@@@@@@@@.................
@@@@@.......@@@@@@@@@...........@@@@@@@.....................@@@@@@@@@@@@@@@@@..........@@@@@@@.............@@@@@@@@...............@@@@@@@............................................................@@@@@@@@@@@@@@@..@@@@@@........@@@@@@@@....................
@@@@@........@@@@@@@@...........@@@@@@@....................@@@@@@@@@@@@@@@@@@..........@@@@@@@..............@@@@@@@...............@@@@@@@@...........................................................@@@@@@@@@@@@@@@..@@...........@@@@@........................
@@@@@........@@@@@@@@...........@@@@@@@@.............@@@@@@@@@@@@@@@@@@@@@@@@..........@@@@@@@@.............@@@@@@@...............@@@@@@@@@.........................................................@@@@@@@@@@@@@@@.................@@..........................
@@@@@........@@@@@@@@............@@@@@@@..........@@@@@@@@@@@@@@@@@@@@@@@@@@@..........@@@@@@@@.............@@@@@@@................@@@@@@@..........................................................@@@@@@@@@@@@................................................
@@@@@........@@@@@@@@............@@@@@@@..........@@@@@@@@@@@@@@@@@@@@@@@@@@@@.........@@@@@@@@.............@@@@@@@@...............@@@@@@@..........................................................@@@@@@@@....................................................
@@@@@@........@@@@@@@............@@@@@@@..........@@@@@@@@@@@@@@@@@@@@@@@@@@@@..........@@@@@@@.............@@@@@@@@................@@@@@@@.........................................................@@@@@@@.....................................................
@@@@@@........@@@@@@@@...........@@@@@@@..........@@@@@@@@@@@@@@@@@@@@@@@@@@............@@@@@@@..............@@@@@@@................@@@@@@@..........................................................@@@@@......................................................
@@@@@@........@@@@@@@@...........@@@@@@@@..........@@@@@@@@@@@@@@@@..@@.................@@@@@@@..............@@@@@@@...............@@@@@@@.............................................................@........................................................
@@@@@@........@@@@@@@@............@@@@@@@..........@@@@@@@@@@@..........................@@@@@@@@.............@@@@@@@...............@@@@@@@@.....................................................................................................................
@@@@@@........@@@@@@@@............@@@@@@@..........@@@@@@@@@............................@@@@@@@@.............@@@@@@@@..............@@@@@@@@.....................................................................................................................
@@@@@@@........@@@@@@@............@@@@@@@..........@@@...................................@@@@@@@.............@@@@@@@@...............@@@@@@@.....................................................................................................................
@@@@@@@........@@@@@@@............@@@@@@@................................................@@@@@@@..............@@@@@@@..............@@@@@@@@@....................................................................................................................
@@@@@@@........@@@@@@@@...........@@@@@@@................................................@@@@@@@@.............@@@@@@@..............@@@@@@@@.....................................................................................................................
@@@@@@@........@@@@@@@@...........@@@@@@@@..................................@@@..........@@@@@@@@.............@@@@@@@..............@@@@@@@@....................................................................................................................@
@@@@@@@........@@@@@@@@............@@@@@@@..............................@@@@@@@..........@@@@@@@@.............@@@@@@@...............@@@@@@................................................................................................................@@@@@@
@@@@@@@.........@@@@@@@............@@@@@@@..........................@@@@@@@@@@@@..........@@@@@@@.............@@@@@@@@..............@@@.....................@@@@.....................................................................................@@@@@@@@@@@
@@@@@@@@........@@@@@@@............@@@@........................@@@@@@@@@@@@@@@@@..........@@@@@@@@.............@@@@@@@.................................@..@@@@@@@@@...............................................................................@@@@@@@@@@@@@@
.@@@@@@@........@@@@@@@..................................@@@@@@@@@@@@@@@@@@@@@@@..........@@@@@@@@.............@@@@@@@..............................@@@@@@@@@@@@@@@...............................................................................@@@@@@@@@@@@@.
.@@@@@@@........@@@@@@@@.............................@@@@@@@@@@@@@@@@@@@@@@@@@@@..........@@@@@@@@.............@@@@@@@............................@@@@@@@@@@@@@@@@@...............................................................................@@@@@@@@......
.@@@@@@@.........@@@@@@@.............................@@@@@@@@@@@@@@@@@@@@@@@@@@@@.........@@@@@@@@.............@@@@@@@...........................@@@@@@@@@@@@@@@@@@@.......................................................................@@@....@@@...........
.@@@@@@@.........@@@@@@@.............................@@@@@@@@@@@@@@@@@@@@@@@@@@@@..........@@@@@@@@............@@@@@@@@......................@@@@@@@@@@@@@@@@@@@@@@@....................................................................@@@@@@..................
.@@@@@@@@........@@@@@@@..............................@@@@@@@@@@@@@@@@@@@@@@@@@@...........@@@@@@@@.............@@@@@@@......................@@@@@@@@@@@@@@@@@@@@@@@....................................................................@@@@@@..................
..@@@@@@@........@@@@@@@..............................@@@@@@@@@@@@@@@@@@@@@@@@@@@..........@@@@@@@@.............@@@@@@@....................@@@@@@@@@@@@@@@@@@@@@@@.......................................................................@@@@@..................
..@@@@@@@........@@@@@@@@.............................@@@@@@@@@@@@@@@@@@@@@@@@@@@..........@@@@@@@@...........@@@@@@@@.....................@@@@@@@@@@@@@@@@@.@@................................................................@@@.......@@@@@..................
..@@@@@@@........@@@@@@@@.............................@@@@@@@@@@@@@@@@@@@@@@@@@@@@.........@@@@@@@@@..........@@@@@@@@.................@@@.@@@@@@@@@@@.@@@................................................................@@@@@@@@.......@@@@@@.................
..@@@@@@@........@@@@@@@@..............................@@@@@@@@@@@@@@@@@@@@@@@@@@@..........@@@@@@@@@.........@@@@@@@@..............@@@@@@@.@@@@@@@@@................................................................@@@@@@@@@@@@@.......@@@@@@...............@@
..@@@@@@@@........@@@@@@@..................@@..........@@@@@@@@@@@@@@@.@@@@@@@@.............@@@@@@@@@.........@@@@@@@@@.............@@@@@@@@@@@@@@@..............................................................@@@@@@@@@@@@@@@@@@......@@@@@@...........@@@@@@
...@@@@@@@........@@@@@@@..............@@@@@@..........@@@@@@@@@@@.....@@@..................@@@@@@@@@..........@@@@@@@@..............@@@@@@@@@@@@...........................................................@@@@@@@@@@@@@@@@@@@@@@@.......@@@@@......@@@@@@@@@@@
...@@@@@@@........@@@@@@@@...........@@@@@@@@..........@@@@@@@@@@@............................@@@@@@@@.........@@@@@@................@@@@@@@@..........................................................@@@@@@@@@@@@@@@@@@@@@@@@@@@@.......@@@@@@@@@@@@@@@@@@@@@@
...@@@@@@@........@@@@@@@@...........@@@@@@@@@.........@@@@@@@@...............................@@@@@@@@.........@@.....................@@@@@@@@............................@@@......................@@@@@@@@@@@@@@@@@@@@@@@@@@@@@..........@@@@@@@@@@@@@@@@@@@@@@
...@@@@@@@........@@@@@@@@............@@@@@@@@.........@@@....................................@@@@@@@@...............................@@@@@@@@@.........................@@@@@@.................@@@@@@@@@@@@@@@@@@@@@@@@@@@@................@@@@@@@@@@@@@@@@@@@@@@
...@@@@@@@@........@@@@@@@............@@@@@@@@.................................................@@@@@@@...............................@@@@@@@...........................@@@@@@.............@@@@@@@@@@@@@@@@@@@@@@@@@@......................@@@@@@@@@@@@@@@@@@@...
....@@@@@@@........@@@@@@@............@@@@@@@@.................................................@@@@..................................@@@@@@@................@@@.........@@@@@@.........@@@@@@@@@@@@@@@@@@@@@@@.............................@@@@@@@@@@@@@........
....@@@@@@@........@@@@@@@@...........@@@@@@@@.......................................................................................@@@@@@..............@@@@@@.........@@@@@@.........@@@@@@@@@@@@@@@@@...................................@@@@@@@@.............
....@@@@@@@........@@@@@@@@............@@@@@@@.......................................................................................@@@@@@..............@@@@@@@........@@@@@@.........@@@@@@@@@@@@@.......................................@@@..................
....@@@@@@@.........@@@@@@@............@@@@@@@@......................................................................................@@@@@@..............@@@@@@@........@@@@@@..........@@@@@@@.................................................................
....@@@@@@@.........@@@@@@@............@@@@@@@@......................................................................................@@@@@@@..............@@@@@@.........@@@@@..........@@@.....................................................................
....@@@@@@@@........@@@@@@@.............@@@@@@@.......................................................................................@@@@@@..............@@@@@@.........@@@@@..................................................................................
.....@@@@@@@........@@@@@@@@..........@@@@@@@.........................................................................................@@@@@@..............@@@@@@@........@@@@@@.................................................................................
.....@@@@@@@........@@@@@@@@..........@@@@@@@...............................................................@@@@@@....................@@@@@@..............@@@@@@@........@@@@@@.................................................................................
.....@@@@@@@.........@@@@@@@@@........@@@@@@@@..........................................................@@@@@@@@@@.......@@@..........@@@@@@..............@@@@@@@........@@@@@@.................................................................................
.....@@@@@@@.........@@@@@@@@@.........@@@@@@@.....................................................@@@@@@@@@@@@@@@....@@@@@@..........@@@@@@@.............@@@@@@@.........@@@@@.................................................................................
.....@@@@@@@@........@@@@@@@@@.........@@@@@@@...............................................@@@@@@@@@@@@@@@@@@@......@@@@@@...........@@@@@@..............@@@@@@.........@@@@@.................................................................................
......@@@@@@@..........@@@@@@@@........@@@@..............................................@@@@@@@@@@@@@@@@@@@@@.........@@@@@@..........@@@@@@..............@@@@@@@........@@@@@......................................................................@@@@@......
......@@@@@@@..........@@@@@@@@....................................................@@@@@@@@@@@@@@@@@@@@@@@@@@@........@@@@@@@..........@@@@@@..............@@@@@@@........@@@@@@...............................................................@@@@@@@@@@@@@....
....@@@@@@@@............@@@@@@@...............................................@@@@@@@@@@@@@@@@.@@@@@...@@@@@@@@.......@@@@@@@..........@@@@@@@.............@@@@@@@........@@@@@@.........................................................@@@@@@@@@@@@@@@@@@@@...
....@@@@@@@@............@@@@.................................................@@@@@@@@@@@@@@@@..........@@@@@@@@.......@@@@@@@...........@@@@@@.............@@@@@@@........@@@@@@....................................................@@@@@@@@@@@@@@@@@@@@@@@@@@..
....@@@@@@@@...........................................................@@@...@@@@@@@@@..@@@@@...........@@@@@@@........@@@@@@...........@@@@@@.............@@@@@@@........@@@...................................................@@@@@@@@@@@@@@@@@@@@@@@@@@@@@@@@
.....@@@@@@@...........................................................@@@...@@@@@@@.................@@@@@@@@@@...@....@@@@@@@..........@@@@@@..............@@@@@@........................................................@@@@@@@@@@@@@@@@@@@@@@@@@@@@@@@@@@@@@@
.....@@@@@@@...........................................................@@@...@@@@@@@..............@@@@@@@@@@@@@@@@@...@@@@@@@@..........@@@@@@..............@@@@@@...................................................@@@@@@@@@@@@@@@@@@@@@@@@@@@@..@@@..@@@@@@@@
.....@@@@..............................................................@@@@...@@@@@@...@@.........@@@@@@@@@@@@@@@@@@..@@@@@@@@..........@@@@@@@.............@@@..................................................@@@@@@@@@@@@@@@@@@@@@@@@@@@..............@@@@@@
........................................................................@@@...@@@@@@..@@@.........@@@@@@@@@@@@@@@@@@@@@@@@@@@@...........@@@@@@.............................................................@@@@@@@@@@@@@@@@@@@@@@@@@@...................@@@@@@@
........................................................................@@@...@@@@@@@.@@@@........@@@@@@@@@@@@@@@@@@@@@@@@@@@@...........@@@@@@.........................................................@@@@@@@@@@@@@@@@@@@@@@@@@@.......................@@@@@@.
.......................................@@.............................@@@@@...@@@@@@@.@@@@.........@@@@@@@@@@@@@@@@@@@@@@@@@@@@..........@@@..........................................................@@@@@@@@@@@@@@@@@@@@@............................@@@@@@@@.
....................................@@@@@.....@@@@..................@@@@@@@@..@@@@@@@..@@@@@.......@@@@@@@@@@@@@@@@@@@@@@@@@@@@.......................................................................@@@@@@@@@@@@@@@@@...............................@@@@@@@@..
................................@@@@@@@@@..@@@@@@@..................@@@@@@@@...@@@@@@..@@@@@.......@@@@@@@@@@@@@@@@@@@@@@@@@@@@.........................................................@@@@@..........@@@@@@@@@@@...................................@@@@@@@@...
...........................@@@@@@@@@@@@@@..@@@@@@@...........@@@@@..@@@@@@@@...@@@@@@..@@@@@@......@@@@@@@@@@@@@@@@@@@@@@@@@@@@.....................................................@@@@@@@@@..........@@@@@@@........................................@@@@@@@...
......................@@@@@@@@@@@@@@@@@@@@.@@@@@@@......@@@@@@@@@@...@@@@@@@...@@@@@@..@@@@@@......@@@@@@@@@@@@@@@@@@@@@@@@@..................................................@@@@@@@@@@@@@@@........................................................@@@@@@@....
...................@@@@@@@@@@@@@@@@@@@@@@@..@@@@@@@.....@@@@@@@@@@@..@@@@@@@@..@@@@@@@..@@@@@@......@@@@@@@@@@@@@@@@@@@................................................@@@@@@@@@@@@@@@@@@@@@@@....................................................@@.@@@@@@.....
...................@@@@@@@@@@@@@@@@@@@@@@@..@@.@@@@.....@@@@@@@@@@@..@@@@@@@@...@@@@@@..@@@@@@......@@@@@@@@@@@@@@..................................................@@@@@@@@@@@@@@@@@@@@@@@@@@....................................................@@@@@@@@@.....
....................@@@@@@@@@@@@@@@@@@@@@@.....@@@@.....@@@@@@@@@@@..@@@@@@@@...@@@@@@..@@@@@@@@....@@@@..@@@.......................................................@@@@@@@@@@@@@@@@@@@@@@@@@@....................................................@@@@@@@@......
....................@@@@@@@@@@@@@@@@@@@@@@..............@@@@@@@@@@@..@@@@@@@@...@@......@@@@@@@@.........................................................@@@@@@......@@@@@@@@@@@@@@@@@@@@@@........................................................@@@@@@.......
....................@@@@@@@@@@@@@....@@@@@...............@@@@@@@@@@@..@@@@@@@@...........@@@@@@@@....................................................@@@@@@@@@@@....@@@@@@@@@@@@@@@@@.............................................................@@@@@@@.......
.....................@@@@@@..........@@@@@...............@@@@@@@@@@@..@@@@@@@@...........@@@@@@@@................................................@@@@@@@@@@@@@@@.@@@@@@@@@@@@@@@....................................@@...........................@@@@@@@........
.....................@@@@............@@@@@@..............@@@@@@@@.....@@@..@@@...........@@@@@@@@@.............................................@@@@@@@@@@@@@@@...@@@@@@@@@...........................@@@@.........@@@@@@@........................@@@@@@.........
.....................@@@@.............@@@@@..............@@@.............................@@@@@@@@@............................................@@@@@@@@@@@@@@@....@@@@@@@.......................@@@@@@@@@@@.......@@@@@@@@.......................@@@@@@@.........
.......@@..@@@@......@@@@@............@@@@@...............................................@@@@@..............................................@@@@@@@@@@@@@@@@.....@@@@@@.....................@@@@@@@@@@@@@..@@@@@@@@@@@@@@.....................@@@@@@@..........
.....@@@@@@@@@@@......@@@@............@@@@@...............................................@@...............................@@@...............@@@@@@@@@@@@@@@......@@@@@@@....................@@@@@@@@@@@@@@@@@@@@@@@@@@@@@...................@@@@@@@@...........
...@@@@@@@@@@@@@......@@@@............@@@@@@...@@@.....................................................................@@@@@@@...............@@@@@@@@@@@..........@@@@@@@.....................@@@@@@@@@@@@@@@@@@@@@@@@@@@@..................@@@@@@@@@...........
...@@@@@@@@@@@........@@@@............@@@@@@...@@@..................................................................@@@@@@@@@@................@@@@@@..............@@@@@@@....................@@@@@@@@@@@@@@@@@@@@@@@@@@......................@@@@@@@............
...@@@@@@@.......................@@@...@@@@@..@@@@@.................................................................@@@@@@@@@@@...............@@@@@@..............@@@@@@@..................@@@@@@@@@@@@@@@@@@@@@@@..........................@@@@@@@.............
...@@@.......@@@.............@@@@@@@@..@@@@@..@@@@@.....................................................@@@@........@@@@@@@@@@@...............@@@@@@@..............@@@@@@..................@@@@@@@@@@@....@@@..........@@@..................@@@@@@@.............
........@@@@@@@@.............@@@@@@@@..@@@@@..@@@@@@................................................@@@@@@@@.........@@@@@@@@@@@@@............@@@@@@@..............@@@@@@@..................@@@@@@................@@@@@@@@................@@@@@@@@..............
....@@@@@@@@@@@@...........@@@@@@@@@@..@@@@@@..@@@@@................................................@@@@@@@@..........@@@@@@@@@@@@............@@@@@@@..............@@@@@@@.................@@@@@@@...........@@@@@@@@@@@@@...............@@@@@@@@@..............
@@@@@@@@@@@@@@@@@..........@@@@@@@@@@@..@@@@@..@@@..................................................@@@@@@@@@.........@@.@@.@@@@@@@............@@@@@@..............@@@@@@@.................@@@@@@@@.......@@@@@@@@@@@@@@@@.............@@@@@@@@@@.............@@
@@@@@@@@@@...@@@@..........@@@@@@@@@@@..@@@@@........................................@@@@............@@@@@@@@...............@@@@@@@............@@@@@@..............@@@@@@@..................@@@@@@@.......@@@@@@@@@@@@@................@@@@@@@@@..............@@
@@@@.........@@@@...........@@@@@@@@@@..@@@.......................................@@@@@@@............@@@@@@@@................@@@@@@............@@@@@@@.............@@@@@@@..................@@@@@@@.......@@@@@@@@....................@@@@@@@@@@..............@@
@@............@@@...........@@@@@@@...............................................@@@@@@@..........@@@@@@@@..................@@@@@@............@@@@@@@..............@@@@@@@.................@@@@@@@.......@@@......................@@@@@@@@@@@@...............@@
@@............@@............@@@...................................................@@@@@@@@.......@@@@@@@....................@@@@@@@............@@@@@@@..............@@@@@@@.................@@@@@@@...............................@@@@@@@@@@@@................@@
@@@.@@............................................................@@@@.............@@@@@@@.......@@@@@@@....................@@@@@@@@............@@@@@@..............@@@@@@@..................@@@@@@@.............................@@@@@@@@@@@@@................@@
@@@@@@.........................................................@@@@@@@............@@@@@@@@........@@@@@@@...................@@@@@@@@............@@@@@@..............@@@@@@@..................@@@@@@@..........................@@@@@@@@@@@@@@@.................@@
@@@@@@@........................................................@@@@@@@............@@@@@@@@........@@@@@@@....................@@@@@@@............@@@@@@@.............@@@@@@@..................@@@@@@@........................@@@@@@@@@@@@@@@@....................
@@@@@@@........................................................@@@@@@@@...........@@@@@@@@.........@@@@@@....................@@@@@@@............@@@@@@@..............@@@@@@..................@@@@@@@..................@@@@@@@@@@@@@@@@@@@@......................
@@@@@@@...........................................@@@@@.........@@@@@@@............@@@@@@@@.......@@@@@@@....................@@@@@@@............@@@@@@@..............@@@@@@@.................@@@@@@@.............@@@@@@@@@@@@@@@@@@@@@@@........................
@@@@.........................................@@@@@@@@@@@........@@@@@@@............@@@@@@@@.......@@@@@@@....................@@@@@@@@...........@@@@@@@..............@@@@@@@..................@@@@@@@...@@@@@@@@@@@@@@@@@@@@@@@@@@@@@@..........................
...........................................@@@@@@@@@@@@@........@@@@@@@............@@@@@@@@.......@@@@@@@@...................@@@@@@@@............@@@@@@..............@@@@@@@..................@@@@@@@@@@@@@@@@@@@@@@@@@@@@@@@@@@@@@@............................
...........................................@@@@@@@@@@@..........@@@@@@@............@@@@@@@@........@@@@@@@....................@@@@@@@............@@@@@@...............@@@@@@..................@@@@@@@@@@@@@@@@@@@@@@@@@@@@@@@@@@................................
...........................................@@@@@@@@@@...........@@@@@@@@...........@@@@@@@@........@@@@@@@....................@@@@@@@............@@@@@@@..............@@@@@@..................@@@@@@@@@@@@@@@@@@@@@@@@@@@@......................................
....................@@@....................@@@@@@@@@@............@@@@@@@............@@@@@@@........@@@@@@@....................@@@@@@@............@@@@@@@..............@@@@@@@.................@@@@@@@@@@@@@@@@@@@@@@@...........................................
.................@@@@@@.....................@@@@@@@@@............@@@@@@@............@@@@@@@@.......@@@@@@@....................@@@@@@@@...........@@@@@@@..............@@@@@@@..................@@@@@@@@@@@@@@@@.................................................
...............@@@@@@@@@....................@@@@@@@@@@...........@@@@@@@............@@@@@@@@.......@@@@@@@@....................@@@@@@@............@@@@@@...............@@@@@@..................@@@@@@@@@@@@.................................................@@..
..........@@@@@@@@@@@@@@....................@@@@@@@@@@...........@@@@@@@............@@@@@@@@........@@@@@@@....................@@@@@@@............@@@@@@...............@@@@@@...................@@@@@@@...............................................@@@@@@@@@@
......@@@@@@@@@@@@@@@@@@....................@@@@@@@@.............@@@@@@@@...........@@@@@@@@........@@@@@@@....................@@@@@@@............@@@@@@@..............@@@@@@...................@@@................................................@@@@@@@@@@@@@
..@@@@@@@@@@@@@@@@@@@@@@....................@@@@@@................@@@@@@@............@@@@@@@........@@@@@@@....................@@@@@@@............@@@@@@@..@@@.........@@@@@@@.....................................................................@@@@@@@@@@@@@
@@@@@@@@@@@@@@@@@@@@@@@@@.@@@@@..............@@@@.................@@@@@@@............@@@@@@@@.......@@@@@@@@...................@@@@@@@@...........@@@@@@@@@@@@.........@@@@@@@......................................................................@@@@@@@@@@@@
@@@@@@@@@@@@@@@@@@@@.@@@@.@@@@@..............@@...................@@@@@@@............@@@@@@@@.......@@@@@@@@....................@@@@@@@............@@@@@@@@@@@.........@@@@@@@.....................................................................@@@@@@@@@@@@@
@@@@@@@@@@@@@@@@@@.@@@@...@@@@@@.......................@@@........@@@@@@@@...........@@@@@@@@........@@@@@@@....................@@@@@@@............@@@@@@@@@@@@........@@@.........................................................................@@@@@@@@@@@@@
@@@@@@@@@@@@@@.....@@@.....@@@@@@@..................@@@@@@........@@@@@@@@...........@@@@@@@@........@@@@@@@....................@@@@@@@............@@.@@@@@@@@@.........................................................@@@@.......................@@@@@@@@@@@@@
@@@@@@@@@@..........@@.....@@@@@@@..................@@@@@@@.......@@@@@@@@............@@@@@@@........@@@@@@@....................@@@@@@@...............@@@@@@@@@......................................................@@@@@@@@........................@@@@@@@@@..
@@@@@...............@@@.......@@@@..................@@@@@@@........@@@@@@@............@@@@@@@@.......@@@@@@@@...................@@@@@@@@...............@@@@@@................................................@@@@@...@@@@@@@@........................@@@........
....................@@@......@@@@@@.................@@@@@@@........@@@@@@@............@@@@@@@@.......@@@@@@@@....................@@@@@@@...............@@................................................@@@@@@@@@....@@@@@@@@..................................
....................@@@..@@@@@@@@@@.................@@@@@@@........@@@@@@@@...........@@@@@@@@........@@@@@@@....................@@@@@@@............................................................@@@@@@@@@@@@@@@...@@@@@@@@..................................
....................@@@@@@@@@@@@@@@..................@@@@@@@.......@@@@@@@@............@@@@@@@........@@@@@@@....................@@@@@@@..........................................................@@@@@@@@@@@@@@@@@....@@@@@@@@.................................
....................@@@@@@@@@@@@.....................@@@@@@@.......@@@@@@@@............@@@@@@@........@@@@@@@....................@@@@@@@.................................................@@@@@....@@@@@@@@@@@@@@@@@....@@@@@@@@.................................
.....................@@@@@@@@@.......................@@@@@@@........@@@@@@@............@@@@@@@@.......@@@@@@@@....................@@@@@@@...............................................@@@@@@....@@@@@@@@@@@@@@@@@@....@@@@@@.............@....................
....................@@@@@@@@@@.......................@@@@@@@........@@@@@@@............@@@@@@@@.......@@@@@@@@....................@@@@@@@......................................@@@@.....@@@@@@@....@@@@@@@@@@@@@@......@@@@@@@.............@@@..................
....................@@@@@@@@@@.......................@@@@@@@........@@@@@@@@...........@@@@@@@@........@@@@@@@....................@@@@@@@...................................@@@@@@@.....@@@@@@@....@@@@@@@@@...........@@@@@@.............@@@@@@................
....................@@@@@@@@@........................@@@@@@@@.......@@@@@@@@............@@@@@@@........@@@@@@@....................@@@@@@@.............................@@@@@@@@@@@@@@....@@@@@@@....@@@................@@@@@@@.............@@@@@@@@..............
......@@............@@@..............................@@@@@@@@.......@@@@@@@@............@@@@@@@........@@@@@@@@...................@@@@@@@........................@@@@@@@@@@@@@@@@@@@.....@@@@@@.......................@@@@@@.............@@@@@@@@...............
..@@@@@@....@@@@.....................................@@@@@@@@........@@@@@@@............@@@@@@@@.......@@@@@@@@....................@@@@@@@.......................@@@@@@@@@@@@@@@@@@@.....@@@@@@@.....................@@@@@@@.............@@@@@@@@...............
@@@@@@@@@...@@@@......................................@@@@@@@........@@@@@@@............@@@@@@@@.......@@@@@@@@....................@@@@@@@..............@@@......@@@@@@@@@@@@@@@@@@@.....@@@@@@@.....................@@@@@@.............@@@@@@@@................
@@@@@@@@@...@@@@......................................@@@@@@@........@@@@@@@@...........@@@@@@@@........@@@@@@@....................@@@@@@@...........@@@@@@......@@@@@@@@@@@@@@@@........@@@@@@.....................@@@@@@@.............@@@@@@@@................
@@@..@@@@....@@@......................................@@@@@@@........@@@@@@@@............@@@@@@@........@@@@@@@....................@@@@@@@...........@@@@@@.......@@@@@@@@@@..............@@@@@@....................@@@@@..............@@@@@@@@.................
......@@@....@@@@...................................@@@@@@@@@@.......@@@@@@@@............@@@@@@@........@@@@@@@@....................@@@@@@...........@@@@@@@......@@@@@...................@@@@@@...................@@@@@@..............@@@@@@@..................
.@@@.@@@@@...@@@@.............................@@@@@@@@@@@@@@@@........@@@@@@.............@@@@@@@........@@@@@@@@....................@@@@@@@...........@@@@@@......@@......................@@@@@@...................@@@@@..............@@@@@@@@..................
@@@@@@@@@@...@@@@.................@@@@.......@@@@@@@@@@@@@@@@@........@@@@@@.............@@@@@@@@.......@@@@@@@@....................@@@@@@@...........@@@@@@...............................@@@@@..................@@@@@@..............@@@@@@@...................
@@@@@@@@@@....@@@.................@@@@@@...@@@@@@@@@@@@@@@@@@@........@@@................@@@@@@@@........@@@@@@@....................@@@@@@@...........@@@@@@...............................@@@@@@.................@@@@@..............@@@@@@@@...................
@@@@@@@.......@@@................@@@@@@@@@@@@@@@@@@@@@@@@@@@@@@...........................@@@@@@@........@@@@@@@.....................@@@@@@...........@@@@@@...............................@@@@@@................@@@@@@.............@@@@@@@@....................
@@............................@@@@@@@@@@@@@@@@@@@@@@@@@@@@@@@@@...........................@@@@@@@........@@@@@@@@....................@@@@@@...........@@@@@@@..............................@@@@@@................@@@@@..............@@@@@@@@....................
.................@@@@@@@..@@@@@@@@@@@@@@@@@@@@@@@@@@@@@@@@@@@@............................@@@@@@@........@@@@@@@@....................@@@@@@@...........@@@@@@..............................@@@@@@...............@@@@@@.............@@@@@@@@.....................
................@@@@@@@@@@@@@@@@@@@@@@@@@@@@@@@@@@@@@@@....................................@@@@@@@........@@@@@@@....................@@@@@@@...........@@@@@@..............................@@@@@@@..............@@@@@..............@@@@@@@......................
.............@@@@@@@@@@@@@@@@@@@@@@@@@@@@@@@@@@@@@@........................................@@@@@@@........@@@@@@@@...................@@@@@@@...........@@@@@@@.....................@@@......@@@@@@.............@@@@@@.............@@@@@@@@......................
...........@@@@@@@@@@@@@@@@@@@@@@@@@@@@@@@@@@@@@............................................@@@@@@........@@@@@@@@....................@@@@@@............@@@@@@..................@@@@@@......@@@@@@.............@@@@@.............@@@@@@@@.......................
....@@..@@@@@@@@@@@@@@@@@@@@@@@@@@@@@@@@@...................................................@@@...........@@@@@@@@....................@@@@@@............@@@@@.............@@@@@@@@@@@@@.....@@@@@@............@@@@@@.............@@@@@@@@.......................
@@@@@@@@@@@@@@@@@@@@@@@@@@@@@@@@@@@.@@@...................................................................@@@@@@@@....................@@@@@@@...........@@@@@@......@@@@@@@@@@@@@@@@@@@.....@@@@@@@..........@@@@@@.............@@@@@@@@........................
@@@@@@@@@@@@@@@@@@@@@@@@@@@@@@@............................................................................@@@@@@@....................@@@@@@@...........@@@@@@@.....@@@@@@@@@@@@@@@@@@@.....@@@@@@@..........@@@@@@.............@@@@@@@@........................
@@@@@@@@@@@@@@@@@@@@@@@@@@@................................................................................@@@@@@@@...................@@@@@@@...........@@@@@@@.....@@@@@@@@@@@@@@@@@@@.....@@@@@@@.........@@@@@@@............@@@@@@@@.........................
@@@@@@@@@@@@@@@@@@@@@......................................................................................@@@@@@@@....................@@@@@@............@@@@@@......@@@@@@@@@@@@@@@.........@@@@@@.........@@@@@@.............@@@@@@@@.........................
@@@@@@@@@@@@@@.............................................................................................@@@@@@@@....................@@@@@@............@@@@@@......@@@@@@@@@@@.............@@@@@@@.......@@@@@@@............@@@@@@@@......................@@@@
@@@@@@@@@..@@..............................................................................................@@@@@@@@....................@@@@@@@...........@@@@@@......@@@@@@@.................@@@@@@@.........@@@@.............@@@@@@@@...................@@@@@@@
@@@@@.......................................................................................................@@@@@@@....................@@@@@@@...........@@@@@@@.....@@@.....................@@@@..............@@............@@@@@@@@..................@@@@@@@@@
@...........................................................................................................@@@@@@@@...................@@@@@@@............@@@@@@.........................................@...................@@@@@@@..............@@@@@@@@@@@@@@
............................................................................................................@@@@@@@@....................@@@@@@............@@@@@@........................................@@@@................@@@@@@@@.........@@@@@@@@@@@@@@@@@@@
.................................@@@@.......................................................................@@@@@@@@....................@@@@@@............@@@@@@........................................@@@@@@...............@@@@@@@@..@@@@@@@@@@@@@@@@@@@@@@@@@
............................@@@@@@@@@.......................................................................@@@@@@@@....................@@@@@@............@@@@@@.......................................@@@@@@@@..............@@@@@@@@@@@@@@@@@@@@@@@@@@@@@@@@@@@
........................@@@@@@@@@@@@@........................................................................@@@@@@@....................@@@@@@@...........@@@@@@...................................@@..@@@@@@@................@@@@@@@@@@@@@@@@@@@@@@@@@@@@@@@@@@
....................@@@@@@@@@@@@@@@@@@.......................................................................@@@@@@@@...................@@@@@@@...........@@@@@@...................................@@@@@@@@@@@................@@@@@@@@@@@@@@@@@@@@@@@@@@@@@@....
................@@@@@@@@@@@@@@@@@@@@@@.......................................................................@@@@@@@@....................@@@@@@............@@@@@..................................@@@@@@@@@@@.................@@@@@@@@@@@@@@@@@@@@@@@@@@........
.........@@@@@@@@@@@@@@@@@@@@@@@@@@@@@.......................................................................@@@@@@@@....................@@@@@@............@@@@@@...................................@@@@@@@@@..................@@@@@@@@@@@@@@@@@@@@@............
.....@@@@@@@@@@@@@@@@@@@@@@@@@@@@@@@@@.......................................................................@@@@@@@@....................@@@@@@............@@@@@@....................................@@@@@@@.....................@@@@@@@@@@@@@@.................
@@@@@@@@@@@@@@@@@@@@@@@@@@@@@@@@@@@@@@........................................................................@@@@@@@....................@@@@@@@..........@@@@@@@...................................@@@@@@@@.....................@@@@@@@@@......................
@@@@@@@@@@@@@@@@@@@@@@@@@@@@@@@@@@@@@@@.......................................................................@@@@@@@....................@@@@@@@..........@@@@@@@..............................@@.@@@@@@@@@.......................@@@...........................
@@@@@@@@@@@@@@@@@@@@@@@@@@@@@@@@@@@@@@@.......................................................................@@@@@@@@....................@@@@@@...........@@@@@@.........................@@@@@@@@@@@@@@@@@.....................................................
@@@@@@@@@@@@@@@@@@@@@@@@@@@@@@@@@@@@@@@.......................................................................@@@@@@@@....................@@@@@@...........@@@@@@.................@@@.@@@@@@@@@@@@@@@@@@@@......................................................
@@@@@@@@@@@@@@@@@@@@@@@@@@@@@@@@@@@@@@@.......................................................................@@@@@@@@....................@@@@@@...........@@@@@@@............@@@@@@@@@@@@@@@@@@@@@@@@@@@@......................................................
@@@@@@@@@@.....@@@@@@@@@@@@@@@@@@@@@@@@........................................................................@@@@@@@....................@@@@@@@..........@@@@@@@...........@@@@@@@@@@@@@@@@@@@@@@@@@@@@.......................................................
@@@@@@..........@@@@@@@@@@@@@@@@@@@@@@@@.......................................................................@@@@@@@....................@@@@@@@...........@@@@@@......@@@@@@@@@@@@@@@@@@@@@@@@@@@@@@@@@.......................................................
................@@@@@@@@@@@@@@@@@@@@@@@@.......................................................................@@@@@@@@....................@@@@@@...........@@@@@@..@@@@@@@@@@@@@@@@@@@@@@@@@@@@@@@@@...........................................................
................@@@@@@@@@@@@@@@@@@@@@@@@.......................................................................@@@@@@@@....................@@@@@@...........@@@@@@@@@@@@@@@@@@@@@@@@@@@@@@...@@.................................................................
................@@@@@@@@@@@@@@@@@@@@@@@@.......................................................................@@@@@@@@....................@@@@@@...........@@@@@@@@@@@@@@@@@@@@@@@@@@..........................................................................
................@@@@@@@@@@@@@@@@@@@@@@@@........................................................................@@@@@@@.....................@@@@@@............@@@@@@@@@@@@@@@@@@@@............................................................................@@
.................@@@@@@@@@@@@@@@@@@@@@@@@.......................................................................@@@@@@@.....................@@@@@@............@@@@@@@@@@@@@@@@...........................................................................@@@@@@@
.................@@@@@@@@@@@@@@@@@@@@@@@@.......................................................................@@@@@@@@...................@@@@@@@.............@@@@@@@@@@@@@........................................................................@@@@@@@@@@@@
...........@@....@@@@@@@@@@@@@@@@@@@@@@@@........................................................................@@@@@@@...............@@@@@@@@................@@@@@@@@@....................................................................@@.@@@@@@@@@@@@@@@@@
.........@@@@....@@@@@@@@@@@@@@@@@@@@@@@@........................................................................@@@@@@@.............@@@@@@@@@@................@@@.....................................................................@@@@@@@@@@@@@@@@@@@@@@@@@
.........@@@@@...@@@@@@@@@@@@@@@@@@@@@@@@@........................................................................@@@@@@.............@@@@@@@@@@@...........................................................................@@@@......@@@@@@@@@@@@@@@@@@@@@@@@@@@
..........@@@@....@@@@@@@@@@@@@@@@@@@@@@@@........................................................................@@@@@@.............@@@@@@@@@@@.......................................................................@@@@@@@@......@@@@@@@@@@@@@@@@@@@@@@@@@@@
..........@@@@....@@@@@@@@@@@@@@@@@@@@@@@@........................................................................@@@@@@@.............@@@@@@@@@@.......................................................................@@@@@@@@.......@@@@@@@@@@@@@@@@@@@@@@@...
..........@@@@....@@@@@@@@@@@@@@.@@@@@@@@@........................................................................@@@@@@@.............@@@@@@@..........................................................................@@@@@@@@@......@@@@@@@@@@@@@@@@@@........
..........@@@@@...@@@@@@@@@...@@@@@@@@@@@@.........................................................................@@@@@@.............@@@...............................................................................@@@@@@@@......@@@@@@@@@@@@@.............
...........@@@@....@@@........@@@@@@@@@@@@@........................................................................@@@@@@@............................................................................@@@...............@@@@@@@@......@@@@@@@@@.................
...........@@@@...............@@@@@@@@@@@@@........................................................................@@@@@@@.......................................................................@@@@@@@@...............@@@@@@@@.......@@@@@@@..................
...........@@@@................@@@@@@@@@@@@.........................................................................@@@@@@..................................................................@@@@@@@@@@@@@...............@@@@@@@@@......@.@@@....................
...........@@@@@...............@@@@@@@@@@@@.........................................................................@@................................................................@@@@@@@@@@@@@@@@@@@@...............@@@@@@@@...............................
@...........@@@@...............@@@@@@@@@@@@..........................@@@.........................................................................................................@@@@@@@@@@@@@@@@@@@@@@@@@...............@@@@@@@@...............................
@...........@@@@...............@@@@@@@@@@@@@.....................@@@@@@@......................................................................................................@@@@@@@@@@@@@@@@@@@@@@@@@@@@...............@@@@@@@@..............................@
@...........@@@@...............@@@@@@@@@@@@@...................@@@@@@@@@......................................................................................................@@@@@@@@@@@@@@@@@@@@@@@@@@@@...............@@@@@@@@@............@@@..........@@@@@
@@..........@@@@@..............@@@@@@@@@@@@@...................@@@@@@@@@@.....................................................................................................@@@@@@@@@@@@@@@@@@@@@@@@@@@@................@@@@@@@@.........@@@@@@......@@@@@@@@@
@@...........@@@@..@@@..........@@@@@@@@@@@@...................@@@@@@@@@@.....................................................................................................@@@@@@@@@@@@@@@@@@@@@@@@@@@@@...............@@@@@@@@........@@@@@@@...@@@@@@@@@@@@
@............@@@@@@@@@..........@@@@@@@@@@@@....................@@@@@@@@@......................................................................................................@@@@@@@@@@@@@@@@@..@@@@@@@@@...............@@@@@@@@........@@@@@@@...@@@@@@@@@@@@
@@........@@@@@@@@@@@@..........@@@..@@@@@@@@...................@@@@@..........................................................................................................@@@@@@@@@@@@.......@@@@@@@@@...............@@@@@@@@@........@@@@@@...@@@@@@@@@@@@
@@........@@@@@@.@@@@@..............@@@@@@@@@..................................................................................................................................@@@@@@@@............@@@@@@@@................@@@@@@@@........@@@@@@@...@@@@@@@@@@@
@@.........@@@...@@@@@............@@@@@@@@@@@..................................................................................................................................@@@.................@@@@@@@@................@@@@@@..........@@@@@@@...@@@@@@@@@@@
.................@@@@@...@@@@@@@@@@@@@@@@@@@@......................................................................................................................................................@@@@@@@@@...............@@..............@@@@@@@...@@@@@@@....
.@@@.............@@@@@..@@@@@@@@@@@@@@@@@@@@@......................................................................................................................................................@@@@@@@@@...............................@@@@@@@..............
@@@@..............@@@@@@@@@@@@@@@@@@@@@@@@@@@@.....................................................................................................................................................@@@@@@@@@................................@@@@@@..............
@@@@..........@@@@@@@@@@@@@@@@@@@@@@@@@@@@@@@@.....................................................................................................................................................@@@@@@@@@................................@@@@@@@.............
@@@@@.......@@@@@@@@@@@@@@@@@@@@@@@@@@@@@@@@@@......................................................................................................................................................@@@@@@@@................................@@@@@@@.............
@@@@@......@@@@@@@@@@@@@@@@@@@@@@@@@@@@@@@@.........................................................................................................................................................@@@@@@@@.................................@@@@@@.............
@@@@@...@@@@@@@@@@@@@@@@@@@@@@@@@@@@@...............................................................................................................................................................@@@@@@@@@................................@@@@@@.............
@@@@@@@@@@@@@@@@@@@@@@@@@@@@@@@@....................................................................................................................................................................@@@@@@@@@................................@@@@@@.............
@@@@@@@@@@@@@@@@@@@@@@@@@@@@@.......................................................................................................................................................................@@@@@@@@@................................@@@@@@.............
@@@@@@@@@@@@@@@@@@@@.................................................................................................................................................................................@@@@@@@@................................@@@@@@@............
@@@@@@@@@@@@@@@@@....................................................@@@.............................................................................................................................@@@@@@@@.................................@@@@@@............
@@@@@@@@@@@@@....................................................@@@@@@@.............................................................................................................................@@@@@@@@@................................@@................
@@@@@@@@....................................................@@@@@@@@@@@@.............................................................................................................................@@@@@@@@@...................@@@............................
@@@.....................................................@@@@@@@@@@@@@@@@@............................................................................................................................@@@@@@@@@.................@@@@@.@@@..........@@@...........
.....................................................@@@@@@@@@@@@@@@@@@@@............................................................................................................................@@@@@@@@@................@@@@@@@@@@.......@@@@@@...........
.....................................................@@@@@@@@@@@@@@@@@@@@.............................................................................................................................@@@@@@@@..............@@@@@@@@@@@@@@....@@@@@@@...........
.....................................@@@.............@@@@@@@@@@@@@@@@@@@@@@@@.........................................................................................................................@@@@@@@@@.............@@@@@@@@@@@@@@....@@@@@@@...........
.................................@@@@@@@..............@@@@@@@@@@@@@@@..@@@@@@........................................................................................................................@@@@@@@@@@.............@@@@@@@@@@@@@......@@@@@@...........
.............................@@@@@@@@@@@@.....@@......@@@@@@@@@........@@@@@@....................................................................................................................@@@@@@@@@@@@@@.............@@@@@@@@@@@@@......@@@@@@...........
.........................@@@@@@@@@@@@@@@@@@@@@@@......@@@..............@@@@@@..................................................................................................................@@@@@@@@@@@@@@@@..............@@@@@@@@@@@@......@@@@@@@..........
...................@@..@@@@@@@@@@@@@@@@@@@@@@@@@.......................@@@@@@..................................................................................................................@@@@@@@@@@@@@@@@..............@@@@@@@@@@.........@@@@@@.......@@@
...............@@@@@@..@@@@@@@@@@@@@@@@@@@@@@@@@.......................@@@@@@@..................................................................................................................@@@@@@@@@@@@@@@@.............@@@@@@@@@..........@@........@@@@@@
.........@@@@@@@@@@@@..@@@@@@@@@@@@@@@@@@@@@@@@@.......................@@@@@@@..................................................................................................................@@@@@@@@@@@@@@@@.............@@.@@@@@@....................@@@@@@
.....@@@@@@@@@@@@@@@@@..@@@@@@@@@@@@@@...@@@@@@@.......................@@@@@@@..................................................................................................................@@@@@@@@@@@@@@@@................@@@@@@..............@@@...@@@@@@
...@@@@@@@@@@@@@@@@@@@..@@@@@@@@@........@@@@@@@.......................@@@@@@@..................................................................................................................@@@@@@@@@@@@@@@@..................@@@@..........@@@@@@@...@@@@@@
...@@@@@@@@@@@@@@@@@@@..@@@..............@@@@@@@.......................@@@@@@@...................................................................................................................@@@@@@@@@@@@@@@..................@@@@..........@@@@@@@....@@@@@
...@@@@@@@@@@@@@@@@@@@....................@@@@@@........................@@@@@@...................................................................................................................@@@@@@@@@@@@@@@.................................@@@@@@....@@@@@
...@@@@@@@@@@@@@@@@.......................@@@@@@........................@@@@@@...................................................................................................................@@@@@@@@@@@@....................................@@@@@@@...@@@@@
...@@@@@@@@@@@@...........................@@@@@@@.......................@@@@@@...................................................................................................................@@@@@@@.........................................@@@@@@@........
...@@@@@@@@...........@@@@................@@@@@@@.......................@@@@@@...................................................................................................................@@@..............................................@@@@@@........
....@@@@@@@........@@@@@@@................@@@@@@@.......................@@@@@@@...................................................................................................................................................................@@@@..........
....@@@@@@@@.......@@@@@@@@...............@@@@@@@.......................@@@@@@@.................................................................................................................................................................................
....@@@@@@@@.......@@@@@@@@...............@@@@@@@.......................@@@@@@@.................................................................................................................................................................................
....@@@@@@@@......@@@@....................@@@@@@@.......................@@@@@@@.................................................................................................................................................................................
.....@@@@@@@......@@@@.....................@@@@@@.......................@@@@@@@@@...............................................................................................................................................................................
.....@@@@@@@...............................@@@@@@.......................@@@@@@@@@.............................................................................................................................................................................@@
.....@@@@@@@@..............................@@@@@@.........................@@@@@@@.............................................................................................................................................................................@@
.....@@@@@@@@....@@@@@@....................@@@@@@@........................@@@@@@@................................................................................................................................................................@@@..........@@
......@@@@@@@..@@@@@@@@@....................@@@@@@........................@@@@@@@........................................................................................................................................................@@@.@@@@@@@..........@@
......@@@@@@@@@@@@@@@@@@....................@@@@@@.........................@@@@@@@.....................................................................................................................................................@@@@@@@@@@@@@...........@
......@@@@@@@@@@@...........................@@@@@@.........................@@@@@@@.................................................................................................................................................@@@@@@@@@@@@@@@@@@..........@
......@@@@@@@@@.............................@@@@@@@........................@@@@@@@.........@@@@@@@...............................................................................................................................@@@@@@@@@@@@@@@@@@@@..........@
........@@@@@@@..............................@@@@@@........................@@@@@@@..@@@@@@@@@@@@@@...............................................................................................................................@@@@@@@@@@@@@@@@@@@@..........@
........@@@@@@@..............................@@@@@@........................@@@@@@@..@@@@@@@@@@@@@@................................................................................................................................@@@@@@@@@@@@@@@@@@@..........@
........@@@@@@@@@............................@@@@@@.......@@@@@@@@@........@@@@@@@..@@@@@@@@@@@@@@...............................................................................................................................@@@@@@@@@@@@@@@@@@@@...........
........@@@@@@@@@............................@@@@@@@@@@@@@@@@@@@@@@........@@@@@@@..@@@@@@@......................................................................................................................................@@@@@@@@@@@@@@@@@@@@...........
.........@@@@@@.....................@@@@@@@@@@@@@@@@@@@@@@@@@@@@@@@........@@@@@@@................................................................................................................................................@@@@@@@@@@@@@@@@@@@...........
.........@@@@@@@............@@@@@@@@@@@@@@@@@@@@@@@@@@@@@@@@@@.............@@@@@@@................................................................................................................................................@@@@@@@@@@@@@@@@@@@...........
.........@@@@@@@@@@@@@@@@@@@@@@@@@@@@@@@@@@@@@@@@@@@@@.....................@@@@@@@...........@@@@@@@...............................................................................................................................@@@@@@@@@@@@@@@..............
.........@@@@@@@@@@@@@@@@@@@@@@@@@@@@@@@@@@@@@@@@@..........................@@@@@@@...@@@@@@@@@@@@@@...............................................................................................................................@@@@@@@@@....................
.........@@@@@@@@@@@@@@@@@@@@@@@@@@@@@@@@@@@@...............................@@@@@@@...@@@@@@@@@@@@@@...............................................................................................................................@@@..........................
.........@@@@@@@@@@@@@@@@@@@@@@...............................@@@@@.........@@@@@@@...@@@@@@@@@@@@@@..........................................................................................................................................................@@
.........@@@@@@@.....................................@@@@@@@@@@@@@@.........@@@@@@@...@@@@@@@@@@@@@@..........................................................................................................................................................@@
..........@@@@@@@...........................@@@@@@@@@@@@@@@@@@@@@@@@........@@@@@@@...........@@@@@@..........................................................................................................................................................@@
..........@@@@@@@.............@@@@@@@@@@@@@@@@@@@@@@@@@@@@@@@@@@@@@@..........................@@@..............................................................................................................................................................@
..........@@@@........@@@@@@@@@@@@@@@@@@@@@@@@@@@@@@@@@@@@@@@@@................................................................................................................................................................................................@
...........@@@@@@.@@@@@@@@@@@@@@@@@@@@@@@@@@@@@@@@@.@@@@@@@....................................................................................................................................................................................................@
...........@@@@@@@@@@@@@@@@@@@@@@@@@@@@@@@@..@@@@...@@@@@@@................................@@@.................................................................................................................................................................@
...........@@@@@@@@@@@@@@@@@@@@@@@@@@@@@@....@@@@....@@@@@@@..........................@@@@@@@@@@@..............................................................................................................................................................@
...........@@@@@@@@@@@.....@@@@@@@@@@@@@@.....@@@@...@@@@@@@..........................@@@@@@@@@@@..............................................................................................................................................................@
...........@@@@@@@@@@@.....@@@@@@@@.@@........@@@@...@@@@@@@..........................@@@@@@@@@@@...............................................................................................................................................................
[LNS] Number of agents: 200
[LNS] Agents (start -> goal):
  Agent 0: (92,220) -> (65,194)
  Agent 1: (202,146) -> (191,132)
  Agent 2: (112,254) -> (219,222)
  Agent 3: (83,87) -> (246,107)
  Agent 4: (153,24) -> (201,58)
  Agent 5: (230,51) -> (23,11)
  Agent 6: (170,82) -> (170,253)
  Agent 7: (77,93) -> (195,69)
  Agent 8: (9,56) -> (103,243)
  Agent 9: (38,141) -> (56,226)
  Agent 10: (121,250) -> (125,148)
  Agent 11: (15,178) -> (71,37)
  Agent 12: (140,157) -> (138,160)
  Agent 13: (142,80) -> (36,84)
  Agent 14: (82,125) -> (180,171)
  Agent 15: (43,13) -> (27,232)
  Agent 16: (248,115) -> (104,81)
  Agent 17: (151,17) -> (167,51)
  Agent 18: (126,79) -> (205,122)
  Agent 19: (184,126) -> (206,79)
  Agent 20: (101,171) -> (89,172)
  Agent 21: (150,78) -> (156,71)
  Agent 22: (76,6) -> (104,23)
  Agent 23: (214,117) -> (255,250)
  Agent 24: (167,47) -> (215,0)
  Agent 25: (230,41) -> (46,251)
  Agent 26: (35,212) -> (238,3)
  Agent 27: (225,98) -> (210,101)
  Agent 28: (11,73) -> (120,60)
  Agent 29: (156,185) -> (163,173)
  Agent 30: (46,29) -> (206,167)
  Agent 31: (234,41) -> (33,226)
  Agent 32: (189,243) -> (18,11)
  Agent 33: (10,5) -> (88,30)
  Agent 34: (74,51) -> (3,37)
  Agent 35: (172,237) -> (66,142)
  Agent 36: (79,168) -> (88,157)
  Agent 37: (178,183) -> (0,138)
  Agent 38: (175,230) -> (236,136)
  Agent 39: (15,144) -> (163,81)
  Agent 40: (0,47) -> (225,247)
  Agent 41: (124,243) -> (16,151)
  Agent 42: (237,153) -> (60,184)
  Agent 43: (215,85) -> (124,170)
  Agent 44: (132,142) -> (5,0)
  Agent 45: (105,134) -> (91,244)
  Agent 46: (155,10) -> (147,212)
  Agent 47: (12,45) -> (229,246)
  Agent 48: (219,62) -> (34,225)
  Agent 49: (0,114) -> (250,8)
  Agent 50: (86,34) -> (236,149)
  Agent 51: (141,25) -> (11,247)
  Agent 52: (66,205) -> (252,0)
  Agent 53: (241,120) -> (206,140)
  Agent 54: (229,134) -> (117,36)
  Agent 55: (116,191) -> (59,33)
  Agent 56: (121,147) -> (113,40)
  Agent 57: (182,80) -> (186,102)
  Agent 58: (6,138) -> (17,187)
  Agent 59: (155,18) -> (108,77)
  Agent 60: (204,154) -> (202,115)
  Agent 61: (159,74) -> (133,22)
  Agent 62: (157,14) -> (222,89)
  Agent 63: (254,79) -> (111,207)
  Agent 64: (2,255) -> (213,161)
  Agent 65: (41,184) -> (249,29)
  Agent 66: (59,187) -> (44,47)
  Agent 67: (229,238) -> (243,126)
  Agent 68: (222,249) -> (37,55)
  Agent 69: (64,163) -> (54,181)
  Agent 70: (76,255) -> (7,43)
  Agent 71: (70,0) -> (72,1)
  Agent 72: (14,250) -> (238,206)
  Agent 73: (59,196) -> (220,151)
  Agent 74: (76,41) -> (80,18)
  Agent 75: (62,226) -> (211,52)
  Agent 76: (231,232) -> (7,37)
  Agent 77: (251,4) -> (25,155)
  Agent 78: (164,147) -> (222,185)
  Agent 79: (227,91) -> (14,172)
  Agent 80: (10,14) -> (240,159)
  Agent 81: (176,210) -> (27,130)
  Agent 82: (187,173) -> (86,142)
  Agent 83: (231,234) -> (219,177)
  Agent 84: (248,159) -> (35,212)
  Agent 85: (169,100) -> (219,89)
  Agent 86: (253,147) -> (10,180)
  Agent 87: (249,142) -> (114,212)
  Agent 88: (17,193) -> (185,86)
  Agent 89: (178,223) -> (86,123)
  Agent 90: (174,126) -> (216,238)
  Agent 91: (212,215) -> (109,108)
  Agent 92: (223,165) -> (129,138)
  Agent 93: (32,77) -> (21,224)
  Agent 94: (114,184) -> (50,178)
  Agent 95: (255,8) -> (31,193)
  Agent 96: (113,137) -> (106,135)
  Agent 97: (149,183) -> (111,186)
  Agent 98: (106,97) -> (42,140)
  Agent 99: (7,10) -> (189,207)
  Agent 100: (198,10) -> (199,6)
  Agent 101: (206,152) -> (252,118)
  Agent 102: (72,28) -> (165,49)
  Agent 103: (237,44) -> (32,250)
  Agent 104: (8,244) -> (190,164)
  Agent 105: (196,136) -> (166,232)
  Agent 106: (64,192) -> (45,183)
  Agent 107: (211,92) -> (117,164)
  Agent 108: (170,71) -> (240,167)
  Agent 109: (173,50) -> (47,240)
  Agent 110: (58,204) -> (136,177)
  Agent 111: (13,141) -> (119,117)
  Agent 112: (142,167) -> (224,27)
  Agent 113: (106,242) -> (232,106)
  Agent 114: (9,10) -> (144,251)
  Agent 115: (113,206) -> (215,91)
  Agent 116: (43,198) -> (235,2)
  Agent 117: (124,255) -> (123,253)
  Agent 118: (189,125) -> (220,142)
  Agent 119: (144,241) -> (33,26)
  Agent 120: (201,79) -> (204,77)
  Agent 121: (205,58) -> (61,86)
  Agent 122: (251,59) -> (157,94)
  Agent 123: (181,206) -> (154,73)
  Agent 124: (36,163) -> (99,90)
  Agent 125: (185,215) -> (125,252)
  Agent 126: (46,154) -> (81,237)
  Agent 127: (179,84) -> (101,65)
  Agent 128: (250,131) -> (169,74)
  Agent 129: (228,222) -> (93,201)
  Agent 130: (249,1) -> (2,195)
  Agent 131: (119,26) -> (240,178)
  Agent 132: (196,191) -> (173,69)
  Agent 133: (219,221) -> (193,187)
  Agent 134: (255,1) -> (71,180)
  Agent 135: (213,233) -> (58,3)
  Agent 136: (20,57) -> (183,162)
  Agent 137: (30,106) -> (48,174)
  Agent 138: (239,39) -> (37,229)
  Agent 139: (70,148) -> (118,113)
  Agent 140: (142,226) -> (153,78)
  Agent 141: (253,67) -> (8,135)
  Agent 142: (228,187) -> (146,246)
  Agent 143: (51,126) -> (24,48)
  Agent 144: (154,103) -> (141,77)
  Agent 145: (237,7) -> (157,91)
  Agent 146: (91,74) -> (132,120)
  Agent 147: (244,247) -> (228,247)
  Agent 148: (254,10) -> (50,227)
  Agent 149: (138,224) -> (160,48)
  Agent 150: (236,0) -> (54,250)
  Agent 151: (38,213) -> (17,47)
  Agent 152: (155,66) -> (148,41)
  Agent 153: (41,89) -> (42,127)
  Agent 154: (186,118) -> (180,110)
  Agent 155: (225,161) -> (224,134)
  Agent 156: (20,11) -> (242,254)
  Agent 157: (215,246) -> (20,4)
  Agent 158: (96,224) -> (254,61)
  Agent 159: (33,73) -> (53,80)
  Agent 160: (80,6) -> (51,178)
  Agent 161: (123,150) -> (74,186)
  Agent 162: (171,97) -> (161,89)
  Agent 163: (233,51) -> (0,253)
  Agent 164: (226,152) -> (118,218)
  Agent 165: (114,180) -> (121,238)
  Agent 166: (121,109) -> (249,26)
  Agent 167: (48,247) -> (225,62)
  Agent 168: (223,70) -> (73,247)
  Agent 169: (76,1) -> (241,253)
  Agent 170: (0,92) -> (54,110)
  Agent 171: (22,157) -> (253,216)
  Agent 172: (0,254) -> (227,56)
  Agent 173: (212,90) -> (18,3)
  Agent 174: (100,46) -> (46,33)
  Agent 175: (5,129) -> (157,51)
  Agent 176: (59,97) -> (248,42)
  Agent 177: (196,86) -> (4,124)
  Agent 178: (224,144) -> (229,248)
  Agent 179: (104,135) -> (130,142)
  Agent 180: (225,65) -> (10,63)
  Agent 181: (0,79) -> (255,126)
  Agent 182: (228,142) -> (155,117)
  Agent 183: (253,174) -> (165,162)
  Agent 184: (25,47) -> (188,249)
  Agent 185: (64,196) -> (81,211)
  Agent 186: (4,28) -> (245,207)
  Agent 187: (126,36) -> (82,227)
  Agent 188: (77,41) -> (219,232)
  Agent 189: (33,248) -> (230,22)
  Agent 190: (77,163) -> (79,161)
  Agent 191: (110,10) -> (113,3)
  Agent 192: (223,34) -> (94,230)
  Agent 193: (144,50) -> (53,107)
  Agent 194: (177,71) -> (131,228)
  Agent 195: (246,252) -> (47,31)
  Agent 196: (235,203) -> (173,102)
  Agent 197: (216,1) -> (2,134)
  Agent 198: (240,120) -> (71,44)
  Agent 199: (14,168) -> (254,169)
[LNS] Base makespan: 465

[LNS] === Attempt with max_timesteps=465 ===
[SAT] Creating MDDs with shortest paths + waiting time...
[SAT] Created 200 MDDs with waiting time structure
[LNS] Built MDDs with waiting time structure for 200 agents at makespan 465
[Current_Solution] Calculating waiting times for agents...
[Current_Solution] Agent 199 reaches goal at t=281, waiting time=184
[Current_Solution] Agent 198 reaches goal at t=245, waiting time=220
[Current_Solution] Agent 197 reaches goal at t=351, waiting time=114
[Current_Solution] Agent 196 reaches goal at t=163, waiting time=302
[Current_Solution] Agent 195 reaches goal at t=420, waiting time=45
[Current_Solution] Agent 194 reaches goal at t=221, waiting time=244
[Current_Solution] Agent 193 reaches goal at t=152, waiting time=313
[Current_Solution] Agent 192 reaches goal at t=369, waiting time=96
[Current_Solution] Agent 191 reaches goal at t=10, waiting time=455
[Current_Solution] Agent 190 reaches goal at t=4, waiting time=461
[Current_Solution] Agent 189 reaches goal at t=433, waiting time=32
[Current_Solution] Agent 188 reaches goal at t=339, waiting time=126
[Current_Solution] Agent 187 reaches goal at t=247, waiting time=218
[Current_Solution] Agent 186 reaches goal at t=420, waiting time=45
[Current_Solution] Agent 185 reaches goal at t=32, waiting time=433
[Current_Solution] Agent 184 reaches goal at t=365, waiting time=100
[Current_Solution] Agent 183 reaches goal at t=194, waiting time=271
[Current_Solution] Agent 182 reaches goal at t=98, waiting time=367
[Current_Solution] Agent 181 reaches goal at t=314, waiting time=151
[Current_Solution] Agent 180 reaches goal at t=267, waiting time=198
[Current_Solution] Agent 179 reaches goal at t=33, waiting time=432
[Current_Solution] Agent 178 reaches goal at t=109, waiting time=356
[Current_Solution] Agent 177 reaches goal at t=240, waiting time=225
[Current_Solution] Agent 176 reaches goal at t=266, waiting time=199
[Current_Solution] Agent 175 reaches goal at t=234, waiting time=231
[Current_Solution] Agent 174 reaches goal at t=67, waiting time=398
[Current_Solution] Agent 173 reaches goal at t=281, waiting time=184
[Current_Solution] Agent 172 reaches goal at t=433, waiting time=32
[Current_Solution] Agent 171 reaches goal at t=298, waiting time=167
[Current_Solution] Agent 170 reaches goal at t=72, waiting time=393
[Current_Solution] Agent 169 reaches goal at t=417, waiting time=48
[Current_Solution] Agent 168 reaches goal at t=363, waiting time=102
[Current_Solution] Agent 167 reaches goal at t=398, waiting time=67
[Current_Solution] Agent 166 reaches goal at t=245, waiting time=220
[Current_Solution] Agent 165 reaches goal at t=65, waiting time=400
[Current_Solution] Agent 164 reaches goal at t=182, waiting time=283
[Current_Solution] Agent 163 reaches goal at t=435, waiting time=30
[Current_Solution] Agent 162 reaches goal at t=18, waiting time=447
[Current_Solution] Agent 161 reaches goal at t=85, waiting time=380
[Current_Solution] Agent 160 reaches goal at t=231, waiting time=234
[Current_Solution] Agent 159 reaches goal at t=31, waiting time=434
[Current_Solution] Agent 158 reaches goal at t=345, waiting time=120
[Current_Solution] Agent 157 reaches goal at t=439, waiting time=26
[Current_Solution] Agent 156 reaches goal at t=465, waiting time=0
[Current_Solution] Agent 155 reaches goal at t=28, waiting time=437
[Current_Solution] Agent 154 reaches goal at t=14, waiting time=451
[Current_Solution] Agent 153 reaches goal at t=65, waiting time=400
[Current_Solution] Agent 152 reaches goal at t=32, waiting time=433
[Current_Solution] Agent 151 reaches goal at t=225, waiting time=240
[Current_Solution] Agent 150 reaches goal at t=432, waiting time=33
[Current_Solution] Agent 149 reaches goal at t=250, waiting time=215
[Current_Solution] Agent 148 reaches goal at t=437, waiting time=28
[Current_Solution] Agent 147 reaches goal at t=16, waiting time=449
[Current_Solution] Agent 146 reaches goal at t=87, waiting time=378
[Current_Solution] Agent 145 reaches goal at t=174, waiting time=291
[Current_Solution] Agent 144 reaches goal at t=39, waiting time=426
[Current_Solution] Agent 143 reaches goal at t=113, waiting time=352
[Current_Solution] Agent 142 reaches goal at t=183, waiting time=282
[Current_Solution] Agent 141 reaches goal at t=327, waiting time=138
[Current_Solution] Agent 140 reaches goal at t=225, waiting time=240
[Current_Solution] Agent 139 reaches goal at t=83, waiting time=382
[Current_Solution] Agent 138 reaches goal at t=426, waiting time=39
[Current_Solution] Agent 137 reaches goal at t=118, waiting time=347
[Current_Solution] Agent 136 reaches goal at t=270, waiting time=195
[Current_Solution] Agent 135 reaches goal at t=389, waiting time=76
[Current_Solution] Agent 134 reaches goal at t=363, waiting time=102
[Current_Solution] Agent 133 reaches goal at t=72, waiting time=393
[Current_Solution] Agent 132 reaches goal at t=145, waiting time=320
[Current_Solution] Agent 131 reaches goal at t=285, waiting time=180
[Current_Solution] Agent 130 reaches goal at t=443, waiting time=22
[Current_Solution] Agent 129 reaches goal at t=240, waiting time=225
[Current_Solution] Agent 128 reaches goal at t=138, waiting time=327
[Current_Solution] Agent 127 reaches goal at t=99, waiting time=366
[Current_Solution] Agent 126 reaches goal at t=118, waiting time=347
[Current_Solution] Agent 125 reaches goal at t=99, waiting time=366
[Current_Solution] Agent 124 reaches goal at t=136, waiting time=329
[Current_Solution] Agent 123 reaches goal at t=170, waiting time=295
[Current_Solution] Agent 122 reaches goal at t=129, waiting time=336
[Current_Solution] Agent 121 reaches goal at t=176, waiting time=289
[Current_Solution] Agent 120 reaches goal at t=5, waiting time=460
[Current_Solution] Agent 119 reaches goal at t=330, waiting time=135
[Current_Solution] Agent 118 reaches goal at t=48, waiting time=417
[Current_Solution] Agent 117 reaches goal at t=3, waiting time=462
[Current_Solution] Agent 116 reaches goal at t=388, waiting time=77
[Current_Solution] Agent 115 reaches goal at t=217, waiting time=248
[Current_Solution] Agent 114 reaches goal at t=378, waiting time=87
[Current_Solution] Agent 113 reaches goal at t=262, waiting time=203
[Current_Solution] Agent 112 reaches goal at t=254, waiting time=211
[Current_Solution] Agent 111 reaches goal at t=134, waiting time=331
[Current_Solution] Agent 110 reaches goal at t=105, waiting time=360
[Current_Solution] Agent 109 reaches goal at t=330, waiting time=135
[Current_Solution] Agent 108 reaches goal at t=166, waiting time=299
[Current_Solution] Agent 107 reaches goal at t=166, waiting time=299
[Current_Solution] Agent 106 reaches goal at t=30, waiting time=435
[Current_Solution] Agent 105 reaches goal at t=126, waiting time=339
[Current_Solution] Agent 104 reaches goal at t=294, waiting time=171
[Current_Solution] Agent 103 reaches goal at t=455, waiting time=10
[Current_Solution] Agent 102 reaches goal at t=142, waiting time=323
[Current_Solution] Agent 101 reaches goal at t=80, waiting time=385
[Current_Solution] Agent 100 reaches goal at t=5, waiting time=460
[Current_Solution] Agent 99 reaches goal at t=379, waiting time=86
[Current_Solution] Agent 98 reaches goal at t=109, waiting time=356
[Current_Solution] Agent 97 reaches goal at t=41, waiting time=424
[Current_Solution] Agent 96 reaches goal at t=9, waiting time=456
[Current_Solution] Agent 95 reaches goal at t=421, waiting time=44
[Current_Solution] Agent 94 reaches goal at t=82, waiting time=383
[Current_Solution] Agent 93 reaches goal at t=204, waiting time=261
[Current_Solution] Agent 92 reaches goal at t=121, waiting time=344
[Current_Solution] Agent 91 reaches goal at t=212, waiting time=253
[Current_Solution] Agent 90 reaches goal at t=156, waiting time=309
[Current_Solution] Agent 89 reaches goal at t=192, waiting time=273
[Current_Solution] Agent 88 reaches goal at t=277, waiting time=188
[Current_Solution] Agent 87 reaches goal at t=205, waiting time=260
[Current_Solution] Agent 86 reaches goal at t=276, waiting time=189
[Current_Solution] Agent 85 reaches goal at t=61, waiting time=404
[Current_Solution] Agent 84 reaches goal at t=288, waiting time=177
[Current_Solution] Agent 83 reaches goal at t=69, waiting time=396
[Current_Solution] Agent 82 reaches goal at t=136, waiting time=329
[Current_Solution] Agent 81 reaches goal at t=229, waiting time=236
[Current_Solution] Agent 80 reaches goal at t=375, waiting time=90
[Current_Solution] Agent 79 reaches goal at t=294, waiting time=171
[Current_Solution] Agent 78 reaches goal at t=96, waiting time=369
[Current_Solution] Agent 77 reaches goal at t=381, waiting time=84
[Current_Solution] Agent 76 reaches goal at t=419, waiting time=46
[Current_Solution] Agent 75 reaches goal at t=323, waiting time=142
[Current_Solution] Agent 74 reaches goal at t=31, waiting time=434
[Current_Solution] Agent 73 reaches goal at t=212, waiting time=253
[Current_Solution] Agent 72 reaches goal at t=312, waiting time=153
[Current_Solution] Agent 71 reaches goal at t=3, waiting time=462
[Current_Solution] Agent 70 reaches goal at t=367, waiting time=98
[Current_Solution] Agent 69 reaches goal at t=36, waiting time=429
[Current_Solution] Agent 68 reaches goal at t=385, waiting time=80
[Current_Solution] Agent 67 reaches goal at t=126, waiting time=339
[Current_Solution] Agent 66 reaches goal at t=189, waiting time=276
[Current_Solution] Agent 65 reaches goal at t=371, waiting time=94
[Current_Solution] Agent 64 reaches goal at t=331, waiting time=134
[Current_Solution] Agent 63 reaches goal at t=271, waiting time=194
[Current_Solution] Agent 62 reaches goal at t=146, waiting time=319
[Current_Solution] Agent 61 reaches goal at t=110, waiting time=355
[Current_Solution] Agent 60 reaches goal at t=41, waiting time=424
[Current_Solution] Agent 59 reaches goal at t=106, waiting time=359
[Current_Solution] Agent 58 reaches goal at t=60, waiting time=405
[Current_Solution] Agent 57 reaches goal at t=26, waiting time=439
[Current_Solution] Agent 56 reaches goal at t=165, waiting time=300
[Current_Solution] Agent 55 reaches goal at t=233, waiting time=232
[Current_Solution] Agent 54 reaches goal at t=212, waiting time=253
[Current_Solution] Agent 53 reaches goal at t=55, waiting time=410
[Current_Solution] Agent 52 reaches goal at t=391, waiting time=74
[Current_Solution] Agent 51 reaches goal at t=352, waiting time=113
[Current_Solution] Agent 50 reaches goal at t=265, waiting time=200
[Current_Solution] Agent 49 reaches goal at t=382, waiting time=83
[Current_Solution] Agent 48 reaches goal at t=368, waiting time=97
[Current_Solution] Agent 47 reaches goal at t=418, waiting time=47
[Current_Solution] Agent 46 reaches goal at t=274, waiting time=191
[Current_Solution] Agent 45 reaches goal at t=160, waiting time=305
[Current_Solution] Agent 44 reaches goal at t=269, waiting time=196
[Current_Solution] Agent 43 reaches goal at t=176, waiting time=289
[Current_Solution] Agent 42 reaches goal at t=218, waiting time=247
[Current_Solution] Agent 41 reaches goal at t=208, waiting time=257
[Current_Solution] Agent 40 reaches goal at t=427, waiting time=38
[Current_Solution] Agent 39 reaches goal at t=211, waiting time=254
[Current_Solution] Agent 38 reaches goal at t=155, waiting time=310
[Current_Solution] Agent 37 reaches goal at t=241, waiting time=224
[Current_Solution] Agent 36 reaches goal at t=20, waiting time=445
[Current_Solution] Agent 35 reaches goal at t=201, waiting time=264
[Current_Solution] Agent 34 reaches goal at t=85, waiting time=380
[Current_Solution] Agent 33 reaches goal at t=111, waiting time=354
[Current_Solution] Agent 32 reaches goal at t=407, waiting time=58
[Current_Solution] Agent 31 reaches goal at t=424, waiting time=41
[Current_Solution] Agent 30 reaches goal at t=298, waiting time=167
[Current_Solution] Agent 29 reaches goal at t=19, waiting time=446
[Current_Solution] Agent 28 reaches goal at t=142, waiting time=323
[Current_Solution] Agent 27 reaches goal at t=18, waiting time=447
[Current_Solution] Agent 26 reaches goal at t=414, waiting time=51
[Current_Solution] Agent 25 reaches goal at t=444, waiting time=21
[Current_Solution] Agent 24 reaches goal at t=95, waiting time=370
[Current_Solution] Agent 23 reaches goal at t=174, waiting time=291
[Current_Solution] Agent 22 reaches goal at t=45, waiting time=420
[Current_Solution] Agent 21 reaches goal at t=13, waiting time=452
[Current_Solution] Agent 20 reaches goal at t=13, waiting time=452
[Current_Solution] Agent 19 reaches goal at t=69, waiting time=396
[Current_Solution] Agent 18 reaches goal at t=122, waiting time=343
[Current_Solution] Agent 17 reaches goal at t=50, waiting time=415
[Current_Solution] Agent 16 reaches goal at t=178, waiting time=287
[Current_Solution] Agent 15 reaches goal at t=287, waiting time=178
[Current_Solution] Agent 14 reaches goal at t=144, waiting time=321
[Current_Solution] Agent 13 reaches goal at t=118, waiting time=347
[Current_Solution] Agent 12 reaches goal at t=5, waiting time=460
[Current_Solution] Agent 11 reaches goal at t=197, waiting time=268
[Current_Solution] Agent 10 reaches goal at t=114, waiting time=351
[Current_Solution] Agent 9 reaches goal at t=109, waiting time=356
[Current_Solution] Agent 8 reaches goal at t=313, waiting time=152
[Current_Solution] Agent 7 reaches goal at t=152, waiting time=313
[Current_Solution] Agent 6 reaches goal at t=203, waiting time=262
[Current_Solution] Agent 5 reaches goal at t=271, waiting time=194
[Current_Solution] Agent 4 reaches goal at t=82, waiting time=383
[Current_Solution] Agent 3 reaches goal at t=183, waiting time=282
[Current_Solution] Agent 2 reaches goal at t=157, waiting time=308
[Current_Solution] Agent 1 reaches goal at t=25, waiting time=440
[Current_Solution] Agent 0 reaches goal at t=53, waiting time=412
[Current_Solution] Waiting time calculation complete
[LNS] Created current solution with 200 agent paths on a map of size 256x256
[LNS] Analyzing conflicts...
[LNS] Current solution: vertex collisions=419, edge collisions=36
[LNS] Creating conflict buckets...
[LOCAL ZONE] Building diamond bucket for conflict 0
[LOCAL ZONE] Built diamond bucket for conflict 0 with 8 positions, 2 conflicts, 4 - 5 time window
[LNS] Selected most relevant bucket 0 with time window: 4 - 5, 2 conflicts and 8 positions.
[LNS] Solving the best bucket Local Zone...
[Solve_local_zone] Local zone size reached 95% of all walkable positions
[Solve_local_zone] Will try to solve with full time window and all positions
[Solve_local_zone] Makespan: 465
[Solve_local_zone] Time window: [0, 465]
[Current_Solution] Agent 0 used 412 waiting timesteps, 0 remaining
[Current_Solution] Agent 1 used 440 waiting timesteps, 0 remaining
[Current_Solution] Agent 2 used 308 waiting timesteps, 0 remaining
[Current_Solution] Agent 3 used 282 waiting timesteps, 0 remaining
[Current_Solution] Agent 4 used 383 waiting timesteps, 0 remaining
[Current_Solution] Agent 5 used 194 waiting timesteps, 0 remaining
[Current_Solution] Agent 6 used 262 waiting timesteps, 0 remaining
[Current_Solution] Agent 7 used 313 waiting timesteps, 0 remaining
[Current_Solution] Agent 8 used 152 waiting timesteps, 0 remaining
[Current_Solution] Agent 9 used 356 waiting timesteps, 0 remaining
[Current_Solution] Agent 10 used 351 waiting timesteps, 0 remaining
[Current_Solution] Agent 11 used 268 waiting timesteps, 0 remaining
[Current_Solution] Agent 12 used 460 waiting timesteps, 0 remaining
Command terminated after exceeding the time limit.
# Run terminated after reaching overall time limit

# Batch stopped after reaching overall time limit (elapsed 599s)
