# Batch started 2025-10-21 15:45:12 | map=/home/max/Documents/PhD/MAPF/LNS/MAPF_LNS_SAT/mapf-map/Berlin_1_256.map | agents=50 | total_time_limit=600s

# Run 0 | scenario="/home/max/Documents/PhD/MAPF/LNS/MAPF_LNS_SAT/mapf-scen-even/scen-even/Berlin_1_256-even-1.scen" | scenario_index=0
# Command: /home/max/Documents/PhD/MAPF/LNS/MAPF_LNS_SAT/lns_clean/main_clean_lns /home/max/Documents/PhD/MAPF/LNS/MAPF_LNS_SAT/mapf-map/Berlin_1_256.map /home/max/Documents/PhD/MAPF/LNS/MAPF_LNS_SAT/mapf-scen-even/scen-even/Berlin_1_256-even-1.scen 50 0 minisat 42
# Remaining time budget: 599 seconds
[LNS] Loaded map 256x256, agents: 50
[LNS] Map:
.........................................................................................................@@@@................@@@@@@@@..................................................................@@@@@@@@@@@@@@@@@@@@@@@@@@@@@@@@@@@@@@@@@@...............
.....................................................................................................@@@@@@@@..........................................................................................@@@@@@@@@@@@@@@@@@@@@@@@@@@@@@@@@@@@@@@@@................
.....................................................................................................@@@@@@@@.................................................................................@@.......@@@@@@@@@@@@@@@@@@@@@@@@@@@@@@@@@@@@@@@@@................
........................................................................................@@@@.........@@@@@@@@...............................................................................@@@@......@@@@@@@@@@@@@@@@@@@@@@@@@@@@@@@@@@@@@@@@@@@...............
.....................................................................................@@@@@@@..........@@@@@@@@@..............................................................................@@@..@@@@@@@@@@@@@@@@@@@@@@@@@@@@@@@@@@@@@@@@@@@@@@@...............
.....................................................................................@@@@@@@..........@@@@@@@@@.............................................................................@@@@@@@@@@@@@@@@@@@@@@@@@@@@@@@@@@@@@@@@@@@@@@@@@@@@@@..............
.....................................................................................@@@@@@@@.........@@@@@@@@@..................@@@......................................................@@@@@@@@@.....@@@@@@@@@@@@@@@@@@@@@@@@@@@@@@@@@@@@@@@@@@..............
......................................................................................@@@@@@@...........@@@@@@@@..............@@@@@@@.....................................................@@@@@@........@@@@@@@@@@@@@@@@@@@@@@@@@@@@@@@@@@@@@@@@@@..............
......................................................................................@@@@@@@...........@@@@@@@@..............@@@@@@@@@...................................................@@@@@@........@@@@@@@@@@@@@@@@@@@@@@@@@@@@@@@@@@@@@@@@@@..............
.....................................................................................@@@@@@@.............@@@@@@@..............@@@@@@@@@....................................................@@@@@@.......@@@@@@@@@@@@@@@@@@@@@@@@@@@@@@@@@@@@@@@@@@@.............
...............................@@@@.................................................@@@@@@@@.............@@@@@@@...............@@@@@@@@....................................................@@@@@@.......@@@@@@@@@@@@@@@@@@@@@@@@@@@@@@@@@@@@@@@@@@@.............
............................@@@@@@@.................................................@@@@@@@@.............@@@@@@@...............@@@@@@@@....................................................@@@@@@......@@@@@@@@@@@@@@@@@@@@@@@@@@@@@@@@@@@@@@@@@@@@.............
............................@@@@@@@@................................................@@@@@@@@@............@@@@@@@@...............@@@@@@@....................................................@@@.........@@@@@@@@@@@@@@@@@@@@@@@@@@@@@@@@@@@@@@@@@@@@.............
................@@@@........@@@@@@@@.................................................@@@@@@@@............@@@@@@@@................@@@@@@@..............................................................@@@@@@@@@@@@@@@@@@@@@@@@@@@@@@@@@@@@@@@@@@@@@@............
@............@@@@@@@.........@@@@@@@.................................................@@@@@@@@.............@@@@@@@................@@@@@@@..............................................................@@@@@@@@@@@@@@@@@@@@@@@@@@@@@@@@@@@@@@@@@@@@@@............
@............@@@@@@@.........@@@@@@@@@...............................................@@@@@@@@.............@@@@@@@................@@@@@@@@............................................................@@@@@@@@@@@@@@@@@@@@@@@@@@@@@@@@@@@@@@@@@@@@@@.............
@@...........@@@@@@@@........@@@@@@@@@...............................................@@@@@@@@.............@@@@@@@@...............@@@@@@@@............................................................@@@@@@@@@@@@@@@@@@@@@@@@@@@@@@@@@@@@@@@@@@@@@@.............
@@............@@@@@@@..........@@@@@@@...............................................@@@@@@@@.............@@@@@@@@................@@@@@@@............................................................@@@@@@@@@@@@@@@@@@@@@@@@@@@@@@@@@@@@@@@@@@@@@..............
@@............@@@@@@@..........@@@@@@@@...............................................@@@@@@@@.............@@@@@@@...............@@@@@@@@............................................................@@@@@@@@@@@@@@@@@@@@@@@@@@@@@@@@@@@@@@@@@@@@...............
@@@@.........@@@@@@@............@@@@@@@...............................................@@@@@@@@.............@@@@@@@...............@@@@@@@..............................................................@@@@@@@@@@@@@@@@@@@@@@@@@@@@@@@@@@@@@@@@@@................
@@@@........@@@@@@@@............@@@@@@@......................@@@@........@@@..........@@@@@@@@.............@@@@@@@...............@@@@@@@@.............................................................@@@@@@@@@@@@@@@@@@@@@@@@@@@@@@@@@@@@@@@@@@................
@@@@........@@@@@@@@............@@@@@@@.....................@@@@@@.@@@@@@@@@..........@@@@@@@@.............@@@@@@@@...............@@@@@@...............................................................@@@@@@@@@@@@@@@@@@@@@@@@@..@@@@@@@@@@@@@.................
@@@@@.......@@@@@@@@@...........@@@@@@@.....................@@@@@@@@@@@@@@@@@..........@@@@@@@.............@@@@@@@@...............@@@@@@@............................................................@@@@@@@@@@@@@@@..@@@@@@........@@@@@@@@....................
@@@@@........@@@@@@@@...........@@@@@@@....................@@@@@@@@@@@@@@@@@@..........@@@@@@@..............@@@@@@@...............@@@@@@@@...........................................................@@@@@@@@@@@@@@@..@@...........@@@@@........................
@@@@@........@@@@@@@@...........@@@@@@@@.............@@@@@@@@@@@@@@@@@@@@@@@@..........@@@@@@@@.............@@@@@@@...............@@@@@@@@@.........................................................@@@@@@@@@@@@@@@.................@@..........................
@@@@@........@@@@@@@@............@@@@@@@..........@@@@@@@@@@@@@@@@@@@@@@@@@@@..........@@@@@@@@.............@@@@@@@................@@@@@@@..........................................................@@@@@@@@@@@@................................................
@@@@@........@@@@@@@@............@@@@@@@..........@@@@@@@@@@@@@@@@@@@@@@@@@@@@.........@@@@@@@@.............@@@@@@@@...............@@@@@@@..........................................................@@@@@@@@....................................................
@@@@@@........@@@@@@@............@@@@@@@..........@@@@@@@@@@@@@@@@@@@@@@@@@@@@..........@@@@@@@.............@@@@@@@@................@@@@@@@.........................................................@@@@@@@.....................................................
@@@@@@........@@@@@@@@...........@@@@@@@..........@@@@@@@@@@@@@@@@@@@@@@@@@@............@@@@@@@..............@@@@@@@................@@@@@@@..........................................................@@@@@......................................................
@@@@@@........@@@@@@@@...........@@@@@@@@..........@@@@@@@@@@@@@@@@..@@.................@@@@@@@..............@@@@@@@...............@@@@@@@.............................................................@........................................................
@@@@@@........@@@@@@@@............@@@@@@@..........@@@@@@@@@@@..........................@@@@@@@@.............@@@@@@@...............@@@@@@@@.....................................................................................................................
@@@@@@........@@@@@@@@............@@@@@@@..........@@@@@@@@@............................@@@@@@@@.............@@@@@@@@..............@@@@@@@@.....................................................................................................................
@@@@@@@........@@@@@@@............@@@@@@@..........@@@...................................@@@@@@@.............@@@@@@@@...............@@@@@@@.....................................................................................................................
@@@@@@@........@@@@@@@............@@@@@@@................................................@@@@@@@..............@@@@@@@..............@@@@@@@@@....................................................................................................................
@@@@@@@........@@@@@@@@...........@@@@@@@................................................@@@@@@@@.............@@@@@@@..............@@@@@@@@.....................................................................................................................
@@@@@@@........@@@@@@@@...........@@@@@@@@..................................@@@..........@@@@@@@@.............@@@@@@@..............@@@@@@@@....................................................................................................................@
@@@@@@@........@@@@@@@@............@@@@@@@..............................@@@@@@@..........@@@@@@@@.............@@@@@@@...............@@@@@@................................................................................................................@@@@@@
@@@@@@@.........@@@@@@@............@@@@@@@..........................@@@@@@@@@@@@..........@@@@@@@.............@@@@@@@@..............@@@.....................@@@@.....................................................................................@@@@@@@@@@@
@@@@@@@@........@@@@@@@............@@@@........................@@@@@@@@@@@@@@@@@..........@@@@@@@@.............@@@@@@@.................................@..@@@@@@@@@...............................................................................@@@@@@@@@@@@@@
.@@@@@@@........@@@@@@@..................................@@@@@@@@@@@@@@@@@@@@@@@..........@@@@@@@@.............@@@@@@@..............................@@@@@@@@@@@@@@@...............................................................................@@@@@@@@@@@@@.
.@@@@@@@........@@@@@@@@.............................@@@@@@@@@@@@@@@@@@@@@@@@@@@..........@@@@@@@@.............@@@@@@@............................@@@@@@@@@@@@@@@@@...............................................................................@@@@@@@@......
.@@@@@@@.........@@@@@@@.............................@@@@@@@@@@@@@@@@@@@@@@@@@@@@.........@@@@@@@@.............@@@@@@@...........................@@@@@@@@@@@@@@@@@@@.......................................................................@@@....@@@...........
.@@@@@@@.........@@@@@@@.............................@@@@@@@@@@@@@@@@@@@@@@@@@@@@..........@@@@@@@@............@@@@@@@@......................@@@@@@@@@@@@@@@@@@@@@@@....................................................................@@@@@@..................
.@@@@@@@@........@@@@@@@..............................@@@@@@@@@@@@@@@@@@@@@@@@@@...........@@@@@@@@.............@@@@@@@......................@@@@@@@@@@@@@@@@@@@@@@@....................................................................@@@@@@..................
..@@@@@@@........@@@@@@@..............................@@@@@@@@@@@@@@@@@@@@@@@@@@@..........@@@@@@@@.............@@@@@@@....................@@@@@@@@@@@@@@@@@@@@@@@.......................................................................@@@@@..................
..@@@@@@@........@@@@@@@@.............................@@@@@@@@@@@@@@@@@@@@@@@@@@@..........@@@@@@@@...........@@@@@@@@.....................@@@@@@@@@@@@@@@@@.@@................................................................@@@.......@@@@@..................
..@@@@@@@........@@@@@@@@.............................@@@@@@@@@@@@@@@@@@@@@@@@@@@@.........@@@@@@@@@..........@@@@@@@@.................@@@.@@@@@@@@@@@.@@@................................................................@@@@@@@@.......@@@@@@.................
..@@@@@@@........@@@@@@@@..............................@@@@@@@@@@@@@@@@@@@@@@@@@@@..........@@@@@@@@@.........@@@@@@@@..............@@@@@@@.@@@@@@@@@................................................................@@@@@@@@@@@@@.......@@@@@@...............@@
..@@@@@@@@........@@@@@@@..................@@..........@@@@@@@@@@@@@@@.@@@@@@@@.............@@@@@@@@@.........@@@@@@@@@.............@@@@@@@@@@@@@@@..............................................................@@@@@@@@@@@@@@@@@@......@@@@@@...........@@@@@@
...@@@@@@@........@@@@@@@..............@@@@@@..........@@@@@@@@@@@.....@@@..................@@@@@@@@@..........@@@@@@@@..............@@@@@@@@@@@@...........................................................@@@@@@@@@@@@@@@@@@@@@@@.......@@@@@......@@@@@@@@@@@
...@@@@@@@........@@@@@@@@...........@@@@@@@@..........@@@@@@@@@@@............................@@@@@@@@.........@@@@@@................@@@@@@@@..........................................................@@@@@@@@@@@@@@@@@@@@@@@@@@@@.......@@@@@@@@@@@@@@@@@@@@@@
...@@@@@@@........@@@@@@@@...........@@@@@@@@@.........@@@@@@@@...............................@@@@@@@@.........@@.....................@@@@@@@@............................@@@......................@@@@@@@@@@@@@@@@@@@@@@@@@@@@@..........@@@@@@@@@@@@@@@@@@@@@@
...@@@@@@@........@@@@@@@@............@@@@@@@@.........@@@....................................@@@@@@@@...............................@@@@@@@@@.........................@@@@@@.................@@@@@@@@@@@@@@@@@@@@@@@@@@@@................@@@@@@@@@@@@@@@@@@@@@@
...@@@@@@@@........@@@@@@@............@@@@@@@@.................................................@@@@@@@...............................@@@@@@@...........................@@@@@@.............@@@@@@@@@@@@@@@@@@@@@@@@@@......................@@@@@@@@@@@@@@@@@@@...
....@@@@@@@........@@@@@@@............@@@@@@@@.................................................@@@@..................................@@@@@@@................@@@.........@@@@@@.........@@@@@@@@@@@@@@@@@@@@@@@.............................@@@@@@@@@@@@@........
....@@@@@@@........@@@@@@@@...........@@@@@@@@.......................................................................................@@@@@@..............@@@@@@.........@@@@@@.........@@@@@@@@@@@@@@@@@...................................@@@@@@@@.............
....@@@@@@@........@@@@@@@@............@@@@@@@.......................................................................................@@@@@@..............@@@@@@@........@@@@@@.........@@@@@@@@@@@@@.......................................@@@..................
....@@@@@@@.........@@@@@@@............@@@@@@@@......................................................................................@@@@@@..............@@@@@@@........@@@@@@..........@@@@@@@.................................................................
....@@@@@@@.........@@@@@@@............@@@@@@@@......................................................................................@@@@@@@..............@@@@@@.........@@@@@..........@@@.....................................................................
....@@@@@@@@........@@@@@@@.............@@@@@@@.......................................................................................@@@@@@..............@@@@@@.........@@@@@..................................................................................
.....@@@@@@@........@@@@@@@@..........@@@@@@@.........................................................................................@@@@@@..............@@@@@@@........@@@@@@.................................................................................
.....@@@@@@@........@@@@@@@@..........@@@@@@@...............................................................@@@@@@....................@@@@@@..............@@@@@@@........@@@@@@.................................................................................
.....@@@@@@@.........@@@@@@@@@........@@@@@@@@..........................................................@@@@@@@@@@.......@@@..........@@@@@@..............@@@@@@@........@@@@@@.................................................................................
.....@@@@@@@.........@@@@@@@@@.........@@@@@@@.....................................................@@@@@@@@@@@@@@@....@@@@@@..........@@@@@@@.............@@@@@@@.........@@@@@.................................................................................
.....@@@@@@@@........@@@@@@@@@.........@@@@@@@...............................................@@@@@@@@@@@@@@@@@@@......@@@@@@...........@@@@@@..............@@@@@@.........@@@@@.................................................................................
......@@@@@@@..........@@@@@@@@........@@@@..............................................@@@@@@@@@@@@@@@@@@@@@.........@@@@@@..........@@@@@@..............@@@@@@@........@@@@@......................................................................@@@@@......
......@@@@@@@..........@@@@@@@@....................................................@@@@@@@@@@@@@@@@@@@@@@@@@@@........@@@@@@@..........@@@@@@..............@@@@@@@........@@@@@@...............................................................@@@@@@@@@@@@@....
....@@@@@@@@............@@@@@@@...............................................@@@@@@@@@@@@@@@@.@@@@@...@@@@@@@@.......@@@@@@@..........@@@@@@@.............@@@@@@@........@@@@@@.........................................................@@@@@@@@@@@@@@@@@@@@...
....@@@@@@@@............@@@@.................................................@@@@@@@@@@@@@@@@..........@@@@@@@@.......@@@@@@@...........@@@@@@.............@@@@@@@........@@@@@@....................................................@@@@@@@@@@@@@@@@@@@@@@@@@@..
....@@@@@@@@...........................................................@@@...@@@@@@@@@..@@@@@...........@@@@@@@........@@@@@@...........@@@@@@.............@@@@@@@........@@@...................................................@@@@@@@@@@@@@@@@@@@@@@@@@@@@@@@@
.....@@@@@@@...........................................................@@@...@@@@@@@.................@@@@@@@@@@...@....@@@@@@@..........@@@@@@..............@@@@@@........................................................@@@@@@@@@@@@@@@@@@@@@@@@@@@@@@@@@@@@@@
.....@@@@@@@...........................................................@@@...@@@@@@@..............@@@@@@@@@@@@@@@@@...@@@@@@@@..........@@@@@@..............@@@@@@...................................................@@@@@@@@@@@@@@@@@@@@@@@@@@@@..@@@..@@@@@@@@
.....@@@@..............................................................@@@@...@@@@@@...@@.........@@@@@@@@@@@@@@@@@@..@@@@@@@@..........@@@@@@@.............@@@..................................................@@@@@@@@@@@@@@@@@@@@@@@@@@@..............@@@@@@
........................................................................@@@...@@@@@@..@@@.........@@@@@@@@@@@@@@@@@@@@@@@@@@@@...........@@@@@@.............................................................@@@@@@@@@@@@@@@@@@@@@@@@@@...................@@@@@@@
........................................................................@@@...@@@@@@@.@@@@........@@@@@@@@@@@@@@@@@@@@@@@@@@@@...........@@@@@@.........................................................@@@@@@@@@@@@@@@@@@@@@@@@@@.......................@@@@@@.
.......................................@@.............................@@@@@...@@@@@@@.@@@@.........@@@@@@@@@@@@@@@@@@@@@@@@@@@@..........@@@..........................................................@@@@@@@@@@@@@@@@@@@@@............................@@@@@@@@.
....................................@@@@@.....@@@@..................@@@@@@@@..@@@@@@@..@@@@@.......@@@@@@@@@@@@@@@@@@@@@@@@@@@@.......................................................................@@@@@@@@@@@@@@@@@...............................@@@@@@@@..
................................@@@@@@@@@..@@@@@@@..................@@@@@@@@...@@@@@@..@@@@@.......@@@@@@@@@@@@@@@@@@@@@@@@@@@@.........................................................@@@@@..........@@@@@@@@@@@...................................@@@@@@@@...
...........................@@@@@@@@@@@@@@..@@@@@@@...........@@@@@..@@@@@@@@...@@@@@@..@@@@@@......@@@@@@@@@@@@@@@@@@@@@@@@@@@@.....................................................@@@@@@@@@..........@@@@@@@........................................@@@@@@@...
......................@@@@@@@@@@@@@@@@@@@@.@@@@@@@......@@@@@@@@@@...@@@@@@@...@@@@@@..@@@@@@......@@@@@@@@@@@@@@@@@@@@@@@@@..................................................@@@@@@@@@@@@@@@........................................................@@@@@@@....
...................@@@@@@@@@@@@@@@@@@@@@@@..@@@@@@@.....@@@@@@@@@@@..@@@@@@@@..@@@@@@@..@@@@@@......@@@@@@@@@@@@@@@@@@@................................................@@@@@@@@@@@@@@@@@@@@@@@....................................................@@.@@@@@@.....
...................@@@@@@@@@@@@@@@@@@@@@@@..@@.@@@@.....@@@@@@@@@@@..@@@@@@@@...@@@@@@..@@@@@@......@@@@@@@@@@@@@@..................................................@@@@@@@@@@@@@@@@@@@@@@@@@@....................................................@@@@@@@@@.....
....................@@@@@@@@@@@@@@@@@@@@@@.....@@@@.....@@@@@@@@@@@..@@@@@@@@...@@@@@@..@@@@@@@@....@@@@..@@@.......................................................@@@@@@@@@@@@@@@@@@@@@@@@@@....................................................@@@@@@@@......
....................@@@@@@@@@@@@@@@@@@@@@@..............@@@@@@@@@@@..@@@@@@@@...@@......@@@@@@@@.........................................................@@@@@@......@@@@@@@@@@@@@@@@@@@@@@........................................................@@@@@@.......
....................@@@@@@@@@@@@@....@@@@@...............@@@@@@@@@@@..@@@@@@@@...........@@@@@@@@....................................................@@@@@@@@@@@....@@@@@@@@@@@@@@@@@.............................................................@@@@@@@.......
.....................@@@@@@..........@@@@@...............@@@@@@@@@@@..@@@@@@@@...........@@@@@@@@................................................@@@@@@@@@@@@@@@.@@@@@@@@@@@@@@@....................................@@...........................@@@@@@@........
.....................@@@@............@@@@@@..............@@@@@@@@.....@@@..@@@...........@@@@@@@@@.............................................@@@@@@@@@@@@@@@...@@@@@@@@@...........................@@@@.........@@@@@@@........................@@@@@@.........
.....................@@@@.............@@@@@..............@@@.............................@@@@@@@@@............................................@@@@@@@@@@@@@@@....@@@@@@@.......................@@@@@@@@@@@.......@@@@@@@@.......................@@@@@@@.........
.......@@..@@@@......@@@@@............@@@@@...............................................@@@@@..............................................@@@@@@@@@@@@@@@@.....@@@@@@.....................@@@@@@@@@@@@@..@@@@@@@@@@@@@@.....................@@@@@@@..........
.....@@@@@@@@@@@......@@@@............@@@@@...............................................@@...............................@@@...............@@@@@@@@@@@@@@@......@@@@@@@....................@@@@@@@@@@@@@@@@@@@@@@@@@@@@@...................@@@@@@@@...........
...@@@@@@@@@@@@@......@@@@............@@@@@@...@@@.....................................................................@@@@@@@...............@@@@@@@@@@@..........@@@@@@@.....................@@@@@@@@@@@@@@@@@@@@@@@@@@@@..................@@@@@@@@@...........
...@@@@@@@@@@@........@@@@............@@@@@@...@@@..................................................................@@@@@@@@@@................@@@@@@..............@@@@@@@....................@@@@@@@@@@@@@@@@@@@@@@@@@@......................@@@@@@@............
...@@@@@@@.......................@@@...@@@@@..@@@@@.................................................................@@@@@@@@@@@...............@@@@@@..............@@@@@@@..................@@@@@@@@@@@@@@@@@@@@@@@..........................@@@@@@@.............
...@@@.......@@@.............@@@@@@@@..@@@@@..@@@@@.....................................................@@@@........@@@@@@@@@@@...............@@@@@@@..............@@@@@@..................@@@@@@@@@@@....@@@..........@@@..................@@@@@@@.............
........@@@@@@@@.............@@@@@@@@..@@@@@..@@@@@@................................................@@@@@@@@.........@@@@@@@@@@@@@............@@@@@@@..............@@@@@@@..................@@@@@@................@@@@@@@@................@@@@@@@@..............
....@@@@@@@@@@@@...........@@@@@@@@@@..@@@@@@..@@@@@................................................@@@@@@@@..........@@@@@@@@@@@@............@@@@@@@..............@@@@@@@.................@@@@@@@...........@@@@@@@@@@@@@...............@@@@@@@@@..............
@@@@@@@@@@@@@@@@@..........@@@@@@@@@@@..@@@@@..@@@..................................................@@@@@@@@@.........@@.@@.@@@@@@@............@@@@@@..............@@@@@@@.................@@@@@@@@.......@@@@@@@@@@@@@@@@.............@@@@@@@@@@.............@@
@@@@@@@@@@...@@@@..........@@@@@@@@@@@..@@@@@........................................@@@@............@@@@@@@@...............@@@@@@@............@@@@@@..............@@@@@@@..................@@@@@@@.......@@@@@@@@@@@@@................@@@@@@@@@..............@@
@@@@.........@@@@...........@@@@@@@@@@..@@@.......................................@@@@@@@............@@@@@@@@................@@@@@@............@@@@@@@.............@@@@@@@..................@@@@@@@.......@@@@@@@@....................@@@@@@@@@@..............@@
@@............@@@...........@@@@@@@...............................................@@@@@@@..........@@@@@@@@..................@@@@@@............@@@@@@@..............@@@@@@@.................@@@@@@@.......@@@......................@@@@@@@@@@@@...............@@
@@............@@............@@@...................................................@@@@@@@@.......@@@@@@@....................@@@@@@@............@@@@@@@..............@@@@@@@.................@@@@@@@...............................@@@@@@@@@@@@................@@
@@@.@@............................................................@@@@.............@@@@@@@.......@@@@@@@....................@@@@@@@@............@@@@@@..............@@@@@@@..................@@@@@@@.............................@@@@@@@@@@@@@................@@
@@@@@@.........................................................@@@@@@@............@@@@@@@@........@@@@@@@...................@@@@@@@@............@@@@@@..............@@@@@@@..................@@@@@@@..........................@@@@@@@@@@@@@@@.................@@
@@@@@@@........................................................@@@@@@@............@@@@@@@@........@@@@@@@....................@@@@@@@............@@@@@@@.............@@@@@@@..................@@@@@@@........................@@@@@@@@@@@@@@@@....................
@@@@@@@........................................................@@@@@@@@...........@@@@@@@@.........@@@@@@....................@@@@@@@............@@@@@@@..............@@@@@@..................@@@@@@@..................@@@@@@@@@@@@@@@@@@@@......................
@@@@@@@...........................................@@@@@.........@@@@@@@............@@@@@@@@.......@@@@@@@....................@@@@@@@............@@@@@@@..............@@@@@@@.................@@@@@@@.............@@@@@@@@@@@@@@@@@@@@@@@........................
@@@@.........................................@@@@@@@@@@@........@@@@@@@............@@@@@@@@.......@@@@@@@....................@@@@@@@@...........@@@@@@@..............@@@@@@@..................@@@@@@@...@@@@@@@@@@@@@@@@@@@@@@@@@@@@@@..........................
...........................................@@@@@@@@@@@@@........@@@@@@@............@@@@@@@@.......@@@@@@@@...................@@@@@@@@............@@@@@@..............@@@@@@@..................@@@@@@@@@@@@@@@@@@@@@@@@@@@@@@@@@@@@@@............................
...........................................@@@@@@@@@@@..........@@@@@@@............@@@@@@@@........@@@@@@@....................@@@@@@@............@@@@@@...............@@@@@@..................@@@@@@@@@@@@@@@@@@@@@@@@@@@@@@@@@@................................
...........................................@@@@@@@@@@...........@@@@@@@@...........@@@@@@@@........@@@@@@@....................@@@@@@@............@@@@@@@..............@@@@@@..................@@@@@@@@@@@@@@@@@@@@@@@@@@@@......................................
....................@@@....................@@@@@@@@@@............@@@@@@@............@@@@@@@........@@@@@@@....................@@@@@@@............@@@@@@@..............@@@@@@@.................@@@@@@@@@@@@@@@@@@@@@@@...........................................
.................@@@@@@.....................@@@@@@@@@............@@@@@@@............@@@@@@@@.......@@@@@@@....................@@@@@@@@...........@@@@@@@..............@@@@@@@..................@@@@@@@@@@@@@@@@.................................................
...............@@@@@@@@@....................@@@@@@@@@@...........@@@@@@@............@@@@@@@@.......@@@@@@@@....................@@@@@@@............@@@@@@...............@@@@@@..................@@@@@@@@@@@@.................................................@@..
..........@@@@@@@@@@@@@@....................@@@@@@@@@@...........@@@@@@@............@@@@@@@@........@@@@@@@....................@@@@@@@............@@@@@@...............@@@@@@...................@@@@@@@...............................................@@@@@@@@@@
......@@@@@@@@@@@@@@@@@@....................@@@@@@@@.............@@@@@@@@...........@@@@@@@@........@@@@@@@....................@@@@@@@............@@@@@@@..............@@@@@@...................@@@................................................@@@@@@@@@@@@@
..@@@@@@@@@@@@@@@@@@@@@@....................@@@@@@................@@@@@@@............@@@@@@@........@@@@@@@....................@@@@@@@............@@@@@@@..@@@.........@@@@@@@.....................................................................@@@@@@@@@@@@@
@@@@@@@@@@@@@@@@@@@@@@@@@.@@@@@..............@@@@.................@@@@@@@............@@@@@@@@.......@@@@@@@@...................@@@@@@@@...........@@@@@@@@@@@@.........@@@@@@@......................................................................@@@@@@@@@@@@
@@@@@@@@@@@@@@@@@@@@.@@@@.@@@@@..............@@...................@@@@@@@............@@@@@@@@.......@@@@@@@@....................@@@@@@@............@@@@@@@@@@@.........@@@@@@@.....................................................................@@@@@@@@@@@@@
@@@@@@@@@@@@@@@@@@.@@@@...@@@@@@.......................@@@........@@@@@@@@...........@@@@@@@@........@@@@@@@....................@@@@@@@............@@@@@@@@@@@@........@@@.........................................................................@@@@@@@@@@@@@
@@@@@@@@@@@@@@.....@@@.....@@@@@@@..................@@@@@@........@@@@@@@@...........@@@@@@@@........@@@@@@@....................@@@@@@@............@@.@@@@@@@@@.........................................................@@@@.......................@@@@@@@@@@@@@
@@@@@@@@@@..........@@.....@@@@@@@..................@@@@@@@.......@@@@@@@@............@@@@@@@........@@@@@@@....................@@@@@@@...............@@@@@@@@@......................................................@@@@@@@@........................@@@@@@@@@..
@@@@@...............@@@.......@@@@..................@@@@@@@........@@@@@@@............@@@@@@@@.......@@@@@@@@...................@@@@@@@@...............@@@@@@................................................@@@@@...@@@@@@@@........................@@@........
....................@@@......@@@@@@.................@@@@@@@........@@@@@@@............@@@@@@@@.......@@@@@@@@....................@@@@@@@...............@@................................................@@@@@@@@@....@@@@@@@@..................................
....................@@@..@@@@@@@@@@.................@@@@@@@........@@@@@@@@...........@@@@@@@@........@@@@@@@....................@@@@@@@............................................................@@@@@@@@@@@@@@@...@@@@@@@@..................................
....................@@@@@@@@@@@@@@@..................@@@@@@@.......@@@@@@@@............@@@@@@@........@@@@@@@....................@@@@@@@..........................................................@@@@@@@@@@@@@@@@@....@@@@@@@@.................................
....................@@@@@@@@@@@@.....................@@@@@@@.......@@@@@@@@............@@@@@@@........@@@@@@@....................@@@@@@@.................................................@@@@@....@@@@@@@@@@@@@@@@@....@@@@@@@@.................................
.....................@@@@@@@@@.......................@@@@@@@........@@@@@@@............@@@@@@@@.......@@@@@@@@....................@@@@@@@...............................................@@@@@@....@@@@@@@@@@@@@@@@@@....@@@@@@.............@....................
....................@@@@@@@@@@.......................@@@@@@@........@@@@@@@............@@@@@@@@.......@@@@@@@@....................@@@@@@@......................................@@@@.....@@@@@@@....@@@@@@@@@@@@@@......@@@@@@@.............@@@..................
....................@@@@@@@@@@.......................@@@@@@@........@@@@@@@@...........@@@@@@@@........@@@@@@@....................@@@@@@@...................................@@@@@@@.....@@@@@@@....@@@@@@@@@...........@@@@@@.............@@@@@@................
....................@@@@@@@@@........................@@@@@@@@.......@@@@@@@@............@@@@@@@........@@@@@@@....................@@@@@@@.............................@@@@@@@@@@@@@@....@@@@@@@....@@@................@@@@@@@.............@@@@@@@@..............
......@@............@@@..............................@@@@@@@@.......@@@@@@@@............@@@@@@@........@@@@@@@@...................@@@@@@@........................@@@@@@@@@@@@@@@@@@@.....@@@@@@.......................@@@@@@.............@@@@@@@@...............
..@@@@@@....@@@@.....................................@@@@@@@@........@@@@@@@............@@@@@@@@.......@@@@@@@@....................@@@@@@@.......................@@@@@@@@@@@@@@@@@@@.....@@@@@@@.....................@@@@@@@.............@@@@@@@@...............
@@@@@@@@@...@@@@......................................@@@@@@@........@@@@@@@............@@@@@@@@.......@@@@@@@@....................@@@@@@@..............@@@......@@@@@@@@@@@@@@@@@@@.....@@@@@@@.....................@@@@@@.............@@@@@@@@................
@@@@@@@@@...@@@@......................................@@@@@@@........@@@@@@@@...........@@@@@@@@........@@@@@@@....................@@@@@@@...........@@@@@@......@@@@@@@@@@@@@@@@........@@@@@@.....................@@@@@@@.............@@@@@@@@................
@@@..@@@@....@@@......................................@@@@@@@........@@@@@@@@............@@@@@@@........@@@@@@@....................@@@@@@@...........@@@@@@.......@@@@@@@@@@..............@@@@@@....................@@@@@..............@@@@@@@@.................
......@@@....@@@@...................................@@@@@@@@@@.......@@@@@@@@............@@@@@@@........@@@@@@@@....................@@@@@@...........@@@@@@@......@@@@@...................@@@@@@...................@@@@@@..............@@@@@@@..................
.@@@.@@@@@...@@@@.............................@@@@@@@@@@@@@@@@........@@@@@@.............@@@@@@@........@@@@@@@@....................@@@@@@@...........@@@@@@......@@......................@@@@@@...................@@@@@..............@@@@@@@@..................
@@@@@@@@@@...@@@@.................@@@@.......@@@@@@@@@@@@@@@@@........@@@@@@.............@@@@@@@@.......@@@@@@@@....................@@@@@@@...........@@@@@@...............................@@@@@..................@@@@@@..............@@@@@@@...................
@@@@@@@@@@....@@@.................@@@@@@...@@@@@@@@@@@@@@@@@@@........@@@................@@@@@@@@........@@@@@@@....................@@@@@@@...........@@@@@@...............................@@@@@@.................@@@@@..............@@@@@@@@...................
@@@@@@@.......@@@................@@@@@@@@@@@@@@@@@@@@@@@@@@@@@@...........................@@@@@@@........@@@@@@@.....................@@@@@@...........@@@@@@...............................@@@@@@................@@@@@@.............@@@@@@@@....................
@@............................@@@@@@@@@@@@@@@@@@@@@@@@@@@@@@@@@...........................@@@@@@@........@@@@@@@@....................@@@@@@...........@@@@@@@..............................@@@@@@................@@@@@..............@@@@@@@@....................
.................@@@@@@@..@@@@@@@@@@@@@@@@@@@@@@@@@@@@@@@@@@@@............................@@@@@@@........@@@@@@@@....................@@@@@@@...........@@@@@@..............................@@@@@@...............@@@@@@.............@@@@@@@@.....................
................@@@@@@@@@@@@@@@@@@@@@@@@@@@@@@@@@@@@@@@....................................@@@@@@@........@@@@@@@....................@@@@@@@...........@@@@@@..............................@@@@@@@..............@@@@@..............@@@@@@@......................
.............@@@@@@@@@@@@@@@@@@@@@@@@@@@@@@@@@@@@@@........................................@@@@@@@........@@@@@@@@...................@@@@@@@...........@@@@@@@.....................@@@......@@@@@@.............@@@@@@.............@@@@@@@@......................
...........@@@@@@@@@@@@@@@@@@@@@@@@@@@@@@@@@@@@@............................................@@@@@@........@@@@@@@@....................@@@@@@............@@@@@@..................@@@@@@......@@@@@@.............@@@@@.............@@@@@@@@.......................
....@@..@@@@@@@@@@@@@@@@@@@@@@@@@@@@@@@@@...................................................@@@...........@@@@@@@@....................@@@@@@............@@@@@.............@@@@@@@@@@@@@.....@@@@@@............@@@@@@.............@@@@@@@@.......................
@@@@@@@@@@@@@@@@@@@@@@@@@@@@@@@@@@@.@@@...................................................................@@@@@@@@....................@@@@@@@...........@@@@@@......@@@@@@@@@@@@@@@@@@@.....@@@@@@@..........@@@@@@.............@@@@@@@@........................
@@@@@@@@@@@@@@@@@@@@@@@@@@@@@@@............................................................................@@@@@@@....................@@@@@@@...........@@@@@@@.....@@@@@@@@@@@@@@@@@@@.....@@@@@@@..........@@@@@@.............@@@@@@@@........................
@@@@@@@@@@@@@@@@@@@@@@@@@@@................................................................................@@@@@@@@...................@@@@@@@...........@@@@@@@.....@@@@@@@@@@@@@@@@@@@.....@@@@@@@.........@@@@@@@............@@@@@@@@.........................
@@@@@@@@@@@@@@@@@@@@@......................................................................................@@@@@@@@....................@@@@@@............@@@@@@......@@@@@@@@@@@@@@@.........@@@@@@.........@@@@@@.............@@@@@@@@.........................
@@@@@@@@@@@@@@.............................................................................................@@@@@@@@....................@@@@@@............@@@@@@......@@@@@@@@@@@.............@@@@@@@.......@@@@@@@............@@@@@@@@......................@@@@
@@@@@@@@@..@@..............................................................................................@@@@@@@@....................@@@@@@@...........@@@@@@......@@@@@@@.................@@@@@@@.........@@@@.............@@@@@@@@...................@@@@@@@
@@@@@.......................................................................................................@@@@@@@....................@@@@@@@...........@@@@@@@.....@@@.....................@@@@..............@@............@@@@@@@@..................@@@@@@@@@
@...........................................................................................................@@@@@@@@...................@@@@@@@............@@@@@@.........................................@...................@@@@@@@..............@@@@@@@@@@@@@@
............................................................................................................@@@@@@@@....................@@@@@@............@@@@@@........................................@@@@................@@@@@@@@.........@@@@@@@@@@@@@@@@@@@
.................................@@@@.......................................................................@@@@@@@@....................@@@@@@............@@@@@@........................................@@@@@@...............@@@@@@@@..@@@@@@@@@@@@@@@@@@@@@@@@@
............................@@@@@@@@@.......................................................................@@@@@@@@....................@@@@@@............@@@@@@.......................................@@@@@@@@..............@@@@@@@@@@@@@@@@@@@@@@@@@@@@@@@@@@@
........................@@@@@@@@@@@@@........................................................................@@@@@@@....................@@@@@@@...........@@@@@@...................................@@..@@@@@@@................@@@@@@@@@@@@@@@@@@@@@@@@@@@@@@@@@@
....................@@@@@@@@@@@@@@@@@@.......................................................................@@@@@@@@...................@@@@@@@...........@@@@@@...................................@@@@@@@@@@@................@@@@@@@@@@@@@@@@@@@@@@@@@@@@@@....
................@@@@@@@@@@@@@@@@@@@@@@.......................................................................@@@@@@@@....................@@@@@@............@@@@@..................................@@@@@@@@@@@.................@@@@@@@@@@@@@@@@@@@@@@@@@@........
.........@@@@@@@@@@@@@@@@@@@@@@@@@@@@@.......................................................................@@@@@@@@....................@@@@@@............@@@@@@...................................@@@@@@@@@..................@@@@@@@@@@@@@@@@@@@@@............
.....@@@@@@@@@@@@@@@@@@@@@@@@@@@@@@@@@.......................................................................@@@@@@@@....................@@@@@@............@@@@@@....................................@@@@@@@.....................@@@@@@@@@@@@@@.................
@@@@@@@@@@@@@@@@@@@@@@@@@@@@@@@@@@@@@@........................................................................@@@@@@@....................@@@@@@@..........@@@@@@@...................................@@@@@@@@.....................@@@@@@@@@......................
@@@@@@@@@@@@@@@@@@@@@@@@@@@@@@@@@@@@@@@.......................................................................@@@@@@@....................@@@@@@@..........@@@@@@@..............................@@.@@@@@@@@@.......................@@@...........................
@@@@@@@@@@@@@@@@@@@@@@@@@@@@@@@@@@@@@@@.......................................................................@@@@@@@@....................@@@@@@...........@@@@@@.........................@@@@@@@@@@@@@@@@@.....................................................
@@@@@@@@@@@@@@@@@@@@@@@@@@@@@@@@@@@@@@@.......................................................................@@@@@@@@....................@@@@@@...........@@@@@@.................@@@.@@@@@@@@@@@@@@@@@@@@......................................................
@@@@@@@@@@@@@@@@@@@@@@@@@@@@@@@@@@@@@@@.......................................................................@@@@@@@@....................@@@@@@...........@@@@@@@............@@@@@@@@@@@@@@@@@@@@@@@@@@@@......................................................
@@@@@@@@@@.....@@@@@@@@@@@@@@@@@@@@@@@@........................................................................@@@@@@@....................@@@@@@@..........@@@@@@@...........@@@@@@@@@@@@@@@@@@@@@@@@@@@@.......................................................
@@@@@@..........@@@@@@@@@@@@@@@@@@@@@@@@.......................................................................@@@@@@@....................@@@@@@@...........@@@@@@......@@@@@@@@@@@@@@@@@@@@@@@@@@@@@@@@@.......................................................
................@@@@@@@@@@@@@@@@@@@@@@@@.......................................................................@@@@@@@@....................@@@@@@...........@@@@@@..@@@@@@@@@@@@@@@@@@@@@@@@@@@@@@@@@...........................................................
................@@@@@@@@@@@@@@@@@@@@@@@@.......................................................................@@@@@@@@....................@@@@@@...........@@@@@@@@@@@@@@@@@@@@@@@@@@@@@@...@@.................................................................
................@@@@@@@@@@@@@@@@@@@@@@@@.......................................................................@@@@@@@@....................@@@@@@...........@@@@@@@@@@@@@@@@@@@@@@@@@@..........................................................................
................@@@@@@@@@@@@@@@@@@@@@@@@........................................................................@@@@@@@.....................@@@@@@............@@@@@@@@@@@@@@@@@@@@............................................................................@@
.................@@@@@@@@@@@@@@@@@@@@@@@@.......................................................................@@@@@@@.....................@@@@@@............@@@@@@@@@@@@@@@@...........................................................................@@@@@@@
.................@@@@@@@@@@@@@@@@@@@@@@@@.......................................................................@@@@@@@@...................@@@@@@@.............@@@@@@@@@@@@@........................................................................@@@@@@@@@@@@
...........@@....@@@@@@@@@@@@@@@@@@@@@@@@........................................................................@@@@@@@...............@@@@@@@@................@@@@@@@@@....................................................................@@.@@@@@@@@@@@@@@@@@
.........@@@@....@@@@@@@@@@@@@@@@@@@@@@@@........................................................................@@@@@@@.............@@@@@@@@@@................@@@.....................................................................@@@@@@@@@@@@@@@@@@@@@@@@@
.........@@@@@...@@@@@@@@@@@@@@@@@@@@@@@@@........................................................................@@@@@@.............@@@@@@@@@@@...........................................................................@@@@......@@@@@@@@@@@@@@@@@@@@@@@@@@@
..........@@@@....@@@@@@@@@@@@@@@@@@@@@@@@........................................................................@@@@@@.............@@@@@@@@@@@.......................................................................@@@@@@@@......@@@@@@@@@@@@@@@@@@@@@@@@@@@
..........@@@@....@@@@@@@@@@@@@@@@@@@@@@@@........................................................................@@@@@@@.............@@@@@@@@@@.......................................................................@@@@@@@@.......@@@@@@@@@@@@@@@@@@@@@@@...
..........@@@@....@@@@@@@@@@@@@@.@@@@@@@@@........................................................................@@@@@@@.............@@@@@@@..........................................................................@@@@@@@@@......@@@@@@@@@@@@@@@@@@........
..........@@@@@...@@@@@@@@@...@@@@@@@@@@@@.........................................................................@@@@@@.............@@@...............................................................................@@@@@@@@......@@@@@@@@@@@@@.............
...........@@@@....@@@........@@@@@@@@@@@@@........................................................................@@@@@@@............................................................................@@@...............@@@@@@@@......@@@@@@@@@.................
...........@@@@...............@@@@@@@@@@@@@........................................................................@@@@@@@.......................................................................@@@@@@@@...............@@@@@@@@.......@@@@@@@..................
...........@@@@................@@@@@@@@@@@@.........................................................................@@@@@@..................................................................@@@@@@@@@@@@@...............@@@@@@@@@......@.@@@....................
...........@@@@@...............@@@@@@@@@@@@.........................................................................@@................................................................@@@@@@@@@@@@@@@@@@@@...............@@@@@@@@...............................
@...........@@@@...............@@@@@@@@@@@@..........................@@@.........................................................................................................@@@@@@@@@@@@@@@@@@@@@@@@@...............@@@@@@@@...............................
@...........@@@@...............@@@@@@@@@@@@@.....................@@@@@@@......................................................................................................@@@@@@@@@@@@@@@@@@@@@@@@@@@@...............@@@@@@@@..............................@
@...........@@@@...............@@@@@@@@@@@@@...................@@@@@@@@@......................................................................................................@@@@@@@@@@@@@@@@@@@@@@@@@@@@...............@@@@@@@@@............@@@..........@@@@@
@@..........@@@@@..............@@@@@@@@@@@@@...................@@@@@@@@@@.....................................................................................................@@@@@@@@@@@@@@@@@@@@@@@@@@@@................@@@@@@@@.........@@@@@@......@@@@@@@@@
@@...........@@@@..@@@..........@@@@@@@@@@@@...................@@@@@@@@@@.....................................................................................................@@@@@@@@@@@@@@@@@@@@@@@@@@@@@...............@@@@@@@@........@@@@@@@...@@@@@@@@@@@@
@............@@@@@@@@@..........@@@@@@@@@@@@....................@@@@@@@@@......................................................................................................@@@@@@@@@@@@@@@@@..@@@@@@@@@...............@@@@@@@@........@@@@@@@...@@@@@@@@@@@@
@@........@@@@@@@@@@@@..........@@@..@@@@@@@@...................@@@@@..........................................................................................................@@@@@@@@@@@@.......@@@@@@@@@...............@@@@@@@@@........@@@@@@...@@@@@@@@@@@@
@@........@@@@@@.@@@@@..............@@@@@@@@@..................................................................................................................................@@@@@@@@............@@@@@@@@................@@@@@@@@........@@@@@@@...@@@@@@@@@@@
@@.........@@@...@@@@@............@@@@@@@@@@@..................................................................................................................................@@@.................@@@@@@@@................@@@@@@..........@@@@@@@...@@@@@@@@@@@
.................@@@@@...@@@@@@@@@@@@@@@@@@@@......................................................................................................................................................@@@@@@@@@...............@@..............@@@@@@@...@@@@@@@....
.@@@.............@@@@@..@@@@@@@@@@@@@@@@@@@@@......................................................................................................................................................@@@@@@@@@...............................@@@@@@@..............
@@@@..............@@@@@@@@@@@@@@@@@@@@@@@@@@@@.....................................................................................................................................................@@@@@@@@@................................@@@@@@..............
@@@@..........@@@@@@@@@@@@@@@@@@@@@@@@@@@@@@@@.....................................................................................................................................................@@@@@@@@@................................@@@@@@@.............
@@@@@.......@@@@@@@@@@@@@@@@@@@@@@@@@@@@@@@@@@......................................................................................................................................................@@@@@@@@................................@@@@@@@.............
@@@@@......@@@@@@@@@@@@@@@@@@@@@@@@@@@@@@@@.........................................................................................................................................................@@@@@@@@.................................@@@@@@.............
@@@@@...@@@@@@@@@@@@@@@@@@@@@@@@@@@@@...............................................................................................................................................................@@@@@@@@@................................@@@@@@.............
@@@@@@@@@@@@@@@@@@@@@@@@@@@@@@@@....................................................................................................................................................................@@@@@@@@@................................@@@@@@.............
@@@@@@@@@@@@@@@@@@@@@@@@@@@@@.......................................................................................................................................................................@@@@@@@@@................................@@@@@@.............
@@@@@@@@@@@@@@@@@@@@.................................................................................................................................................................................@@@@@@@@................................@@@@@@@............
@@@@@@@@@@@@@@@@@....................................................@@@.............................................................................................................................@@@@@@@@.................................@@@@@@............
@@@@@@@@@@@@@....................................................@@@@@@@.............................................................................................................................@@@@@@@@@................................@@................
@@@@@@@@....................................................@@@@@@@@@@@@.............................................................................................................................@@@@@@@@@...................@@@............................
@@@.....................................................@@@@@@@@@@@@@@@@@............................................................................................................................@@@@@@@@@.................@@@@@.@@@..........@@@...........
.....................................................@@@@@@@@@@@@@@@@@@@@............................................................................................................................@@@@@@@@@................@@@@@@@@@@.......@@@@@@...........
.....................................................@@@@@@@@@@@@@@@@@@@@.............................................................................................................................@@@@@@@@..............@@@@@@@@@@@@@@....@@@@@@@...........
.....................................@@@.............@@@@@@@@@@@@@@@@@@@@@@@@.........................................................................................................................@@@@@@@@@.............@@@@@@@@@@@@@@....@@@@@@@...........
.................................@@@@@@@..............@@@@@@@@@@@@@@@..@@@@@@........................................................................................................................@@@@@@@@@@.............@@@@@@@@@@@@@......@@@@@@...........
.............................@@@@@@@@@@@@.....@@......@@@@@@@@@........@@@@@@....................................................................................................................@@@@@@@@@@@@@@.............@@@@@@@@@@@@@......@@@@@@...........
.........................@@@@@@@@@@@@@@@@@@@@@@@......@@@..............@@@@@@..................................................................................................................@@@@@@@@@@@@@@@@..............@@@@@@@@@@@@......@@@@@@@..........
...................@@..@@@@@@@@@@@@@@@@@@@@@@@@@.......................@@@@@@..................................................................................................................@@@@@@@@@@@@@@@@..............@@@@@@@@@@.........@@@@@@.......@@@
...............@@@@@@..@@@@@@@@@@@@@@@@@@@@@@@@@.......................@@@@@@@..................................................................................................................@@@@@@@@@@@@@@@@.............@@@@@@@@@..........@@........@@@@@@
.........@@@@@@@@@@@@..@@@@@@@@@@@@@@@@@@@@@@@@@.......................@@@@@@@..................................................................................................................@@@@@@@@@@@@@@@@.............@@.@@@@@@....................@@@@@@
.....@@@@@@@@@@@@@@@@@..@@@@@@@@@@@@@@...@@@@@@@.......................@@@@@@@..................................................................................................................@@@@@@@@@@@@@@@@................@@@@@@..............@@@...@@@@@@
...@@@@@@@@@@@@@@@@@@@..@@@@@@@@@........@@@@@@@.......................@@@@@@@..................................................................................................................@@@@@@@@@@@@@@@@..................@@@@..........@@@@@@@...@@@@@@
...@@@@@@@@@@@@@@@@@@@..@@@..............@@@@@@@.......................@@@@@@@...................................................................................................................@@@@@@@@@@@@@@@..................@@@@..........@@@@@@@....@@@@@
...@@@@@@@@@@@@@@@@@@@....................@@@@@@........................@@@@@@...................................................................................................................@@@@@@@@@@@@@@@.................................@@@@@@....@@@@@
...@@@@@@@@@@@@@@@@.......................@@@@@@........................@@@@@@...................................................................................................................@@@@@@@@@@@@....................................@@@@@@@...@@@@@
...@@@@@@@@@@@@...........................@@@@@@@.......................@@@@@@...................................................................................................................@@@@@@@.........................................@@@@@@@........
...@@@@@@@@...........@@@@................@@@@@@@.......................@@@@@@...................................................................................................................@@@..............................................@@@@@@........
....@@@@@@@........@@@@@@@................@@@@@@@.......................@@@@@@@...................................................................................................................................................................@@@@..........
....@@@@@@@@.......@@@@@@@@...............@@@@@@@.......................@@@@@@@.................................................................................................................................................................................
....@@@@@@@@.......@@@@@@@@...............@@@@@@@.......................@@@@@@@.................................................................................................................................................................................
....@@@@@@@@......@@@@....................@@@@@@@.......................@@@@@@@.................................................................................................................................................................................
.....@@@@@@@......@@@@.....................@@@@@@.......................@@@@@@@@@...............................................................................................................................................................................
.....@@@@@@@...............................@@@@@@.......................@@@@@@@@@.............................................................................................................................................................................@@
.....@@@@@@@@..............................@@@@@@.........................@@@@@@@.............................................................................................................................................................................@@
.....@@@@@@@@....@@@@@@....................@@@@@@@........................@@@@@@@................................................................................................................................................................@@@..........@@
......@@@@@@@..@@@@@@@@@....................@@@@@@........................@@@@@@@........................................................................................................................................................@@@.@@@@@@@..........@@
......@@@@@@@@@@@@@@@@@@....................@@@@@@.........................@@@@@@@.....................................................................................................................................................@@@@@@@@@@@@@...........@
......@@@@@@@@@@@...........................@@@@@@.........................@@@@@@@.................................................................................................................................................@@@@@@@@@@@@@@@@@@..........@
......@@@@@@@@@.............................@@@@@@@........................@@@@@@@.........@@@@@@@...............................................................................................................................@@@@@@@@@@@@@@@@@@@@..........@
........@@@@@@@..............................@@@@@@........................@@@@@@@..@@@@@@@@@@@@@@...............................................................................................................................@@@@@@@@@@@@@@@@@@@@..........@
........@@@@@@@..............................@@@@@@........................@@@@@@@..@@@@@@@@@@@@@@................................................................................................................................@@@@@@@@@@@@@@@@@@@..........@
........@@@@@@@@@............................@@@@@@.......@@@@@@@@@........@@@@@@@..@@@@@@@@@@@@@@...............................................................................................................................@@@@@@@@@@@@@@@@@@@@...........
........@@@@@@@@@............................@@@@@@@@@@@@@@@@@@@@@@........@@@@@@@..@@@@@@@......................................................................................................................................@@@@@@@@@@@@@@@@@@@@...........
.........@@@@@@.....................@@@@@@@@@@@@@@@@@@@@@@@@@@@@@@@........@@@@@@@................................................................................................................................................@@@@@@@@@@@@@@@@@@@...........
.........@@@@@@@............@@@@@@@@@@@@@@@@@@@@@@@@@@@@@@@@@@.............@@@@@@@................................................................................................................................................@@@@@@@@@@@@@@@@@@@...........
.........@@@@@@@@@@@@@@@@@@@@@@@@@@@@@@@@@@@@@@@@@@@@@.....................@@@@@@@...........@@@@@@@...............................................................................................................................@@@@@@@@@@@@@@@..............
.........@@@@@@@@@@@@@@@@@@@@@@@@@@@@@@@@@@@@@@@@@..........................@@@@@@@...@@@@@@@@@@@@@@...............................................................................................................................@@@@@@@@@....................
.........@@@@@@@@@@@@@@@@@@@@@@@@@@@@@@@@@@@@...............................@@@@@@@...@@@@@@@@@@@@@@...............................................................................................................................@@@..........................
.........@@@@@@@@@@@@@@@@@@@@@@...............................@@@@@.........@@@@@@@...@@@@@@@@@@@@@@..........................................................................................................................................................@@
.........@@@@@@@.....................................@@@@@@@@@@@@@@.........@@@@@@@...@@@@@@@@@@@@@@..........................................................................................................................................................@@
..........@@@@@@@...........................@@@@@@@@@@@@@@@@@@@@@@@@........@@@@@@@...........@@@@@@..........................................................................................................................................................@@
..........@@@@@@@.............@@@@@@@@@@@@@@@@@@@@@@@@@@@@@@@@@@@@@@..........................@@@..............................................................................................................................................................@
..........@@@@........@@@@@@@@@@@@@@@@@@@@@@@@@@@@@@@@@@@@@@@@@................................................................................................................................................................................................@
...........@@@@@@.@@@@@@@@@@@@@@@@@@@@@@@@@@@@@@@@@.@@@@@@@....................................................................................................................................................................................................@
...........@@@@@@@@@@@@@@@@@@@@@@@@@@@@@@@@..@@@@...@@@@@@@................................@@@.................................................................................................................................................................@
...........@@@@@@@@@@@@@@@@@@@@@@@@@@@@@@....@@@@....@@@@@@@..........................@@@@@@@@@@@..............................................................................................................................................................@
...........@@@@@@@@@@@.....@@@@@@@@@@@@@@.....@@@@...@@@@@@@..........................@@@@@@@@@@@..............................................................................................................................................................@
...........@@@@@@@@@@@.....@@@@@@@@.@@........@@@@...@@@@@@@..........................@@@@@@@@@@@...............................................................................................................................................................
[LNS] Number of agents: 50
[LNS] Agents (start -> goal):
  Agent 0: (92,220) -> (65,194)
  Agent 1: (202,146) -> (191,132)
  Agent 2: (112,254) -> (219,222)
  Agent 3: (83,87) -> (246,107)
  Agent 4: (153,24) -> (201,58)
  Agent 5: (230,51) -> (23,11)
  Agent 6: (170,82) -> (170,253)
  Agent 7: (77,93) -> (195,69)
  Agent 8: (9,56) -> (103,243)
  Agent 9: (38,141) -> (56,226)
  Agent 10: (121,250) -> (125,148)
  Agent 11: (15,178) -> (71,37)
  Agent 12: (140,157) -> (138,160)
  Agent 13: (142,80) -> (36,84)
  Agent 14: (82,125) -> (180,171)
  Agent 15: (43,13) -> (27,232)
  Agent 16: (248,115) -> (104,81)
  Agent 17: (151,17) -> (167,51)
  Agent 18: (126,79) -> (205,122)
  Agent 19: (184,126) -> (206,79)
  Agent 20: (101,171) -> (89,172)
  Agent 21: (150,78) -> (156,71)
  Agent 22: (76,6) -> (104,23)
  Agent 23: (214,117) -> (255,250)
  Agent 24: (167,47) -> (215,0)
  Agent 25: (230,41) -> (46,251)
  Agent 26: (35,212) -> (238,3)
  Agent 27: (225,98) -> (210,101)
  Agent 28: (11,73) -> (120,60)
  Agent 29: (156,185) -> (163,173)
  Agent 30: (46,29) -> (206,167)
  Agent 31: (234,41) -> (33,226)
  Agent 32: (189,243) -> (18,11)
  Agent 33: (10,5) -> (88,30)
  Agent 34: (74,51) -> (3,37)
  Agent 35: (172,237) -> (66,142)
  Agent 36: (79,168) -> (88,157)
  Agent 37: (178,183) -> (0,138)
  Agent 38: (175,230) -> (236,136)
  Agent 39: (15,144) -> (163,81)
  Agent 40: (0,47) -> (225,247)
  Agent 41: (124,243) -> (16,151)
  Agent 42: (237,153) -> (60,184)
  Agent 43: (215,85) -> (124,170)
  Agent 44: (132,142) -> (5,0)
  Agent 45: (105,134) -> (91,244)
  Agent 46: (155,10) -> (147,212)
  Agent 47: (12,45) -> (229,246)
  Agent 48: (219,62) -> (34,225)
  Agent 49: (0,114) -> (250,8)
[LNS] Base makespan: 444

[LNS] === Attempt with max_timesteps=444 ===
[SAT] Creating MDDs with shortest paths + waiting time...
[SAT] Created 50 MDDs with waiting time structure
[LNS] Built MDDs with waiting time structure for 50 agents at makespan 444
[Current_Solution] Calculating waiting times for agents...
[Current_Solution] Agent 49 reaches goal at t=382, waiting time=62
[Current_Solution] Agent 48 reaches goal at t=368, waiting time=76
[Current_Solution] Agent 47 reaches goal at t=418, waiting time=26
[Current_Solution] Agent 46 reaches goal at t=274, waiting time=170
[Current_Solution] Agent 45 reaches goal at t=160, waiting time=284
[Current_Solution] Agent 44 reaches goal at t=269, waiting time=175
[Current_Solution] Agent 43 reaches goal at t=176, waiting time=268
[Current_Solution] Agent 42 reaches goal at t=218, waiting time=226
[Current_Solution] Agent 41 reaches goal at t=208, waiting time=236
[Current_Solution] Agent 40 reaches goal at t=427, waiting time=17
[Current_Solution] Agent 39 reaches goal at t=211, waiting time=233
[Current_Solution] Agent 38 reaches goal at t=155, waiting time=289
[Current_Solution] Agent 37 reaches goal at t=241, waiting time=203
[Current_Solution] Agent 36 reaches goal at t=20, waiting time=424
[Current_Solution] Agent 35 reaches goal at t=201, waiting time=243
[Current_Solution] Agent 34 reaches goal at t=85, waiting time=359
[Current_Solution] Agent 33 reaches goal at t=111, waiting time=333
[Current_Solution] Agent 32 reaches goal at t=407, waiting time=37
[Current_Solution] Agent 31 reaches goal at t=424, waiting time=20
[Current_Solution] Agent 30 reaches goal at t=298, waiting time=146
[Current_Solution] Agent 29 reaches goal at t=19, waiting time=425
[Current_Solution] Agent 28 reaches goal at t=142, waiting time=302
[Current_Solution] Agent 27 reaches goal at t=18, waiting time=426
[Current_Solution] Agent 26 reaches goal at t=414, waiting time=30
[Current_Solution] Agent 25 reaches goal at t=444, waiting time=0
[Current_Solution] Agent 24 reaches goal at t=95, waiting time=349
[Current_Solution] Agent 23 reaches goal at t=174, waiting time=270
[Current_Solution] Agent 22 reaches goal at t=45, waiting time=399
[Current_Solution] Agent 21 reaches goal at t=13, waiting time=431
[Current_Solution] Agent 20 reaches goal at t=13, waiting time=431
[Current_Solution] Agent 19 reaches goal at t=69, waiting time=375
[Current_Solution] Agent 18 reaches goal at t=122, waiting time=322
[Current_Solution] Agent 17 reaches goal at t=50, waiting time=394
[Current_Solution] Agent 16 reaches goal at t=178, waiting time=266
[Current_Solution] Agent 15 reaches goal at t=287, waiting time=157
[Current_Solution] Agent 14 reaches goal at t=144, waiting time=300
[Current_Solution] Agent 13 reaches goal at t=118, waiting time=326
[Current_Solution] Agent 12 reaches goal at t=5, waiting time=439
[Current_Solution] Agent 11 reaches goal at t=197, waiting time=247
[Current_Solution] Agent 10 reaches goal at t=114, waiting time=330
[Current_Solution] Agent 9 reaches goal at t=109, waiting time=335
[Current_Solution] Agent 8 reaches goal at t=313, waiting time=131
[Current_Solution] Agent 7 reaches goal at t=152, waiting time=292
[Current_Solution] Agent 6 reaches goal at t=203, waiting time=241
[Current_Solution] Agent 5 reaches goal at t=271, waiting time=173
[Current_Solution] Agent 4 reaches goal at t=82, waiting time=362
[Current_Solution] Agent 3 reaches goal at t=183, waiting time=261
[Current_Solution] Agent 2 reaches goal at t=157, waiting time=287
[Current_Solution] Agent 1 reaches goal at t=25, waiting time=419
[Current_Solution] Agent 0 reaches goal at t=53, waiting time=391
[Current_Solution] Waiting time calculation complete
[LNS] Created current solution with 50 agent paths on a map of size 256x256
[LNS] Analyzing conflicts...
[LNS] Current solution: vertex collisions=13, edge collisions=0
[LNS] Creating conflict buckets...
[LOCAL ZONE] Building diamond bucket for conflict 0
[LOCAL ZONE] Built diamond bucket for conflict 0 with 5 positions, 1 conflicts, 46 - 46 time window
[LNS] Selected most relevant bucket 0 with time window: 46 - 46, 1 conflicts and 5 positions.
[LNS] Solving the best bucket Local Zone...
[Solve_local_zone] Local zone size reached 95% of all walkable positions
[Solve_local_zone] Will try to solve with full time window and all positions
[Solve_local_zone] Makespan: 444
[Solve_local_zone] Time window: [0, 444]
[Current_Solution] Agent 0 used 391 waiting timesteps, 0 remaining
[Current_Solution] Agent 1 used 419 waiting timesteps, 0 remaining
[Current_Solution] Agent 2 used 287 waiting timesteps, 0 remaining
[Current_Solution] Agent 3 used 261 waiting timesteps, 0 remaining
[Current_Solution] Agent 4 used 362 waiting timesteps, 0 remaining
[Current_Solution] Agent 5 used 173 waiting timesteps, 0 remaining
[Current_Solution] Agent 6 used 241 waiting timesteps, 0 remaining
[Current_Solution] Agent 7 used 292 waiting timesteps, 0 remaining
[Current_Solution] Agent 8 used 131 waiting timesteps, 0 remaining
[Current_Solution] Agent 9 used 335 waiting timesteps, 0 remaining
[Current_Solution] Agent 10 used 330 waiting timesteps, 0 remaining
[Current_Solution] Agent 11 used 247 waiting timesteps, 0 remaining
[Current_Solution] Agent 12 used 439 waiting timesteps, 0 remaining
[Current_Solution] Agent 13 used 326 waiting timesteps, 0 remaining
[Current_Solution] Agent 14 used 300 waiting timesteps, 0 remaining
Command terminated after exceeding the time limit.
# Run terminated after reaching overall time limit

# Batch stopped after reaching overall time limit (elapsed 599s)
