# Batch started 2026-07-09 17:20:48 | map=/home/max/Documents/PhD/MAPF/LNS/MAPF_LNS_SAT/mapf-map/room-32-32-4.map | agents=100 | total_time_limit=600s

# Run 0 | scenario="/home/max/Documents/PhD/MAPF/LNS/MAPF_LNS_SAT/mapf-scen-even/scen-even/room-32-32-4-even-1.scen" | scenario_index=0
# Command: /home/max/Documents/PhD/MAPF/LNS/MAPF_LNS_SAT/lns_clean/main_clean_lns /home/max/Documents/PhD/MAPF/LNS/MAPF_LNS_SAT/mapf-map/room-32-32-4.map /home/max/Documents/PhD/MAPF/LNS/MAPF_LNS_SAT/mapf-scen-even/scen-even/room-32-32-4-even-1.scen 100 0 minisat 42
# Remaining time budget: 599 seconds
[LNS] Loaded map 32x32, agents: 100
[LNS] Map:
@@@.@.@@@.@@@.@@@.@@@.@@@.@@@.@@
@...@.......@...@.......@...@...
@...@...@...@.......@...@.......
....@...@.......@...@.......@...
@@@.@@.@@@@.@@.@@@@@@@@@@@@.@@.@
@.......@...........@...@...@...
....@.......@...@...@...@.......
@...@...@...@...@.......@...@...
@@@@@@.@@@@@@@.@@@.@@@@.@.@@@@@.
....@.......@.......@.......@...
@.......@...@...@...@...@.......
@...@...@.......@.......@...@...
@@@@@.@@@.@@@@@@@@.@@@.@@@@.@@@.
@...@.......@...@.......@...@...
@...@...@...........@...@.......
....@...@...@...@...@...@...@...
@@.@@@.@@@@.@@@@@@.@@@.@@@@.@@@.
....@...@...@...@.......@...@...
@...@.......@.......@...........
@.......@...@...@...@...@...@...
@@.@@@@@@.@@@@@@@@@@@@.@@@@.@@@.
@...@.......@...@.......@...@...
@.......@...@.......@...@...@...
....@...@.......@...@...@.......
@.@@@@@@@@@.@@@.@.@@@@@.@@@.@@.@
@...@...@...@...@...@.......@...
........@...@...@.......@...@...
@...@...@...........@...@...@...
@@@.@@@@@@.@@@@@@@.@@@@.@@@.@@@.
....@...@...@...@...@...@...@...
@...........@...@...@...@...@...
@...@...@...@...................
[LNS] Number of agents: 100
[LNS] Agents (start -> goal):
  Agent 0: (1,9) -> (21,29)
  Agent 1: (22,31) -> (23,5)
  Agent 2: (6,17) -> (1,17)
  Agent 3: (13,15) -> (14,30)
  Agent 4: (3,24) -> (21,11)
  Agent 5: (9,11) -> (29,29)
  Agent 6: (14,26) -> (19,25)
  Agent 7: (26,18) -> (25,26)
  Agent 8: (6,15) -> (5,31)
  Agent 9: (1,25) -> (1,29)
  Agent 10: (11,29) -> (11,31)
  Agent 11: (23,25) -> (1,1)
  Agent 12: (15,19) -> (20,27)
  Agent 13: (13,21) -> (20,31)
  Agent 14: (5,6) -> (31,23)
  Agent 15: (10,23) -> (23,0)
  Agent 16: (13,11) -> (16,6)
  Agent 17: (5,2) -> (26,26)
  Agent 18: (17,0) -> (18,1)
  Agent 19: (8,18) -> (13,25)
  Agent 20: (15,10) -> (13,15)
  Agent 21: (21,2) -> (15,2)
  Agent 22: (30,13) -> (3,30)
  Agent 23: (6,1) -> (13,18)
  Agent 24: (15,1) -> (13,17)
  Agent 25: (17,27) -> (6,29)
  Agent 26: (0,5) -> (25,31)
  Agent 27: (6,3) -> (27,22)
  Agent 28: (18,31) -> (25,17)
  Agent 29: (26,0) -> (17,0)
  Agent 30: (13,14) -> (15,17)
  Agent 31: (6,18) -> (7,18)
  Agent 32: (21,26) -> (27,6)
  Agent 33: (21,9) -> (3,29)
  Agent 34: (25,7) -> (18,29)
  Agent 35: (31,27) -> (3,14)
  Agent 36: (26,5) -> (14,3)
  Agent 37: (2,2) -> (21,15)
  Agent 38: (26,10) -> (4,6)
  Agent 39: (26,6) -> (14,14)
  Agent 40: (23,26) -> (21,19)
  Agent 41: (16,2) -> (27,30)
  Agent 42: (28,18) -> (10,15)
  Agent 43: (19,7) -> (10,19)
  Agent 44: (7,18) -> (6,5)
  Agent 45: (11,27) -> (2,23)
  Agent 46: (10,31) -> (25,6)
  Agent 47: (9,18) -> (31,10)
  Agent 48: (3,18) -> (31,13)
  Agent 49: (20,9) -> (18,10)
  Agent 50: (9,30) -> (21,25)
  Agent 51: (19,25) -> (21,31)
  Agent 52: (25,21) -> (30,2)
  Agent 53: (2,25) -> (1,9)
  Agent 54: (30,6) -> (7,15)
  Agent 55: (16,18) -> (6,19)
  Agent 56: (31,13) -> (2,19)
  Agent 57: (2,17) -> (30,14)
  Agent 58: (30,29) -> (31,31)
  Agent 59: (29,10) -> (6,17)
  Agent 60: (29,14) -> (3,18)
  Agent 61: (6,23) -> (2,31)
  Agent 62: (2,22) -> (30,15)
  Agent 63: (2,5) -> (29,15)
  Agent 64: (27,11) -> (19,6)
  Agent 65: (6,11) -> (29,9)
  Agent 66: (5,15) -> (6,0)
  Agent 67: (9,9) -> (22,10)
  Agent 68: (27,5) -> (22,17)
  Agent 69: (1,13) -> (2,3)
  Agent 70: (9,24) -> (11,27)
  Agent 71: (27,9) -> (28,31)
  Agent 72: (27,29) -> (3,3)
  Agent 73: (21,20) -> (19,27)
  Agent 74: (18,26) -> (17,5)
  Agent 75: (26,31) -> (3,7)
  Agent 76: (23,15) -> (1,20)
  Agent 77: (9,29) -> (30,11)
  Agent 78: (15,30) -> (27,2)
  Agent 79: (14,6) -> (9,13)
  Agent 80: (31,28) -> (0,5)
  Agent 81: (0,29) -> (5,12)
  Agent 82: (28,3) -> (1,23)
  Agent 83: (8,6) -> (3,31)
  Agent 84: (19,19) -> (3,11)
  Agent 85: (25,5) -> (13,30)
  Agent 86: (24,30) -> (31,30)
  Agent 87: (26,25) -> (9,16)
  Agent 88: (13,30) -> (26,18)
  Agent 89: (31,17) -> (26,10)
  Agent 90: (12,9) -> (6,30)
  Agent 91: (14,9) -> (10,14)
  Agent 92: (1,17) -> (19,18)
  Agent 93: (27,18) -> (5,9)
  Agent 94: (24,15) -> (6,28)
  Agent 95: (29,13) -> (0,17)
  Agent 96: (29,6) -> (21,1)
  Agent 97: (19,14) -> (17,14)
  Agent 98: (12,27) -> (6,2)
  Agent 99: (26,11) -> (18,19)
[LNS] Base makespan: 55

[LNS] === Attempt with max_timesteps=55 ===
[SAT] Creating MDDs with shortest paths + waiting time...
[SAT] Created 100 MDDs with waiting time structure
[LNS] Built MDDs with waiting time structure for 100 agents at makespan 55
[Current_Solution] Calculating waiting times for agents...
[Current_Solution] Agent 99 reaches goal at t=24, waiting time=31
[Current_Solution] Agent 98 reaches goal at t=35, waiting time=20
[Current_Solution] Agent 97 reaches goal at t=2, waiting time=53
[Current_Solution] Agent 96 reaches goal at t=15, waiting time=40
[Current_Solution] Agent 95 reaches goal at t=55, waiting time=0
[Current_Solution] Agent 94 reaches goal at t=31, waiting time=24
[Current_Solution] Agent 93 reaches goal at t=39, waiting time=16
[Current_Solution] Agent 92 reaches goal at t=25, waiting time=30
[Current_Solution] Agent 91 reaches goal at t=9, waiting time=46
[Current_Solution] Agent 90 reaches goal at t=31, waiting time=24
[Current_Solution] Agent 89 reaches goal at t=14, waiting time=41
[Current_Solution] Agent 88 reaches goal at t=25, waiting time=30
[Current_Solution] Agent 87 reaches goal at t=26, waiting time=29
[Current_Solution] Agent 86 reaches goal at t=9, waiting time=46
[Current_Solution] Agent 85 reaches goal at t=51, waiting time=4
[Current_Solution] Agent 84 reaches goal at t=24, waiting time=31
[Current_Solution] Agent 83 reaches goal at t=36, waiting time=19
[Current_Solution] Agent 82 reaches goal at t=51, waiting time=4
[Current_Solution] Agent 81 reaches goal at t=26, waiting time=29
[Current_Solution] Agent 80 reaches goal at t=54, waiting time=1
[Current_Solution] Agent 79 reaches goal at t=12, waiting time=43
[Current_Solution] Agent 78 reaches goal at t=48, waiting time=7
[Current_Solution] Agent 77 reaches goal at t=41, waiting time=14
[Current_Solution] Agent 76 reaches goal at t=41, waiting time=14
[Current_Solution] Agent 75 reaches goal at t=49, waiting time=6
[Current_Solution] Agent 74 reaches goal at t=30, waiting time=25
[Current_Solution] Agent 73 reaches goal at t=11, waiting time=44
[Current_Solution] Agent 72 reaches goal at t=52, waiting time=3
[Current_Solution] Agent 71 reaches goal at t=29, waiting time=26
[Current_Solution] Agent 70 reaches goal at t=5, waiting time=50
[Current_Solution] Agent 69 reaches goal at t=19, waiting time=36
[Current_Solution] Agent 68 reaches goal at t=29, waiting time=26
[Current_Solution] Agent 67 reaches goal at t=18, waiting time=37
[Current_Solution] Agent 66 reaches goal at t=18, waiting time=37
[Current_Solution] Agent 65 reaches goal at t=37, waiting time=18
[Current_Solution] Agent 64 reaches goal at t=15, waiting time=40
[Current_Solution] Agent 63 reaches goal at t=49, waiting time=6
[Current_Solution] Agent 62 reaches goal at t=49, waiting time=6
[Current_Solution] Agent 61 reaches goal at t=18, waiting time=37
[Current_Solution] Agent 60 reaches goal at t=54, waiting time=1
[Current_Solution] Agent 59 reaches goal at t=36, waiting time=19
[Current_Solution] Agent 58 reaches goal at t=3, waiting time=52
[Current_Solution] Agent 57 reaches goal at t=51, waiting time=4
[Current_Solution] Agent 56 reaches goal at t=53, waiting time=2
[Current_Solution] Agent 55 reaches goal at t=11, waiting time=44
[Current_Solution] Agent 54 reaches goal at t=40, waiting time=15
[Current_Solution] Agent 53 reaches goal at t=23, waiting time=32
[Current_Solution] Agent 52 reaches goal at t=24, waiting time=31
[Current_Solution] Agent 51 reaches goal at t=10, waiting time=45
[Current_Solution] Agent 50 reaches goal at t=17, waiting time=38
[Current_Solution] Agent 49 reaches goal at t=3, waiting time=52
[Current_Solution] Agent 48 reaches goal at t=53, waiting time=2
[Current_Solution] Agent 47 reaches goal at t=34, waiting time=21
[Current_Solution] Agent 46 reaches goal at t=54, waiting time=1
[Current_Solution] Agent 45 reaches goal at t=17, waiting time=38
[Current_Solution] Agent 44 reaches goal at t=16, waiting time=39
[Current_Solution] Agent 43 reaches goal at t=21, waiting time=34
[Current_Solution] Agent 42 reaches goal at t=33, waiting time=22
[Current_Solution] Agent 41 reaches goal at t=49, waiting time=6
[Current_Solution] Agent 40 reaches goal at t=15, waiting time=40
[Current_Solution] Agent 39 reaches goal at t=30, waiting time=25
[Current_Solution] Agent 38 reaches goal at t=30, waiting time=25
[Current_Solution] Agent 37 reaches goal at t=38, waiting time=17
[Current_Solution] Agent 36 reaches goal at t=18, waiting time=37
[Current_Solution] Agent 35 reaches goal at t=41, waiting time=14
[Current_Solution] Agent 34 reaches goal at t=47, waiting time=8
[Current_Solution] Agent 33 reaches goal at t=40, waiting time=15
[Current_Solution] Agent 32 reaches goal at t=42, waiting time=13
[Current_Solution] Agent 31 reaches goal at t=1, waiting time=54
[Current_Solution] Agent 30 reaches goal at t=5, waiting time=50
[Current_Solution] Agent 29 reaches goal at t=13, waiting time=42
[Current_Solution] Agent 28 reaches goal at t=21, waiting time=34
[Current_Solution] Agent 27 reaches goal at t=44, waiting time=11
[Current_Solution] Agent 26 reaches goal at t=51, waiting time=4
[Current_Solution] Agent 25 reaches goal at t=17, waiting time=38
[Current_Solution] Agent 24 reaches goal at t=26, waiting time=29
[Current_Solution] Agent 23 reaches goal at t=28, waiting time=27
[Current_Solution] Agent 22 reaches goal at t=48, waiting time=7
[Current_Solution] Agent 21 reaches goal at t=6, waiting time=49
[Current_Solution] Agent 20 reaches goal at t=7, waiting time=48
[Current_Solution] Agent 19 reaches goal at t=18, waiting time=37
[Current_Solution] Agent 18 reaches goal at t=2, waiting time=53
[Current_Solution] Agent 17 reaches goal at t=45, waiting time=10
[Current_Solution] Agent 16 reaches goal at t=8, waiting time=47
[Current_Solution] Agent 15 reaches goal at t=36, waiting time=19
[Current_Solution] Agent 14 reaches goal at t=43, waiting time=12
[Current_Solution] Agent 13 reaches goal at t=17, waiting time=38
[Current_Solution] Agent 12 reaches goal at t=15, waiting time=40
[Current_Solution] Agent 11 reaches goal at t=50, waiting time=5
[Current_Solution] Agent 10 reaches goal at t=2, waiting time=53
[Current_Solution] Agent 9 reaches goal at t=6, waiting time=49
[Current_Solution] Agent 8 reaches goal at t=25, waiting time=30
[Current_Solution] Agent 7 reaches goal at t=9, waiting time=46
[Current_Solution] Agent 6 reaches goal at t=8, waiting time=47
[Current_Solution] Agent 5 reaches goal at t=46, waiting time=9
[Current_Solution] Agent 4 reaches goal at t=41, waiting time=14
[Current_Solution] Agent 3 reaches goal at t=24, waiting time=31
[Current_Solution] Agent 2 reaches goal at t=11, waiting time=44
[Current_Solution] Agent 1 reaches goal at t=39, waiting time=16
[Current_Solution] Agent 0 reaches goal at t=44, waiting time=11
[Current_Solution] Waiting time calculation complete
[LNS] Created current solution with 100 agent paths on a map of size 32x32
[LNS] Analyzing conflicts...
[LNS] Current solution: vertex collisions=525, edge collisions=108
[LNS] Creating conflict buckets...
[LOCAL ZONE] Building diamond bucket for conflict 525
[LOCAL ZONE] Built diamond bucket for conflict 525 with 12 positions, 2 conflicts, 0 - 1 time window
[LNS] Selected most relevant bucket 7 with time window: 0 - 1, 2 conflicts and 12 positions.
[LNS] Solving the best bucket Local Zone...
[Solve_local_zone] Current local zone size: 12 (1.75953% of all walkable positions)
[Solve_local_zone] Local zone time window: [0, 3]
[Current_Solution] Agent 31 used 2 waiting timesteps, 52 remaining
[Waiting_time_Solve] Agent 0 has waiting time 11
[Waiting_time_Solve] Agent 1 has waiting time 16
[Waiting_time_Solve] Agent 2 has waiting time 44
[Waiting_time_Solve] Agent 3 has waiting time 31
[Waiting_time_Solve] Agent 4 has waiting time 14
[Waiting_time_Solve] Agent 5 has waiting time 9
[Waiting_time_Solve] Agent 6 has waiting time 47
[Waiting_time_Solve] Agent 7 has waiting time 46
[Waiting_time_Solve] Agent 8 has waiting time 30
[Waiting_time_Solve] Agent 9 has waiting time 49
[Waiting_time_Solve] Agent 10 has waiting time 53
[Waiting_time_Solve] Agent 11 has waiting time 5
[Waiting_time_Solve] Agent 12 has waiting time 40
[Waiting_time_Solve] Agent 13 has waiting time 38
[Waiting_time_Solve] Agent 14 has waiting time 12
[Waiting_time_Solve] Agent 15 has waiting time 19
[Waiting_time_Solve] Agent 16 has waiting time 47
[Waiting_time_Solve] Agent 17 has waiting time 10
[Waiting_time_Solve] Agent 18 has waiting time 53
[Waiting_time_Solve] Agent 19 has waiting time 37
[Waiting_time_Solve] Agent 20 has waiting time 48
[Waiting_time_Solve] Agent 21 has waiting time 49
[Waiting_time_Solve] Agent 22 has waiting time 7
[Waiting_time_Solve] Agent 23 has waiting time 27
[Waiting_time_Solve] Agent 24 has waiting time 29
[Waiting_time_Solve] Agent 25 has waiting time 38
[Waiting_time_Solve] Agent 26 has waiting time 4
[Waiting_time_Solve] Agent 27 has waiting time 11
[Waiting_time_Solve] Agent 28 has waiting time 34
[Waiting_time_Solve] Agent 29 has waiting time 42
[Waiting_time_Solve] Agent 30 has waiting time 50
[Waiting_time_Solve] Agent 31 has waiting time 52
[Waiting_time_Solve] Agent 32 has waiting time 13
[Waiting_time_Solve] Agent 33 has waiting time 15
[Waiting_time_Solve] Agent 34 has waiting time 8
[Waiting_time_Solve] Agent 35 has waiting time 14
[Waiting_time_Solve] Agent 36 has waiting time 37
[Waiting_time_Solve] Agent 37 has waiting time 17
[Waiting_time_Solve] Agent 38 has waiting time 25
[Waiting_time_Solve] Agent 39 has waiting time 25
[Waiting_time_Solve] Agent 40 has waiting time 40
[Waiting_time_Solve] Agent 41 has waiting time 6
[Waiting_time_Solve] Agent 42 has waiting time 22
[Waiting_time_Solve] Agent 43 has waiting time 34
[Waiting_time_Solve] Agent 44 has waiting time 39
[Waiting_time_Solve] Agent 45 has waiting time 38
[Waiting_time_Solve] Agent 46 has waiting time 1
[Waiting_time_Solve] Agent 47 has waiting time 21
[Waiting_time_Solve] Agent 48 has waiting time 2
[Waiting_time_Solve] Agent 49 has waiting time 52
[Waiting_time_Solve] Agent 50 has waiting time 38
[Waiting_time_Solve] Agent 51 has waiting time 45
[Waiting_time_Solve] Agent 52 has waiting time 31
[Waiting_time_Solve] Agent 53 has waiting time 32
[Waiting_time_Solve] Agent 54 has waiting time 15
[Waiting_time_Solve] Agent 55 has waiting time 44
[Waiting_time_Solve] Agent 56 has waiting time 2
[Waiting_time_Solve] Agent 57 has waiting time 4
[Waiting_time_Solve] Agent 58 has waiting time 52
[Waiting_time_Solve] Agent 59 has waiting time 19
[Waiting_time_Solve] Agent 60 has waiting time 1
[Waiting_time_Solve] Agent 61 has waiting time 37
[Waiting_time_Solve] Agent 62 has waiting time 6
[Waiting_time_Solve] Agent 63 has waiting time 6
[Waiting_time_Solve] Agent 64 has waiting time 40
[Waiting_time_Solve] Agent 65 has waiting time 18
[Waiting_time_Solve] Agent 66 has waiting time 37
[Waiting_time_Solve] Agent 67 has waiting time 37
[Waiting_time_Solve] Agent 68 has waiting time 26
[Waiting_time_Solve] Agent 69 has waiting time 36
[Waiting_time_Solve] Agent 70 has waiting time 50
[Waiting_time_Solve] Agent 71 has waiting time 26
[Waiting_time_Solve] Agent 72 has waiting time 3
[Waiting_time_Solve] Agent 73 has waiting time 44
[Waiting_time_Solve] Agent 74 has waiting time 25
[Waiting_time_Solve] Agent 75 has waiting time 6
[Waiting_time_Solve] Agent 76 has waiting time 14
[Waiting_time_Solve] Agent 77 has waiting time 14
[Waiting_time_Solve] Agent 78 has waiting time 7
[Waiting_time_Solve] Agent 79 has waiting time 43
[Waiting_time_Solve] Agent 80 has waiting time 1
[Waiting_time_Solve] Agent 81 has waiting time 29
[Waiting_time_Solve] Agent 82 has waiting time 4
[Waiting_time_Solve] Agent 83 has waiting time 19
[Waiting_time_Solve] Agent 84 has waiting time 31
[Waiting_time_Solve] Agent 85 has waiting time 4
[Waiting_time_Solve] Agent 86 has waiting time 46
[Waiting_time_Solve] Agent 87 has waiting time 29
[Waiting_time_Solve] Agent 88 has waiting time 30
[Waiting_time_Solve] Agent 89 has waiting time 41
[Waiting_time_Solve] Agent 90 has waiting time 24
[Waiting_time_Solve] Agent 91 has waiting time 46
[Waiting_time_Solve] Agent 92 has waiting time 30
[Waiting_time_Solve] Agent 93 has waiting time 16
[Waiting_time_Solve] Agent 94 has waiting time 24
[Waiting_time_Solve] Agent 95 has waiting time 0
[Waiting_time_Solve] Agent 96 has waiting time 40
[Waiting_time_Solve] Agent 97 has waiting time 53
[Waiting_time_Solve] Agent 98 has waiting time 20
[Waiting_time_Solve] Agent 99 has waiting time 31
[Waiting_time_Solve] Total available waiting time: 2687
[Waiting_time_Solve] Max iterations: 2687
[Waiting_time_Solve] Iteration 0...
[SAT] Start solving CNF: 58 clauses and 26 variables
[SAT] Agent 44 entry time: 0 exit time: 3
[SAT] Agent 31 entry time: 0 exit time: 3
[SAT] Agent 19 entry time: 0 exit time: 3
[SAT] Agent 47 entry time: 0 exit time: 0
[SAT] Agent 8 entry time: 3 exit time: 3
[SAT] Agent 2 entry time: 0 exit time: 1

[SAT] Start time: 0 End time: 3

[SAT] Solving local zone with SAT iteration 1...
[SAT] Local CNF: 58 clauses 

DEBUG: Adding 58 new clauses to MiniSAT (incremental run)
DEBUG: Clause load summary: input=58, added=58, tautologies_skipped=0, duplicates_skipped=0, unit_clauses=12, empties=0, intra_clause_literals_removed=0, added_but_db_unchanged=11
DEBUG: After adding clauses, solver has 35 clauses and 26 variables
DEBUG: MiniSAT found 26 variables
DEBUG: Assignment size: 26
DEBUG: First few assignment values: 1 0 1 0 1 1 1 1 0 0 

=== DEBUG: cnf_assignment_to_paths ===
Input assignment size: 26

=== END DEBUG ===
[SAT] Found 1 vertex collisions and 0 edge collisions
[SAT] Adding collision clauses and solving again...
[SAT] Solving local zone with SAT iteration 2...
[SAT] Local CNF: 59 clauses 

DEBUG: Adding 1 new clauses to MiniSAT (incremental run)
[SAT] Previous assignment invalidated by new clauses, reset solver and retrying without assumptions...
DEBUG: Adding 59 new clauses to MiniSAT (incremental run)
[SAT] Local problem appears to be unsatisfiable in current zone
[Waiting_time_Solve] No solution found, trying to apply waiting time:1
[Waiting_time_Solve] Applying waiting time 1 to agent 44 who has waiting time 39
[Waiting_time_Solve] New path is consistent after applying waiting time for agent 44
[Current_Solution] Agent 44 used 1 waiting timesteps, 38 remaining
[Waiting_time_Solve] Applied 1 waiting time  for agent 44 who has waiting time 38
[Waiting_time_Solve] ALL Waiting time applied
[Waiting_time_Solve] Extended Zone end time from 3 to 4
[Current_Solution] Agent 31 used 1 waiting timesteps, 51 remaining
[Waiting_time_Solve] Iteration 1...
[SAT] Start solving CNF: 114 clauses and 41 variables
[SAT] Agent 44 entry time: 0 exit time: 4
[SAT] Agent 31 entry time: 0 exit time: 4
[SAT] Agent 19 entry time: 0 exit time: 3
[SAT] Agent 47 entry time: 0 exit time: 0
[SAT] Agent 8 entry time: 3 exit time: 4
[SAT] Agent 2 entry time: 0 exit time: 1

[SAT] Start time: 0 End time: 4

[SAT] Solving local zone with SAT iteration 1...
[SAT] Local CNF: 115 clauses 

DEBUG: Adding 115 new clauses to MiniSAT (incremental run)
DEBUG: Clause load summary: input=115, added=115, tautologies_skipped=0, duplicates_skipped=0, unit_clauses=13, empties=0, intra_clause_literals_removed=0, added_but_db_unchanged=14
DEBUG: After adding clauses, solver has 88 clauses and 41 variables
DEBUG: MiniSAT found 41 variables
DEBUG: Assignment size: 41
DEBUG: First few assignment values: 1 0 0 1 0 0 1 0 0 1 

=== DEBUG: cnf_assignment_to_paths ===
Input assignment size: 41

=== END DEBUG ===
[SAT] Found 2 vertex collisions and 1 edge collisions
[SAT] Adding collision clauses and solving again...
[SAT] Solving local zone with SAT iteration 2...
[SAT] Local CNF: 118 clauses 

DEBUG: Adding 3 new clauses to MiniSAT (incremental run)
DEBUG: Clause load summary: input=3, added=3, tautologies_skipped=0, duplicates_skipped=0, unit_clauses=0, empties=0, intra_clause_literals_removed=0, added_but_db_unchanged=2
DEBUG: After adding clauses, solver has 87 clauses and 41 variables
DEBUG: MiniSAT found 41 variables
DEBUG: Assignment size: 41
DEBUG: First few assignment values: 1 0 1 0 0 1 0 0 0 0 

=== DEBUG: cnf_assignment_to_paths ===
Input assignment size: 41

=== END DEBUG ===
[SAT] Found 0 vertex collisions and 0 edge collisions
[SAT] Found collision-free local solution!
[Waiting_time_Solve] Solution found, updating global solution
[LNS] Updating global solution with pseudo-agent local paths...
[Current_Solution] Updating global solution for agent 44
[Current_Solution] INFO: Segment 44 exit adjusted from 3 to 4 due to waiting time
[Current_Solution] Segment 44 lengthened by 1 timesteps; shifting suffix
[Current_Solution] Global solution is consistent before shifting suffix
[Current_Solution] Global solution is consistent after shifting suffix
[Current_Solution] Global solution is consistent after updating with local path
[LNS] Successfully updated global solution with pseudo-agent local paths!
[Current_Solution] Updating global solution for agent 31
[Current_Solution] INFO: Segment 31 exit adjusted from 3 to 4 due to waiting time
[Current_Solution] Segment 31 lengthened by 1 timesteps; shifting suffix
[Current_Solution] Global solution is consistent before shifting suffix
[Current_Solution] Global solution is consistent after shifting suffix
[Current_Solution] Global solution is consistent after updating with local path
[LNS] Successfully updated global solution with pseudo-agent local paths!
[Current_Solution] Updating global solution for agent 19
[Current_Solution] Global solution is consistent after updating with local path
[LNS] Successfully updated global solution with pseudo-agent local paths!
[Current_Solution] Updating global solution for agent 47
[Current_Solution] Global solution is consistent after updating with local path
[LNS] Successfully updated global solution with pseudo-agent local paths!
[Current_Solution] Updating global solution for agent 8
[Current_Solution] INFO: Segment 8 exit adjusted from 3 to 4 due to waiting time
[Current_Solution] Segment 8 lengthened by 1 timesteps; shifting suffix
[Current_Solution] Global solution is consistent before shifting suffix
[Current_Solution] Global solution is consistent after shifting suffix
[Current_Solution] Global solution is consistent after updating with local path
[LNS] Successfully updated global solution with pseudo-agent local paths!
[Current_Solution] Updating global solution for agent 2
[Current_Solution] Global solution is consistent after updating with local path
[LNS] Successfully updated global solution with pseudo-agent local paths!
[LNS] Updating path map with new local paths...
[LNS] Successfully updated global solution with local paths and pseudo agents!
[Solve_local_zone] Successfully solved local zone
[Solve_local_zone] Final local zone size: 12 (1.75953% of all walkable positions)
[LNS] Successfully solved local zone
[LNS] Analyzing conflicts...
[LNS] Current solution: vertex collisions=523, edge collisions=108
[LNS] Creating conflict buckets...
[LOCAL ZONE] Building diamond bucket for conflict 0
[LOCAL ZONE] Built diamond bucket for conflict 0 with 20 positions, 4 conflicts, 1 - 4 time window
[LOCAL ZONE] Building diamond bucket for conflict 1
[LOCAL ZONE] ERROR: Found already used conflict 0 at position (13,9) in new positions of diamond bucket.
[LOCAL ZONE] ERROR: Found already used conflict 34 at position (13,9) in new positions of diamond bucket.
[LOCAL ZONE] ERROR: Found already used conflict 524 at position (11,9) in new positions of diamond bucket.
[LOCAL ZONE] ERROR: Found already used conflict 524 at position (12,9) in new positions of diamond bucket.
[LOCAL ZONE] ERROR: Found already used conflict 31 at position (13,8) in new positions of diamond bucket.
[LOCAL ZONE] Built diamond bucket for conflict 1 with 464 positions, 549 conflicts, 1 - 49 time window
[LOCAL ZONE] Building diamond bucket for conflict 9
[LOCAL ZONE] Built diamond bucket for conflict 9 with 13 positions, 2 conflicts, 1 - 2 time window
[LOCAL ZONE] Building diamond bucket for conflict 523
[LOCAL ZONE] Built diamond bucket for conflict 523 with 11 positions, 1 conflicts, 1 - 1 time window
[LNS] Selected most relevant bucket 1 with time window: 1 - 49, 549 conflicts and 464 positions.
[LNS] Solving the best bucket Local Zone...
[Solve_local_zone] Current local zone size: 464 (68.0352% of all walkable positions)
[Solve_local_zone] Local zone time window: [0, 51]
[Create_Local_problem] Agent 0 returned to the zone 1 times within time window
[Current_Solution] Agent 1 used 12 waiting timesteps, 4 remaining
[Current_Solution] Agent 3 used 27 waiting timesteps, 4 remaining
[Current_Solution] Agent 4 used 10 waiting timesteps, 4 remaining
[Current_Solution] Agent 6 used 43 waiting timesteps, 4 remaining
[Current_Solution] Agent 7 used 42 waiting timesteps, 4 remaining
[Create_Local_problem] Agent 8 returned to the zone 1 times within time window
[Current_Solution] Agent 10 used 49 waiting timesteps, 4 remaining
[Current_Solution] Agent 12 used 36 waiting timesteps, 4 remaining
[Current_Solution] Agent 15 used 15 waiting timesteps, 4 remaining
[Current_Solution] Agent 16 used 43 waiting timesteps, 4 remaining
[Current_Solution] Agent 17 used 6 waiting timesteps, 4 remaining
[Current_Solution] Agent 18 used 49 waiting timesteps, 4 remaining
[Current_Solution] Agent 19 used 33 waiting timesteps, 4 remaining
[Current_Solution] Agent 20 used 44 waiting timesteps, 4 remaining
[Current_Solution] Agent 21 used 45 waiting timesteps, 4 remaining
[Current_Solution] Agent 23 used 23 waiting timesteps, 4 remaining
[Create_Local_problem] Agent 24 returned to the zone 1 times within time window
[Current_Solution] Agent 24 used 25 waiting timesteps, 4 remaining
[Current_Solution] Agent 27 used 7 waiting timesteps, 4 remaining
[Current_Solution] Agent 28 used 30 waiting timesteps, 4 remaining
[Current_Solution] Agent 29 used 38 waiting timesteps, 4 remaining
[Current_Solution] Agent 30 used 46 waiting timesteps, 4 remaining
[Create_Local_problem] Agent 32 returned to the zone 1 times within time window
[Current_Solution] Agent 32 used 9 waiting timesteps, 4 remaining
[Current_Solution] Agent 34 used 4 waiting timesteps, 4 remaining
[Create_Local_problem] Agent 35 returned to the zone 1 times within time window
[Current_Solution] Agent 35 used 10 waiting timesteps, 4 remaining
[Current_Solution] Agent 36 used 33 waiting timesteps, 4 remaining
[Current_Solution] Agent 37 used 13 waiting timesteps, 4 remaining
[Current_Solution] Agent 38 used 21 waiting timesteps, 4 remaining
[Current_Solution] Agent 39 used 21 waiting timesteps, 4 remaining
[Current_Solution] Agent 40 used 36 waiting timesteps, 4 remaining
[Create_Local_problem] Agent 41 returned to the zone 1 times within time window
[Current_Solution] Agent 43 used 30 waiting timesteps, 4 remaining
[Current_Solution] Agent 44 used 34 waiting timesteps, 4 remaining
[Create_Local_problem] Agent 46 returned to the zone 1 times within time window
[Current_Solution] Agent 47 used 17 waiting timesteps, 4 remaining
[Create_Local_problem] Agent 48 returned to the zone 1 times within time window
[Current_Solution] Agent 49 used 48 waiting timesteps, 4 remaining
[Current_Solution] Agent 50 used 34 waiting timesteps, 4 remaining
[Create_Local_problem] Agent 52 returned to the zone 1 times within time window
[Current_Solution] Agent 52 used 27 waiting timesteps, 4 remaining
[Create_Local_problem] Agent 54 returned to the zone 1 times within time window
[Current_Solution] Agent 54 used 11 waiting timesteps, 4 remaining
[Create_Local_problem] Agent 55 returned to the zone 1 times within time window
[Create_Local_problem] Agent 56 returned to the zone 2 times within time window
[Create_Local_problem] Agent 57 returned to the zone 1 times within time window
[Create_Local_problem] Agent 59 returned to the zone 1 times within time window
[Current_Solution] Agent 59 used 15 waiting timesteps, 4 remaining
[Create_Local_problem] Agent 60 returned to the zone 1 times within time window
[Current_Solution] Agent 64 used 36 waiting timesteps, 4 remaining
[Current_Solution] Agent 65 used 14 waiting timesteps, 4 remaining
[Current_Solution] Agent 67 used 33 waiting timesteps, 4 remaining
[Create_Local_problem] Agent 68 returned to the zone 1 times within time window
[Current_Solution] Agent 68 used 22 waiting timesteps, 4 remaining
[Current_Solution] Agent 70 used 46 waiting timesteps, 4 remaining
[Current_Solution] Agent 73 used 40 waiting timesteps, 4 remaining
[Current_Solution] Agent 74 used 21 waiting timesteps, 4 remaining
[Current_Solution] Agent 77 used 10 waiting timesteps, 4 remaining
[Create_Local_problem] Agent 78 returned to the zone 1 times within time window
[Current_Solution] Agent 78 used 3 waiting timesteps, 4 remaining
[Create_Local_problem] Agent 80 returned to the zone 1 times within time window
[Current_Solution] Agent 81 used 25 waiting timesteps, 4 remaining
[Create_Local_problem] Agent 82 returned to the zone 2 times within time window
[Create_Local_problem] Agent 84 returned to the zone 1 times within time window
[Current_Solution] Agent 84 used 27 waiting timesteps, 4 remaining
[Current_Solution] Agent 88 used 26 waiting timesteps, 4 remaining
[Current_Solution] Agent 89 used 37 waiting timesteps, 4 remaining
[Create_Local_problem] Agent 92 returned to the zone 1 times within time window
[Current_Solution] Agent 92 used 26 waiting timesteps, 4 remaining
[Current_Solution] Agent 93 used 12 waiting timesteps, 4 remaining
[Create_Local_problem] Agent 95 returned to the zone 1 times within time window
[Current_Solution] Agent 96 used 36 waiting timesteps, 4 remaining
[Create_Local_problem] Agent 98 returned to the zone 1 times within time window
[Current_Solution] Agent 98 used 16 waiting timesteps, 4 remaining
[Current_Solution] Agent 99 used 27 waiting timesteps, 4 remaining
[Waiting_time_Solve] Agent 0 has waiting time 11
[Waiting_time_Solve] Agent 1 has waiting time 4
[Waiting_time_Solve] Agent 2 has waiting time 44
[Waiting_time_Solve] Agent 3 has waiting time 4
[Waiting_time_Solve] Agent 4 has waiting time 4
[Waiting_time_Solve] Agent 5 has waiting time 9
[Waiting_time_Solve] Agent 6 has waiting time 4
[Waiting_time_Solve] Agent 7 has waiting time 4
[Waiting_time_Solve] Agent 8 has waiting time 30
[Waiting_time_Solve] Agent 9 has waiting time 49
[Waiting_time_Solve] Agent 10 has waiting time 4
[Waiting_time_Solve] Agent 11 has waiting time 5
[Waiting_time_Solve] Agent 12 has waiting time 4
[Waiting_time_Solve] Agent 13 has waiting time 38
[Waiting_time_Solve] Agent 14 has waiting time 12
[Waiting_time_Solve] Agent 15 has waiting time 4
[Waiting_time_Solve] Agent 16 has waiting time 4
[Waiting_time_Solve] Agent 17 has waiting time 4
[Waiting_time_Solve] Agent 18 has waiting time 4
[Waiting_time_Solve] Agent 19 has waiting time 4
[Waiting_time_Solve] Agent 20 has waiting time 4
[Waiting_time_Solve] Agent 21 has waiting time 4
[Waiting_time_Solve] Agent 22 has waiting time 7
[Waiting_time_Solve] Agent 23 has waiting time 4
[Waiting_time_Solve] Agent 24 has waiting time 4
[Waiting_time_Solve] Agent 25 has waiting time 38
[Waiting_time_Solve] Agent 26 has waiting time 4
[Waiting_time_Solve] Agent 27 has waiting time 4
[Waiting_time_Solve] Agent 28 has waiting time 4
[Waiting_time_Solve] Agent 29 has waiting time 4
[Waiting_time_Solve] Agent 30 has waiting time 4
[Waiting_time_Solve] Agent 31 has waiting time 51
[Waiting_time_Solve] Agent 32 has waiting time 4
[Waiting_time_Solve] Agent 33 has waiting time 15
[Waiting_time_Solve] Agent 34 has waiting time 4
[Waiting_time_Solve] Agent 35 has waiting time 4
[Waiting_time_Solve] Agent 36 has waiting time 4
[Waiting_time_Solve] Agent 37 has waiting time 4
[Waiting_time_Solve] Agent 38 has waiting time 4
[Waiting_time_Solve] Agent 39 has waiting time 4
[Waiting_time_Solve] Agent 40 has waiting time 4
[Waiting_time_Solve] Agent 41 has waiting time 6
[Waiting_time_Solve] Agent 42 has waiting time 22
[Waiting_time_Solve] Agent 43 has waiting time 4
[Waiting_time_Solve] Agent 44 has waiting time 4
[Waiting_time_Solve] Agent 45 has waiting time 38
[Waiting_time_Solve] Agent 46 has waiting time 1
[Waiting_time_Solve] Agent 47 has waiting time 4
[Waiting_time_Solve] Agent 48 has waiting time 2
[Waiting_time_Solve] Agent 49 has waiting time 4
[Waiting_time_Solve] Agent 50 has waiting time 4
[Waiting_time_Solve] Agent 51 has waiting time 45
[Waiting_time_Solve] Agent 52 has waiting time 4
[Waiting_time_Solve] Agent 53 has waiting time 32
[Waiting_time_Solve] Agent 54 has waiting time 4
[Waiting_time_Solve] Agent 55 has waiting time 44
[Waiting_time_Solve] Agent 56 has waiting time 2
[Waiting_time_Solve] Agent 57 has waiting time 4
[Waiting_time_Solve] Agent 58 has waiting time 52
[Waiting_time_Solve] Agent 59 has waiting time 4
[Waiting_time_Solve] Agent 60 has waiting time 1
[Waiting_time_Solve] Agent 61 has waiting time 37
[Waiting_time_Solve] Agent 62 has waiting time 6
[Waiting_time_Solve] Agent 63 has waiting time 6
[Waiting_time_Solve] Agent 64 has waiting time 4
[Waiting_time_Solve] Agent 65 has waiting time 4
[Waiting_time_Solve] Agent 66 has waiting time 37
[Waiting_time_Solve] Agent 67 has waiting time 4
[Waiting_time_Solve] Agent 68 has waiting time 4
[Waiting_time_Solve] Agent 69 has waiting time 36
[Waiting_time_Solve] Agent 70 has waiting time 4
[Waiting_time_Solve] Agent 71 has waiting time 26
[Waiting_time_Solve] Agent 72 has waiting time 3
[Waiting_time_Solve] Agent 73 has waiting time 4
[Waiting_time_Solve] Agent 74 has waiting time 4
[Waiting_time_Solve] Agent 75 has waiting time 6
[Waiting_time_Solve] Agent 76 has waiting time 14
[Waiting_time_Solve] Agent 77 has waiting time 4
[Waiting_time_Solve] Agent 78 has waiting time 4
[Waiting_time_Solve] Agent 79 has waiting time 43
[Waiting_time_Solve] Agent 80 has waiting time 1
[Waiting_time_Solve] Agent 81 has waiting time 4
[Waiting_time_Solve] Agent 82 has waiting time 4
[Waiting_time_Solve] Agent 83 has waiting time 19
[Waiting_time_Solve] Agent 84 has waiting time 4
[Waiting_time_Solve] Agent 85 has waiting time 4
[Waiting_time_Solve] Agent 86 has waiting time 46
[Waiting_time_Solve] Agent 87 has waiting time 29
[Waiting_time_Solve] Agent 88 has waiting time 4
[Waiting_time_Solve] Agent 89 has waiting time 4
[Waiting_time_Solve] Agent 90 has waiting time 24
[Waiting_time_Solve] Agent 91 has waiting time 46
[Waiting_time_Solve] Agent 92 has waiting time 4
[Waiting_time_Solve] Agent 93 has waiting time 4
[Waiting_time_Solve] Agent 94 has waiting time 24
[Waiting_time_Solve] Agent 95 has waiting time 0
[Waiting_time_Solve] Agent 96 has waiting time 4
[Waiting_time_Solve] Agent 97 has waiting time 53
[Waiting_time_Solve] Agent 98 has waiting time 4
[Waiting_time_Solve] Agent 99 has waiting time 4
[Waiting_time_Solve] Total available waiting time: 1242
[Waiting_time_Solve] Max iterations: 1242
[Waiting_time_Solve] Iteration 0...
[Waiting_time_Solve] Agent 98 pseudo agents: 124 
[Waiting_time_Solve] Agent 95 pseudo agents: 123 
[Waiting_time_Solve] Agent 92 pseudo agents: 122 
[Waiting_time_Solve] Agent 84 pseudo agents: 121 
[Waiting_time_Solve] Agent 82 pseudo agents: 119 120 
[Waiting_time_Solve] Agent 80 pseudo agents: 118 
[Waiting_time_Solve] Agent 78 pseudo agents: 117 
[Waiting_time_Solve] Agent 68 pseudo agents: 116 
[Waiting_time_Solve] Agent 24 pseudo agents: 102 
[Waiting_time_Solve] Agent 0 pseudo agents: 100 
[Waiting_time_Solve] Agent 59 pseudo agents: 114 
[Waiting_time_Solve] Agent 60 pseudo agents: 115 
[Waiting_time_Solve] Agent 8 pseudo agents: 101 
[Waiting_time_Solve] Agent 32 pseudo agents: 103 
[Waiting_time_Solve] Agent 35 pseudo agents: 104 
[Waiting_time_Solve] Agent 41 pseudo agents: 105 
[Waiting_time_Solve] Agent 46 pseudo agents: 106 
[Waiting_time_Solve] Agent 48 pseudo agents: 107 
[Waiting_time_Solve] Agent 52 pseudo agents: 108 
[Waiting_time_Solve] Agent 54 pseudo agents: 109 
[Waiting_time_Solve] Agent 55 pseudo agents: 110 
[Waiting_time_Solve] Agent 56 pseudo agents: 111 112 
[Waiting_time_Solve] Agent 57 pseudo agents: 113 
[SAT] Start solving CNF: 12889932 clauses and 183814 variables
[SAT] Agent 99 entry time: 0 exit time: 51
[SAT] Agent 124 entry time: 15 exit time: 51
[SAT] Agent 98 entry time: 0 exit time: 12
[SAT] Agent 96 entry time: 3 exit time: 51
[SAT] Agent 123 entry time: 45 exit time: 51
[SAT] Agent 95 entry time: 7 exit time: 39
[SAT] Agent 94 entry time: 0 exit time: 30
[SAT] Agent 93 entry time: 0 exit time: 51
[SAT] Agent 122 entry time: 15 exit time: 51
[SAT] Agent 92 entry time: 1 exit time: 9
[SAT] Agent 91 entry time: 0 exit time: 5
[SAT] Agent 90 entry time: 0 exit time: 28
[SAT] Agent 89 entry time: 1 exit time: 51
[SAT] Agent 88 entry time: 0 exit time: 51
[SAT] Agent 87 entry time: 0 exit time: 24
[SAT] Agent 85 entry time: 0 exit time: 51
[SAT] Agent 121 entry time: 17 exit time: 51
[SAT] Agent 84 entry time: 0 exit time: 11
[SAT] Agent 83 entry time: 0 exit time: 17
[SAT] Agent 120 entry time: 36 exit time: 44
[SAT] Agent 119 entry time: 16 exit time: 29
[SAT] Agent 82 entry time: 0 exit time: 14
[SAT] Agent 81 entry time: 18 exit time: 51
[SAT] Agent 118 entry time: 38 exit time: 47
[SAT] Agent 80 entry time: 9 exit time: 32
[SAT] Agent 79 entry time: 0 exit time: 8
[SAT] Agent 117 entry time: 43 exit time: 51
[SAT] Agent 78 entry time: 0 exit time: 40
[SAT] Agent 77 entry time: 0 exit time: 51
[SAT] Agent 76 entry time: 0 exit time: 31
[SAT] Agent 75 entry time: 7 exit time: 47
[SAT] Agent 74 entry time: 0 exit time: 51
[SAT] Agent 73 entry time: 0 exit time: 51
[SAT] Agent 72 entry time: 8 exit time: 51
[SAT] Agent 71 entry time: 0 exit time: 13
[SAT] Agent 70 entry time: 0 exit time: 51
[SAT] Agent 69 entry time: 1 exit time: 18
[SAT] Agent 116 entry time: 11 exit time: 51
[SAT] Agent 68 entry time: 0 exit time: 8
[SAT] Agent 67 entry time: 0 exit time: 51
[SAT] Agent 66 entry time: 0 exit time: 16
[SAT] Agent 65 entry time: 0 exit time: 51
[SAT] Agent 64 entry time: 0 exit time: 51
[SAT] Agent 63 entry time: 3 exit time: 44
[SAT] Agent 62 entry time: 7 exit time: 45
[SAT] Agent 61 entry time: 0 exit time: 12
[SAT] Agent 115 entry time: 44 exit time: 51
[SAT] Agent 60 entry time: 6 exit time: 38
[SAT] Agent 114 entry time: 35 exit time: 51
[SAT] Agent 59 entry time: 0 exit time: 32
[SAT] Agent 113 entry time: 14 exit time: 46
[SAT] Agent 57 entry time: 0 exit time: 11
[SAT] Agent 112 entry time: 43 exit time: 51
[SAT] Agent 111 entry time: 14 exit time: 37
[SAT] Agent 56 entry time: 5 exit time: 5
[SAT] Agent 110 entry time: 10 exit time: 10
[SAT] Agent 55 entry time: 0 exit time: 7
[SAT] Agent 109 entry time: 39 exit time: 51
[SAT] Agent 54 entry time: 1 exit time: 32
[SAT] Agent 53 entry time: 12 exit time: 21
[SAT] Agent 108 entry time: 22 exit time: 51
[SAT] Agent 52 entry time: 0 exit time: 19
[SAT] Agent 26 entry time: 5 exit time: 45
[SAT] Agent 25 entry time: 0 exit time: 15
[SAT] Agent 24 entry time: 0 exit time: 7
[SAT] Agent 23 entry time: 1 exit time: 51
[SAT] Agent 22 entry time: 6 exit time: 42
[SAT] Agent 21 entry time: 0 exit time: 51
[SAT] Agent 20 entry time: 0 exit time: 51
[SAT] Agent 19 entry time: 3 exit time: 51
[SAT] Agent 18 entry time: 0 exit time: 51
[SAT] Agent 17 entry time: 0 exit time: 51
[SAT] Agent 16 entry time: 0 exit time: 51
[SAT] Agent 102 entry time: 9 exit time: 51
[SAT] Agent 43 entry time: 0 exit time: 51
[SAT] Agent 15 entry time: 0 exit time: 51
[SAT] Agent 12 entry time: 0 exit time: 51
[SAT] Agent 0 entry time: 2 exit time: 11
[SAT] Agent 13 entry time: 0 exit time: 15
[SAT] Agent 100 entry time: 17 exit time: 40
[SAT] Agent 41 entry time: 0 exit time: 5
[SAT] Agent 1 entry time: 4 exit time: 51
[SAT] Agent 2 entry time: 0 exit time: 10
[SAT] Agent 3 entry time: 0 exit time: 51
[SAT] Agent 4 entry time: 4 exit time: 51
[SAT] Agent 5 entry time: 0 exit time: 34
[SAT] Agent 6 entry time: 0 exit time: 51
[SAT] Agent 7 entry time: 0 exit time: 51
[SAT] Agent 8 entry time: 0 exit time: 5
[SAT] Agent 14 entry time: 0 exit time: 39
[SAT] Agent 101 entry time: 8 exit time: 20
[SAT] Agent 42 entry time: 0 exit time: 29
[SAT] Agent 10 entry time: 0 exit time: 51
[SAT] Agent 11 entry time: 2 exit time: 46
[SAT] Agent 27 entry time: 0 exit time: 51
[SAT] Agent 28 entry time: 0 exit time: 51
[SAT] Agent 29 entry time: 0 exit time: 51
[SAT] Agent 30 entry time: 0 exit time: 51
[SAT] Agent 31 entry time: 0 exit time: 2
[SAT] Agent 32 entry time: 0 exit time: 30
[SAT] Agent 103 entry time: 33 exit time: 51
[SAT] Agent 44 entry time: 1 exit time: 51
[SAT] Agent 33 entry time: 0 exit time: 35
[SAT] Agent 34 entry time: 1 exit time: 51
[SAT] Agent 35 entry time: 8 exit time: 31
[SAT] Agent 104 entry time: 37 exit time: 51
[SAT] Agent 45 entry time: 0 exit time: 11
[SAT] Agent 36 entry time: 0 exit time: 51
[SAT] Agent 37 entry time: 2 exit time: 51
[SAT] Agent 38 entry time: 0 exit time: 51
[SAT] Agent 39 entry time: 0 exit time: 51
[SAT] Agent 40 entry time: 1 exit time: 51
[SAT] Agent 105 entry time: 7 exit time: 42
[SAT] Agent 46 entry time: 0 exit time: 36
[SAT] Agent 106 entry time: 38 exit time: 51
[SAT] Agent 47 entry time: 0 exit time: 51
[SAT] Agent 48 entry time: 2 exit time: 10
[SAT] Agent 107 entry time: 16 exit time: 48
[SAT] Agent 49 entry time: 0 exit time: 51
[SAT] Agent 50 entry time: 0 exit time: 51
[SAT] Agent 51 entry time: 0 exit time: 7

[SAT] Start time: 0 End time: 51

[SAT] Solving local zone with SAT iteration 1...
[SAT] Local CNF: 12889932 clauses 

DEBUG: Adding 12889932 new clauses to MiniSAT (incremental run)
DEBUG: Clause load summary: input=12889932, added=12889932, tautologies_skipped=0, duplicates_skipped=0, unit_clauses=990, empties=0, intra_clause_literals_removed=0, added_but_db_unchanged=1173
DEBUG: After adding clauses, solver has 12887769 clauses and 183814 variables
DEBUG: MiniSAT found 183814 variables
DEBUG: Assignment size: 183814
DEBUG: First few assignment values: 1 0 0 0 1 0 1 0 0 0 

=== DEBUG: cnf_assignment_to_paths ===
Input assignment size: 183814

=== END DEBUG ===
[SAT] Found 462 vertex collisions and 174 edge collisions
[SAT] Adding collision clauses and solving again...
[SAT] Solving local zone with SAT iteration 2...
[SAT] Local CNF: 12890568 clauses 

DEBUG: Adding 636 new clauses to MiniSAT (incremental run)
[SAT] Previous assignment invalidated by new clauses, reset solver and retrying without assumptions...
DEBUG: Adding 12890568 new clauses to MiniSAT (incremental run)
[SAT] Local problem appears to be unsatisfiable in current zone
[Waiting_time_Solve] No solution found, trying to apply waiting time:1
[Waiting_time_Solve] Applying waiting time 1 to agent 22 who has waiting time 7
[Waiting_time_Solve] New path is consistent after applying waiting time for agent 22
[Current_Solution] Agent 22 used 1 waiting timesteps, 6 remaining
[Waiting_time_Solve] Applied 1 waiting time  for agent 22 who has waiting time 6
[Waiting_time_Solve] Applying waiting time 1 to agent 5 who has waiting time 9
[Waiting_time_Solve] New path is consistent after applying waiting time for agent 5
[Current_Solution] Agent 5 used 1 waiting timesteps, 8 remaining
[Waiting_time_Solve] Applied 1 waiting time  for agent 5 who has waiting time 8
[Waiting_time_Solve] Applying waiting time 1 to agent 6 who has waiting time 4
[Current_Solution] Agent 6 used 1 waiting timesteps, 3 remaining
[Waiting_time_Solve] New path is consistent after applying waiting time for agent 6
[Current_Solution] Agent 6 used 1 waiting timesteps, 2 remaining
[Waiting_time_Solve] Applied 1 waiting time  for agent 6 who has waiting time 2
[Waiting_time_Solve] Applying waiting time 1 to agent 2 who has waiting time 44
[Waiting_time_Solve] New path is consistent after applying waiting time for agent 2
[Current_Solution] Agent 2 used 1 waiting timesteps, 43 remaining
[Waiting_time_Solve] Applied 1 waiting time  for agent 2 who has waiting time 43
[Waiting_time_Solve] Applying waiting time 1 to agent 11 who has waiting time 5
[Waiting_time_Solve] New path is consistent after applying waiting time for agent 11
[Current_Solution] Agent 11 used 1 waiting timesteps, 4 remaining
[Waiting_time_Solve] Applied 1 waiting time  for agent 11 who has waiting time 4
[Waiting_time_Solve] Applying waiting time 1 to agent 14 who has waiting time 12
[Waiting_time_Solve] New path is consistent after applying waiting time for agent 14
[Current_Solution] Agent 14 used 1 waiting timesteps, 11 remaining
[Waiting_time_Solve] Applied 1 waiting time  for agent 14 who has waiting time 11
[Waiting_time_Solve] Applying waiting time 1 to agent 15 who has waiting time 4
[Current_Solution] Agent 15 used 1 waiting timesteps, 3 remaining
[Waiting_time_Solve] New path is consistent after applying waiting time for agent 15
[Current_Solution] Agent 15 used 1 waiting timesteps, 2 remaining
[Waiting_time_Solve] Applied 1 waiting time  for agent 15 who has waiting time 2
[Waiting_time_Solve] Applying waiting time 1 to agent 17 who has waiting time 4
[Current_Solution] Agent 17 used 1 waiting timesteps, 3 remaining
[Waiting_time_Solve] New path is consistent after applying waiting time for agent 17
[Current_Solution] Agent 17 used 1 waiting timesteps, 2 remaining
[Waiting_time_Solve] Applied 1 waiting time  for agent 17 who has waiting time 2
[Waiting_time_Solve] Applying waiting time 1 to agent 20 who has waiting time 4
[Current_Solution] Agent 20 used 1 waiting timesteps, 3 remaining
[Waiting_time_Solve] New path is consistent after applying waiting time for agent 20
[Current_Solution] Agent 20 used 1 waiting timesteps, 2 remaining
[Waiting_time_Solve] Applied 1 waiting time  for agent 20 who has waiting time 2
[Waiting_time_Solve] Applying waiting time 1 to agent 27 who has waiting time 4
[Current_Solution] Agent 27 used 1 waiting timesteps, 3 remaining
[Waiting_time_Solve] New path is consistent after applying waiting time for agent 27
[Current_Solution] Agent 27 used 1 waiting timesteps, 2 remaining
[Waiting_time_Solve] Applied 1 waiting time  for agent 27 who has waiting time 2
[Waiting_time_Solve] Applying waiting time 1 to agent 28 who has waiting time 4
[Current_Solution] Agent 28 used 1 waiting timesteps, 3 remaining
[Waiting_time_Solve] New path is consistent after applying waiting time for agent 28
[Current_Solution] Agent 28 used 1 waiting timesteps, 2 remaining
[Waiting_time_Solve] Applied 1 waiting time  for agent 28 who has waiting time 2
[Waiting_time_Solve] Applying waiting time 1 to agent 29 who has waiting time 4
[Current_Solution] Agent 29 used 1 waiting timesteps, 3 remaining
[Waiting_time_Solve] New path is consistent after applying waiting time for agent 29
[Current_Solution] Agent 29 used 1 waiting timesteps, 2 remaining
[Waiting_time_Solve] Applied 1 waiting time  for agent 29 who has waiting time 2
[Waiting_time_Solve] Applying waiting time 1 to agent 30 who has waiting time 4
[Current_Solution] Agent 30 used 1 waiting timesteps, 3 remaining
[Waiting_time_Solve] New path is consistent after applying waiting time for agent 30
[Current_Solution] Agent 30 used 1 waiting timesteps, 2 remaining
[Waiting_time_Solve] Applied 1 waiting time  for agent 30 who has waiting time 2
[Waiting_time_Solve] Applying waiting time 1 to agent 32 who has waiting time 4
[Waiting_time_Solve] New path is consistent after applying waiting time for agent 32
[Current_Solution] Agent 32 used 1 waiting timesteps, 3 remaining
[Waiting_time_Solve] Applied 1 waiting time  for agent 32 who has waiting time 3
[Waiting_time_Solve] Applying waiting time 1 to agent 33 who has waiting time 15
[Waiting_time_Solve] New path is consistent after applying waiting time for agent 33
[Current_Solution] Agent 33 used 1 waiting timesteps, 14 remaining
[Waiting_time_Solve] Applied 1 waiting time  for agent 33 who has waiting time 14
[Waiting_time_Solve] Applying waiting time 1 to agent 34 who has waiting time 4
[Current_Solution] Agent 34 used 1 waiting timesteps, 3 remaining
[Waiting_time_Solve] New path is consistent after applying waiting time for agent 34
[Current_Solution] Agent 34 used 1 waiting timesteps, 2 remaining
[Waiting_time_Solve] Applied 1 waiting time  for agent 34 who has waiting time 2
[Waiting_time_Solve] Applying waiting time 1 to agent 36 who has waiting time 4
[Current_Solution] Agent 36 used 1 waiting timesteps, 3 remaining
[Waiting_time_Solve] New path is consistent after applying waiting time for agent 36
[Current_Solution] Agent 36 used 1 waiting timesteps, 2 remaining
[Waiting_time_Solve] Applied 1 waiting time  for agent 36 who has waiting time 2
[Waiting_time_Solve] Applying waiting time 1 to agent 37 who has waiting time 4
[Current_Solution] Agent 37 used 1 waiting timesteps, 3 remaining
[Waiting_time_Solve] New path is consistent after applying waiting time for agent 37
[Current_Solution] Agent 37 used 1 waiting timesteps, 2 remaining
[Waiting_time_Solve] Applied 1 waiting time  for agent 37 who has waiting time 2
[Waiting_time_Solve] Applying waiting time 1 to agent 38 who has waiting time 4
[Current_Solution] Agent 38 used 1 waiting timesteps, 3 remaining
[Waiting_time_Solve] New path is consistent after applying waiting time for agent 38
[Current_Solution] Agent 38 used 1 waiting timesteps, 2 remaining
[Waiting_time_Solve] Applied 1 waiting time  for agent 38 who has waiting time 2
[Waiting_time_Solve] Applying waiting time 1 to agent 42 who has waiting time 22
[Waiting_time_Solve] New path is consistent after applying waiting time for agent 42
[Current_Solution] Agent 42 used 1 waiting timesteps, 21 remaining
[Waiting_time_Solve] Applied 1 waiting time  for agent 42 who has waiting time 21
[Waiting_time_Solve] Applying waiting time 1 to agent 43 who has waiting time 4
[Current_Solution] Agent 43 used 1 waiting timesteps, 3 remaining
[Waiting_time_Solve] New path is consistent after applying waiting time for agent 43
[Current_Solution] Agent 43 used 1 waiting timesteps, 2 remaining
[Waiting_time_Solve] Applied 1 waiting time  for agent 43 who has waiting time 2
[Waiting_time_Solve] Applying waiting time 1 to agent 8 who has waiting time 30
[Waiting_time_Solve] New path is consistent after applying waiting time for agent 8
[Current_Solution] Agent 8 used 1 waiting timesteps, 29 remaining
[Waiting_time_Solve] Applied 1 waiting time  for agent 8 who has waiting time 29
[Waiting_time_Solve] Applying waiting time 1 to agent 26 who has waiting time 4
[Waiting_time_Solve] New path is consistent after applying waiting time for agent 26
[Current_Solution] Agent 26 used 1 waiting timesteps, 3 remaining
[Waiting_time_Solve] Applied 1 waiting time  for agent 26 who has waiting time 3
[Waiting_time_Solve] Applying waiting time 1 to agent 47 who has waiting time 4
[Current_Solution] Agent 47 used 1 waiting timesteps, 3 remaining
[Waiting_time_Solve] New path is consistent after applying waiting time for agent 47
[Current_Solution] Agent 47 used 1 waiting timesteps, 2 remaining
[Waiting_time_Solve] Applied 1 waiting time  for agent 47 who has waiting time 2
[Waiting_time_Solve] Applying waiting time 1 to agent 49 who has waiting time 4
[Current_Solution] Agent 49 used 1 waiting timesteps, 3 remaining
[Waiting_time_Solve] New path is consistent after applying waiting time for agent 49
[Current_Solution] Agent 49 used 1 waiting timesteps, 2 remaining
[Waiting_time_Solve] Applied 1 waiting time  for agent 49 who has waiting time 2
[Waiting_time_Solve] Applying waiting time 1 to agent 50 who has waiting time 4
[Current_Solution] Agent 50 used 1 waiting timesteps, 3 remaining
[Waiting_time_Solve] New path is consistent after applying waiting time for agent 50
[Current_Solution] Agent 50 used 1 waiting timesteps, 2 remaining
[Waiting_time_Solve] Applied 1 waiting time  for agent 50 who has waiting time 2
[Waiting_time_Solve] Applying waiting time 1 to agent 54 who has waiting time 4
[Waiting_time_Solve] New path is consistent after applying waiting time for agent 54
[Current_Solution] Agent 54 used 1 waiting timesteps, 3 remaining
[Waiting_time_Solve] Applied 1 waiting time  for agent 54 who has waiting time 3
[Waiting_time_Solve] Applying waiting time 1 to agent 57 who has waiting time 4
[Waiting_time_Solve] Pruned 1 vertex and 0 edge collisions from segment 113
[Waiting_time_Solve] New path is consistent after applying waiting time for agent 57
[Current_Solution] Agent 57 used 1 waiting timesteps, 3 remaining
[Waiting_time_Solve] Applied 1 waiting time  for agent 57 who has waiting time 3
[Waiting_time_Solve] Applying waiting time 1 to agent 59 who has waiting time 4
[Waiting_time_Solve] New path is consistent after applying waiting time for agent 59
[Current_Solution] Agent 59 used 1 waiting timesteps, 3 remaining
[Waiting_time_Solve] Applied 1 waiting time  for agent 59 who has waiting time 3
[Waiting_time_Solve] Applying waiting time 1 to agent 4 who has waiting time 4
[Current_Solution] Agent 4 used 1 waiting timesteps, 3 remaining
[Waiting_time_Solve] New path is consistent after applying waiting time for agent 4
[Current_Solution] Agent 4 used 1 waiting timesteps, 2 remaining
[Waiting_time_Solve] Applied 1 waiting time  for agent 4 who has waiting time 2
[Waiting_time_Solve] Applying waiting time 1 to agent 93 who has waiting time 4
[Current_Solution] Agent 93 used 1 waiting timesteps, 3 remaining
[Waiting_time_Solve] New path is consistent after applying waiting time for agent 93
[Current_Solution] Agent 93 used 1 waiting timesteps, 2 remaining
[Waiting_time_Solve] Applied 1 waiting time  for agent 93 who has waiting time 2
[Waiting_time_Solve] Applying waiting time 1 to agent 61 who has waiting time 37
[Waiting_time_Solve] New path is consistent after applying waiting time for agent 61
[Current_Solution] Agent 61 used 1 waiting timesteps, 36 remaining
[Waiting_time_Solve] Applied 1 waiting time  for agent 61 who has waiting time 36
[Waiting_time_Solve] Applying waiting time 1 to agent 25 who has waiting time 38
[Waiting_time_Solve] New path is consistent after applying waiting time for agent 25
[Current_Solution] Agent 25 used 1 waiting timesteps, 37 remaining
[Waiting_time_Solve] Applied 1 waiting time  for agent 25 who has waiting time 37
[Waiting_time_Solve] Applying waiting time 1 to agent 62 who has waiting time 6
[Waiting_time_Solve] New path is consistent after applying waiting time for agent 62
[Current_Solution] Agent 62 used 1 waiting timesteps, 5 remaining
[Waiting_time_Solve] Applied 1 waiting time  for agent 62 who has waiting time 5
[Waiting_time_Solve] Applying waiting time 1 to agent 63 who has waiting time 6
[Waiting_time_Solve] New path is consistent after applying waiting time for agent 63
[Current_Solution] Agent 63 used 1 waiting timesteps, 5 remaining
[Waiting_time_Solve] Applied 1 waiting time  for agent 63 who has waiting time 5
[Waiting_time_Solve] Applying waiting time 1 to agent 64 who has waiting time 4
[Current_Solution] Agent 64 used 1 waiting timesteps, 3 remaining
[Waiting_time_Solve] New path is consistent after applying waiting time for agent 64
[Current_Solution] Agent 64 used 1 waiting timesteps, 2 remaining
[Waiting_time_Solve] Applied 1 waiting time  for agent 64 who has waiting time 2
[Waiting_time_Solve] Applying waiting time 1 to agent 65 who has waiting time 4
[Current_Solution] Agent 65 used 1 waiting timesteps, 3 remaining
[Waiting_time_Solve] New path is consistent after applying waiting time for agent 65
[Current_Solution] Agent 65 used 1 waiting timesteps, 2 remaining
[Waiting_time_Solve] Applied 1 waiting time  for agent 65 who has waiting time 2
[Waiting_time_Solve] Applying waiting time 1 to agent 67 who has waiting time 4
[Current_Solution] Agent 67 used 1 waiting timesteps, 3 remaining
[Waiting_time_Solve] New path is consistent after applying waiting time for agent 67
[Current_Solution] Agent 67 used 1 waiting timesteps, 2 remaining
[Waiting_time_Solve] Applied 1 waiting time  for agent 67 who has waiting time 2
[Waiting_time_Solve] Applying waiting time 1 to agent 68 who has waiting time 4
[Waiting_time_Solve] New path is consistent after applying waiting time for agent 68
[Current_Solution] Agent 68 used 1 waiting timesteps, 3 remaining
[Waiting_time_Solve] Applied 1 waiting time  for agent 68 who has waiting time 3
[Waiting_time_Solve] Applying waiting time 1 to agent 69 who has waiting time 36
[Waiting_time_Solve] New path is consistent after applying waiting time for agent 69
[Current_Solution] Agent 69 used 1 waiting timesteps, 35 remaining
[Waiting_time_Solve] Applied 1 waiting time  for agent 69 who has waiting time 35
[Waiting_time_Solve] Applying waiting time 1 to agent 71 who has waiting time 26
[Waiting_time_Solve] New path is consistent after applying waiting time for agent 71
[Current_Solution] Agent 71 used 1 waiting timesteps, 25 remaining
[Waiting_time_Solve] Applied 1 waiting time  for agent 71 who has waiting time 25
[Waiting_time_Solve] Applying waiting time 1 to agent 3 who has waiting time 4
[Current_Solution] Agent 3 used 1 waiting timesteps, 3 remaining
[Waiting_time_Solve] New path is consistent after applying waiting time for agent 3
[Current_Solution] Agent 3 used 1 waiting timesteps, 2 remaining
[Waiting_time_Solve] Applied 1 waiting time  for agent 3 who has waiting time 2
[Waiting_time_Solve] Applying waiting time 1 to agent 16 who has waiting time 4
[Current_Solution] Agent 16 used 1 waiting timesteps, 3 remaining
[Waiting_time_Solve] New path is consistent after applying waiting time for agent 16
[Current_Solution] Agent 16 used 1 waiting timesteps, 2 remaining
[Waiting_time_Solve] Applied 1 waiting time  for agent 16 who has waiting time 2
[Waiting_time_Solve] Applying waiting time 1 to agent 35 who has waiting time 4
[Waiting_time_Solve] New path is consistent after applying waiting time for agent 35
[Current_Solution] Agent 35 used 1 waiting timesteps, 3 remaining
[Waiting_time_Solve] Applied 1 waiting time  for agent 35 who has waiting time 3
[Waiting_time_Solve] Applying waiting time 1 to agent 74 who has waiting time 4
[Current_Solution] Agent 74 used 1 waiting timesteps, 3 remaining
[Waiting_time_Solve] New path is consistent after applying waiting time for agent 74
[Current_Solution] Agent 74 used 1 waiting timesteps, 2 remaining
[Waiting_time_Solve] Applied 1 waiting time  for agent 74 who has waiting time 2
[Waiting_time_Solve] Applying waiting time 1 to agent 0 who has waiting time 11
[Waiting_time_Solve] New path is consistent after applying waiting time for agent 0
[Current_Solution] Agent 0 used 1 waiting timesteps, 10 remaining
[Waiting_time_Solve] Applied 1 waiting time  for agent 0 who has waiting time 10
[Waiting_time_Solve] Applying waiting time 1 to agent 41 who has waiting time 6
[Waiting_time_Solve] New path is consistent after applying waiting time for agent 41
[Current_Solution] Agent 41 used 1 waiting timesteps, 5 remaining
[Waiting_time_Solve] Applied 1 waiting time  for agent 41 who has waiting time 5
[Waiting_time_Solve] Applying waiting time 1 to agent 73 who has waiting time 4
[Current_Solution] Agent 73 used 1 waiting timesteps, 3 remaining
[Waiting_time_Solve] New path is consistent after applying waiting time for agent 73
[Current_Solution] Agent 73 used 1 waiting timesteps, 2 remaining
[Waiting_time_Solve] Applied 1 waiting time  for agent 73 who has waiting time 2
[Waiting_time_Solve] Applying waiting time 1 to agent 75 who has waiting time 6
[Waiting_time_Solve] New path is consistent after applying waiting time for agent 75
[Current_Solution] Agent 75 used 1 waiting timesteps, 5 remaining
[Waiting_time_Solve] Applied 1 waiting time  for agent 75 who has waiting time 5
[Waiting_time_Solve] Applying waiting time 1 to agent 77 who has waiting time 4
[Current_Solution] Agent 77 used 1 waiting timesteps, 3 remaining
[Waiting_time_Solve] New path is consistent after applying waiting time for agent 77
[Current_Solution] Agent 77 used 1 waiting timesteps, 2 remaining
[Waiting_time_Solve] Applied 1 waiting time  for agent 77 who has waiting time 2
[Waiting_time_Solve] Applying waiting time 1 to agent 78 who has waiting time 4
[Waiting_time_Solve] New path is consistent after applying waiting time for agent 78
[Current_Solution] Agent 78 used 1 waiting timesteps, 3 remaining
[Waiting_time_Solve] Applied 1 waiting time  for agent 78 who has waiting time 3
[Waiting_time_Solve] Applying waiting time 1 to agent 89 who has waiting time 4
[Current_Solution] Agent 89 used 1 waiting timesteps, 3 remaining
[Waiting_time_Solve] New path is consistent after applying waiting time for agent 89
[Current_Solution] Agent 89 used 1 waiting timesteps, 2 remaining
[Waiting_time_Solve] Applied 1 waiting time  for agent 89 who has waiting time 2
[Waiting_time_Solve] Applying waiting time 1 to agent 91 who has waiting time 46
[Waiting_time_Solve] New path is consistent after applying waiting time for agent 91
[Current_Solution] Agent 91 used 1 waiting timesteps, 45 remaining
[Waiting_time_Solve] Applied 1 waiting time  for agent 91 who has waiting time 45
[Waiting_time_Solve] Applying waiting time 1 to agent 7 who has waiting time 4
[Current_Solution] Agent 7 used 1 waiting timesteps, 3 remaining
[Waiting_time_Solve] New path is consistent after applying waiting time for agent 7
[Current_Solution] Agent 7 used 1 waiting timesteps, 2 remaining
[Waiting_time_Solve] Applied 1 waiting time  for agent 7 who has waiting time 2
[Waiting_time_Solve] Applying waiting time 1 to agent 96 who has waiting time 4
[Current_Solution] Agent 96 used 1 waiting timesteps, 3 remaining
[Waiting_time_Solve] New path is consistent after applying waiting time for agent 96
[Current_Solution] Agent 96 used 1 waiting timesteps, 2 remaining
[Waiting_time_Solve] Applied 1 waiting time  for agent 96 who has waiting time 2
[Waiting_time_Solve] Applying waiting time 1 to agent 99 who has waiting time 4
[Current_Solution] Agent 99 used 1 waiting timesteps, 3 remaining
[Waiting_time_Solve] New path is consistent after applying waiting time for agent 99
[Current_Solution] Agent 99 used 1 waiting timesteps, 2 remaining
[Waiting_time_Solve] Applied 1 waiting time  for agent 99 who has waiting time 2
[Waiting_time_Solve] Applying waiting time 1 to agent 92 who has waiting time 4
[Current_Solution] Agent 92 used 1 waiting timesteps, 3 remaining
[Waiting_time_Solve] New path is consistent after applying waiting time for agent 92
[Current_Solution] Agent 92 used 1 waiting timesteps, 2 remaining
[Waiting_time_Solve] Applied 1 waiting time  for agent 92 who has waiting time 2
[Waiting_time_Solve] Applying waiting time 1 to agent 84 who has waiting time 4
[Current_Solution] Agent 84 used 1 waiting timesteps, 3 remaining
[Waiting_time_Solve] New path is consistent after applying waiting time for agent 84
[Current_Solution] Agent 84 used 1 waiting timesteps, 2 remaining
[Waiting_time_Solve] Applied 1 waiting time  for agent 84 who has waiting time 2
[Waiting_time_Solve] Applying waiting time 1 to agent 81 who has waiting time 4
[Current_Solution] Agent 81 used 1 waiting timesteps, 3 remaining
[Waiting_time_Solve] New path is consistent after applying waiting time for agent 81
[Current_Solution] Agent 81 used 1 waiting timesteps, 2 remaining
[Waiting_time_Solve] Applied 1 waiting time  for agent 81 who has waiting time 2
[Waiting_time_Solve] Applying waiting time 1 to agent 44 who has waiting time 4
[Current_Solution] Agent 44 used 1 waiting timesteps, 3 remaining
[Waiting_time_Solve] New path is consistent after applying waiting time for agent 44
[Current_Solution] Agent 44 used 1 waiting timesteps, 2 remaining
[Waiting_time_Solve] Applied 1 waiting time  for agent 44 who has waiting time 2
[Waiting_time_Solve] Applying waiting time 1 to agent 21 who has waiting time 4
[Current_Solution] Agent 21 used 1 waiting timesteps, 3 remaining
[Waiting_time_Solve] New path is consistent after applying waiting time for agent 21
[Current_Solution] Agent 21 used 1 waiting timesteps, 2 remaining
[Waiting_time_Solve] Applied 1 waiting time  for agent 21 who has waiting time 2
[Waiting_time_Solve] Applying waiting time 1 to agent 12 who has waiting time 4
[Current_Solution] Agent 12 used 1 waiting timesteps, 3 remaining
[Waiting_time_Solve] New path is consistent after applying waiting time for agent 12
[Current_Solution] Agent 12 used 1 waiting timesteps, 2 remaining
[Waiting_time_Solve] Applied 1 waiting time  for agent 12 who has waiting time 2
[Waiting_time_Solve] Applying waiting time 1 to agent 24 who has waiting time 4
[Current_Solution] Agent 24 used 1 waiting timesteps, 3 remaining
[Waiting_time_Solve] New path is consistent after applying waiting time for agent 24
[Current_Solution] Agent 24 used 1 waiting timesteps, 2 remaining
[Waiting_time_Solve] Applied 1 waiting time  for agent 24 who has waiting time 2
[Waiting_time_Solve] Applying waiting time 1 to agent 23 who has waiting time 4
[Current_Solution] Agent 23 used 1 waiting timesteps, 3 remaining
[Waiting_time_Solve] New path is consistent after applying waiting time for agent 23
[Current_Solution] Agent 23 used 1 waiting timesteps, 2 remaining
[Waiting_time_Solve] Applied 1 waiting time  for agent 23 who has waiting time 2
[Waiting_time_Solve] Applying waiting time 1 to agent 72 who has waiting time 3
[Waiting_time_Solve] New path is consistent after applying waiting time for agent 72
[Current_Solution] Agent 72 used 1 waiting timesteps, 2 remaining
[Waiting_time_Solve] Applied 1 waiting time  for agent 72 who has waiting time 2
[Waiting_time_Solve] ALL Waiting time applied
[Waiting_time_Solve] Extended Zone end time from 51 to 52
[Current_Solution] Agent 1 used 1 waiting timesteps, 3 remaining
[Current_Solution] Agent 10 used 1 waiting timesteps, 3 remaining
[Current_Solution] Agent 18 used 1 waiting timesteps, 3 remaining
[Current_Solution] Agent 19 used 1 waiting timesteps, 3 remaining
[Current_Solution] Agent 39 used 1 waiting timesteps, 3 remaining
[Current_Solution] Agent 40 used 1 waiting timesteps, 3 remaining
[Current_Solution] Agent 52 used 1 waiting timesteps, 3 remaining
[Current_Solution] Agent 70 used 1 waiting timesteps, 3 remaining
[Current_Solution] Agent 85 used 1 waiting timesteps, 3 remaining
[Current_Solution] Agent 88 used 1 waiting timesteps, 3 remaining
[Current_Solution] Agent 98 used 1 waiting timesteps, 3 remaining
[Waiting_time_Solve] Iteration 1...
[Waiting_time_Solve] Pruned 4 vertex and 1 edge collisions from segment 101
[Waiting_time_Solve] Pruned 2 vertex and 2 edge collisions from segment 103
[Waiting_time_Solve] Pruned 2 vertex and 0 edge collisions from segment 104
[Waiting_time_Solve] Pruned 2 vertex and 0 edge collisions from segment 109
[Waiting_time_Solve] Pruned 3 vertex and 3 edge collisions from segment 113
[Waiting_time_Solve] Pruned 2 vertex and 0 edge collisions from segment 114
[Waiting_time_Solve] Pruned 0 vertex and 1 edge collisions from segment 117
[Waiting_time_Solve] Agent 98 pseudo agents: 124 
[Waiting_time_Solve] Agent 95 pseudo agents: 123 
[Waiting_time_Solve] Agent 92 pseudo agents: 122 
[Waiting_time_Solve] Agent 84 pseudo agents: 121 
[Waiting_time_Solve] Agent 82 pseudo agents: 119 120 
[Waiting_time_Solve] Agent 80 pseudo agents: 118 
[Waiting_time_Solve] Agent 78 pseudo agents: 117 
[Waiting_time_Solve] Agent 68 pseudo agents: 116 
[Waiting_time_Solve] Agent 24 pseudo agents: 102 
[Waiting_time_Solve] Agent 0 pseudo agents: 100 
[Waiting_time_Solve] Agent 59 pseudo agents: 114 
[Waiting_time_Solve] Agent 60 pseudo agents: 115 
[Waiting_time_Solve] Agent 8 pseudo agents: 101 
[Waiting_time_Solve] Agent 32 pseudo agents: 103 
[Waiting_time_Solve] Agent 35 pseudo agents: 104 
[Waiting_time_Solve] Agent 41 pseudo agents: 105 
[Waiting_time_Solve] Agent 46 pseudo agents: 106 
[Waiting_time_Solve] Agent 48 pseudo agents: 107 
[Waiting_time_Solve] Agent 52 pseudo agents: 108 
[Waiting_time_Solve] Agent 54 pseudo agents: 109 
[Waiting_time_Solve] Agent 55 pseudo agents: 110 
[Waiting_time_Solve] Agent 56 pseudo agents: 111 112 
[Waiting_time_Solve] Agent 57 pseudo agents: 113 
[SAT] Start solving CNF: 14159967 clauses and 196717 variables
[SAT] Agent 99 entry time: 0 exit time: 52
[SAT] Agent 124 entry time: 15 exit time: 52
[SAT] Agent 98 entry time: 0 exit time: 12
[SAT] Agent 96 entry time: 3 exit time: 52
[SAT] Agent 123 entry time: 45 exit time: 52
[SAT] Agent 95 entry time: 7 exit time: 39
[SAT] Agent 94 entry time: 0 exit time: 30
[SAT] Agent 93 entry time: 0 exit time: 52
[SAT] Agent 122 entry time: 15 exit time: 52
[SAT] Agent 92 entry time: 1 exit time: 9
[SAT] Agent 91 entry time: 0 exit time: 6
[SAT] Agent 90 entry time: 0 exit time: 28
[SAT] Agent 89 entry time: 1 exit time: 52
[SAT] Agent 88 entry time: 0 exit time: 52
[SAT] Agent 87 entry time: 0 exit time: 24
[SAT] Agent 85 entry time: 0 exit time: 52
[SAT] Agent 121 entry time: 17 exit time: 52
[SAT] Agent 84 entry time: 0 exit time: 11
[SAT] Agent 83 entry time: 0 exit time: 17
[SAT] Agent 120 entry time: 36 exit time: 44
[SAT] Agent 119 entry time: 16 exit time: 29
[SAT] Agent 82 entry time: 0 exit time: 14
[SAT] Agent 81 entry time: 18 exit time: 52
[SAT] Agent 118 entry time: 38 exit time: 47
[SAT] Agent 80 entry time: 9 exit time: 32
[SAT] Agent 79 entry time: 0 exit time: 8
[SAT] Agent 117 entry time: 44 exit time: 52
[SAT] Agent 78 entry time: 0 exit time: 41
[SAT] Agent 77 entry time: 0 exit time: 52
[SAT] Agent 76 entry time: 0 exit time: 31
[SAT] Agent 75 entry time: 7 exit time: 48
[SAT] Agent 74 entry time: 0 exit time: 52
[SAT] Agent 73 entry time: 0 exit time: 52
[SAT] Agent 72 entry time: 8 exit time: 52
[SAT] Agent 71 entry time: 0 exit time: 14
[SAT] Agent 70 entry time: 0 exit time: 52
[SAT] Agent 69 entry time: 1 exit time: 19
[SAT] Agent 116 entry time: 12 exit time: 52
[SAT] Agent 68 entry time: 0 exit time: 9
[SAT] Agent 67 entry time: 0 exit time: 52
[SAT] Agent 66 entry time: 0 exit time: 16
[SAT] Agent 65 entry time: 0 exit time: 52
[SAT] Agent 64 entry time: 0 exit time: 52
[SAT] Agent 63 entry time: 3 exit time: 45
[SAT] Agent 62 entry time: 7 exit time: 46
[SAT] Agent 61 entry time: 0 exit time: 13
[SAT] Agent 115 entry time: 44 exit time: 52
[SAT] Agent 60 entry time: 6 exit time: 38
[SAT] Agent 114 entry time: 36 exit time: 52
[SAT] Agent 59 entry time: 0 exit time: 33
[SAT] Agent 113 entry time: 15 exit time: 47
[SAT] Agent 57 entry time: 0 exit time: 12
[SAT] Agent 112 entry time: 43 exit time: 51
[SAT] Agent 111 entry time: 14 exit time: 37
[SAT] Agent 56 entry time: 5 exit time: 5
[SAT] Agent 110 entry time: 10 exit time: 10
[SAT] Agent 55 entry time: 0 exit time: 7
[SAT] Agent 109 entry time: 40 exit time: 52
[SAT] Agent 54 entry time: 1 exit time: 33
[SAT] Agent 53 entry time: 12 exit time: 21
[SAT] Agent 108 entry time: 22 exit time: 52
[SAT] Agent 52 entry time: 0 exit time: 19
[SAT] Agent 26 entry time: 5 exit time: 46
[SAT] Agent 25 entry time: 0 exit time: 16
[SAT] Agent 24 entry time: 0 exit time: 7
[SAT] Agent 23 entry time: 1 exit time: 52
[SAT] Agent 22 entry time: 6 exit time: 43
[SAT] Agent 21 entry time: 0 exit time: 52
[SAT] Agent 20 entry time: 0 exit time: 52
[SAT] Agent 19 entry time: 3 exit time: 52
[SAT] Agent 18 entry time: 0 exit time: 52
[SAT] Agent 17 entry time: 0 exit time: 52
[SAT] Agent 16 entry time: 0 exit time: 52
[SAT] Agent 102 entry time: 9 exit time: 52
[SAT] Agent 43 entry time: 0 exit time: 52
[SAT] Agent 15 entry time: 0 exit time: 52
[SAT] Agent 12 entry time: 0 exit time: 52
[SAT] Agent 0 entry time: 2 exit time: 11
[SAT] Agent 13 entry time: 0 exit time: 15
[SAT] Agent 100 entry time: 17 exit time: 41
[SAT] Agent 41 entry time: 0 exit time: 5
[SAT] Agent 1 entry time: 4 exit time: 52
[SAT] Agent 2 entry time: 0 exit time: 11
[SAT] Agent 3 entry time: 0 exit time: 52
[SAT] Agent 4 entry time: 4 exit time: 52
[SAT] Agent 5 entry time: 0 exit time: 35
[SAT] Agent 6 entry time: 0 exit time: 52
[SAT] Agent 7 entry time: 0 exit time: 52
[SAT] Agent 8 entry time: 0 exit time: 6
[SAT] Agent 14 entry time: 0 exit time: 40
[SAT] Agent 101 entry time: 9 exit time: 21
[SAT] Agent 42 entry time: 0 exit time: 30
[SAT] Agent 10 entry time: 0 exit time: 52
[SAT] Agent 11 entry time: 2 exit time: 47
[SAT] Agent 27 entry time: 0 exit time: 52
[SAT] Agent 28 entry time: 0 exit time: 52
[SAT] Agent 29 entry time: 0 exit time: 52
[SAT] Agent 30 entry time: 0 exit time: 52
[SAT] Agent 31 entry time: 0 exit time: 2
[SAT] Agent 32 entry time: 0 exit time: 31
[SAT] Agent 103 entry time: 34 exit time: 52
[SAT] Agent 44 entry time: 1 exit time: 52
[SAT] Agent 33 entry time: 0 exit time: 36
[SAT] Agent 34 entry time: 1 exit time: 52
[SAT] Agent 35 entry time: 8 exit time: 32
[SAT] Agent 104 entry time: 38 exit time: 52
[SAT] Agent 45 entry time: 0 exit time: 11
[SAT] Agent 36 entry time: 0 exit time: 52
[SAT] Agent 37 entry time: 2 exit time: 52
[SAT] Agent 38 entry time: 0 exit time: 52
[SAT] Agent 39 entry time: 0 exit time: 52
[SAT] Agent 40 entry time: 1 exit time: 52
[SAT] Agent 105 entry time: 7 exit time: 43
[SAT] Agent 46 entry time: 0 exit time: 36
[SAT] Agent 106 entry time: 38 exit time: 52
[SAT] Agent 47 entry time: 0 exit time: 52
[SAT] Agent 48 entry time: 2 exit time: 10
[SAT] Agent 107 entry time: 16 exit time: 48
[SAT] Agent 49 entry time: 0 exit time: 52
[SAT] Agent 50 entry time: 0 exit time: 52
[SAT] Agent 51 entry time: 0 exit time: 7

[SAT] Start time: 0 End time: 52

[SAT] Solving local zone with SAT iteration 1...
[SAT] Local CNF: 14160580 clauses 

DEBUG: Adding 14160580 new clauses to MiniSAT (incremental run)
DEBUG: Clause load summary: input=14160580, added=14160580, tautologies_skipped=0, duplicates_skipped=0, unit_clauses=528, empties=0, intra_clause_literals_removed=0, added_but_db_unchanged=743
DEBUG: After adding clauses, solver has 14159309 clauses and 196717 variables
DEBUG: MiniSAT found 196717 variables
DEBUG: Assignment size: 196717
DEBUG: First few assignment values: 1 0 0 1 0 0 0 0 0 0 

=== DEBUG: cnf_assignment_to_paths ===
Input assignment size: 196717

=== END DEBUG ===
[SAT] Found 261 vertex collisions and 125 edge collisions
[SAT] Adding collision clauses and solving again...
[SAT] Solving local zone with SAT iteration 2...
[SAT] Local CNF: 14160966 clauses 

DEBUG: Adding 386 new clauses to MiniSAT (incremental run)
[SAT] Previous assignment invalidated by new clauses, reset solver and retrying without assumptions...
DEBUG: Adding 14160966 new clauses to MiniSAT (incremental run)
[SAT] Local problem appears to be unsatisfiable in current zone
[Waiting_time_Solve] No solution found, trying to apply waiting time:2
[Waiting_time_Solve] Applying waiting time 2 to agent 26 who has waiting time 3
[Waiting_time_Solve] New path is consistent after applying waiting time for agent 26
[Current_Solution] Agent 26 used 2 waiting timesteps, 1 remaining
[Waiting_time_Solve] Applied 2 waiting time  for agent 26 who has waiting time 1
[Waiting_time_Solve] Applying waiting time 2 to agent 5 who has waiting time 8
[Waiting_time_Solve] New path is consistent after applying waiting time for agent 5
[Current_Solution] Agent 5 used 2 waiting timesteps, 6 remaining
[Waiting_time_Solve] Applied 2 waiting time  for agent 5 who has waiting time 6
[Waiting_time_Solve] Applying waiting time 2 to agent 6 who has waiting time 2
[Current_Solution] Agent 6 used 1 waiting timesteps, 1 remaining
[Waiting_time_Solve] New path is consistent after applying waiting time for agent 6
[Current_Solution] Agent 6 used 2 waiting timesteps, 0 remaining
[Waiting_time_Solve] Applied 2 waiting time  for agent 6 who has waiting time 0
[Waiting_time_Solve] Applying waiting time 2 to agent 22 who has waiting time 6
[Waiting_time_Solve] New path is consistent after applying waiting time for agent 22
[Current_Solution] Agent 22 used 2 waiting timesteps, 4 remaining
[Waiting_time_Solve] Applied 2 waiting time  for agent 22 who has waiting time 4
[Waiting_time_Solve] Applying waiting time 2 to agent 2 who has waiting time 43
[Waiting_time_Solve] New path is consistent after applying waiting time for agent 2
[Current_Solution] Agent 2 used 2 waiting timesteps, 41 remaining
[Waiting_time_Solve] Applied 2 waiting time  for agent 2 who has waiting time 41
[Waiting_time_Solve] Applying waiting time 2 to agent 11 who has waiting time 4
[Waiting_time_Solve] New path is consistent after applying waiting time for agent 11
[Current_Solution] Agent 11 used 2 waiting timesteps, 2 remaining
[Waiting_time_Solve] Applied 2 waiting time  for agent 11 who has waiting time 2
[Waiting_time_Solve] Applying waiting time 2 to agent 14 who has waiting time 11
[Waiting_time_Solve] New path is consistent after applying waiting time for agent 14
[Current_Solution] Agent 14 used 2 waiting timesteps, 9 remaining
[Waiting_time_Solve] Applied 2 waiting time  for agent 14 who has waiting time 9
[Waiting_time_Solve] Applying waiting time 2 to agent 15 who has waiting time 2
[Current_Solution] Agent 15 used 1 waiting timesteps, 1 remaining
[Waiting_time_Solve] New path is consistent after applying waiting time for agent 15
[Current_Solution] Agent 15 used 2 waiting timesteps, 0 remaining
[Waiting_time_Solve] Applied 2 waiting time  for agent 15 who has waiting time 0
[Waiting_time_Solve] Applying waiting time 2 to agent 17 who has waiting time 2
[Current_Solution] Agent 17 used 1 waiting timesteps, 1 remaining
[Waiting_time_Solve] New path is consistent after applying waiting time for agent 17
[Current_Solution] Agent 17 used 2 waiting timesteps, 0 remaining
[Waiting_time_Solve] Applied 2 waiting time  for agent 17 who has waiting time 0
[Waiting_time_Solve] Applying waiting time 2 to agent 20 who has waiting time 2
[Current_Solution] Agent 20 used 1 waiting timesteps, 1 remaining
[Waiting_time_Solve] New path is consistent after applying waiting time for agent 20
[Current_Solution] Agent 20 used 2 waiting timesteps, 0 remaining
[Waiting_time_Solve] Applied 2 waiting time  for agent 20 who has waiting time 0
[Waiting_time_Solve] Applying waiting time 2 to agent 27 who has waiting time 2
[Current_Solution] Agent 27 used 1 waiting timesteps, 1 remaining
[Waiting_time_Solve] New path is consistent after applying waiting time for agent 27
[Current_Solution] Agent 27 used 2 waiting timesteps, 0 remaining
[Waiting_time_Solve] Applied 2 waiting time  for agent 27 who has waiting time 0
[Waiting_time_Solve] Applying waiting time 2 to agent 39 who has waiting time 3
[Current_Solution] Agent 39 used 2 waiting timesteps, 1 remaining
[Waiting_time_Solve] New path is consistent after applying waiting time for agent 39
[Current_Solution] Agent 39 used 2 waiting timesteps, 0 remaining
[Waiting_time_Solve] Applied 2 waiting time  for agent 39 who has waiting time 0
[Waiting_time_Solve] Applying waiting time 2 to agent 30 who has waiting time 2
[Current_Solution] Agent 30 used 1 waiting timesteps, 1 remaining
[Waiting_time_Solve] New path is consistent after applying waiting time for agent 30
[Current_Solution] Agent 30 used 2 waiting timesteps, 0 remaining
[Waiting_time_Solve] Applied 2 waiting time  for agent 30 who has waiting time 0
[Waiting_time_Solve] Applying waiting time 2 to agent 32 who has waiting time 3
[Waiting_time_Solve] New path is consistent after applying waiting time for agent 32
[Current_Solution] Agent 32 used 2 waiting timesteps, 1 remaining
[Waiting_time_Solve] Applied 2 waiting time  for agent 32 who has waiting time 1
[Waiting_time_Solve] Applying waiting time 2 to agent 33 who has waiting time 14
[Waiting_time_Solve] New path is consistent after applying waiting time for agent 33
[Current_Solution] Agent 33 used 2 waiting timesteps, 12 remaining
[Waiting_time_Solve] Applied 2 waiting time  for agent 33 who has waiting time 12
[Waiting_time_Solve] Applying waiting time 2 to agent 36 who has waiting time 2
[Current_Solution] Agent 36 used 1 waiting timesteps, 1 remaining
[Waiting_time_Solve] New path is consistent after applying waiting time for agent 36
[Current_Solution] Agent 36 used 2 waiting timesteps, 0 remaining
[Waiting_time_Solve] Applied 2 waiting time  for agent 36 who has waiting time 0
[Waiting_time_Solve] Applying waiting time 2 to agent 37 who has waiting time 2
[Current_Solution] Agent 37 used 1 waiting timesteps, 1 remaining
[Waiting_time_Solve] New path is consistent after applying waiting time for agent 37
[Current_Solution] Agent 37 used 2 waiting timesteps, 0 remaining
[Waiting_time_Solve] Applied 2 waiting time  for agent 37 who has waiting time 0
[Waiting_time_Solve] Applying waiting time 2 to agent 38 who has waiting time 2
[Current_Solution] Agent 38 used 1 waiting timesteps, 1 remaining
[Waiting_time_Solve] New path is consistent after applying waiting time for agent 38
[Current_Solution] Agent 38 used 2 waiting timesteps, 0 remaining
[Waiting_time_Solve] Applied 2 waiting time  for agent 38 who has waiting time 0
[Waiting_time_Solve] Applying waiting time 2 to agent 42 who has waiting time 21
[Waiting_time_Solve] New path is consistent after applying waiting time for agent 42
[Current_Solution] Agent 42 used 2 waiting timesteps, 19 remaining
[Waiting_time_Solve] Applied 2 waiting time  for agent 42 who has waiting time 19
[Waiting_time_Solve] Applying waiting time 2 to agent 49 who has waiting time 2
[Current_Solution] Agent 49 used 1 waiting timesteps, 1 remaining
[Waiting_time_Solve] New path is consistent after applying waiting time for agent 49
[Current_Solution] Agent 49 used 2 waiting timesteps, 0 remaining
[Waiting_time_Solve] Applied 2 waiting time  for agent 49 who has waiting time 0
[Waiting_time_Solve] Applying waiting time 2 to agent 54 who has waiting time 3
[Waiting_time_Solve] New path is consistent after applying waiting time for agent 54
[Current_Solution] Agent 54 used 2 waiting timesteps, 1 remaining
[Waiting_time_Solve] Applied 2 waiting time  for agent 54 who has waiting time 1
[Waiting_time_Solve] Applying waiting time 2 to agent 59 who has waiting time 3
[Waiting_time_Solve] Pruned 0 vertex and 1 edge collisions from segment 114
[Waiting_time_Solve] New path is consistent after applying waiting time for agent 59
[Current_Solution] Agent 59 used 2 waiting timesteps, 1 remaining
[Waiting_time_Solve] Applied 2 waiting time  for agent 59 who has waiting time 1
[Waiting_time_Solve] Applying waiting time 2 to agent 1 who has waiting time 3
[Current_Solution] Agent 1 used 2 waiting timesteps, 1 remaining
[Waiting_time_Solve] New path is consistent after applying waiting time for agent 1
[Current_Solution] Agent 1 used 2 waiting timesteps, 0 remaining
[Waiting_time_Solve] Applied 2 waiting time  for agent 1 who has waiting time 0
[Waiting_time_Solve] Applying waiting time 2 to agent 4 who has waiting time 2
[Current_Solution] Agent 4 used 1 waiting timesteps, 1 remaining
[Waiting_time_Solve] New path is consistent after applying waiting time for agent 4
[Current_Solution] Agent 4 used 2 waiting timesteps, 0 remaining
[Waiting_time_Solve] Applied 2 waiting time  for agent 4 who has waiting time 0
[Waiting_time_Solve] Applying waiting time 2 to agent 62 who has waiting time 5
[Waiting_time_Solve] New path is consistent after applying waiting time for agent 62
[Current_Solution] Agent 62 used 2 waiting timesteps, 3 remaining
[Waiting_time_Solve] Applied 2 waiting time  for agent 62 who has waiting time 3
[Waiting_time_Solve] Applying waiting time 2 to agent 63 who has waiting time 5
[Waiting_time_Solve] New path is consistent after applying waiting time for agent 63
[Current_Solution] Agent 63 used 2 waiting timesteps, 3 remaining
[Waiting_time_Solve] Applied 2 waiting time  for agent 63 who has waiting time 3
[Waiting_time_Solve] Applying waiting time 2 to agent 65 who has waiting time 2
[Current_Solution] Agent 65 used 1 waiting timesteps, 1 remaining
[Waiting_time_Solve] New path is consistent after applying waiting time for agent 65
[Current_Solution] Agent 65 used 2 waiting timesteps, 0 remaining
[Waiting_time_Solve] Applied 2 waiting time  for agent 65 who has waiting time 0
[Waiting_time_Solve] Applying waiting time 2 to agent 75 who has waiting time 5
[Waiting_time_Solve] New path is consistent after applying waiting time for agent 75
[Current_Solution] Agent 75 used 2 waiting timesteps, 3 remaining
[Waiting_time_Solve] Applied 2 waiting time  for agent 75 who has waiting time 3
[Waiting_time_Solve] Applying waiting time 2 to agent 67 who has waiting time 2
[Current_Solution] Agent 67 used 1 waiting timesteps, 1 remaining
[Waiting_time_Solve] New path is consistent after applying waiting time for agent 67
[Current_Solution] Agent 67 used 2 waiting timesteps, 0 remaining
[Waiting_time_Solve] Applied 2 waiting time  for agent 67 who has waiting time 0
[Waiting_time_Solve] Applying waiting time 2 to agent 71 who has waiting time 25
[Waiting_time_Solve] New path is consistent after applying waiting time for agent 71
[Current_Solution] Agent 71 used 2 waiting timesteps, 23 remaining
[Waiting_time_Solve] Applied 2 waiting time  for agent 71 who has waiting time 23
[Waiting_time_Solve] Applying waiting time 2 to agent 72 who has waiting time 2
[Waiting_time_Solve] New path is consistent after applying waiting time for agent 72
[Current_Solution] Agent 72 used 2 waiting timesteps, 0 remaining
[Waiting_time_Solve] Applied 2 waiting time  for agent 72 who has waiting time 0
[Waiting_time_Solve] Applying waiting time 2 to agent 73 who has waiting time 2
[Current_Solution] Agent 73 used 1 waiting timesteps, 1 remaining
[Waiting_time_Solve] New path is consistent after applying waiting time for agent 73
[Current_Solution] Agent 73 used 2 waiting timesteps, 0 remaining
[Waiting_time_Solve] Applied 2 waiting time  for agent 73 who has waiting time 0
[Waiting_time_Solve] Applying waiting time 2 to agent 74 who has waiting time 2
[Current_Solution] Agent 74 used 1 waiting timesteps, 1 remaining
[Waiting_time_Solve] New path is consistent after applying waiting time for agent 74
[Current_Solution] Agent 74 used 2 waiting timesteps, 0 remaining
[Waiting_time_Solve] Applied 2 waiting time  for agent 74 who has waiting time 0
[Waiting_time_Solve] Applying waiting time 2 to agent 25 who has waiting time 37
[Waiting_time_Solve] New path is consistent after applying waiting time for agent 25
[Current_Solution] Agent 25 used 2 waiting timesteps, 35 remaining
[Waiting_time_Solve] Applied 2 waiting time  for agent 25 who has waiting time 35
[Waiting_time_Solve] Applying waiting time 2 to agent 77 who has waiting time 2
[Current_Solution] Agent 77 used 1 waiting timesteps, 1 remaining
[Waiting_time_Solve] New path is consistent after applying waiting time for agent 77
[Current_Solution] Agent 77 used 2 waiting timesteps, 0 remaining
[Waiting_time_Solve] Applied 2 waiting time  for agent 77 who has waiting time 0
[Waiting_time_Solve] Applying waiting time 2 to agent 78 who has waiting time 3
[Waiting_time_Solve] New path is consistent after applying waiting time for agent 78
[Current_Solution] Agent 78 used 2 waiting timesteps, 1 remaining
[Waiting_time_Solve] Applied 2 waiting time  for agent 78 who has waiting time 1
[Waiting_time_Solve] Applying waiting time 2 to agent 35 who has waiting time 3
[Waiting_time_Solve] Pruned 2 vertex and 0 edge collisions from segment 104
[Waiting_time_Solve] New path is consistent after applying waiting time for agent 35
[Current_Solution] Agent 35 used 2 waiting timesteps, 1 remaining
[Waiting_time_Solve] Applied 2 waiting time  for agent 35 who has waiting time 1
[Waiting_time_Solve] Applying waiting time 2 to agent 85 who has waiting time 3
[Current_Solution] Agent 85 used 2 waiting timesteps, 1 remaining
[Waiting_time_Solve] New path is consistent after applying waiting time for agent 85
[Current_Solution] Agent 85 used 2 waiting timesteps, 0 remaining
[Waiting_time_Solve] Applied 2 waiting time  for agent 85 who has waiting time 0
[Waiting_time_Solve] Applying waiting time 2 to agent 88 who has waiting time 3
[Current_Solution] Agent 88 used 2 waiting timesteps, 1 remaining
[Waiting_time_Solve] New path is consistent after applying waiting time for agent 88
[Current_Solution] Agent 88 used 2 waiting timesteps, 0 remaining
[Waiting_time_Solve] Applied 2 waiting time  for agent 88 who has waiting time 0
[Waiting_time_Solve] Applying waiting time 2 to agent 89 who has waiting time 2
[Current_Solution] Agent 89 used 1 waiting timesteps, 1 remaining
[Waiting_time_Solve] New path is consistent after applying waiting time for agent 89
[Current_Solution] Agent 89 used 2 waiting timesteps, 0 remaining
[Waiting_time_Solve] Applied 2 waiting time  for agent 89 who has waiting time 0
[Waiting_time_Solve] Applying waiting time 2 to agent 93 who has waiting time 2
[Current_Solution] Agent 93 used 1 waiting timesteps, 1 remaining
[Waiting_time_Solve] New path is consistent after applying waiting time for agent 93
[Current_Solution] Agent 93 used 2 waiting timesteps, 0 remaining
[Waiting_time_Solve] Applied 2 waiting time  for agent 93 who has waiting time 0
[Waiting_time_Solve] Applying waiting time 2 to agent 96 who has waiting time 2
[Current_Solution] Agent 96 used 1 waiting timesteps, 1 remaining
[Waiting_time_Solve] New path is consistent after applying waiting time for agent 96
[Current_Solution] Agent 96 used 2 waiting timesteps, 0 remaining
[Waiting_time_Solve] Applied 2 waiting time  for agent 96 who has waiting time 0
[Waiting_time_Solve] Applying waiting time 2 to agent 99 who has waiting time 2
[Current_Solution] Agent 99 used 1 waiting timesteps, 1 remaining
[Waiting_time_Solve] New path is consistent after applying waiting time for agent 99
[Current_Solution] Agent 99 used 2 waiting timesteps, 0 remaining
[Waiting_time_Solve] Applied 2 waiting time  for agent 99 who has waiting time 0
[Waiting_time_Solve] Applying waiting time 2 to agent 8 who has waiting time 29
[Waiting_time_Solve] New path is consistent after applying waiting time for agent 8
[Current_Solution] Agent 8 used 2 waiting timesteps, 27 remaining
[Waiting_time_Solve] Applied 2 waiting time  for agent 8 who has waiting time 27
[Waiting_time_Solve] Applying waiting time 2 to agent 56 who has waiting time 2
[Waiting_time_Solve] New path is consistent after applying waiting time for agent 56
[Current_Solution] Agent 56 used 2 waiting timesteps, 0 remaining
[Waiting_time_Solve] Applied 2 waiting time  for agent 56 who has waiting time 0
[Waiting_time_Solve] Applying waiting time 2 to agent 41 who has waiting time 5
[Waiting_time_Solve] New path is consistent after applying waiting time for agent 41
[Current_Solution] Agent 41 used 2 waiting timesteps, 3 remaining
[Waiting_time_Solve] Applied 2 waiting time  for agent 41 who has waiting time 3
[Waiting_time_Solve] Applying waiting time 2 to agent 57 who has waiting time 3
[Waiting_time_Solve] New path is consistent after applying waiting time for agent 57
[Current_Solution] Agent 57 used 2 waiting timesteps, 1 remaining
[Waiting_time_Solve] Applied 2 waiting time  for agent 57 who has waiting time 1
[Waiting_time_Solve] Applying waiting time 2 to agent 81 who has waiting time 2
[Current_Solution] Agent 81 used 1 waiting timesteps, 1 remaining
[Waiting_time_Solve] New path is consistent after applying waiting time for agent 81
[Current_Solution] Agent 81 used 2 waiting timesteps, 0 remaining
[Waiting_time_Solve] Applied 2 waiting time  for agent 81 who has waiting time 0
[Waiting_time_Solve] Applying waiting time 2 to agent 68 who has waiting time 3
[Current_Solution] Agent 68 used 2 waiting timesteps, 1 remaining
[Waiting_time_Solve] New path is consistent after applying waiting time for agent 68
[Current_Solution] Agent 68 used 2 waiting timesteps, 0 remaining
[Waiting_time_Solve] Applied 2 waiting time  for agent 68 who has waiting time 0
[Waiting_time_Solve] Applying waiting time 2 to agent 84 who has waiting time 2
[Current_Solution] Agent 84 used 1 waiting timesteps, 1 remaining
[Waiting_time_Solve] New path is consistent after applying waiting time for agent 84
[Current_Solution] Agent 84 used 2 waiting timesteps, 0 remaining
[Waiting_time_Solve] Applied 2 waiting time  for agent 84 who has waiting time 0
[Waiting_time_Solve] Applying waiting time 2 to agent 92 who has waiting time 2
[Current_Solution] Agent 92 used 1 waiting timesteps, 1 remaining
[Waiting_time_Solve] New path is consistent after applying waiting time for agent 92
[Current_Solution] Agent 92 used 2 waiting timesteps, 0 remaining
[Waiting_time_Solve] Applied 2 waiting time  for agent 92 who has waiting time 0
[Waiting_time_Solve] Applying waiting time 2 to agent 98 who has waiting time 3
[Current_Solution] Agent 98 used 2 waiting timesteps, 1 remaining
[Waiting_time_Solve] New path is consistent after applying waiting time for agent 98
[Current_Solution] Agent 98 used 2 waiting timesteps, 0 remaining
[Waiting_time_Solve] Applied 2 waiting time  for agent 98 who has waiting time 0
[Waiting_time_Solve] Applying waiting time 2 to agent 21 who has waiting time 2
[Current_Solution] Agent 21 used 1 waiting timesteps, 1 remaining
[Waiting_time_Solve] New path is consistent after applying waiting time for agent 21
[Current_Solution] Agent 21 used 2 waiting timesteps, 0 remaining
[Waiting_time_Solve] Applied 2 waiting time  for agent 21 who has waiting time 0
[Waiting_time_Solve] Applying waiting time 2 to agent 40 who has waiting time 3
[Current_Solution] Agent 40 used 2 waiting timesteps, 1 remaining
[Waiting_time_Solve] New path is consistent after applying waiting time for agent 40
[Current_Solution] Agent 40 used 2 waiting timesteps, 0 remaining
[Waiting_time_Solve] Applied 2 waiting time  for agent 40 who has waiting time 0
[Waiting_time_Solve] Applying waiting time 2 to agent 55 who has waiting time 44
[Waiting_time_Solve] New path is consistent after applying waiting time for agent 55
[Current_Solution] Agent 55 used 2 waiting timesteps, 42 remaining
[Waiting_time_Solve] Applied 2 waiting time  for agent 55 who has waiting time 42
[Waiting_time_Solve] Applying waiting time 2 to agent 61 who has waiting time 36
[Waiting_time_Solve] New path is consistent after applying waiting time for agent 61
[Current_Solution] Agent 61 used 2 waiting timesteps, 34 remaining
[Waiting_time_Solve] Applied 2 waiting time  for agent 61 who has waiting time 34
[Waiting_time_Solve] Applying waiting time 2 to agent 90 who has waiting time 24
[Waiting_time_Solve] New path is consistent after applying waiting time for agent 90
[Current_Solution] Agent 90 used 2 waiting timesteps, 22 remaining
[Waiting_time_Solve] Applied 2 waiting time  for agent 90 who has waiting time 22
[Waiting_time_Solve] ALL Waiting time applied
[Waiting_time_Solve] Extended Zone end time from 52 to 54
[Current_Solution] Agent 3 used 1 waiting timesteps, 1 remaining
[Current_Solution] Agent 7 used 1 waiting timesteps, 1 remaining
[Current_Solution] Agent 10 used 2 waiting timesteps, 1 remaining
[Current_Solution] Agent 12 used 1 waiting timesteps, 1 remaining
[Current_Solution] Agent 16 used 1 waiting timesteps, 1 remaining
[Current_Solution] Agent 18 used 2 waiting timesteps, 1 remaining
[Current_Solution] Agent 19 used 2 waiting timesteps, 1 remaining
[Current_Solution] Agent 23 used 1 waiting timesteps, 1 remaining
[Current_Solution] Agent 24 used 1 waiting timesteps, 1 remaining
[Current_Solution] Agent 28 used 1 waiting timesteps, 1 remaining
[Current_Solution] Agent 29 used 1 waiting timesteps, 1 remaining
[Current_Solution] Agent 34 used 1 waiting timesteps, 1 remaining
[Current_Solution] Agent 43 used 1 waiting timesteps, 1 remaining
[Current_Solution] Agent 44 used 1 waiting timesteps, 1 remaining
[Current_Solution] Agent 47 used 1 waiting timesteps, 1 remaining
[Current_Solution] Agent 50 used 1 waiting timesteps, 1 remaining
[Current_Solution] Agent 52 used 2 waiting timesteps, 1 remaining
[Current_Solution] Agent 64 used 1 waiting timesteps, 1 remaining
[Current_Solution] Agent 70 used 2 waiting timesteps, 1 remaining
[Waiting_time_Solve] Iteration 2...
Command terminated after exceeding the time limit.
# Run terminated after reaching overall time limit

# Batch stopped after reaching overall time limit (elapsed 599s)
