# Batch started 2025-10-21 13:33:23 | map=/home/max/Documents/PhD/MAPF/LNS/MAPF_LNS_SAT/mapf-map/warehouse-10-20-10-2-2.map | agents=20 | total_time_limit=600s

# Run 0 | scenario="/home/max/Documents/PhD/MAPF/LNS/MAPF_LNS_SAT/mapf-scen-even/scen-even/warehouse-10-20-10-2-2-even-1.scen" | scenario_index=0
# Command: /home/max/Documents/PhD/MAPF/LNS/MAPF_LNS_SAT/lns_clean/main_clean_lns /home/max/Documents/PhD/MAPF/LNS/MAPF_LNS_SAT/mapf-map/warehouse-10-20-10-2-2.map /home/max/Documents/PhD/MAPF/LNS/MAPF_LNS_SAT/mapf-scen-even/scen-even/warehouse-10-20-10-2-2-even-1.scen 20 0 minisat 42
# Remaining time budget: 599 seconds
[LNS] Loaded map 84x170, agents: 20
[LNS] Map:
TTTTTTTTTTTTTTTTTTTTTTTTTTTTTTTTTTTTTTTTTTTTTTTTTTTTTTTTTTTTTTTTTTTTTTTTTTTTTTTTTTTTTTTTTTTTTTTTTTTTTTTTTTTTTTTTTTTTTTTTTTTTTTTTTTTTTTTTTTTTTTTTTTTTTTTTTTTTTTTTTTTTTTTTTT
T........................................................................................................................................................................T
T........................................................................................................................................................................T
T.........................TTTTTTTTTT..TTTTTTTTTT..TTTTTTTTTT..TTTTTTTTTT..TTTTTTTTTT..TTTTTTTTTT..TTTTTTTTTT..TTTTTTTTTT..TTTTTTTTTT..TTTTTTTTTT.........................T
T.........................TTTTTTTTTT..TTTTTTTTTT..TTTTTTTTTT..TTTTTTTTTT..TTTTTTTTTT..TTTTTTTTTT..TTTTTTTTTT..TTTTTTTTTT..TTTTTTTTTT..TTTTTTTTTT.........................T
T........................................................................................................................................................................T
T........................................................................................................................................................................T
T.........................TTTTTTTTTT..TTTTTTTTTT..TTTTTTTTTT..TTTTTTTTTT..TTTTTTTTTT..TTTTTTTTTT..TTTTTTTTTT..TTTTTTTTTT..TTTTTTTTTT..TTTTTTTTTT.........................T
T.........................TTTTTTTTTT..TTTTTTTTTT..TTTTTTTTTT..TTTTTTTTTT..TTTTTTTTTT..TTTTTTTTTT..TTTTTTTTTT..TTTTTTTTTT..TTTTTTTTTT..TTTTTTTTTT.........................T
T........................................................................................................................................................................T
T........................................................................................................................................................................T
T.........................TTTTTTTTTT..TTTTTTTTTT..TTTTTTTTTT..TTTTTTTTTT..TTTTTTTTTT..TTTTTTTTTT..TTTTTTTTTT..TTTTTTTTTT..TTTTTTTTTT..TTTTTTTTTT.........................T
T.........................TTTTTTTTTT..TTTTTTTTTT..TTTTTTTTTT..TTTTTTTTTT..TTTTTTTTTT..TTTTTTTTTT..TTTTTTTTTT..TTTTTTTTTT..TTTTTTTTTT..TTTTTTTTTT.........................T
T........................................................................................................................................................................T
T........................................................................................................................................................................T
T.........................TTTTTTTTTT..TTTTTTTTTT..TTTTTTTTTT..TTTTTTTTTT..TTTTTTTTTT..TTTTTTTTTT..TTTTTTTTTT..TTTTTTTTTT..TTTTTTTTTT..TTTTTTTTTT.........................T
T.........................TTTTTTTTTT..TTTTTTTTTT..TTTTTTTTTT..TTTTTTTTTT..TTTTTTTTTT..TTTTTTTTTT..TTTTTTTTTT..TTTTTTTTTT..TTTTTTTTTT..TTTTTTTTTT.........................T
T........................................................................................................................................................................T
T........................................................................................................................................................................T
T.........................TTTTTTTTTT..TTTTTTTTTT..TTTTTTTTTT..TTTTTTTTTT..TTTTTTTTTT..TTTTTTTTTT..TTTTTTTTTT..TTTTTTTTTT..TTTTTTTTTT..TTTTTTTTTT.........................T
T.........................TTTTTTTTTT..TTTTTTTTTT..TTTTTTTTTT..TTTTTTTTTT..TTTTTTTTTT..TTTTTTTTTT..TTTTTTTTTT..TTTTTTTTTT..TTTTTTTTTT..TTTTTTTTTT.........................T
T........................................................................................................................................................................T
T........................................................................................................................................................................T
T.........................TTTTTTTTTT..TTTTTTTTTT..TTTTTTTTTT..TTTTTTTTTT..TTTTTTTTTT..TTTTTTTTTT..TTTTTTTTTT..TTTTTTTTTT..TTTTTTTTTT..TTTTTTTTTT.........................T
T.........................TTTTTTTTTT..TTTTTTTTTT..TTTTTTTTTT..TTTTTTTTTT..TTTTTTTTTT..TTTTTTTTTT..TTTTTTTTTT..TTTTTTTTTT..TTTTTTTTTT..TTTTTTTTTT.........................T
T........................................................................................................................................................................T
T........................................................................................................................................................................T
T.........................TTTTTTTTTT..TTTTTTTTTT..TTTTTTTTTT..TTTTTTTTTT..TTTTTTTTTT..TTTTTTTTTT..TTTTTTTTTT..TTTTTTTTTT..TTTTTTTTTT..TTTTTTTTTT.........................T
T.........................TTTTTTTTTT..TTTTTTTTTT..TTTTTTTTTT..TTTTTTTTTT..TTTTTTTTTT..TTTTTTTTTT..TTTTTTTTTT..TTTTTTTTTT..TTTTTTTTTT..TTTTTTTTTT.........................T
T........................................................................................................................................................................T
T........................................................................................................................................................................T
T.........................TTTTTTTTTT..TTTTTTTTTT..TTTTTTTTTT..TTTTTTTTTT..TTTTTTTTTT..TTTTTTTTTT..TTTTTTTTTT..TTTTTTTTTT..TTTTTTTTTT..TTTTTTTTTT.........................T
T.........................TTTTTTTTTT..TTTTTTTTTT..TTTTTTTTTT..TTTTTTTTTT..TTTTTTTTTT..TTTTTTTTTT..TTTTTTTTTT..TTTTTTTTTT..TTTTTTTTTT..TTTTTTTTTT.........................T
T........................................................................................................................................................................T
T........................................................................................................................................................................T
T.........................TTTTTTTTTT..TTTTTTTTTT..TTTTTTTTTT..TTTTTTTTTT..TTTTTTTTTT..TTTTTTTTTT..TTTTTTTTTT..TTTTTTTTTT..TTTTTTTTTT..TTTTTTTTTT.........................T
T.........................TTTTTTTTTT..TTTTTTTTTT..TTTTTTTTTT..TTTTTTTTTT..TTTTTTTTTT..TTTTTTTTTT..TTTTTTTTTT..TTTTTTTTTT..TTTTTTTTTT..TTTTTTTTTT.........................T
T........................................................................................................................................................................T
T........................................................................................................................................................................T
T.........................TTTTTTTTTT..TTTTTTTTTT..TTTTTTTTTT..TTTTTTTTTT..TTTTTTTTTT..TTTTTTTTTT..TTTTTTTTTT..TTTTTTTTTT..TTTTTTTTTT..TTTTTTTTTT.........................T
T.........................TTTTTTTTTT..TTTTTTTTTT..TTTTTTTTTT..TTTTTTTTTT..TTTTTTTTTT..TTTTTTTTTT..TTTTTTTTTT..TTTTTTTTTT..TTTTTTTTTT..TTTTTTTTTT.........................T
T........................................................................................................................................................................T
T........................................................................................................................................................................T
T.........................TTTTTTTTTT..TTTTTTTTTT..TTTTTTTTTT..TTTTTTTTTT..TTTTTTTTTT..TTTTTTTTTT..TTTTTTTTTT..TTTTTTTTTT..TTTTTTTTTT..TTTTTTTTTT.........................T
T.........................TTTTTTTTTT..TTTTTTTTTT..TTTTTTTTTT..TTTTTTTTTT..TTTTTTTTTT..TTTTTTTTTT..TTTTTTTTTT..TTTTTTTTTT..TTTTTTTTTT..TTTTTTTTTT.........................T
T........................................................................................................................................................................T
T........................................................................................................................................................................T
T.........................TTTTTTTTTT..TTTTTTTTTT..TTTTTTTTTT..TTTTTTTTTT..TTTTTTTTTT..TTTTTTTTTT..TTTTTTTTTT..TTTTTTTTTT..TTTTTTTTTT..TTTTTTTTTT.........................T
T.........................TTTTTTTTTT..TTTTTTTTTT..TTTTTTTTTT..TTTTTTTTTT..TTTTTTTTTT..TTTTTTTTTT..TTTTTTTTTT..TTTTTTTTTT..TTTTTTTTTT..TTTTTTTTTT.........................T
T........................................................................................................................................................................T
T........................................................................................................................................................................T
T.........................TTTTTTTTTT..TTTTTTTTTT..TTTTTTTTTT..TTTTTTTTTT..TTTTTTTTTT..TTTTTTTTTT..TTTTTTTTTT..TTTTTTTTTT..TTTTTTTTTT..TTTTTTTTTT.........................T
T.........................TTTTTTTTTT..TTTTTTTTTT..TTTTTTTTTT..TTTTTTTTTT..TTTTTTTTTT..TTTTTTTTTT..TTTTTTTTTT..TTTTTTTTTT..TTTTTTTTTT..TTTTTTTTTT.........................T
T........................................................................................................................................................................T
T........................................................................................................................................................................T
T.........................TTTTTTTTTT..TTTTTTTTTT..TTTTTTTTTT..TTTTTTTTTT..TTTTTTTTTT..TTTTTTTTTT..TTTTTTTTTT..TTTTTTTTTT..TTTTTTTTTT..TTTTTTTTTT.........................T
T.........................TTTTTTTTTT..TTTTTTTTTT..TTTTTTTTTT..TTTTTTTTTT..TTTTTTTTTT..TTTTTTTTTT..TTTTTTTTTT..TTTTTTTTTT..TTTTTTTTTT..TTTTTTTTTT.........................T
T........................................................................................................................................................................T
T........................................................................................................................................................................T
T.........................TTTTTTTTTT..TTTTTTTTTT..TTTTTTTTTT..TTTTTTTTTT..TTTTTTTTTT..TTTTTTTTTT..TTTTTTTTTT..TTTTTTTTTT..TTTTTTTTTT..TTTTTTTTTT.........................T
T.........................TTTTTTTTTT..TTTTTTTTTT..TTTTTTTTTT..TTTTTTTTTT..TTTTTTTTTT..TTTTTTTTTT..TTTTTTTTTT..TTTTTTTTTT..TTTTTTTTTT..TTTTTTTTTT.........................T
T........................................................................................................................................................................T
T........................................................................................................................................................................T
T.........................TTTTTTTTTT..TTTTTTTTTT..TTTTTTTTTT..TTTTTTTTTT..TTTTTTTTTT..TTTTTTTTTT..TTTTTTTTTT..TTTTTTTTTT..TTTTTTTTTT..TTTTTTTTTT.........................T
T.........................TTTTTTTTTT..TTTTTTTTTT..TTTTTTTTTT..TTTTTTTTTT..TTTTTTTTTT..TTTTTTTTTT..TTTTTTTTTT..TTTTTTTTTT..TTTTTTTTTT..TTTTTTTTTT.........................T
T........................................................................................................................................................................T
T........................................................................................................................................................................T
T.........................TTTTTTTTTT..TTTTTTTTTT..TTTTTTTTTT..TTTTTTTTTT..TTTTTTTTTT..TTTTTTTTTT..TTTTTTTTTT..TTTTTTTTTT..TTTTTTTTTT..TTTTTTTTTT.........................T
T.........................TTTTTTTTTT..TTTTTTTTTT..TTTTTTTTTT..TTTTTTTTTT..TTTTTTTTTT..TTTTTTTTTT..TTTTTTTTTT..TTTTTTTTTT..TTTTTTTTTT..TTTTTTTTTT.........................T
T........................................................................................................................................................................T
T........................................................................................................................................................................T
T.........................TTTTTTTTTT..TTTTTTTTTT..TTTTTTTTTT..TTTTTTTTTT..TTTTTTTTTT..TTTTTTTTTT..TTTTTTTTTT..TTTTTTTTTT..TTTTTTTTTT..TTTTTTTTTT.........................T
T.........................TTTTTTTTTT..TTTTTTTTTT..TTTTTTTTTT..TTTTTTTTTT..TTTTTTTTTT..TTTTTTTTTT..TTTTTTTTTT..TTTTTTTTTT..TTTTTTTTTT..TTTTTTTTTT.........................T
T........................................................................................................................................................................T
T........................................................................................................................................................................T
T.........................TTTTTTTTTT..TTTTTTTTTT..TTTTTTTTTT..TTTTTTTTTT..TTTTTTTTTT..TTTTTTTTTT..TTTTTTTTTT..TTTTTTTTTT..TTTTTTTTTT..TTTTTTTTTT.........................T
T.........................TTTTTTTTTT..TTTTTTTTTT..TTTTTTTTTT..TTTTTTTTTT..TTTTTTTTTT..TTTTTTTTTT..TTTTTTTTTT..TTTTTTTTTT..TTTTTTTTTT..TTTTTTTTTT.........................T
T........................................................................................................................................................................T
T........................................................................................................................................................................T
T.........................TTTTTTTTTT..TTTTTTTTTT..TTTTTTTTTT..TTTTTTTTTT..TTTTTTTTTT..TTTTTTTTTT..TTTTTTTTTT..TTTTTTTTTT..TTTTTTTTTT..TTTTTTTTTT.........................T
T.........................TTTTTTTTTT..TTTTTTTTTT..TTTTTTTTTT..TTTTTTTTTT..TTTTTTTTTT..TTTTTTTTTT..TTTTTTTTTT..TTTTTTTTTT..TTTTTTTTTT..TTTTTTTTTT.........................T
T........................................................................................................................................................................T
T........................................................................................................................................................................T
TTTTTTTTTTTTTTTTTTTTTTTTTTTTTTTTTTTTTTTTTTTTTTTTTTTTTTTTTTTTTTTTTTTTTTTTTTTTTTTTTTTTTTTTTTTTTTTTTTTTTTTTTTTTTTTTTTTTTTTTTTTTTTTTTTTTTTTTTTTTTTTTTTTTTTTTTTTTTTTTTTTTTTTTTT
[LNS] Number of agents: 20
[LNS] Agents (start -> goal):
  Agent 0: (3,4) -> (66,165)
  Agent 1: (6,168) -> (68,120)
  Agent 2: (69,106) -> (35,13)
  Agent 3: (34,25) -> (61,72)
  Agent 4: (21,150) -> (10,6)
  Agent 5: (12,5) -> (82,160)
  Agent 6: (1,29) -> (76,161)
  Agent 7: (75,162) -> (16,15)
  Agent 8: (5,13) -> (13,5)
  Agent 9: (26,112) -> (38,99)
  Agent 10: (10,168) -> (69,7)
  Agent 11: (34,63) -> (41,137)
  Agent 12: (76,19) -> (13,139)
  Agent 13: (11,61) -> (17,34)
  Agent 14: (8,120) -> (7,23)
  Agent 15: (1,6) -> (37,139)
  Agent 16: (9,162) -> (40,22)
  Agent 17: (74,11) -> (42,55)
  Agent 18: (19,145) -> (7,97)
  Agent 19: (62,3) -> (57,157)
[LNS] Base makespan: 225

[LNS] === Attempt with max_timesteps=225 ===
[SAT] Creating MDDs with shortest paths + waiting time...
[SAT] Created 20 MDDs with waiting time structure
[LNS] Built MDDs with waiting time structure for 20 agents at makespan 225
[Current_Solution] Calculating waiting times for agents...
[Current_Solution] Agent 19 reaches goal at t=159, waiting time=66
[Current_Solution] Agent 18 reaches goal at t=60, waiting time=165
[Current_Solution] Agent 17 reaches goal at t=76, waiting time=149
[Current_Solution] Agent 16 reaches goal at t=171, waiting time=54
[Current_Solution] Agent 15 reaches goal at t=169, waiting time=56
[Current_Solution] Agent 14 reaches goal at t=100, waiting time=125
[Current_Solution] Agent 13 reaches goal at t=33, waiting time=192
[Current_Solution] Agent 12 reaches goal at t=183, waiting time=42
[Current_Solution] Agent 11 reaches goal at t=81, waiting time=144
[Current_Solution] Agent 10 reaches goal at t=220, waiting time=5
[Current_Solution] Agent 9 reaches goal at t=25, waiting time=200
[Current_Solution] Agent 8 reaches goal at t=16, waiting time=209
[Current_Solution] Agent 7 reaches goal at t=206, waiting time=19
[Current_Solution] Agent 6 reaches goal at t=207, waiting time=18
[Current_Solution] Agent 5 reaches goal at t=225, waiting time=0
[Current_Solution] Agent 4 reaches goal at t=155, waiting time=70
[Current_Solution] Agent 3 reaches goal at t=74, waiting time=151
[Current_Solution] Agent 2 reaches goal at t=127, waiting time=98
[Current_Solution] Agent 1 reaches goal at t=110, waiting time=115
[Current_Solution] Agent 0 reaches goal at t=224, waiting time=1
[Current_Solution] Waiting time calculation complete
[LNS] Created current solution with 20 agent paths on a map of size 84x170
[LNS] Analyzing conflicts...
[LNS] Current solution: vertex collisions=9, edge collisions=0
[LNS] Creating conflict buckets...
[LOCAL ZONE] Building diamond bucket for conflict 0
[LOCAL ZONE] Built diamond bucket for conflict 0 with 16 positions, 5 conflicts, 5 - 9 time window
[LNS] Selected most relevant bucket 0 with time window: 5 - 9, 5 conflicts and 16 positions.
[LNS] Solving the best bucket Local Zone...
[Solve_local_zone] Local zone size reached 95% of all walkable positions
[Solve_local_zone] Will try to solve with full time window and all positions
[Solve_local_zone] Makespan: 225
[Solve_local_zone] Time window: [0, 225]
[Current_Solution] Agent 0 used 1 waiting timesteps, 0 remaining
[Current_Solution] Agent 1 used 115 waiting timesteps, 0 remaining
[Current_Solution] Agent 2 used 98 waiting timesteps, 0 remaining
[Current_Solution] Agent 3 used 151 waiting timesteps, 0 remaining
[Current_Solution] Agent 4 used 70 waiting timesteps, 0 remaining
[Current_Solution] Agent 6 used 18 waiting timesteps, 0 remaining
[Current_Solution] Agent 7 used 19 waiting timesteps, 0 remaining
[Current_Solution] Agent 8 used 209 waiting timesteps, 0 remaining
[Current_Solution] Agent 9 used 200 waiting timesteps, 0 remaining
[Current_Solution] Agent 10 used 5 waiting timesteps, 0 remaining
[Current_Solution] Agent 11 used 144 waiting timesteps, 0 remaining
[Current_Solution] Agent 12 used 42 waiting timesteps, 0 remaining
[Current_Solution] Agent 13 used 192 waiting timesteps, 0 remaining
[Current_Solution] Agent 14 used 125 waiting timesteps, 0 remaining
[Current_Solution] Agent 15 used 56 waiting timesteps, 0 remaining
[Current_Solution] Agent 16 used 54 waiting timesteps, 0 remaining
[Current_Solution] Agent 17 used 149 waiting timesteps, 0 remaining
[Current_Solution] Agent 18 used 165 waiting timesteps, 0 remaining
[Current_Solution] Agent 19 used 66 waiting timesteps, 0 remaining
[Waiting_time_Solve] Agent 0 has waiting time 0
[Waiting_time_Solve] Agent 1 has waiting time 0
[Waiting_time_Solve] Agent 2 has waiting time 0
[Waiting_time_Solve] Agent 3 has waiting time 0
[Waiting_time_Solve] Agent 4 has waiting time 0
[Waiting_time_Solve] Agent 5 has waiting time 0
[Waiting_time_Solve] Agent 6 has waiting time 0
[Waiting_time_Solve] Agent 7 has waiting time 0
[Waiting_time_Solve] Agent 8 has waiting time 0
[Waiting_time_Solve] Agent 9 has waiting time 0
[Waiting_time_Solve] Agent 10 has waiting time 0
[Waiting_time_Solve] Agent 11 has waiting time 0
[Waiting_time_Solve] Agent 12 has waiting time 0
[Waiting_time_Solve] Agent 13 has waiting time 0
[Waiting_time_Solve] Agent 14 has waiting time 0
[Waiting_time_Solve] Agent 15 has waiting time 0
[Waiting_time_Solve] Agent 16 has waiting time 0
[Waiting_time_Solve] Agent 17 has waiting time 0
[Waiting_time_Solve] Agent 18 has waiting time 0
[Waiting_time_Solve] Agent 19 has waiting time 0
[Waiting_time_Solve] Total available waiting time: 0
[Waiting_time_Solve] Max iterations: 1
[Waiting_time_Solve] Iteration 0...
Command terminated after exceeding the time limit.
# Run terminated after reaching overall time limit

# Batch stopped after reaching overall time limit (elapsed 599s)
