# Batch started 2025-10-21 14:03:21 | map=/home/max/Documents/PhD/MAPF/LNS/MAPF_LNS_SAT/mapf-map/warehouse-10-20-10-2-2.map | agents=200 | total_time_limit=600s

# Run 0 | scenario="/home/max/Documents/PhD/MAPF/LNS/MAPF_LNS_SAT/mapf-scen-even/scen-even/warehouse-10-20-10-2-2-even-1.scen" | scenario_index=0
# Command: /home/max/Documents/PhD/MAPF/LNS/MAPF_LNS_SAT/lns_clean/main_clean_lns /home/max/Documents/PhD/MAPF/LNS/MAPF_LNS_SAT/mapf-map/warehouse-10-20-10-2-2.map /home/max/Documents/PhD/MAPF/LNS/MAPF_LNS_SAT/mapf-scen-even/scen-even/warehouse-10-20-10-2-2-even-1.scen 200 0 minisat 42
# Remaining time budget: 599 seconds
[LNS] Loaded map 84x170, agents: 200
[LNS] Map:
TTTTTTTTTTTTTTTTTTTTTTTTTTTTTTTTTTTTTTTTTTTTTTTTTTTTTTTTTTTTTTTTTTTTTTTTTTTTTTTTTTTTTTTTTTTTTTTTTTTTTTTTTTTTTTTTTTTTTTTTTTTTTTTTTTTTTTTTTTTTTTTTTTTTTTTTTTTTTTTTTTTTTTTTTT
T........................................................................................................................................................................T
T........................................................................................................................................................................T
T.........................TTTTTTTTTT..TTTTTTTTTT..TTTTTTTTTT..TTTTTTTTTT..TTTTTTTTTT..TTTTTTTTTT..TTTTTTTTTT..TTTTTTTTTT..TTTTTTTTTT..TTTTTTTTTT.........................T
T.........................TTTTTTTTTT..TTTTTTTTTT..TTTTTTTTTT..TTTTTTTTTT..TTTTTTTTTT..TTTTTTTTTT..TTTTTTTTTT..TTTTTTTTTT..TTTTTTTTTT..TTTTTTTTTT.........................T
T........................................................................................................................................................................T
T........................................................................................................................................................................T
T.........................TTTTTTTTTT..TTTTTTTTTT..TTTTTTTTTT..TTTTTTTTTT..TTTTTTTTTT..TTTTTTTTTT..TTTTTTTTTT..TTTTTTTTTT..TTTTTTTTTT..TTTTTTTTTT.........................T
T.........................TTTTTTTTTT..TTTTTTTTTT..TTTTTTTTTT..TTTTTTTTTT..TTTTTTTTTT..TTTTTTTTTT..TTTTTTTTTT..TTTTTTTTTT..TTTTTTTTTT..TTTTTTTTTT.........................T
T........................................................................................................................................................................T
T........................................................................................................................................................................T
T.........................TTTTTTTTTT..TTTTTTTTTT..TTTTTTTTTT..TTTTTTTTTT..TTTTTTTTTT..TTTTTTTTTT..TTTTTTTTTT..TTTTTTTTTT..TTTTTTTTTT..TTTTTTTTTT.........................T
T.........................TTTTTTTTTT..TTTTTTTTTT..TTTTTTTTTT..TTTTTTTTTT..TTTTTTTTTT..TTTTTTTTTT..TTTTTTTTTT..TTTTTTTTTT..TTTTTTTTTT..TTTTTTTTTT.........................T
T........................................................................................................................................................................T
T........................................................................................................................................................................T
T.........................TTTTTTTTTT..TTTTTTTTTT..TTTTTTTTTT..TTTTTTTTTT..TTTTTTTTTT..TTTTTTTTTT..TTTTTTTTTT..TTTTTTTTTT..TTTTTTTTTT..TTTTTTTTTT.........................T
T.........................TTTTTTTTTT..TTTTTTTTTT..TTTTTTTTTT..TTTTTTTTTT..TTTTTTTTTT..TTTTTTTTTT..TTTTTTTTTT..TTTTTTTTTT..TTTTTTTTTT..TTTTTTTTTT.........................T
T........................................................................................................................................................................T
T........................................................................................................................................................................T
T.........................TTTTTTTTTT..TTTTTTTTTT..TTTTTTTTTT..TTTTTTTTTT..TTTTTTTTTT..TTTTTTTTTT..TTTTTTTTTT..TTTTTTTTTT..TTTTTTTTTT..TTTTTTTTTT.........................T
T.........................TTTTTTTTTT..TTTTTTTTTT..TTTTTTTTTT..TTTTTTTTTT..TTTTTTTTTT..TTTTTTTTTT..TTTTTTTTTT..TTTTTTTTTT..TTTTTTTTTT..TTTTTTTTTT.........................T
T........................................................................................................................................................................T
T........................................................................................................................................................................T
T.........................TTTTTTTTTT..TTTTTTTTTT..TTTTTTTTTT..TTTTTTTTTT..TTTTTTTTTT..TTTTTTTTTT..TTTTTTTTTT..TTTTTTTTTT..TTTTTTTTTT..TTTTTTTTTT.........................T
T.........................TTTTTTTTTT..TTTTTTTTTT..TTTTTTTTTT..TTTTTTTTTT..TTTTTTTTTT..TTTTTTTTTT..TTTTTTTTTT..TTTTTTTTTT..TTTTTTTTTT..TTTTTTTTTT.........................T
T........................................................................................................................................................................T
T........................................................................................................................................................................T
T.........................TTTTTTTTTT..TTTTTTTTTT..TTTTTTTTTT..TTTTTTTTTT..TTTTTTTTTT..TTTTTTTTTT..TTTTTTTTTT..TTTTTTTTTT..TTTTTTTTTT..TTTTTTTTTT.........................T
T.........................TTTTTTTTTT..TTTTTTTTTT..TTTTTTTTTT..TTTTTTTTTT..TTTTTTTTTT..TTTTTTTTTT..TTTTTTTTTT..TTTTTTTTTT..TTTTTTTTTT..TTTTTTTTTT.........................T
T........................................................................................................................................................................T
T........................................................................................................................................................................T
T.........................TTTTTTTTTT..TTTTTTTTTT..TTTTTTTTTT..TTTTTTTTTT..TTTTTTTTTT..TTTTTTTTTT..TTTTTTTTTT..TTTTTTTTTT..TTTTTTTTTT..TTTTTTTTTT.........................T
T.........................TTTTTTTTTT..TTTTTTTTTT..TTTTTTTTTT..TTTTTTTTTT..TTTTTTTTTT..TTTTTTTTTT..TTTTTTTTTT..TTTTTTTTTT..TTTTTTTTTT..TTTTTTTTTT.........................T
T........................................................................................................................................................................T
T........................................................................................................................................................................T
T.........................TTTTTTTTTT..TTTTTTTTTT..TTTTTTTTTT..TTTTTTTTTT..TTTTTTTTTT..TTTTTTTTTT..TTTTTTTTTT..TTTTTTTTTT..TTTTTTTTTT..TTTTTTTTTT.........................T
T.........................TTTTTTTTTT..TTTTTTTTTT..TTTTTTTTTT..TTTTTTTTTT..TTTTTTTTTT..TTTTTTTTTT..TTTTTTTTTT..TTTTTTTTTT..TTTTTTTTTT..TTTTTTTTTT.........................T
T........................................................................................................................................................................T
T........................................................................................................................................................................T
T.........................TTTTTTTTTT..TTTTTTTTTT..TTTTTTTTTT..TTTTTTTTTT..TTTTTTTTTT..TTTTTTTTTT..TTTTTTTTTT..TTTTTTTTTT..TTTTTTTTTT..TTTTTTTTTT.........................T
T.........................TTTTTTTTTT..TTTTTTTTTT..TTTTTTTTTT..TTTTTTTTTT..TTTTTTTTTT..TTTTTTTTTT..TTTTTTTTTT..TTTTTTTTTT..TTTTTTTTTT..TTTTTTTTTT.........................T
T........................................................................................................................................................................T
T........................................................................................................................................................................T
T.........................TTTTTTTTTT..TTTTTTTTTT..TTTTTTTTTT..TTTTTTTTTT..TTTTTTTTTT..TTTTTTTTTT..TTTTTTTTTT..TTTTTTTTTT..TTTTTTTTTT..TTTTTTTTTT.........................T
T.........................TTTTTTTTTT..TTTTTTTTTT..TTTTTTTTTT..TTTTTTTTTT..TTTTTTTTTT..TTTTTTTTTT..TTTTTTTTTT..TTTTTTTTTT..TTTTTTTTTT..TTTTTTTTTT.........................T
T........................................................................................................................................................................T
T........................................................................................................................................................................T
T.........................TTTTTTTTTT..TTTTTTTTTT..TTTTTTTTTT..TTTTTTTTTT..TTTTTTTTTT..TTTTTTTTTT..TTTTTTTTTT..TTTTTTTTTT..TTTTTTTTTT..TTTTTTTTTT.........................T
T.........................TTTTTTTTTT..TTTTTTTTTT..TTTTTTTTTT..TTTTTTTTTT..TTTTTTTTTT..TTTTTTTTTT..TTTTTTTTTT..TTTTTTTTTT..TTTTTTTTTT..TTTTTTTTTT.........................T
T........................................................................................................................................................................T
T........................................................................................................................................................................T
T.........................TTTTTTTTTT..TTTTTTTTTT..TTTTTTTTTT..TTTTTTTTTT..TTTTTTTTTT..TTTTTTTTTT..TTTTTTTTTT..TTTTTTTTTT..TTTTTTTTTT..TTTTTTTTTT.........................T
T.........................TTTTTTTTTT..TTTTTTTTTT..TTTTTTTTTT..TTTTTTTTTT..TTTTTTTTTT..TTTTTTTTTT..TTTTTTTTTT..TTTTTTTTTT..TTTTTTTTTT..TTTTTTTTTT.........................T
T........................................................................................................................................................................T
T........................................................................................................................................................................T
T.........................TTTTTTTTTT..TTTTTTTTTT..TTTTTTTTTT..TTTTTTTTTT..TTTTTTTTTT..TTTTTTTTTT..TTTTTTTTTT..TTTTTTTTTT..TTTTTTTTTT..TTTTTTTTTT.........................T
T.........................TTTTTTTTTT..TTTTTTTTTT..TTTTTTTTTT..TTTTTTTTTT..TTTTTTTTTT..TTTTTTTTTT..TTTTTTTTTT..TTTTTTTTTT..TTTTTTTTTT..TTTTTTTTTT.........................T
T........................................................................................................................................................................T
T........................................................................................................................................................................T
T.........................TTTTTTTTTT..TTTTTTTTTT..TTTTTTTTTT..TTTTTTTTTT..TTTTTTTTTT..TTTTTTTTTT..TTTTTTTTTT..TTTTTTTTTT..TTTTTTTTTT..TTTTTTTTTT.........................T
T.........................TTTTTTTTTT..TTTTTTTTTT..TTTTTTTTTT..TTTTTTTTTT..TTTTTTTTTT..TTTTTTTTTT..TTTTTTTTTT..TTTTTTTTTT..TTTTTTTTTT..TTTTTTTTTT.........................T
T........................................................................................................................................................................T
T........................................................................................................................................................................T
T.........................TTTTTTTTTT..TTTTTTTTTT..TTTTTTTTTT..TTTTTTTTTT..TTTTTTTTTT..TTTTTTTTTT..TTTTTTTTTT..TTTTTTTTTT..TTTTTTTTTT..TTTTTTTTTT.........................T
T.........................TTTTTTTTTT..TTTTTTTTTT..TTTTTTTTTT..TTTTTTTTTT..TTTTTTTTTT..TTTTTTTTTT..TTTTTTTTTT..TTTTTTTTTT..TTTTTTTTTT..TTTTTTTTTT.........................T
T........................................................................................................................................................................T
T........................................................................................................................................................................T
T.........................TTTTTTTTTT..TTTTTTTTTT..TTTTTTTTTT..TTTTTTTTTT..TTTTTTTTTT..TTTTTTTTTT..TTTTTTTTTT..TTTTTTTTTT..TTTTTTTTTT..TTTTTTTTTT.........................T
T.........................TTTTTTTTTT..TTTTTTTTTT..TTTTTTTTTT..TTTTTTTTTT..TTTTTTTTTT..TTTTTTTTTT..TTTTTTTTTT..TTTTTTTTTT..TTTTTTTTTT..TTTTTTTTTT.........................T
T........................................................................................................................................................................T
T........................................................................................................................................................................T
T.........................TTTTTTTTTT..TTTTTTTTTT..TTTTTTTTTT..TTTTTTTTTT..TTTTTTTTTT..TTTTTTTTTT..TTTTTTTTTT..TTTTTTTTTT..TTTTTTTTTT..TTTTTTTTTT.........................T
T.........................TTTTTTTTTT..TTTTTTTTTT..TTTTTTTTTT..TTTTTTTTTT..TTTTTTTTTT..TTTTTTTTTT..TTTTTTTTTT..TTTTTTTTTT..TTTTTTTTTT..TTTTTTTTTT.........................T
T........................................................................................................................................................................T
T........................................................................................................................................................................T
T.........................TTTTTTTTTT..TTTTTTTTTT..TTTTTTTTTT..TTTTTTTTTT..TTTTTTTTTT..TTTTTTTTTT..TTTTTTTTTT..TTTTTTTTTT..TTTTTTTTTT..TTTTTTTTTT.........................T
T.........................TTTTTTTTTT..TTTTTTTTTT..TTTTTTTTTT..TTTTTTTTTT..TTTTTTTTTT..TTTTTTTTTT..TTTTTTTTTT..TTTTTTTTTT..TTTTTTTTTT..TTTTTTTTTT.........................T
T........................................................................................................................................................................T
T........................................................................................................................................................................T
T.........................TTTTTTTTTT..TTTTTTTTTT..TTTTTTTTTT..TTTTTTTTTT..TTTTTTTTTT..TTTTTTTTTT..TTTTTTTTTT..TTTTTTTTTT..TTTTTTTTTT..TTTTTTTTTT.........................T
T.........................TTTTTTTTTT..TTTTTTTTTT..TTTTTTTTTT..TTTTTTTTTT..TTTTTTTTTT..TTTTTTTTTT..TTTTTTTTTT..TTTTTTTTTT..TTTTTTTTTT..TTTTTTTTTT.........................T
T........................................................................................................................................................................T
T........................................................................................................................................................................T
TTTTTTTTTTTTTTTTTTTTTTTTTTTTTTTTTTTTTTTTTTTTTTTTTTTTTTTTTTTTTTTTTTTTTTTTTTTTTTTTTTTTTTTTTTTTTTTTTTTTTTTTTTTTTTTTTTTTTTTTTTTTTTTTTTTTTTTTTTTTTTTTTTTTTTTTTTTTTTTTTTTTTTTTTT
[LNS] Number of agents: 200
[LNS] Agents (start -> goal):
  Agent 0: (3,4) -> (66,165)
  Agent 1: (6,168) -> (68,120)
  Agent 2: (69,106) -> (35,13)
  Agent 3: (34,25) -> (61,72)
  Agent 4: (21,150) -> (10,6)
  Agent 5: (12,5) -> (82,160)
  Agent 6: (1,29) -> (76,161)
  Agent 7: (75,162) -> (16,15)
  Agent 8: (5,13) -> (13,5)
  Agent 9: (26,112) -> (38,99)
  Agent 10: (10,168) -> (69,7)
  Agent 11: (34,63) -> (41,137)
  Agent 12: (76,19) -> (13,139)
  Agent 13: (11,61) -> (17,34)
  Agent 14: (8,120) -> (7,23)
  Agent 15: (1,6) -> (37,139)
  Agent 16: (9,162) -> (40,22)
  Agent 17: (74,11) -> (42,55)
  Agent 18: (19,145) -> (7,97)
  Agent 19: (62,3) -> (57,157)
  Agent 20: (16,96) -> (61,119)
  Agent 21: (74,71) -> (81,56)
  Agent 22: (69,10) -> (6,165)
  Agent 23: (64,20) -> (48,7)
  Agent 24: (14,16) -> (3,1)
  Agent 25: (47,16) -> (13,53)
  Agent 26: (34,26) -> (77,167)
  Agent 27: (34,59) -> (2,7)
  Agent 28: (34,156) -> (17,26)
  Agent 29: (77,33) -> (29,77)
  Agent 30: (50,31) -> (29,74)
  Agent 31: (50,52) -> (42,129)
  Agent 32: (45,23) -> (14,57)
  Agent 33: (57,81) -> (70,73)
  Agent 34: (71,16) -> (21,81)
  Agent 35: (23,167) -> (74,60)
  Agent 36: (28,152) -> (54,109)
  Agent 37: (48,84) -> (5,2)
  Agent 38: (21,1) -> (58,137)
  Agent 39: (9,3) -> (20,165)
  Agent 40: (18,13) -> (52,149)
  Agent 41: (34,110) -> (41,40)
  Agent 42: (59,14) -> (70,58)
  Agent 43: (34,20) -> (5,140)
  Agent 44: (45,13) -> (43,22)
  Agent 45: (3,166) -> (57,25)
  Agent 46: (10,64) -> (66,122)
  Agent 47: (40,120) -> (4,60)
  Agent 48: (35,168) -> (47,25)
  Agent 49: (14,168) -> (42,19)
  Agent 50: (73,2) -> (78,117)
  Agent 51: (3,155) -> (57,64)
  Agent 52: (13,85) -> (17,19)
  Agent 53: (79,160) -> (31,145)
  Agent 54: (10,43) -> (50,30)
  Agent 55: (7,162) -> (16,168)
  Agent 56: (39,2) -> (59,153)
  Agent 57: (13,50) -> (2,103)
  Agent 58: (24,2) -> (22,153)
  Agent 59: (42,66) -> (46,63)
  Agent 60: (22,29) -> (66,124)
  Agent 61: (30,120) -> (59,10)
  Agent 62: (78,112) -> (78,119)
  Agent 63: (40,23) -> (71,37)
  Agent 64: (74,137) -> (51,11)
  Agent 65: (13,123) -> (54,106)
  Agent 66: (77,160) -> (13,3)
  Agent 67: (81,166) -> (1,44)
  Agent 68: (75,152) -> (66,146)
  Agent 69: (53,42) -> (6,151)
  Agent 70: (5,168) -> (17,108)
  Agent 71: (7,25) -> (3,144)
  Agent 72: (62,145) -> (2,133)
  Agent 73: (82,78) -> (67,4)
  Agent 74: (7,60) -> (34,89)
  Agent 75: (81,95) -> (53,90)
  Agent 76: (54,86) -> (22,68)
  Agent 77: (29,160) -> (67,15)
  Agent 78: (33,12) -> (57,166)
  Agent 79: (69,163) -> (22,142)
  Agent 80: (69,138) -> (79,13)
  Agent 81: (1,162) -> (49,129)
  Agent 82: (57,163) -> (3,72)
  Agent 83: (10,125) -> (6,31)
  Agent 84: (14,44) -> (58,106)
  Agent 85: (38,166) -> (62,132)
  Agent 86: (7,150) -> (82,5)
  Agent 87: (41,15) -> (18,116)
  Agent 88: (58,84) -> (10,166)
  Agent 89: (21,91) -> (17,112)
  Agent 90: (24,17) -> (22,14)
  Agent 91: (80,153) -> (29,7)
  Agent 92: (72,167) -> (35,4)
  Agent 93: (55,97) -> (6,164)
  Agent 94: (18,34) -> (57,123)
  Agent 95: (2,123) -> (48,146)
  Agent 96: (41,39) -> (29,91)
  Agent 97: (50,142) -> (60,4)
  Agent 98: (33,29) -> (66,164)
  Agent 99: (18,61) -> (1,90)
  Agent 100: (32,164) -> (24,162)
  Agent 101: (79,132) -> (10,1)
  Agent 102: (13,125) -> (46,15)
  Agent 103: (56,24) -> (79,97)
  Agent 104: (39,161) -> (76,9)
  Agent 105: (52,48) -> (69,80)
  Agent 106: (75,7) -> (43,8)
  Agent 107: (5,63) -> (58,26)
  Agent 108: (20,165) -> (74,19)
  Agent 109: (69,51) -> (15,84)
  Agent 110: (29,81) -> (16,37)
  Agent 111: (39,162) -> (81,19)
  Agent 112: (41,91) -> (3,159)
  Agent 113: (50,63) -> (53,40)
  Agent 114: (2,34) -> (43,9)
  Agent 115: (48,16) -> (43,25)
  Agent 116: (37,150) -> (5,23)
  Agent 117: (38,59) -> (58,23)
  Agent 118: (42,12) -> (78,73)
  Agent 119: (14,131) -> (5,32)
  Agent 120: (2,36) -> (78,147)
  Agent 121: (30,130) -> (66,19)
  Agent 122: (24,168) -> (63,3)
  Agent 123: (46,163) -> (76,72)
  Agent 124: (75,4) -> (4,158)
  Agent 125: (62,129) -> (18,20)
  Agent 126: (34,166) -> (10,163)
  Agent 127: (74,6) -> (78,128)
  Agent 128: (1,105) -> (6,149)
  Agent 129: (31,109) -> (30,111)
  Agent 130: (1,110) -> (25,38)
  Agent 131: (11,17) -> (21,53)
  Agent 132: (9,128) -> (6,144)
  Agent 133: (66,104) -> (74,79)
  Agent 134: (21,120) -> (69,20)
  Agent 135: (17,152) -> (46,61)
  Agent 136: (81,63) -> (13,10)
  Agent 137: (30,148) -> (82,7)
  Agent 138: (63,133) -> (75,13)
  Agent 139: (23,14) -> (22,28)
  Agent 140: (37,10) -> (40,160)
  Agent 141: (68,10) -> (41,46)
  Agent 142: (26,140) -> (32,132)
  Agent 143: (17,48) -> (65,130)
  Agent 144: (30,3) -> (24,160)
  Agent 145: (62,18) -> (19,153)
  Agent 146: (52,9) -> (6,48)
  Agent 147: (34,41) -> (77,103)
  Agent 148: (4,165) -> (73,12)
  Agent 149: (74,133) -> (1,1)
  Agent 150: (70,158) -> (37,137)
  Agent 151: (13,6) -> (42,166)
  Agent 152: (80,8) -> (24,166)
  Agent 153: (68,9) -> (27,167)
  Agent 154: (50,19) -> (36,96)
  Agent 155: (33,128) -> (49,6)
  Agent 156: (17,32) -> (82,121)
  Agent 157: (31,18) -> (48,109)
  Agent 158: (38,80) -> (61,5)
  Agent 159: (74,91) -> (16,153)
  Agent 160: (17,146) -> (9,118)
  Agent 161: (63,23) -> (11,120)
  Agent 162: (32,159) -> (49,54)
  Agent 163: (9,33) -> (11,166)
  Agent 164: (11,145) -> (9,143)
  Agent 165: (26,51) -> (70,105)
  Agent 166: (63,168) -> (62,24)
  Agent 167: (45,7) -> (74,166)
  Agent 168: (81,64) -> (33,4)
  Agent 169: (38,15) -> (53,109)
  Agent 170: (6,80) -> (11,97)
  Agent 171: (54,143) -> (33,167)
  Agent 172: (50,23) -> (69,21)
  Agent 173: (46,54) -> (20,48)
  Agent 174: (46,168) -> (63,7)
  Agent 175: (30,81) -> (46,142)
  Agent 176: (53,160) -> (62,32)
  Agent 177: (46,164) -> (21,66)
  Agent 178: (67,3) -> (77,160)
  Agent 179: (1,7) -> (60,164)
  Agent 180: (60,8) -> (60,145)
  Agent 181: (21,27) -> (19,24)
  Agent 182: (51,61) -> (12,73)
  Agent 183: (48,132) -> (33,146)
  Agent 184: (24,159) -> (76,5)
  Agent 185: (73,32) -> (1,163)
  Agent 186: (68,20) -> (40,159)
  Agent 187: (36,36) -> (4,11)
  Agent 188: (49,154) -> (37,41)
  Agent 189: (73,161) -> (12,24)
  Agent 190: (42,69) -> (14,23)
  Agent 191: (21,147) -> (34,18)
  Agent 192: (66,51) -> (66,54)
  Agent 193: (14,15) -> (16,159)
  Agent 194: (15,168) -> (25,134)
  Agent 195: (42,110) -> (36,97)
  Agent 196: (81,142) -> (3,9)
  Agent 197: (58,41) -> (59,48)
  Agent 198: (82,140) -> (2,33)
  Agent 199: (54,25) -> (29,165)
[LNS] Base makespan: 225

[LNS] === Attempt with max_timesteps=225 ===
[SAT] Creating MDDs with shortest paths + waiting time...
[SAT] Created 200 MDDs with waiting time structure
[LNS] Built MDDs with waiting time structure for 200 agents at makespan 225
[Current_Solution] Calculating waiting times for agents...
[Current_Solution] Agent 199 reaches goal at t=165, waiting time=60
[Current_Solution] Agent 198 reaches goal at t=187, waiting time=38
[Current_Solution] Agent 197 reaches goal at t=8, waiting time=217
[Current_Solution] Agent 196 reaches goal at t=211, waiting time=14
[Current_Solution] Agent 195 reaches goal at t=19, waiting time=206
[Current_Solution] Agent 194 reaches goal at t=44, waiting time=181
[Current_Solution] Agent 193 reaches goal at t=146, waiting time=79
[Current_Solution] Agent 192 reaches goal at t=3, waiting time=222
[Current_Solution] Agent 191 reaches goal at t=142, waiting time=83
[Current_Solution] Agent 190 reaches goal at t=74, waiting time=151
[Current_Solution] Agent 189 reaches goal at t=198, waiting time=27
[Current_Solution] Agent 188 reaches goal at t=125, waiting time=100
[Current_Solution] Agent 187 reaches goal at t=57, waiting time=168
[Current_Solution] Agent 186 reaches goal at t=167, waiting time=58
[Current_Solution] Agent 185 reaches goal at t=203, waiting time=22
[Current_Solution] Agent 184 reaches goal at t=206, waiting time=19
[Current_Solution] Agent 183 reaches goal at t=29, waiting time=196
[Current_Solution] Agent 182 reaches goal at t=51, waiting time=174
[Current_Solution] Agent 181 reaches goal at t=5, waiting time=220
[Current_Solution] Agent 180 reaches goal at t=139, waiting time=86
[Current_Solution] Agent 179 reaches goal at t=216, waiting time=9
[Current_Solution] Agent 178 reaches goal at t=167, waiting time=58
[Current_Solution] Agent 177 reaches goal at t=123, waiting time=102
[Current_Solution] Agent 176 reaches goal at t=137, waiting time=88
[Current_Solution] Agent 175 reaches goal at t=77, waiting time=148
[Current_Solution] Agent 174 reaches goal at t=178, waiting time=47
[Current_Solution] Agent 173 reaches goal at t=32, waiting time=193
[Current_Solution] Agent 172 reaches goal at t=21, waiting time=204
[Current_Solution] Agent 171 reaches goal at t=45, waiting time=180
[Current_Solution] Agent 170 reaches goal at t=22, waiting time=203
[Current_Solution] Agent 169 reaches goal at t=109, waiting time=116
[Current_Solution] Agent 168 reaches goal at t=108, waiting time=117
[Current_Solution] Agent 167 reaches goal at t=188, waiting time=37
[Current_Solution] Agent 166 reaches goal at t=145, waiting time=80
[Current_Solution] Agent 165 reaches goal at t=98, waiting time=127
[Current_Solution] Agent 164 reaches goal at t=4, waiting time=221
[Current_Solution] Agent 163 reaches goal at t=135, waiting time=90
[Current_Solution] Agent 162 reaches goal at t=122, waiting time=103
[Current_Solution] Agent 161 reaches goal at t=149, waiting time=76
[Current_Solution] Agent 160 reaches goal at t=36, waiting time=189
[Current_Solution] Agent 159 reaches goal at t=120, waiting time=105
[Current_Solution] Agent 158 reaches goal at t=98, waiting time=127
[Current_Solution] Agent 157 reaches goal at t=108, waiting time=117
[Current_Solution] Agent 156 reaches goal at t=154, waiting time=71
[Current_Solution] Agent 155 reaches goal at t=138, waiting time=87
[Current_Solution] Agent 154 reaches goal at t=91, waiting time=134
[Current_Solution] Agent 153 reaches goal at t=199, waiting time=26
[Current_Solution] Agent 152 reaches goal at t=214, waiting time=11
[Current_Solution] Agent 151 reaches goal at t=189, waiting time=36
[Current_Solution] Agent 150 reaches goal at t=54, waiting time=171
[Current_Solution] Agent 149 reaches goal at t=205, waiting time=20
[Current_Solution] Agent 148 reaches goal at t=222, waiting time=3
[Current_Solution] Agent 147 reaches goal at t=105, waiting time=120
[Current_Solution] Agent 146 reaches goal at t=85, waiting time=140
[Current_Solution] Agent 145 reaches goal at t=178, waiting time=47
[Current_Solution] Agent 144 reaches goal at t=163, waiting time=62
[Current_Solution] Agent 143 reaches goal at t=130, waiting time=95
[Current_Solution] Agent 142 reaches goal at t=14, waiting time=211
[Current_Solution] Agent 141 reaches goal at t=63, waiting time=162
[Current_Solution] Agent 140 reaches goal at t=153, waiting time=72
[Current_Solution] Agent 139 reaches goal at t=15, waiting time=210
[Current_Solution] Agent 138 reaches goal at t=132, waiting time=93
[Current_Solution] Agent 137 reaches goal at t=193, waiting time=32
[Current_Solution] Agent 136 reaches goal at t=121, waiting time=104
[Current_Solution] Agent 135 reaches goal at t=120, waiting time=105
[Current_Solution] Agent 134 reaches goal at t=148, waiting time=77
[Current_Solution] Agent 133 reaches goal at t=33, waiting time=192
[Current_Solution] Agent 132 reaches goal at t=19, waiting time=206
[Current_Solution] Agent 131 reaches goal at t=46, waiting time=179
[Current_Solution] Agent 130 reaches goal at t=96, waiting time=129
[Current_Solution] Agent 129 reaches goal at t=3, waiting time=222
[Current_Solution] Agent 128 reaches goal at t=49, waiting time=176
[Current_Solution] Agent 127 reaches goal at t=126, waiting time=99
[Current_Solution] Agent 126 reaches goal at t=27, waiting time=198
[Current_Solution] Agent 125 reaches goal at t=153, waiting time=72
[Current_Solution] Agent 124 reaches goal at t=225, waiting time=0
[Current_Solution] Agent 123 reaches goal at t=121, waiting time=104
[Current_Solution] Agent 122 reaches goal at t=204, waiting time=21
[Current_Solution] Agent 121 reaches goal at t=147, waiting time=78
[Current_Solution] Agent 120 reaches goal at t=187, waiting time=38
[Current_Solution] Agent 119 reaches goal at t=108, waiting time=117
[Current_Solution] Agent 118 reaches goal at t=97, waiting time=128
[Current_Solution] Agent 117 reaches goal at t=56, waiting time=169
[Current_Solution] Agent 116 reaches goal at t=159, waiting time=66
[Current_Solution] Agent 115 reaches goal at t=14, waiting time=211
[Current_Solution] Agent 114 reaches goal at t=66, waiting time=159
[Current_Solution] Agent 113 reaches goal at t=26, waiting time=199
[Current_Solution] Agent 112 reaches goal at t=106, waiting time=119
[Current_Solution] Agent 111 reaches goal at t=185, waiting time=40
[Current_Solution] Agent 110 reaches goal at t=57, waiting time=168
[Current_Solution] Agent 109 reaches goal at t=87, waiting time=138
[Current_Solution] Agent 108 reaches goal at t=200, waiting time=25
[Current_Solution] Agent 107 reaches goal at t=90, waiting time=135
[Current_Solution] Agent 106 reaches goal at t=33, waiting time=192
[Current_Solution] Agent 105 reaches goal at t=49, waiting time=176
[Current_Solution] Agent 104 reaches goal at t=189, waiting time=36
[Current_Solution] Agent 103 reaches goal at t=96, waiting time=129
[Current_Solution] Agent 102 reaches goal at t=143, waiting time=82
[Current_Solution] Agent 101 reaches goal at t=200, waiting time=25
[Current_Solution] Agent 100 reaches goal at t=10, waiting time=215
[Current_Solution] Agent 99 reaches goal at t=46, waiting time=179
[Current_Solution] Agent 98 reaches goal at t=168, waiting time=57
[Current_Solution] Agent 97 reaches goal at t=148, waiting time=77
[Current_Solution] Agent 96 reaches goal at t=64, waiting time=161
[Current_Solution] Agent 95 reaches goal at t=69, waiting time=156
[Current_Solution] Agent 94 reaches goal at t=128, waiting time=97
[Current_Solution] Agent 93 reaches goal at t=116, waiting time=109
[Current_Solution] Agent 92 reaches goal at t=200, waiting time=25
[Current_Solution] Agent 91 reaches goal at t=197, waiting time=28
[Current_Solution] Agent 90 reaches goal at t=5, waiting time=220
[Current_Solution] Agent 89 reaches goal at t=25, waiting time=200
[Current_Solution] Agent 88 reaches goal at t=130, waiting time=95
[Current_Solution] Agent 87 reaches goal at t=124, waiting time=101
[Current_Solution] Agent 86 reaches goal at t=220, waiting time=5
[Current_Solution] Agent 85 reaches goal at t=58, waiting time=167
[Current_Solution] Agent 84 reaches goal at t=106, waiting time=119
[Current_Solution] Agent 83 reaches goal at t=98, waiting time=127
[Current_Solution] Agent 82 reaches goal at t=145, waiting time=80
[Current_Solution] Agent 81 reaches goal at t=81, waiting time=144
[Current_Solution] Agent 80 reaches goal at t=135, waiting time=90
[Current_Solution] Agent 79 reaches goal at t=68, waiting time=157
[Current_Solution] Agent 78 reaches goal at t=178, waiting time=47
[Current_Solution] Agent 77 reaches goal at t=183, waiting time=42
[Current_Solution] Agent 76 reaches goal at t=50, waiting time=175
[Current_Solution] Agent 75 reaches goal at t=35, waiting time=190
[Current_Solution] Agent 74 reaches goal at t=56, waiting time=169
[Current_Solution] Agent 73 reaches goal at t=89, waiting time=136
[Current_Solution] Agent 72 reaches goal at t=72, waiting time=153
[Current_Solution] Agent 71 reaches goal at t=123, waiting time=102
[Current_Solution] Agent 70 reaches goal at t=72, waiting time=153
[Current_Solution] Agent 69 reaches goal at t=156, waiting time=69
[Current_Solution] Agent 68 reaches goal at t=15, waiting time=210
[Current_Solution] Agent 67 reaches goal at t=202, waiting time=23
[Current_Solution] Agent 66 reaches goal at t=221, waiting time=4
[Current_Solution] Agent 65 reaches goal at t=58, waiting time=167
[Current_Solution] Agent 64 reaches goal at t=149, waiting time=76
[Current_Solution] Agent 63 reaches goal at t=45, waiting time=180
[Current_Solution] Agent 62 reaches goal at t=7, waiting time=218
[Current_Solution] Agent 61 reaches goal at t=139, waiting time=86
[Current_Solution] Agent 60 reaches goal at t=139, waiting time=86
[Current_Solution] Agent 59 reaches goal at t=11, waiting time=214
[Current_Solution] Agent 58 reaches goal at t=153, waiting time=72
[Current_Solution] Agent 57 reaches goal at t=64, waiting time=161
[Current_Solution] Agent 56 reaches goal at t=171, waiting time=54
[Current_Solution] Agent 55 reaches goal at t=15, waiting time=210
[Current_Solution] Agent 54 reaches goal at t=53, waiting time=172
[Current_Solution] Agent 53 reaches goal at t=63, waiting time=162
[Current_Solution] Agent 52 reaches goal at t=70, waiting time=155
[Current_Solution] Agent 51 reaches goal at t=145, waiting time=80
[Current_Solution] Agent 50 reaches goal at t=120, waiting time=105
[Current_Solution] Agent 49 reaches goal at t=177, waiting time=48
[Current_Solution] Agent 48 reaches goal at t=155, waiting time=70
[Current_Solution] Agent 47 reaches goal at t=96, waiting time=129
[Current_Solution] Agent 46 reaches goal at t=114, waiting time=111
[Current_Solution] Agent 45 reaches goal at t=195, waiting time=30
[Current_Solution] Agent 44 reaches goal at t=11, waiting time=214
[Current_Solution] Agent 43 reaches goal at t=149, waiting time=76
[Current_Solution] Agent 42 reaches goal at t=55, waiting time=170
[Current_Solution] Agent 41 reaches goal at t=77, waiting time=148
[Current_Solution] Agent 40 reaches goal at t=170, waiting time=55
[Current_Solution] Agent 39 reaches goal at t=173, waiting time=52
[Current_Solution] Agent 38 reaches goal at t=173, waiting time=52
[Current_Solution] Agent 37 reaches goal at t=125, waiting time=100
[Current_Solution] Agent 36 reaches goal at t=69, waiting time=156
[Current_Solution] Agent 35 reaches goal at t=158, waiting time=67
[Current_Solution] Agent 34 reaches goal at t=115, waiting time=110
[Current_Solution] Agent 33 reaches goal at t=21, waiting time=204
[Current_Solution] Agent 32 reaches goal at t=65, waiting time=160
[Current_Solution] Agent 31 reaches goal at t=85, waiting time=140
[Current_Solution] Agent 30 reaches goal at t=64, waiting time=161
[Current_Solution] Agent 29 reaches goal at t=92, waiting time=133
[Current_Solution] Agent 28 reaches goal at t=147, waiting time=78
[Current_Solution] Agent 27 reaches goal at t=84, waiting time=141
[Current_Solution] Agent 26 reaches goal at t=184, waiting time=41
[Current_Solution] Agent 25 reaches goal at t=71, waiting time=154
[Current_Solution] Agent 24 reaches goal at t=26, waiting time=199
[Current_Solution] Agent 23 reaches goal at t=29, waiting time=196
[Current_Solution] Agent 22 reaches goal at t=218, waiting time=7
[Current_Solution] Agent 21 reaches goal at t=22, waiting time=203
[Current_Solution] Agent 20 reaches goal at t=68, waiting time=157
[Current_Solution] Agent 19 reaches goal at t=159, waiting time=66
[Current_Solution] Agent 18 reaches goal at t=60, waiting time=165
[Current_Solution] Agent 17 reaches goal at t=76, waiting time=149
[Current_Solution] Agent 16 reaches goal at t=171, waiting time=54
[Current_Solution] Agent 15 reaches goal at t=169, waiting time=56
[Current_Solution] Agent 14 reaches goal at t=100, waiting time=125
[Current_Solution] Agent 13 reaches goal at t=33, waiting time=192
[Current_Solution] Agent 12 reaches goal at t=183, waiting time=42
[Current_Solution] Agent 11 reaches goal at t=81, waiting time=144
[Current_Solution] Agent 10 reaches goal at t=220, waiting time=5
[Current_Solution] Agent 9 reaches goal at t=25, waiting time=200
[Current_Solution] Agent 8 reaches goal at t=16, waiting time=209
[Current_Solution] Agent 7 reaches goal at t=206, waiting time=19
[Current_Solution] Agent 6 reaches goal at t=207, waiting time=18
[Current_Solution] Agent 5 reaches goal at t=225, waiting time=0
[Current_Solution] Agent 4 reaches goal at t=155, waiting time=70
[Current_Solution] Agent 3 reaches goal at t=74, waiting time=151
[Current_Solution] Agent 2 reaches goal at t=127, waiting time=98
[Current_Solution] Agent 1 reaches goal at t=110, waiting time=115
[Current_Solution] Agent 0 reaches goal at t=224, waiting time=1
[Current_Solution] Waiting time calculation complete
[LNS] Created current solution with 200 agent paths on a map of size 84x170
[LNS] Analyzing conflicts...
[LNS] Current solution: vertex collisions=616, edge collisions=63
[LNS] Creating conflict buckets...
[LOCAL ZONE] Building diamond bucket for conflict 0
[LOCAL ZONE] Built diamond bucket for conflict 0 with 5 positions, 1 conflicts, 3 - 3 time window
[LOCAL ZONE] Building diamond bucket for conflict 1
[LOCAL ZONE] Built diamond bucket for conflict 1 with 4 positions, 1 conflicts, 3 - 3 time window
[LNS] Selected most relevant bucket 0 with time window: 3 - 3, 1 conflicts and 5 positions.
[LNS] Solving the best bucket Local Zone...
[Solve_local_zone] Local zone size reached 95% of all walkable positions
[Solve_local_zone] Will try to solve with full time window and all positions
[Solve_local_zone] Makespan: 225
[Solve_local_zone] Time window: [0, 225]
[Current_Solution] Agent 0 used 1 waiting timesteps, 0 remaining
[Current_Solution] Agent 1 used 115 waiting timesteps, 0 remaining
[Current_Solution] Agent 2 used 98 waiting timesteps, 0 remaining
[Current_Solution] Agent 3 used 151 waiting timesteps, 0 remaining
[Current_Solution] Agent 4 used 70 waiting timesteps, 0 remaining
[Current_Solution] Agent 6 used 18 waiting timesteps, 0 remaining
[Current_Solution] Agent 7 used 19 waiting timesteps, 0 remaining
[Current_Solution] Agent 8 used 209 waiting timesteps, 0 remaining
[Current_Solution] Agent 9 used 200 waiting timesteps, 0 remaining
[Current_Solution] Agent 10 used 5 waiting timesteps, 0 remaining
[Current_Solution] Agent 11 used 144 waiting timesteps, 0 remaining
[Current_Solution] Agent 12 used 42 waiting timesteps, 0 remaining
[Current_Solution] Agent 13 used 192 waiting timesteps, 0 remaining
[Current_Solution] Agent 14 used 125 waiting timesteps, 0 remaining
[Current_Solution] Agent 15 used 56 waiting timesteps, 0 remaining
[Current_Solution] Agent 16 used 54 waiting timesteps, 0 remaining
[Current_Solution] Agent 17 used 149 waiting timesteps, 0 remaining
[Current_Solution] Agent 18 used 165 waiting timesteps, 0 remaining
[Current_Solution] Agent 19 used 66 waiting timesteps, 0 remaining
[Current_Solution] Agent 20 used 157 waiting timesteps, 0 remaining
[Current_Solution] Agent 21 used 203 waiting timesteps, 0 remaining
[Current_Solution] Agent 22 used 7 waiting timesteps, 0 remaining
[Current_Solution] Agent 23 used 196 waiting timesteps, 0 remaining
[Current_Solution] Agent 24 used 199 waiting timesteps, 0 remaining
[Current_Solution] Agent 25 used 154 waiting timesteps, 0 remaining
[Current_Solution] Agent 26 used 41 waiting timesteps, 0 remaining
[Current_Solution] Agent 27 used 141 waiting timesteps, 0 remaining
[Current_Solution] Agent 28 used 78 waiting timesteps, 0 remaining
[Current_Solution] Agent 29 used 133 waiting timesteps, 0 remaining
[Current_Solution] Agent 30 used 161 waiting timesteps, 0 remaining
[Current_Solution] Agent 31 used 140 waiting timesteps, 0 remaining
[Current_Solution] Agent 32 used 160 waiting timesteps, 0 remaining
[Current_Solution] Agent 33 used 204 waiting timesteps, 0 remaining
[Current_Solution] Agent 34 used 110 waiting timesteps, 0 remaining
[Current_Solution] Agent 35 used 67 waiting timesteps, 0 remaining
[Current_Solution] Agent 36 used 156 waiting timesteps, 0 remaining
[Current_Solution] Agent 37 used 100 waiting timesteps, 0 remaining
[Current_Solution] Agent 38 used 52 waiting timesteps, 0 remaining
[Current_Solution] Agent 39 used 52 waiting timesteps, 0 remaining
[Current_Solution] Agent 40 used 55 waiting timesteps, 0 remaining
[Current_Solution] Agent 41 used 148 waiting timesteps, 0 remaining
[Current_Solution] Agent 42 used 170 waiting timesteps, 0 remaining
[Current_Solution] Agent 43 used 76 waiting timesteps, 0 remaining
[Current_Solution] Agent 44 used 214 waiting timesteps, 0 remaining
[Current_Solution] Agent 45 used 30 waiting timesteps, 0 remaining
[Current_Solution] Agent 46 used 111 waiting timesteps, 0 remaining
[Current_Solution] Agent 47 used 129 waiting timesteps, 0 remaining
[Current_Solution] Agent 48 used 70 waiting timesteps, 0 remaining
[Current_Solution] Agent 49 used 48 waiting timesteps, 0 remaining
[Current_Solution] Agent 50 used 105 waiting timesteps, 0 remaining
[Current_Solution] Agent 51 used 80 waiting timesteps, 0 remaining
[Current_Solution] Agent 52 used 155 waiting timesteps, 0 remaining
[Current_Solution] Agent 53 used 162 waiting timesteps, 0 remaining
[Current_Solution] Agent 54 used 172 waiting timesteps, 0 remaining
[Current_Solution] Agent 55 used 210 waiting timesteps, 0 remaining
[Current_Solution] Agent 56 used 54 waiting timesteps, 0 remaining
[Current_Solution] Agent 57 used 161 waiting timesteps, 0 remaining
[Current_Solution] Agent 58 used 72 waiting timesteps, 0 remaining
[Current_Solution] Agent 59 used 214 waiting timesteps, 0 remaining
[Current_Solution] Agent 60 used 86 waiting timesteps, 0 remaining
[Current_Solution] Agent 61 used 86 waiting timesteps, 0 remaining
[Current_Solution] Agent 62 used 218 waiting timesteps, 0 remaining
[Current_Solution] Agent 63 used 180 waiting timesteps, 0 remaining
[Current_Solution] Agent 64 used 76 waiting timesteps, 0 remaining
[Current_Solution] Agent 65 used 167 waiting timesteps, 0 remaining
[Current_Solution] Agent 66 used 4 waiting timesteps, 0 remaining
[Current_Solution] Agent 67 used 23 waiting timesteps, 0 remaining
[Current_Solution] Agent 68 used 210 waiting timesteps, 0 remaining
[Current_Solution] Agent 69 used 69 waiting timesteps, 0 remaining
[Current_Solution] Agent 70 used 153 waiting timesteps, 0 remaining
[Current_Solution] Agent 71 used 102 waiting timesteps, 0 remaining
[Current_Solution] Agent 72 used 153 waiting timesteps, 0 remaining
[Current_Solution] Agent 73 used 136 waiting timesteps, 0 remaining
[Current_Solution] Agent 74 used 169 waiting timesteps, 0 remaining
[Current_Solution] Agent 75 used 190 waiting timesteps, 0 remaining
[Current_Solution] Agent 76 used 175 waiting timesteps, 0 remaining
[Current_Solution] Agent 77 used 42 waiting timesteps, 0 remaining
[Current_Solution] Agent 78 used 47 waiting timesteps, 0 remaining
[Current_Solution] Agent 79 used 157 waiting timesteps, 0 remaining
[Current_Solution] Agent 80 used 90 waiting timesteps, 0 remaining
[Current_Solution] Agent 81 used 144 waiting timesteps, 0 remaining
[Current_Solution] Agent 82 used 80 waiting timesteps, 0 remaining
[Current_Solution] Agent 83 used 127 waiting timesteps, 0 remaining
[Current_Solution] Agent 84 used 119 waiting timesteps, 0 remaining
[Current_Solution] Agent 85 used 167 waiting timesteps, 0 remaining
[Current_Solution] Agent 86 used 5 waiting timesteps, 0 remaining
[Current_Solution] Agent 87 used 101 waiting timesteps, 0 remaining
[Current_Solution] Agent 88 used 95 waiting timesteps, 0 remaining
[Current_Solution] Agent 89 used 200 waiting timesteps, 0 remaining
[Current_Solution] Agent 90 used 220 waiting timesteps, 0 remaining
[Current_Solution] Agent 91 used 28 waiting timesteps, 0 remaining
[Current_Solution] Agent 92 used 25 waiting timesteps, 0 remaining
[Current_Solution] Agent 93 used 109 waiting timesteps, 0 remaining
[Current_Solution] Agent 94 used 97 waiting timesteps, 0 remaining
[Current_Solution] Agent 95 used 156 waiting timesteps, 0 remaining
[Current_Solution] Agent 96 used 161 waiting timesteps, 0 remaining
[Current_Solution] Agent 97 used 77 waiting timesteps, 0 remaining
[Current_Solution] Agent 98 used 57 waiting timesteps, 0 remaining
[Current_Solution] Agent 99 used 179 waiting timesteps, 0 remaining
[Current_Solution] Agent 100 used 215 waiting timesteps, 0 remaining
[Current_Solution] Agent 101 used 25 waiting timesteps, 0 remaining
[Current_Solution] Agent 102 used 82 waiting timesteps, 0 remaining
[Current_Solution] Agent 103 used 129 waiting timesteps, 0 remaining
[Current_Solution] Agent 104 used 36 waiting timesteps, 0 remaining
[Current_Solution] Agent 105 used 176 waiting timesteps, 0 remaining
[Current_Solution] Agent 106 used 192 waiting timesteps, 0 remaining
[Current_Solution] Agent 107 used 135 waiting timesteps, 0 remaining
[Current_Solution] Agent 108 used 25 waiting timesteps, 0 remaining
[Current_Solution] Agent 109 used 138 waiting timesteps, 0 remaining
[Current_Solution] Agent 110 used 168 waiting timesteps, 0 remaining
[Current_Solution] Agent 111 used 40 waiting timesteps, 0 remaining
[Current_Solution] Agent 112 used 119 waiting timesteps, 0 remaining
[Current_Solution] Agent 113 used 199 waiting timesteps, 0 remaining
[Current_Solution] Agent 114 used 159 waiting timesteps, 0 remaining
[Current_Solution] Agent 115 used 211 waiting timesteps, 0 remaining
[Current_Solution] Agent 116 used 66 waiting timesteps, 0 remaining
[Current_Solution] Agent 117 used 169 waiting timesteps, 0 remaining
[Current_Solution] Agent 118 used 128 waiting timesteps, 0 remaining
[Current_Solution] Agent 119 used 117 waiting timesteps, 0 remaining
[Current_Solution] Agent 120 used 38 waiting timesteps, 0 remaining
[Current_Solution] Agent 121 used 78 waiting timesteps, 0 remaining
[Current_Solution] Agent 122 used 21 waiting timesteps, 0 remaining
[Current_Solution] Agent 123 used 104 waiting timesteps, 0 remaining
[Current_Solution] Agent 125 used 72 waiting timesteps, 0 remaining
[Current_Solution] Agent 126 used 198 waiting timesteps, 0 remaining
[Current_Solution] Agent 127 used 99 waiting timesteps, 0 remaining
[Current_Solution] Agent 128 used 176 waiting timesteps, 0 remaining
[Current_Solution] Agent 129 used 222 waiting timesteps, 0 remaining
[Current_Solution] Agent 130 used 129 waiting timesteps, 0 remaining
[Current_Solution] Agent 131 used 179 waiting timesteps, 0 remaining
[Current_Solution] Agent 132 used 206 waiting timesteps, 0 remaining
[Current_Solution] Agent 133 used 192 waiting timesteps, 0 remaining
[Current_Solution] Agent 134 used 77 waiting timesteps, 0 remaining
[Current_Solution] Agent 135 used 105 waiting timesteps, 0 remaining
[Current_Solution] Agent 136 used 104 waiting timesteps, 0 remaining
[Current_Solution] Agent 137 used 32 waiting timesteps, 0 remaining
[Current_Solution] Agent 138 used 93 waiting timesteps, 0 remaining
[Current_Solution] Agent 139 used 210 waiting timesteps, 0 remaining
[Current_Solution] Agent 140 used 72 waiting timesteps, 0 remaining
[Current_Solution] Agent 141 used 162 waiting timesteps, 0 remaining
[Current_Solution] Agent 142 used 211 waiting timesteps, 0 remaining
[Current_Solution] Agent 143 used 95 waiting timesteps, 0 remaining
[Current_Solution] Agent 144 used 62 waiting timesteps, 0 remaining
[Current_Solution] Agent 145 used 47 waiting timesteps, 0 remaining
[Current_Solution] Agent 146 used 140 waiting timesteps, 0 remaining
[Current_Solution] Agent 147 used 120 waiting timesteps, 0 remaining
[Current_Solution] Agent 148 used 3 waiting timesteps, 0 remaining
[Current_Solution] Agent 149 used 20 waiting timesteps, 0 remaining
[Current_Solution] Agent 150 used 171 waiting timesteps, 0 remaining
[Current_Solution] Agent 151 used 36 waiting timesteps, 0 remaining
[Current_Solution] Agent 152 used 11 waiting timesteps, 0 remaining
[Current_Solution] Agent 153 used 26 waiting timesteps, 0 remaining
[Current_Solution] Agent 154 used 134 waiting timesteps, 0 remaining
[Current_Solution] Agent 155 used 87 waiting timesteps, 0 remaining
[Current_Solution] Agent 156 used 71 waiting timesteps, 0 remaining
[Current_Solution] Agent 157 used 117 waiting timesteps, 0 remaining
[Current_Solution] Agent 158 used 127 waiting timesteps, 0 remaining
[Current_Solution] Agent 159 used 105 waiting timesteps, 0 remaining
[Current_Solution] Agent 160 used 189 waiting timesteps, 0 remaining
[Current_Solution] Agent 161 used 76 waiting timesteps, 0 remaining
[Current_Solution] Agent 162 used 103 waiting timesteps, 0 remaining
[Current_Solution] Agent 163 used 90 waiting timesteps, 0 remaining
[Current_Solution] Agent 164 used 221 waiting timesteps, 0 remaining
[Current_Solution] Agent 165 used 127 waiting timesteps, 0 remaining
[Current_Solution] Agent 166 used 80 waiting timesteps, 0 remaining
[Current_Solution] Agent 167 used 37 waiting timesteps, 0 remaining
[Current_Solution] Agent 168 used 117 waiting timesteps, 0 remaining
[Current_Solution] Agent 169 used 116 waiting timesteps, 0 remaining
[Current_Solution] Agent 170 used 203 waiting timesteps, 0 remaining
[Current_Solution] Agent 171 used 180 waiting timesteps, 0 remaining
[Current_Solution] Agent 172 used 204 waiting timesteps, 0 remaining
[Current_Solution] Agent 173 used 193 waiting timesteps, 0 remaining
[Current_Solution] Agent 174 used 47 waiting timesteps, 0 remaining
[Current_Solution] Agent 175 used 148 waiting timesteps, 0 remaining
[Current_Solution] Agent 176 used 88 waiting timesteps, 0 remaining
[Current_Solution] Agent 177 used 102 waiting timesteps, 0 remaining
[Current_Solution] Agent 178 used 58 waiting timesteps, 0 remaining
[Current_Solution] Agent 179 used 9 waiting timesteps, 0 remaining
[Current_Solution] Agent 180 used 86 waiting timesteps, 0 remaining
[Current_Solution] Agent 181 used 220 waiting timesteps, 0 remaining
[Current_Solution] Agent 182 used 174 waiting timesteps, 0 remaining
[Current_Solution] Agent 183 used 196 waiting timesteps, 0 remaining
[Current_Solution] Agent 184 used 19 waiting timesteps, 0 remaining
[Current_Solution] Agent 185 used 22 waiting timesteps, 0 remaining
[Current_Solution] Agent 186 used 58 waiting timesteps, 0 remaining
[Current_Solution] Agent 187 used 168 waiting timesteps, 0 remaining
[Current_Solution] Agent 188 used 100 waiting timesteps, 0 remaining
[Current_Solution] Agent 189 used 27 waiting timesteps, 0 remaining
[Current_Solution] Agent 190 used 151 waiting timesteps, 0 remaining
[Current_Solution] Agent 191 used 83 waiting timesteps, 0 remaining
[Current_Solution] Agent 192 used 222 waiting timesteps, 0 remaining
[Current_Solution] Agent 193 used 79 waiting timesteps, 0 remaining
[Current_Solution] Agent 194 used 181 waiting timesteps, 0 remaining
[Current_Solution] Agent 195 used 206 waiting timesteps, 0 remaining
[Current_Solution] Agent 196 used 14 waiting timesteps, 0 remaining
[Current_Solution] Agent 197 used 217 waiting timesteps, 0 remaining
[Current_Solution] Agent 198 used 38 waiting timesteps, 0 remaining
[Current_Solution] Agent 199 used 60 waiting timesteps, 0 remaining
[Waiting_time_Solve] Agent 0 has waiting time 0
[Waiting_time_Solve] Agent 1 has waiting time 0
[Waiting_time_Solve] Agent 2 has waiting time 0
[Waiting_time_Solve] Agent 3 has waiting time 0
[Waiting_time_Solve] Agent 4 has waiting time 0
[Waiting_time_Solve] Agent 5 has waiting time 0
[Waiting_time_Solve] Agent 6 has waiting time 0
[Waiting_time_Solve] Agent 7 has waiting time 0
[Waiting_time_Solve] Agent 8 has waiting time 0
[Waiting_time_Solve] Agent 9 has waiting time 0
[Waiting_time_Solve] Agent 10 has waiting time 0
[Waiting_time_Solve] Agent 11 has waiting time 0
[Waiting_time_Solve] Agent 12 has waiting time 0
[Waiting_time_Solve] Agent 13 has waiting time 0
[Waiting_time_Solve] Agent 14 has waiting time 0
[Waiting_time_Solve] Agent 15 has waiting time 0
[Waiting_time_Solve] Agent 16 has waiting time 0
[Waiting_time_Solve] Agent 17 has waiting time 0
[Waiting_time_Solve] Agent 18 has waiting time 0
[Waiting_time_Solve] Agent 19 has waiting time 0
[Waiting_time_Solve] Agent 20 has waiting time 0
[Waiting_time_Solve] Agent 21 has waiting time 0
[Waiting_time_Solve] Agent 22 has waiting time 0
[Waiting_time_Solve] Agent 23 has waiting time 0
[Waiting_time_Solve] Agent 24 has waiting time 0
[Waiting_time_Solve] Agent 25 has waiting time 0
[Waiting_time_Solve] Agent 26 has waiting time 0
[Waiting_time_Solve] Agent 27 has waiting time 0
[Waiting_time_Solve] Agent 28 has waiting time 0
[Waiting_time_Solve] Agent 29 has waiting time 0
[Waiting_time_Solve] Agent 30 has waiting time 0
[Waiting_time_Solve] Agent 31 has waiting time 0
[Waiting_time_Solve] Agent 32 has waiting time 0
[Waiting_time_Solve] Agent 33 has waiting time 0
[Waiting_time_Solve] Agent 34 has waiting time 0
[Waiting_time_Solve] Agent 35 has waiting time 0
[Waiting_time_Solve] Agent 36 has waiting time 0
[Waiting_time_Solve] Agent 37 has waiting time 0
[Waiting_time_Solve] Agent 38 has waiting time 0
[Waiting_time_Solve] Agent 39 has waiting time 0
[Waiting_time_Solve] Agent 40 has waiting time 0
[Waiting_time_Solve] Agent 41 has waiting time 0
[Waiting_time_Solve] Agent 42 has waiting time 0
[Waiting_time_Solve] Agent 43 has waiting time 0
[Waiting_time_Solve] Agent 44 has waiting time 0
[Waiting_time_Solve] Agent 45 has waiting time 0
[Waiting_time_Solve] Agent 46 has waiting time 0
[Waiting_time_Solve] Agent 47 has waiting time 0
[Waiting_time_Solve] Agent 48 has waiting time 0
[Waiting_time_Solve] Agent 49 has waiting time 0
[Waiting_time_Solve] Agent 50 has waiting time 0
[Waiting_time_Solve] Agent 51 has waiting time 0
[Waiting_time_Solve] Agent 52 has waiting time 0
[Waiting_time_Solve] Agent 53 has waiting time 0
[Waiting_time_Solve] Agent 54 has waiting time 0
[Waiting_time_Solve] Agent 55 has waiting time 0
[Waiting_time_Solve] Agent 56 has waiting time 0
[Waiting_time_Solve] Agent 57 has waiting time 0
[Waiting_time_Solve] Agent 58 has waiting time 0
[Waiting_time_Solve] Agent 59 has waiting time 0
[Waiting_time_Solve] Agent 60 has waiting time 0
[Waiting_time_Solve] Agent 61 has waiting time 0
[Waiting_time_Solve] Agent 62 has waiting time 0
[Waiting_time_Solve] Agent 63 has waiting time 0
[Waiting_time_Solve] Agent 64 has waiting time 0
[Waiting_time_Solve] Agent 65 has waiting time 0
[Waiting_time_Solve] Agent 66 has waiting time 0
[Waiting_time_Solve] Agent 67 has waiting time 0
[Waiting_time_Solve] Agent 68 has waiting time 0
[Waiting_time_Solve] Agent 69 has waiting time 0
[Waiting_time_Solve] Agent 70 has waiting time 0
[Waiting_time_Solve] Agent 71 has waiting time 0
[Waiting_time_Solve] Agent 72 has waiting time 0
[Waiting_time_Solve] Agent 73 has waiting time 0
[Waiting_time_Solve] Agent 74 has waiting time 0
[Waiting_time_Solve] Agent 75 has waiting time 0
[Waiting_time_Solve] Agent 76 has waiting time 0
[Waiting_time_Solve] Agent 77 has waiting time 0
[Waiting_time_Solve] Agent 78 has waiting time 0
[Waiting_time_Solve] Agent 79 has waiting time 0
[Waiting_time_Solve] Agent 80 has waiting time 0
[Waiting_time_Solve] Agent 81 has waiting time 0
[Waiting_time_Solve] Agent 82 has waiting time 0
[Waiting_time_Solve] Agent 83 has waiting time 0
[Waiting_time_Solve] Agent 84 has waiting time 0
[Waiting_time_Solve] Agent 85 has waiting time 0
[Waiting_time_Solve] Agent 86 has waiting time 0
[Waiting_time_Solve] Agent 87 has waiting time 0
[Waiting_time_Solve] Agent 88 has waiting time 0
[Waiting_time_Solve] Agent 89 has waiting time 0
[Waiting_time_Solve] Agent 90 has waiting time 0
[Waiting_time_Solve] Agent 91 has waiting time 0
[Waiting_time_Solve] Agent 92 has waiting time 0
[Waiting_time_Solve] Agent 93 has waiting time 0
[Waiting_time_Solve] Agent 94 has waiting time 0
[Waiting_time_Solve] Agent 95 has waiting time 0
[Waiting_time_Solve] Agent 96 has waiting time 0
[Waiting_time_Solve] Agent 97 has waiting time 0
[Waiting_time_Solve] Agent 98 has waiting time 0
[Waiting_time_Solve] Agent 99 has waiting time 0
[Waiting_time_Solve] Agent 100 has waiting time 0
[Waiting_time_Solve] Agent 101 has waiting time 0
[Waiting_time_Solve] Agent 102 has waiting time 0
[Waiting_time_Solve] Agent 103 has waiting time 0
[Waiting_time_Solve] Agent 104 has waiting time 0
[Waiting_time_Solve] Agent 105 has waiting time 0
[Waiting_time_Solve] Agent 106 has waiting time 0
[Waiting_time_Solve] Agent 107 has waiting time 0
[Waiting_time_Solve] Agent 108 has waiting time 0
[Waiting_time_Solve] Agent 109 has waiting time 0
[Waiting_time_Solve] Agent 110 has waiting time 0
[Waiting_time_Solve] Agent 111 has waiting time 0
[Waiting_time_Solve] Agent 112 has waiting time 0
[Waiting_time_Solve] Agent 113 has waiting time 0
[Waiting_time_Solve] Agent 114 has waiting time 0
[Waiting_time_Solve] Agent 115 has waiting time 0
[Waiting_time_Solve] Agent 116 has waiting time 0
[Waiting_time_Solve] Agent 117 has waiting time 0
[Waiting_time_Solve] Agent 118 has waiting time 0
[Waiting_time_Solve] Agent 119 has waiting time 0
[Waiting_time_Solve] Agent 120 has waiting time 0
[Waiting_time_Solve] Agent 121 has waiting time 0
[Waiting_time_Solve] Agent 122 has waiting time 0
[Waiting_time_Solve] Agent 123 has waiting time 0
[Waiting_time_Solve] Agent 124 has waiting time 0
[Waiting_time_Solve] Agent 125 has waiting time 0
[Waiting_time_Solve] Agent 126 has waiting time 0
[Waiting_time_Solve] Agent 127 has waiting time 0
[Waiting_time_Solve] Agent 128 has waiting time 0
[Waiting_time_Solve] Agent 129 has waiting time 0
[Waiting_time_Solve] Agent 130 has waiting time 0
[Waiting_time_Solve] Agent 131 has waiting time 0
[Waiting_time_Solve] Agent 132 has waiting time 0
[Waiting_time_Solve] Agent 133 has waiting time 0
[Waiting_time_Solve] Agent 134 has waiting time 0
[Waiting_time_Solve] Agent 135 has waiting time 0
[Waiting_time_Solve] Agent 136 has waiting time 0
[Waiting_time_Solve] Agent 137 has waiting time 0
[Waiting_time_Solve] Agent 138 has waiting time 0
[Waiting_time_Solve] Agent 139 has waiting time 0
[Waiting_time_Solve] Agent 140 has waiting time 0
[Waiting_time_Solve] Agent 141 has waiting time 0
[Waiting_time_Solve] Agent 142 has waiting time 0
[Waiting_time_Solve] Agent 143 has waiting time 0
[Waiting_time_Solve] Agent 144 has waiting time 0
[Waiting_time_Solve] Agent 145 has waiting time 0
[Waiting_time_Solve] Agent 146 has waiting time 0
[Waiting_time_Solve] Agent 147 has waiting time 0
[Waiting_time_Solve] Agent 148 has waiting time 0
[Waiting_time_Solve] Agent 149 has waiting time 0
[Waiting_time_Solve] Agent 150 has waiting time 0
[Waiting_time_Solve] Agent 151 has waiting time 0
[Waiting_time_Solve] Agent 152 has waiting time 0
[Waiting_time_Solve] Agent 153 has waiting time 0
[Waiting_time_Solve] Agent 154 has waiting time 0
[Waiting_time_Solve] Agent 155 has waiting time 0
[Waiting_time_Solve] Agent 156 has waiting time 0
[Waiting_time_Solve] Agent 157 has waiting time 0
[Waiting_time_Solve] Agent 158 has waiting time 0
[Waiting_time_Solve] Agent 159 has waiting time 0
[Waiting_time_Solve] Agent 160 has waiting time 0
[Waiting_time_Solve] Agent 161 has waiting time 0
[Waiting_time_Solve] Agent 162 has waiting time 0
[Waiting_time_Solve] Agent 163 has waiting time 0
[Waiting_time_Solve] Agent 164 has waiting time 0
[Waiting_time_Solve] Agent 165 has waiting time 0
[Waiting_time_Solve] Agent 166 has waiting time 0
[Waiting_time_Solve] Agent 167 has waiting time 0
[Waiting_time_Solve] Agent 168 has waiting time 0
[Waiting_time_Solve] Agent 169 has waiting time 0
[Waiting_time_Solve] Agent 170 has waiting time 0
[Waiting_time_Solve] Agent 171 has waiting time 0
[Waiting_time_Solve] Agent 172 has waiting time 0
[Waiting_time_Solve] Agent 173 has waiting time 0
[Waiting_time_Solve] Agent 174 has waiting time 0
[Waiting_time_Solve] Agent 175 has waiting time 0
[Waiting_time_Solve] Agent 176 has waiting time 0
[Waiting_time_Solve] Agent 177 has waiting time 0
[Waiting_time_Solve] Agent 178 has waiting time 0
[Waiting_time_Solve] Agent 179 has waiting time 0
[Waiting_time_Solve] Agent 180 has waiting time 0
[Waiting_time_Solve] Agent 181 has waiting time 0
[Waiting_time_Solve] Agent 182 has waiting time 0
[Waiting_time_Solve] Agent 183 has waiting time 0
[Waiting_time_Solve] Agent 184 has waiting time 0
[Waiting_time_Solve] Agent 185 has waiting time 0
[Waiting_time_Solve] Agent 186 has waiting time 0
[Waiting_time_Solve] Agent 187 has waiting time 0
[Waiting_time_Solve] Agent 188 has waiting time 0
[Waiting_time_Solve] Agent 189 has waiting time 0
[Waiting_time_Solve] Agent 190 has waiting time 0
[Waiting_time_Solve] Agent 191 has waiting time 0
[Waiting_time_Solve] Agent 192 has waiting time 0
[Waiting_time_Solve] Agent 193 has waiting time 0
[Waiting_time_Solve] Agent 194 has waiting time 0
[Waiting_time_Solve] Agent 195 has waiting time 0
[Waiting_time_Solve] Agent 196 has waiting time 0
[Waiting_time_Solve] Agent 197 has waiting time 0
[Waiting_time_Solve] Agent 198 has waiting time 0
[Waiting_time_Solve] Agent 199 has waiting time 0
[Waiting_time_Solve] Total available waiting time: 0
[Waiting_time_Solve] Max iterations: 1
[Waiting_time_Solve] Iteration 0...
Command terminated after exceeding the time limit.
# Run terminated after reaching overall time limit

# Batch stopped after reaching overall time limit (elapsed 599s)
