# Batch started 2025-10-21 13:43:22 | map=/home/max/Documents/PhD/MAPF/LNS/MAPF_LNS_SAT/mapf-map/warehouse-10-20-10-2-2.map | agents=50 | total_time_limit=600s

# Run 0 | scenario="/home/max/Documents/PhD/MAPF/LNS/MAPF_LNS_SAT/mapf-scen-even/scen-even/warehouse-10-20-10-2-2-even-1.scen" | scenario_index=0
# Command: /home/max/Documents/PhD/MAPF/LNS/MAPF_LNS_SAT/lns_clean/main_clean_lns /home/max/Documents/PhD/MAPF/LNS/MAPF_LNS_SAT/mapf-map/warehouse-10-20-10-2-2.map /home/max/Documents/PhD/MAPF/LNS/MAPF_LNS_SAT/mapf-scen-even/scen-even/warehouse-10-20-10-2-2-even-1.scen 50 0 minisat 42
# Remaining time budget: 599 seconds
[LNS] Loaded map 84x170, agents: 50
[LNS] Map:
TTTTTTTTTTTTTTTTTTTTTTTTTTTTTTTTTTTTTTTTTTTTTTTTTTTTTTTTTTTTTTTTTTTTTTTTTTTTTTTTTTTTTTTTTTTTTTTTTTTTTTTTTTTTTTTTTTTTTTTTTTTTTTTTTTTTTTTTTTTTTTTTTTTTTTTTTTTTTTTTTTTTTTTTTT
T........................................................................................................................................................................T
T........................................................................................................................................................................T
T.........................TTTTTTTTTT..TTTTTTTTTT..TTTTTTTTTT..TTTTTTTTTT..TTTTTTTTTT..TTTTTTTTTT..TTTTTTTTTT..TTTTTTTTTT..TTTTTTTTTT..TTTTTTTTTT.........................T
T.........................TTTTTTTTTT..TTTTTTTTTT..TTTTTTTTTT..TTTTTTTTTT..TTTTTTTTTT..TTTTTTTTTT..TTTTTTTTTT..TTTTTTTTTT..TTTTTTTTTT..TTTTTTTTTT.........................T
T........................................................................................................................................................................T
T........................................................................................................................................................................T
T.........................TTTTTTTTTT..TTTTTTTTTT..TTTTTTTTTT..TTTTTTTTTT..TTTTTTTTTT..TTTTTTTTTT..TTTTTTTTTT..TTTTTTTTTT..TTTTTTTTTT..TTTTTTTTTT.........................T
T.........................TTTTTTTTTT..TTTTTTTTTT..TTTTTTTTTT..TTTTTTTTTT..TTTTTTTTTT..TTTTTTTTTT..TTTTTTTTTT..TTTTTTTTTT..TTTTTTTTTT..TTTTTTTTTT.........................T
T........................................................................................................................................................................T
T........................................................................................................................................................................T
T.........................TTTTTTTTTT..TTTTTTTTTT..TTTTTTTTTT..TTTTTTTTTT..TTTTTTTTTT..TTTTTTTTTT..TTTTTTTTTT..TTTTTTTTTT..TTTTTTTTTT..TTTTTTTTTT.........................T
T.........................TTTTTTTTTT..TTTTTTTTTT..TTTTTTTTTT..TTTTTTTTTT..TTTTTTTTTT..TTTTTTTTTT..TTTTTTTTTT..TTTTTTTTTT..TTTTTTTTTT..TTTTTTTTTT.........................T
T........................................................................................................................................................................T
T........................................................................................................................................................................T
T.........................TTTTTTTTTT..TTTTTTTTTT..TTTTTTTTTT..TTTTTTTTTT..TTTTTTTTTT..TTTTTTTTTT..TTTTTTTTTT..TTTTTTTTTT..TTTTTTTTTT..TTTTTTTTTT.........................T
T.........................TTTTTTTTTT..TTTTTTTTTT..TTTTTTTTTT..TTTTTTTTTT..TTTTTTTTTT..TTTTTTTTTT..TTTTTTTTTT..TTTTTTTTTT..TTTTTTTTTT..TTTTTTTTTT.........................T
T........................................................................................................................................................................T
T........................................................................................................................................................................T
T.........................TTTTTTTTTT..TTTTTTTTTT..TTTTTTTTTT..TTTTTTTTTT..TTTTTTTTTT..TTTTTTTTTT..TTTTTTTTTT..TTTTTTTTTT..TTTTTTTTTT..TTTTTTTTTT.........................T
T.........................TTTTTTTTTT..TTTTTTTTTT..TTTTTTTTTT..TTTTTTTTTT..TTTTTTTTTT..TTTTTTTTTT..TTTTTTTTTT..TTTTTTTTTT..TTTTTTTTTT..TTTTTTTTTT.........................T
T........................................................................................................................................................................T
T........................................................................................................................................................................T
T.........................TTTTTTTTTT..TTTTTTTTTT..TTTTTTTTTT..TTTTTTTTTT..TTTTTTTTTT..TTTTTTTTTT..TTTTTTTTTT..TTTTTTTTTT..TTTTTTTTTT..TTTTTTTTTT.........................T
T.........................TTTTTTTTTT..TTTTTTTTTT..TTTTTTTTTT..TTTTTTTTTT..TTTTTTTTTT..TTTTTTTTTT..TTTTTTTTTT..TTTTTTTTTT..TTTTTTTTTT..TTTTTTTTTT.........................T
T........................................................................................................................................................................T
T........................................................................................................................................................................T
T.........................TTTTTTTTTT..TTTTTTTTTT..TTTTTTTTTT..TTTTTTTTTT..TTTTTTTTTT..TTTTTTTTTT..TTTTTTTTTT..TTTTTTTTTT..TTTTTTTTTT..TTTTTTTTTT.........................T
T.........................TTTTTTTTTT..TTTTTTTTTT..TTTTTTTTTT..TTTTTTTTTT..TTTTTTTTTT..TTTTTTTTTT..TTTTTTTTTT..TTTTTTTTTT..TTTTTTTTTT..TTTTTTTTTT.........................T
T........................................................................................................................................................................T
T........................................................................................................................................................................T
T.........................TTTTTTTTTT..TTTTTTTTTT..TTTTTTTTTT..TTTTTTTTTT..TTTTTTTTTT..TTTTTTTTTT..TTTTTTTTTT..TTTTTTTTTT..TTTTTTTTTT..TTTTTTTTTT.........................T
T.........................TTTTTTTTTT..TTTTTTTTTT..TTTTTTTTTT..TTTTTTTTTT..TTTTTTTTTT..TTTTTTTTTT..TTTTTTTTTT..TTTTTTTTTT..TTTTTTTTTT..TTTTTTTTTT.........................T
T........................................................................................................................................................................T
T........................................................................................................................................................................T
T.........................TTTTTTTTTT..TTTTTTTTTT..TTTTTTTTTT..TTTTTTTTTT..TTTTTTTTTT..TTTTTTTTTT..TTTTTTTTTT..TTTTTTTTTT..TTTTTTTTTT..TTTTTTTTTT.........................T
T.........................TTTTTTTTTT..TTTTTTTTTT..TTTTTTTTTT..TTTTTTTTTT..TTTTTTTTTT..TTTTTTTTTT..TTTTTTTTTT..TTTTTTTTTT..TTTTTTTTTT..TTTTTTTTTT.........................T
T........................................................................................................................................................................T
T........................................................................................................................................................................T
T.........................TTTTTTTTTT..TTTTTTTTTT..TTTTTTTTTT..TTTTTTTTTT..TTTTTTTTTT..TTTTTTTTTT..TTTTTTTTTT..TTTTTTTTTT..TTTTTTTTTT..TTTTTTTTTT.........................T
T.........................TTTTTTTTTT..TTTTTTTTTT..TTTTTTTTTT..TTTTTTTTTT..TTTTTTTTTT..TTTTTTTTTT..TTTTTTTTTT..TTTTTTTTTT..TTTTTTTTTT..TTTTTTTTTT.........................T
T........................................................................................................................................................................T
T........................................................................................................................................................................T
T.........................TTTTTTTTTT..TTTTTTTTTT..TTTTTTTTTT..TTTTTTTTTT..TTTTTTTTTT..TTTTTTTTTT..TTTTTTTTTT..TTTTTTTTTT..TTTTTTTTTT..TTTTTTTTTT.........................T
T.........................TTTTTTTTTT..TTTTTTTTTT..TTTTTTTTTT..TTTTTTTTTT..TTTTTTTTTT..TTTTTTTTTT..TTTTTTTTTT..TTTTTTTTTT..TTTTTTTTTT..TTTTTTTTTT.........................T
T........................................................................................................................................................................T
T........................................................................................................................................................................T
T.........................TTTTTTTTTT..TTTTTTTTTT..TTTTTTTTTT..TTTTTTTTTT..TTTTTTTTTT..TTTTTTTTTT..TTTTTTTTTT..TTTTTTTTTT..TTTTTTTTTT..TTTTTTTTTT.........................T
T.........................TTTTTTTTTT..TTTTTTTTTT..TTTTTTTTTT..TTTTTTTTTT..TTTTTTTTTT..TTTTTTTTTT..TTTTTTTTTT..TTTTTTTTTT..TTTTTTTTTT..TTTTTTTTTT.........................T
T........................................................................................................................................................................T
T........................................................................................................................................................................T
T.........................TTTTTTTTTT..TTTTTTTTTT..TTTTTTTTTT..TTTTTTTTTT..TTTTTTTTTT..TTTTTTTTTT..TTTTTTTTTT..TTTTTTTTTT..TTTTTTTTTT..TTTTTTTTTT.........................T
T.........................TTTTTTTTTT..TTTTTTTTTT..TTTTTTTTTT..TTTTTTTTTT..TTTTTTTTTT..TTTTTTTTTT..TTTTTTTTTT..TTTTTTTTTT..TTTTTTTTTT..TTTTTTTTTT.........................T
T........................................................................................................................................................................T
T........................................................................................................................................................................T
T.........................TTTTTTTTTT..TTTTTTTTTT..TTTTTTTTTT..TTTTTTTTTT..TTTTTTTTTT..TTTTTTTTTT..TTTTTTTTTT..TTTTTTTTTT..TTTTTTTTTT..TTTTTTTTTT.........................T
T.........................TTTTTTTTTT..TTTTTTTTTT..TTTTTTTTTT..TTTTTTTTTT..TTTTTTTTTT..TTTTTTTTTT..TTTTTTTTTT..TTTTTTTTTT..TTTTTTTTTT..TTTTTTTTTT.........................T
T........................................................................................................................................................................T
T........................................................................................................................................................................T
T.........................TTTTTTTTTT..TTTTTTTTTT..TTTTTTTTTT..TTTTTTTTTT..TTTTTTTTTT..TTTTTTTTTT..TTTTTTTTTT..TTTTTTTTTT..TTTTTTTTTT..TTTTTTTTTT.........................T
T.........................TTTTTTTTTT..TTTTTTTTTT..TTTTTTTTTT..TTTTTTTTTT..TTTTTTTTTT..TTTTTTTTTT..TTTTTTTTTT..TTTTTTTTTT..TTTTTTTTTT..TTTTTTTTTT.........................T
T........................................................................................................................................................................T
T........................................................................................................................................................................T
T.........................TTTTTTTTTT..TTTTTTTTTT..TTTTTTTTTT..TTTTTTTTTT..TTTTTTTTTT..TTTTTTTTTT..TTTTTTTTTT..TTTTTTTTTT..TTTTTTTTTT..TTTTTTTTTT.........................T
T.........................TTTTTTTTTT..TTTTTTTTTT..TTTTTTTTTT..TTTTTTTTTT..TTTTTTTTTT..TTTTTTTTTT..TTTTTTTTTT..TTTTTTTTTT..TTTTTTTTTT..TTTTTTTTTT.........................T
T........................................................................................................................................................................T
T........................................................................................................................................................................T
T.........................TTTTTTTTTT..TTTTTTTTTT..TTTTTTTTTT..TTTTTTTTTT..TTTTTTTTTT..TTTTTTTTTT..TTTTTTTTTT..TTTTTTTTTT..TTTTTTTTTT..TTTTTTTTTT.........................T
T.........................TTTTTTTTTT..TTTTTTTTTT..TTTTTTTTTT..TTTTTTTTTT..TTTTTTTTTT..TTTTTTTTTT..TTTTTTTTTT..TTTTTTTTTT..TTTTTTTTTT..TTTTTTTTTT.........................T
T........................................................................................................................................................................T
T........................................................................................................................................................................T
T.........................TTTTTTTTTT..TTTTTTTTTT..TTTTTTTTTT..TTTTTTTTTT..TTTTTTTTTT..TTTTTTTTTT..TTTTTTTTTT..TTTTTTTTTT..TTTTTTTTTT..TTTTTTTTTT.........................T
T.........................TTTTTTTTTT..TTTTTTTTTT..TTTTTTTTTT..TTTTTTTTTT..TTTTTTTTTT..TTTTTTTTTT..TTTTTTTTTT..TTTTTTTTTT..TTTTTTTTTT..TTTTTTTTTT.........................T
T........................................................................................................................................................................T
T........................................................................................................................................................................T
T.........................TTTTTTTTTT..TTTTTTTTTT..TTTTTTTTTT..TTTTTTTTTT..TTTTTTTTTT..TTTTTTTTTT..TTTTTTTTTT..TTTTTTTTTT..TTTTTTTTTT..TTTTTTTTTT.........................T
T.........................TTTTTTTTTT..TTTTTTTTTT..TTTTTTTTTT..TTTTTTTTTT..TTTTTTTTTT..TTTTTTTTTT..TTTTTTTTTT..TTTTTTTTTT..TTTTTTTTTT..TTTTTTTTTT.........................T
T........................................................................................................................................................................T
T........................................................................................................................................................................T
T.........................TTTTTTTTTT..TTTTTTTTTT..TTTTTTTTTT..TTTTTTTTTT..TTTTTTTTTT..TTTTTTTTTT..TTTTTTTTTT..TTTTTTTTTT..TTTTTTTTTT..TTTTTTTTTT.........................T
T.........................TTTTTTTTTT..TTTTTTTTTT..TTTTTTTTTT..TTTTTTTTTT..TTTTTTTTTT..TTTTTTTTTT..TTTTTTTTTT..TTTTTTTTTT..TTTTTTTTTT..TTTTTTTTTT.........................T
T........................................................................................................................................................................T
T........................................................................................................................................................................T
TTTTTTTTTTTTTTTTTTTTTTTTTTTTTTTTTTTTTTTTTTTTTTTTTTTTTTTTTTTTTTTTTTTTTTTTTTTTTTTTTTTTTTTTTTTTTTTTTTTTTTTTTTTTTTTTTTTTTTTTTTTTTTTTTTTTTTTTTTTTTTTTTTTTTTTTTTTTTTTTTTTTTTTTTT
[LNS] Number of agents: 50
[LNS] Agents (start -> goal):
  Agent 0: (3,4) -> (66,165)
  Agent 1: (6,168) -> (68,120)
  Agent 2: (69,106) -> (35,13)
  Agent 3: (34,25) -> (61,72)
  Agent 4: (21,150) -> (10,6)
  Agent 5: (12,5) -> (82,160)
  Agent 6: (1,29) -> (76,161)
  Agent 7: (75,162) -> (16,15)
  Agent 8: (5,13) -> (13,5)
  Agent 9: (26,112) -> (38,99)
  Agent 10: (10,168) -> (69,7)
  Agent 11: (34,63) -> (41,137)
  Agent 12: (76,19) -> (13,139)
  Agent 13: (11,61) -> (17,34)
  Agent 14: (8,120) -> (7,23)
  Agent 15: (1,6) -> (37,139)
  Agent 16: (9,162) -> (40,22)
  Agent 17: (74,11) -> (42,55)
  Agent 18: (19,145) -> (7,97)
  Agent 19: (62,3) -> (57,157)
  Agent 20: (16,96) -> (61,119)
  Agent 21: (74,71) -> (81,56)
  Agent 22: (69,10) -> (6,165)
  Agent 23: (64,20) -> (48,7)
  Agent 24: (14,16) -> (3,1)
  Agent 25: (47,16) -> (13,53)
  Agent 26: (34,26) -> (77,167)
  Agent 27: (34,59) -> (2,7)
  Agent 28: (34,156) -> (17,26)
  Agent 29: (77,33) -> (29,77)
  Agent 30: (50,31) -> (29,74)
  Agent 31: (50,52) -> (42,129)
  Agent 32: (45,23) -> (14,57)
  Agent 33: (57,81) -> (70,73)
  Agent 34: (71,16) -> (21,81)
  Agent 35: (23,167) -> (74,60)
  Agent 36: (28,152) -> (54,109)
  Agent 37: (48,84) -> (5,2)
  Agent 38: (21,1) -> (58,137)
  Agent 39: (9,3) -> (20,165)
  Agent 40: (18,13) -> (52,149)
  Agent 41: (34,110) -> (41,40)
  Agent 42: (59,14) -> (70,58)
  Agent 43: (34,20) -> (5,140)
  Agent 44: (45,13) -> (43,22)
  Agent 45: (3,166) -> (57,25)
  Agent 46: (10,64) -> (66,122)
  Agent 47: (40,120) -> (4,60)
  Agent 48: (35,168) -> (47,25)
  Agent 49: (14,168) -> (42,19)
[LNS] Base makespan: 225

[LNS] === Attempt with max_timesteps=225 ===
[SAT] Creating MDDs with shortest paths + waiting time...
[SAT] Created 50 MDDs with waiting time structure
[LNS] Built MDDs with waiting time structure for 50 agents at makespan 225
[Current_Solution] Calculating waiting times for agents...
[Current_Solution] Agent 49 reaches goal at t=177, waiting time=48
[Current_Solution] Agent 48 reaches goal at t=155, waiting time=70
[Current_Solution] Agent 47 reaches goal at t=96, waiting time=129
[Current_Solution] Agent 46 reaches goal at t=114, waiting time=111
[Current_Solution] Agent 45 reaches goal at t=195, waiting time=30
[Current_Solution] Agent 44 reaches goal at t=11, waiting time=214
[Current_Solution] Agent 43 reaches goal at t=149, waiting time=76
[Current_Solution] Agent 42 reaches goal at t=55, waiting time=170
[Current_Solution] Agent 41 reaches goal at t=77, waiting time=148
[Current_Solution] Agent 40 reaches goal at t=170, waiting time=55
[Current_Solution] Agent 39 reaches goal at t=173, waiting time=52
[Current_Solution] Agent 38 reaches goal at t=173, waiting time=52
[Current_Solution] Agent 37 reaches goal at t=125, waiting time=100
[Current_Solution] Agent 36 reaches goal at t=69, waiting time=156
[Current_Solution] Agent 35 reaches goal at t=158, waiting time=67
[Current_Solution] Agent 34 reaches goal at t=115, waiting time=110
[Current_Solution] Agent 33 reaches goal at t=21, waiting time=204
[Current_Solution] Agent 32 reaches goal at t=65, waiting time=160
[Current_Solution] Agent 31 reaches goal at t=85, waiting time=140
[Current_Solution] Agent 30 reaches goal at t=64, waiting time=161
[Current_Solution] Agent 29 reaches goal at t=92, waiting time=133
[Current_Solution] Agent 28 reaches goal at t=147, waiting time=78
[Current_Solution] Agent 27 reaches goal at t=84, waiting time=141
[Current_Solution] Agent 26 reaches goal at t=184, waiting time=41
[Current_Solution] Agent 25 reaches goal at t=71, waiting time=154
[Current_Solution] Agent 24 reaches goal at t=26, waiting time=199
[Current_Solution] Agent 23 reaches goal at t=29, waiting time=196
[Current_Solution] Agent 22 reaches goal at t=218, waiting time=7
[Current_Solution] Agent 21 reaches goal at t=22, waiting time=203
[Current_Solution] Agent 20 reaches goal at t=68, waiting time=157
[Current_Solution] Agent 19 reaches goal at t=159, waiting time=66
[Current_Solution] Agent 18 reaches goal at t=60, waiting time=165
[Current_Solution] Agent 17 reaches goal at t=76, waiting time=149
[Current_Solution] Agent 16 reaches goal at t=171, waiting time=54
[Current_Solution] Agent 15 reaches goal at t=169, waiting time=56
[Current_Solution] Agent 14 reaches goal at t=100, waiting time=125
[Current_Solution] Agent 13 reaches goal at t=33, waiting time=192
[Current_Solution] Agent 12 reaches goal at t=183, waiting time=42
[Current_Solution] Agent 11 reaches goal at t=81, waiting time=144
[Current_Solution] Agent 10 reaches goal at t=220, waiting time=5
[Current_Solution] Agent 9 reaches goal at t=25, waiting time=200
[Current_Solution] Agent 8 reaches goal at t=16, waiting time=209
[Current_Solution] Agent 7 reaches goal at t=206, waiting time=19
[Current_Solution] Agent 6 reaches goal at t=207, waiting time=18
[Current_Solution] Agent 5 reaches goal at t=225, waiting time=0
[Current_Solution] Agent 4 reaches goal at t=155, waiting time=70
[Current_Solution] Agent 3 reaches goal at t=74, waiting time=151
[Current_Solution] Agent 2 reaches goal at t=127, waiting time=98
[Current_Solution] Agent 1 reaches goal at t=110, waiting time=115
[Current_Solution] Agent 0 reaches goal at t=224, waiting time=1
[Current_Solution] Waiting time calculation complete
[LNS] Created current solution with 50 agent paths on a map of size 84x170
[LNS] Analyzing conflicts...
[LNS] Current solution: vertex collisions=37, edge collisions=4
[LNS] Creating conflict buckets...
[LOCAL ZONE] Building diamond bucket for conflict 0
[LOCAL ZONE] Built diamond bucket for conflict 0 with 16 positions, 5 conflicts, 5 - 9 time window
[LNS] Selected most relevant bucket 0 with time window: 5 - 9, 5 conflicts and 16 positions.
[LNS] Solving the best bucket Local Zone...
[Solve_local_zone] Local zone size reached 95% of all walkable positions
[Solve_local_zone] Will try to solve with full time window and all positions
[Solve_local_zone] Makespan: 225
[Solve_local_zone] Time window: [0, 225]
[Current_Solution] Agent 0 used 1 waiting timesteps, 0 remaining
[Current_Solution] Agent 1 used 115 waiting timesteps, 0 remaining
[Current_Solution] Agent 2 used 98 waiting timesteps, 0 remaining
[Current_Solution] Agent 3 used 151 waiting timesteps, 0 remaining
[Current_Solution] Agent 4 used 70 waiting timesteps, 0 remaining
[Current_Solution] Agent 6 used 18 waiting timesteps, 0 remaining
[Current_Solution] Agent 7 used 19 waiting timesteps, 0 remaining
[Current_Solution] Agent 8 used 209 waiting timesteps, 0 remaining
[Current_Solution] Agent 9 used 200 waiting timesteps, 0 remaining
[Current_Solution] Agent 10 used 5 waiting timesteps, 0 remaining
[Current_Solution] Agent 11 used 144 waiting timesteps, 0 remaining
[Current_Solution] Agent 12 used 42 waiting timesteps, 0 remaining
[Current_Solution] Agent 13 used 192 waiting timesteps, 0 remaining
[Current_Solution] Agent 14 used 125 waiting timesteps, 0 remaining
[Current_Solution] Agent 15 used 56 waiting timesteps, 0 remaining
[Current_Solution] Agent 16 used 54 waiting timesteps, 0 remaining
[Current_Solution] Agent 17 used 149 waiting timesteps, 0 remaining
[Current_Solution] Agent 18 used 165 waiting timesteps, 0 remaining
[Current_Solution] Agent 19 used 66 waiting timesteps, 0 remaining
[Current_Solution] Agent 20 used 157 waiting timesteps, 0 remaining
[Current_Solution] Agent 21 used 203 waiting timesteps, 0 remaining
[Current_Solution] Agent 22 used 7 waiting timesteps, 0 remaining
[Current_Solution] Agent 23 used 196 waiting timesteps, 0 remaining
[Current_Solution] Agent 24 used 199 waiting timesteps, 0 remaining
[Current_Solution] Agent 25 used 154 waiting timesteps, 0 remaining
[Current_Solution] Agent 26 used 41 waiting timesteps, 0 remaining
[Current_Solution] Agent 27 used 141 waiting timesteps, 0 remaining
[Current_Solution] Agent 28 used 78 waiting timesteps, 0 remaining
[Current_Solution] Agent 29 used 133 waiting timesteps, 0 remaining
[Current_Solution] Agent 30 used 161 waiting timesteps, 0 remaining
[Current_Solution] Agent 31 used 140 waiting timesteps, 0 remaining
[Current_Solution] Agent 32 used 160 waiting timesteps, 0 remaining
[Current_Solution] Agent 33 used 204 waiting timesteps, 0 remaining
[Current_Solution] Agent 34 used 110 waiting timesteps, 0 remaining
[Current_Solution] Agent 35 used 67 waiting timesteps, 0 remaining
[Current_Solution] Agent 36 used 156 waiting timesteps, 0 remaining
[Current_Solution] Agent 37 used 100 waiting timesteps, 0 remaining
[Current_Solution] Agent 38 used 52 waiting timesteps, 0 remaining
[Current_Solution] Agent 39 used 52 waiting timesteps, 0 remaining
[Current_Solution] Agent 40 used 55 waiting timesteps, 0 remaining
[Current_Solution] Agent 41 used 148 waiting timesteps, 0 remaining
[Current_Solution] Agent 42 used 170 waiting timesteps, 0 remaining
[Current_Solution] Agent 43 used 76 waiting timesteps, 0 remaining
[Current_Solution] Agent 44 used 214 waiting timesteps, 0 remaining
[Current_Solution] Agent 45 used 30 waiting timesteps, 0 remaining
[Current_Solution] Agent 46 used 111 waiting timesteps, 0 remaining
[Current_Solution] Agent 47 used 129 waiting timesteps, 0 remaining
[Current_Solution] Agent 48 used 70 waiting timesteps, 0 remaining
[Current_Solution] Agent 49 used 48 waiting timesteps, 0 remaining
[Waiting_time_Solve] Agent 0 has waiting time 0
[Waiting_time_Solve] Agent 1 has waiting time 0
[Waiting_time_Solve] Agent 2 has waiting time 0
[Waiting_time_Solve] Agent 3 has waiting time 0
[Waiting_time_Solve] Agent 4 has waiting time 0
[Waiting_time_Solve] Agent 5 has waiting time 0
[Waiting_time_Solve] Agent 6 has waiting time 0
[Waiting_time_Solve] Agent 7 has waiting time 0
[Waiting_time_Solve] Agent 8 has waiting time 0
[Waiting_time_Solve] Agent 9 has waiting time 0
[Waiting_time_Solve] Agent 10 has waiting time 0
[Waiting_time_Solve] Agent 11 has waiting time 0
[Waiting_time_Solve] Agent 12 has waiting time 0
[Waiting_time_Solve] Agent 13 has waiting time 0
[Waiting_time_Solve] Agent 14 has waiting time 0
[Waiting_time_Solve] Agent 15 has waiting time 0
[Waiting_time_Solve] Agent 16 has waiting time 0
[Waiting_time_Solve] Agent 17 has waiting time 0
[Waiting_time_Solve] Agent 18 has waiting time 0
[Waiting_time_Solve] Agent 19 has waiting time 0
[Waiting_time_Solve] Agent 20 has waiting time 0
[Waiting_time_Solve] Agent 21 has waiting time 0
[Waiting_time_Solve] Agent 22 has waiting time 0
[Waiting_time_Solve] Agent 23 has waiting time 0
[Waiting_time_Solve] Agent 24 has waiting time 0
[Waiting_time_Solve] Agent 25 has waiting time 0
[Waiting_time_Solve] Agent 26 has waiting time 0
[Waiting_time_Solve] Agent 27 has waiting time 0
[Waiting_time_Solve] Agent 28 has waiting time 0
[Waiting_time_Solve] Agent 29 has waiting time 0
[Waiting_time_Solve] Agent 30 has waiting time 0
[Waiting_time_Solve] Agent 31 has waiting time 0
[Waiting_time_Solve] Agent 32 has waiting time 0
[Waiting_time_Solve] Agent 33 has waiting time 0
[Waiting_time_Solve] Agent 34 has waiting time 0
[Waiting_time_Solve] Agent 35 has waiting time 0
[Waiting_time_Solve] Agent 36 has waiting time 0
[Waiting_time_Solve] Agent 37 has waiting time 0
[Waiting_time_Solve] Agent 38 has waiting time 0
[Waiting_time_Solve] Agent 39 has waiting time 0
[Waiting_time_Solve] Agent 40 has waiting time 0
[Waiting_time_Solve] Agent 41 has waiting time 0
[Waiting_time_Solve] Agent 42 has waiting time 0
[Waiting_time_Solve] Agent 43 has waiting time 0
[Waiting_time_Solve] Agent 44 has waiting time 0
[Waiting_time_Solve] Agent 45 has waiting time 0
[Waiting_time_Solve] Agent 46 has waiting time 0
[Waiting_time_Solve] Agent 47 has waiting time 0
[Waiting_time_Solve] Agent 48 has waiting time 0
[Waiting_time_Solve] Agent 49 has waiting time 0
[Waiting_time_Solve] Total available waiting time: 0
[Waiting_time_Solve] Max iterations: 1
[Waiting_time_Solve] Iteration 0...
Command terminated after exceeding the time limit.
# Run terminated after reaching overall time limit

# Batch stopped after reaching overall time limit (elapsed 599s)
