# Batch started 2025-10-21 09:06:06 | map=/home/max/Documents/PhD/MAPF/LNS/MAPF_LNS_SAT/mapf-map/room-64-64-8.map | agents=20 | total_time_limit=600s

# Run 0 | scenario="/home/max/Documents/PhD/MAPF/LNS/MAPF_LNS_SAT/mapf-scen-even/scen-even/room-64-64-8-even-1.scen" | scenario_index=0
# Command: /home/max/Documents/PhD/MAPF/LNS/MAPF_LNS_SAT/lns_clean/main_clean_lns /home/max/Documents/PhD/MAPF/LNS/MAPF_LNS_SAT/mapf-map/room-64-64-8.map /home/max/Documents/PhD/MAPF/LNS/MAPF_LNS_SAT/mapf-scen-even/scen-even/room-64-64-8-even-1.scen 20 0 minisat 42
# Remaining time budget: 599 seconds
[LNS] Loaded map 64x64, agents: 20
[LNS] Map:
@@@.@@@@@@@@@@@@@@@.@@@@@@.@@@@@@@.@@@@@@@@@@@@@@.@@@@@@@.@@@@@@
@.......@.......@.......@.......@.......@.......@.......@.......
@.......@.......@.......@.......@.......@.......@.......@.......
........@.......@.......@.......@.......@.......@.......@.......
@.......@.......@.......@.......@.......@.......@.......@.......
@.......................@.......@.......@.......@...............
@.......@.......@.......@.......@.......@.......@.......@.......
@.......@.......@.......................@...............@.......
@.@@@@@@@@@@@.@@@@@@@.@@@.@@@@@@@.@@@@@@@@@@@@@.@@@@@@.@@.@@@@@@
@.......@.......@.......@.......@.......@.......@.......@.......
@.......@.......@.......................@.......@.......@.......
@.......@.......@.......@.......@.......@.......@.......@.......
................@.......@.......@.......@...............@.......
@.......@.......@.......@.......@...............@.......@.......
@.......@.......@.......@.......@.......@.......@...............
@.......@.......@.......@.......@.......@.......@.......@.......
@@@@@@@.@@@@@.@@@@@@@@@@@@@@@@.@@@@@@@@@@@@@@.@@@@@@@@@.@@@@@@.@
@.......@.......@.......@.......@.......@.......@.......@.......
@.......@.......@.......@.......@...............@.......@.......
@.......@.......@.......@.......@.......@.......@.......@.......
........@.......@...............@.......@...............@.......
@.......@.......@.......@.......@.......@.......@.......@.......
@...............@.......@.......@.......@.......@.......@.......
@.......@.......@.......@.......@.......@.......@.......@.......
@.@@@@@@@@.@@@@@@@@@@.@@@@@@@@.@@@@@@@.@@.@@@@@@@.@@@@@@@@@@@@@.
@...............@.......@.......@.......@.......@.......@.......
@.......@.......@.......@.......@.......@.......@.......@.......
@.......@.......@.......@...............@.......@.......@.......
@.......@.......@.......@.......@.......@.......@.......@.......
........@.......@.......@.......@.......@.......@.......@.......
@.......@.......@.......@.......@.......@.......@...............
@.......@.......@...............@.......@.......@.......@.......
@@@@@@@@@@@@@@@@@@.@@@@@@@@.@@@@@@@@@@@@@@@@@@@@@@@@@@@.@@.@@@@@
@.......@.......@.......@.......@.......@.......@.......@.......
@.......@.......@.......@...............@.......@.......@.......
@.......@.......@.......@.......@.......@.......@.......@.......
@...............@...............@.......@.......@.......@.......
@.......@.......@.......@.......@.......@.......@...............
........@.......@.......@.......@...............@.......@.......
@.......@.......@.......@.......@.......@.......@.......@.......
@@@@@@@.@@@@@@@@@@@@@@@@@@@.@@@@@@.@@@@@@@@@@@.@@@@@.@@@@@@@.@@@
@.......@.......@.......@.......@.......@...............@.......
@.......@.......@.......................@.......@.......@.......
@.......@...............@.......@.......@.......@.......@.......
@.......@.......@.......@.......@.......@.......@.......@.......
@.......@.......@.......@.......@.......@.......@.......@.......
@...............@.......@.......@.......@.......@.......@.......
........@.......@.......@.......@.......@.......@.......@.......
@@@@.@@@@.@@@@@@@@.@@@@@@@@@@@.@@@@@@@@@@@@@@@.@@@@@@@@@@@@@@@@@
........@.......@.......@.......@.......@.......@.......@.......
@.......@.......@.......@.......@.......@.......@.......@.......
@.......@.......@.......@.......@.......@.......@.......@.......
@.......@.......@.......@.......@.......@.......@...............
@.......@.......@.......@.......@.......@.......@.......@.......
@.......@.......@.......@.......@.......@.......@.......@.......
@.......@.......................................@.......@.......
@@@@@@@@@@@.@@@@@@@@@@@@@@@@@@@.@@@@@@@@@@@@@.@@@@@@@@@.@@@@@@@@
@.......@.......@.......@.......@.......@.......@.......@.......
@.......................@.......@.......@.......@.......@.......
@.......@.......@...............@.......@.......................
@.......@.......@.......@.......@.......@.......@.......@.......
@.......@.......@.......@.......@.......@.......@.......@.......
........@.......@.......@.......@.......@.......@.......@.......
@.......@.......@.......@.......@...............@.......@.......
[LNS] Number of agents: 20
[LNS] Agents (start -> goal):
  Agent 0: (12,63) -> (45,19)
  Agent 1: (17,19) -> (63,15)
  Agent 2: (46,31) -> (9,2)
  Agent 3: (19,23) -> (57,30)
  Agent 4: (12,60) -> (2,55)
  Agent 5: (54,47) -> (41,18)
  Agent 6: (17,29) -> (4,52)
  Agent 7: (46,50) -> (27,12)
  Agent 8: (57,49) -> (47,34)
  Agent 9: (42,22) -> (11,7)
  Agent 10: (52,55) -> (13,39)
  Agent 11: (57,29) -> (31,1)
  Agent 12: (29,34) -> (57,61)
  Agent 13: (19,11) -> (60,46)
  Agent 14: (31,1) -> (39,15)
  Agent 15: (57,58) -> (63,60)
  Agent 16: (51,63) -> (9,15)
  Agent 17: (34,7) -> (35,19)
  Agent 18: (35,6) -> (17,34)
  Agent 19: (22,17) -> (35,9)
[LNS] Base makespan: 140

[LNS] === Attempt with max_timesteps=140 ===
[SAT] Creating MDDs with shortest paths + waiting time...
[SAT] Created 20 MDDs with waiting time structure
[LNS] Built MDDs with waiting time structure for 20 agents at makespan 140
[Current_Solution] Calculating waiting times for agents...
[Current_Solution] Agent 19 reaches goal at t=67, waiting time=73
[Current_Solution] Agent 18 reaches goal at t=76, waiting time=64
[Current_Solution] Agent 17 reaches goal at t=51, waiting time=89
[Current_Solution] Agent 16 reaches goal at t=124, waiting time=16
[Current_Solution] Agent 15 reaches goal at t=8, waiting time=132
[Current_Solution] Agent 14 reaches goal at t=140, waiting time=0
[Current_Solution] Agent 13 reaches goal at t=110, waiting time=30
[Current_Solution] Agent 12 reaches goal at t=77, waiting time=63
[Current_Solution] Agent 11 reaches goal at t=116, waiting time=24
[Current_Solution] Agent 10 reaches goal at t=89, waiting time=51
[Current_Solution] Agent 9 reaches goal at t=76, waiting time=64
[Current_Solution] Agent 8 reaches goal at t=47, waiting time=93
[Current_Solution] Agent 7 reaches goal at t=111, waiting time=29
[Current_Solution] Agent 6 reaches goal at t=42, waiting time=98
[Current_Solution] Agent 5 reaches goal at t=44, waiting time=96
[Current_Solution] Agent 4 reaches goal at t=15, waiting time=125
[Current_Solution] Agent 3 reaches goal at t=51, waiting time=89
[Current_Solution] Agent 2 reaches goal at t=82, waiting time=58
[Current_Solution] Agent 1 reaches goal at t=74, waiting time=66
[Current_Solution] Agent 0 reaches goal at t=81, waiting time=59
[Current_Solution] Waiting time calculation complete
[LNS] Created current solution with 20 agent paths on a map of size 64x64
[LNS] Analyzing conflicts...
[LNS] Current solution: vertex collisions=44, edge collisions=8
[LNS] Creating conflict buckets...
[LOCAL ZONE] Building diamond bucket for conflict 0
[LOCAL ZONE] Built diamond bucket for conflict 0 with 29 positions, 13 conflicts, 2 - 14 time window
[LNS] Selected most relevant bucket 0 with time window: 2 - 14, 13 conflicts and 29 positions.
[LNS] Solving the best bucket Local Zone...
[Solve_local_zone] Local zone size reached 95% of all walkable positions
[Solve_local_zone] Will try to solve with full time window and all positions
[Solve_local_zone] Makespan: 140
[Solve_local_zone] Time window: [0, 140]
[Current_Solution] Agent 0 used 59 waiting timesteps, 0 remaining
[Current_Solution] Agent 1 used 66 waiting timesteps, 0 remaining
[Current_Solution] Agent 2 used 58 waiting timesteps, 0 remaining
[Current_Solution] Agent 3 used 89 waiting timesteps, 0 remaining
[Current_Solution] Agent 4 used 125 waiting timesteps, 0 remaining
[Current_Solution] Agent 5 used 96 waiting timesteps, 0 remaining
[Current_Solution] Agent 6 used 98 waiting timesteps, 0 remaining
[Current_Solution] Agent 7 used 29 waiting timesteps, 0 remaining
[Current_Solution] Agent 8 used 93 waiting timesteps, 0 remaining
[Current_Solution] Agent 9 used 64 waiting timesteps, 0 remaining
[Current_Solution] Agent 10 used 51 waiting timesteps, 0 remaining
[Current_Solution] Agent 11 used 24 waiting timesteps, 0 remaining
[Current_Solution] Agent 12 used 63 waiting timesteps, 0 remaining
[Current_Solution] Agent 13 used 30 waiting timesteps, 0 remaining
[Current_Solution] Agent 15 used 132 waiting timesteps, 0 remaining
[Current_Solution] Agent 16 used 16 waiting timesteps, 0 remaining
[Current_Solution] Agent 17 used 89 waiting timesteps, 0 remaining
[Current_Solution] Agent 18 used 64 waiting timesteps, 0 remaining
[Current_Solution] Agent 19 used 73 waiting timesteps, 0 remaining
[Waiting_time_Solve] Agent 0 has waiting time 0
[Waiting_time_Solve] Agent 1 has waiting time 0
[Waiting_time_Solve] Agent 2 has waiting time 0
[Waiting_time_Solve] Agent 3 has waiting time 0
[Waiting_time_Solve] Agent 4 has waiting time 0
[Waiting_time_Solve] Agent 5 has waiting time 0
[Waiting_time_Solve] Agent 6 has waiting time 0
[Waiting_time_Solve] Agent 7 has waiting time 0
[Waiting_time_Solve] Agent 8 has waiting time 0
[Waiting_time_Solve] Agent 9 has waiting time 0
[Waiting_time_Solve] Agent 10 has waiting time 0
[Waiting_time_Solve] Agent 11 has waiting time 0
[Waiting_time_Solve] Agent 12 has waiting time 0
[Waiting_time_Solve] Agent 13 has waiting time 0
[Waiting_time_Solve] Agent 14 has waiting time 0
[Waiting_time_Solve] Agent 15 has waiting time 0
[Waiting_time_Solve] Agent 16 has waiting time 0
[Waiting_time_Solve] Agent 17 has waiting time 0
[Waiting_time_Solve] Agent 18 has waiting time 0
[Waiting_time_Solve] Agent 19 has waiting time 0
[Waiting_time_Solve] Total available waiting time: 0
[Waiting_time_Solve] Max iterations: 1
[Waiting_time_Solve] Iteration 0...
Command terminated after exceeding the time limit.
# Run terminated after reaching overall time limit

# Batch stopped after reaching overall time limit (elapsed 599s)
