# Batch started 2025-10-21 10:06:00 | map=/home/max/Documents/PhD/MAPF/LNS/MAPF_LNS_SAT/mapf-map/room-64-64-16.map | agents=50 | total_time_limit=600s

# Run 0 | scenario="/home/max/Documents/PhD/MAPF/LNS/MAPF_LNS_SAT/mapf-scen-even/scen-even/room-64-64-16-even-1.scen" | scenario_index=0
# Command: /home/max/Documents/PhD/MAPF/LNS/MAPF_LNS_SAT/lns_clean/main_clean_lns /home/max/Documents/PhD/MAPF/LNS/MAPF_LNS_SAT/mapf-map/room-64-64-16.map /home/max/Documents/PhD/MAPF/LNS/MAPF_LNS_SAT/mapf-scen-even/scen-even/room-64-64-16-even-1.scen 50 0 minisat 42
# Remaining time budget: 599 seconds
[LNS] Loaded map 64x64, agents: 50
[LNS] Map:
@.@@@@@@@@@@.@@@@@@@@@@@@.@.@@@@@@@@@@@@.@@.@@@@@@@@@@@@@@@..@@@
@...............@...............@...............@...............
@...............@...............@...............@...............
@...............@...............@...............................
@...............@...............@...............@...............
@...............@...............@...............@...............
@...............@...............@...............@...............
@...............@...............@...............................
@...............@...............@...............@...............
@...............................@...............@...............
@...............@...............@...............@...............
@...............................................@...............
@...............@...............@...............@...............
@...............@...............@...............@...............
@...............@...............................@...............
@...............@...............@...............@...............
@.@@@@@@@@@@@@@@@@@@@@@@@@@@@@@@@@@@@.@@@.@@@@@@@@@@.@@@@@@@@@@.
@...............@...............@...............@...............
................@...............@...............@...............
@...............@...............@...............@...............
................@...............................@...............
@...............@...............@...............@...............
@...............@...............@...............................
@...............@...............@...............@...............
@...............@...............@...............@...............
@...............@...............@...............@...............
@...............@...............@...............@...............
@...............@...............@...............@...............
@...............@...............@...............@...............
@...............@...............@...............................
@...............@...............@...............@...............
@...............@...............@...............@...............
@@@@@@@.@.@@@@@@@@@@@@@@@@@@@@@@@@@@@@@@@@@@.@@.@@@@@@@@@@@@@@@@
@...............@...............@...............................
................@...............@...............@...............
@...............@...............@...............@...............
@...............@...............@...............@...............
@...............@...............................@...............
@...............@...............@...............@...............
@...............@...............@...............@...............
@...............@...............@...............@...............
@...............@...............................@...............
@...............@...............@...............@...............
................@...............@...............@...............
@...............@...............@...............................
@...............@...............@...............@...............
@...............@...............@...............@...............
@...............@...............@...............@...............
@.@@@@.@@@@@@@@@@@@@@@@@@@@@@@@@@..@@@@@@@@@@@@@@@@@@@@@@.@.@@@@
@...............@...............@...............@...............
@...............@...............@...............@...............
@...............@...............@...............@...............
@...............@...............@...............@...............
@...............@...............@...............@...............
@...............@...............@...............@...............
@...............@...............@...............................
@...............@...............@...............@...............
@...............................@...............@...............
................@...............@...............@...............
@...............@...............@...............@...............
@...............@...............@...............@...............
@...............@...............@...............@...............
@...............@...............@...............................
................................@...............@...............
[LNS] Number of agents: 50
[LNS] Agents (start -> goal):
  Agent 0: (7,45) -> (56,4)
  Agent 1: (36,54) -> (55,3)
  Agent 2: (23,7) -> (26,50)
  Agent 3: (59,23) -> (59,39)
  Agent 4: (33,54) -> (33,44)
  Agent 5: (7,29) -> (20,44)
  Agent 6: (31,58) -> (26,1)
  Agent 7: (24,44) -> (15,20)
  Agent 8: (38,20) -> (26,7)
  Agent 9: (57,60) -> (49,26)
  Agent 10: (62,46) -> (62,21)
  Agent 11: (12,23) -> (53,6)
  Agent 12: (24,31) -> (62,34)
  Agent 13: (62,48) -> (50,17)
  Agent 14: (12,4) -> (51,27)
  Agent 15: (21,42) -> (17,61)
  Agent 16: (57,33) -> (47,47)
  Agent 17: (15,51) -> (7,40)
  Agent 18: (23,20) -> (41,19)
  Agent 19: (0,43) -> (59,46)
  Agent 20: (53,19) -> (45,27)
  Agent 21: (43,3) -> (20,47)
  Agent 22: (47,28) -> (12,23)
  Agent 23: (52,35) -> (3,3)
  Agent 24: (56,19) -> (13,8)
  Agent 25: (42,38) -> (33,58)
  Agent 26: (49,11) -> (6,61)
  Agent 27: (46,30) -> (62,18)
  Agent 28: (38,50) -> (5,8)
  Agent 29: (25,46) -> (60,15)
  Agent 30: (38,19) -> (49,31)
  Agent 31: (63,30) -> (54,34)
  Agent 32: (62,57) -> (10,20)
  Agent 33: (9,38) -> (26,2)
  Agent 34: (58,0) -> (50,50)
  Agent 35: (46,3) -> (55,7)
  Agent 36: (60,20) -> (31,35)
  Agent 37: (29,56) -> (33,1)
  Agent 38: (53,31) -> (46,26)
  Agent 39: (53,15) -> (40,40)
  Agent 40: (22,61) -> (50,24)
  Agent 41: (29,1) -> (26,41)
  Agent 42: (5,18) -> (43,2)
  Agent 43: (6,18) -> (27,57)
  Agent 44: (3,54) -> (11,52)
  Agent 45: (62,60) -> (63,26)
  Agent 46: (57,22) -> (14,8)
  Agent 47: (62,19) -> (60,40)
  Agent 48: (54,46) -> (57,38)
  Agent 49: (46,33) -> (61,12)
[LNS] Base makespan: 189

[LNS] === Attempt with max_timesteps=189 ===
[SAT] Creating MDDs with shortest paths + waiting time...
[SAT] Created 50 MDDs with waiting time structure
[LNS] Built MDDs with waiting time structure for 50 agents at makespan 189
[Current_Solution] Calculating waiting times for agents...
[Current_Solution] Agent 49 reaches goal at t=152, waiting time=37
[Current_Solution] Agent 48 reaches goal at t=11, waiting time=178
[Current_Solution] Agent 47 reaches goal at t=179, waiting time=10
[Current_Solution] Agent 46 reaches goal at t=73, waiting time=116
[Current_Solution] Agent 45 reaches goal at t=189, waiting time=0
[Current_Solution] Agent 44 reaches goal at t=10, waiting time=179
[Current_Solution] Agent 43 reaches goal at t=60, waiting time=129
[Current_Solution] Agent 42 reaches goal at t=66, waiting time=123
[Current_Solution] Agent 41 reaches goal at t=73, waiting time=116
[Current_Solution] Agent 40 reaches goal at t=149, waiting time=40
[Current_Solution] Agent 39 reaches goal at t=134, waiting time=55
[Current_Solution] Agent 38 reaches goal at t=178, waiting time=11
[Current_Solution] Agent 37 reaches goal at t=107, waiting time=82
[Current_Solution] Agent 36 reaches goal at t=128, waiting time=61
[Current_Solution] Agent 35 reaches goal at t=13, waiting time=176
[Current_Solution] Agent 34 reaches goal at t=162, waiting time=27
[Current_Solution] Agent 33 reaches goal at t=55, waiting time=134
[Current_Solution] Agent 32 reaches goal at t=89, waiting time=100
[Current_Solution] Agent 31 reaches goal at t=179, waiting time=10
[Current_Solution] Agent 30 reaches goal at t=181, waiting time=8
[Current_Solution] Agent 29 reaches goal at t=124, waiting time=65
[Current_Solution] Agent 28 reaches goal at t=75, waiting time=114
[Current_Solution] Agent 27 reaches goal at t=162, waiting time=27
[Current_Solution] Agent 26 reaches goal at t=115, waiting time=74
[Current_Solution] Agent 25 reaches goal at t=29, waiting time=160
[Current_Solution] Agent 24 reaches goal at t=72, waiting time=117
[Current_Solution] Agent 23 reaches goal at t=101, waiting time=88
[Current_Solution] Agent 22 reaches goal at t=72, waiting time=117
[Current_Solution] Agent 21 reaches goal at t=97, waiting time=92
[Current_Solution] Agent 20 reaches goal at t=164, waiting time=25
[Current_Solution] Agent 19 reaches goal at t=86, waiting time=103
[Current_Solution] Agent 18 reaches goal at t=73, waiting time=116
[Current_Solution] Agent 17 reaches goal at t=19, waiting time=170
[Current_Solution] Agent 16 reaches goal at t=24, waiting time=165
[Current_Solution] Agent 15 reaches goal at t=25, waiting time=164
[Current_Solution] Agent 14 reaches goal at t=82, waiting time=107
[Current_Solution] Agent 13 reaches goal at t=187, waiting time=2
[Current_Solution] Agent 12 reaches goal at t=69, waiting time=120
[Current_Solution] Agent 11 reaches goal at t=72, waiting time=117
[Current_Solution] Agent 10 reaches goal at t=189, waiting time=0
[Current_Solution] Agent 9 reaches goal at t=186, waiting time=3
[Current_Solution] Agent 8 reaches goal at t=115, waiting time=74
[Current_Solution] Agent 7 reaches goal at t=35, waiting time=154
[Current_Solution] Agent 6 reaches goal at t=92, waiting time=97
[Current_Solution] Agent 5 reaches goal at t=28, waiting time=161
[Current_Solution] Agent 4 reaches goal at t=10, waiting time=179
[Current_Solution] Agent 3 reaches goal at t=178, waiting time=11
[Current_Solution] Agent 2 reaches goal at t=82, waiting time=107
[Current_Solution] Agent 1 reaches goal at t=132, waiting time=57
[Current_Solution] Agent 0 reaches goal at t=102, waiting time=87
[Current_Solution] Waiting time calculation complete
[LNS] Created current solution with 50 agent paths on a map of size 64x64
[LNS] Analyzing conflicts...
[LNS] Current solution: vertex collisions=330, edge collisions=33
[LNS] Creating conflict buckets...
[LOCAL ZONE] Building diamond bucket for conflict 330
[LOCAL ZONE] Built diamond bucket for conflict 330 with 9 positions, 1 conflicts, 5 - 5 time window
[LNS] Selected most relevant bucket 330 with time window: 5 - 5, 1 conflicts and 9 positions.
[LNS] Solving the best bucket Local Zone...
[Solve_local_zone] Local zone size reached 95% of all walkable positions
[Solve_local_zone] Will try to solve with full time window and all positions
[Solve_local_zone] Makespan: 189
[Solve_local_zone] Time window: [0, 189]
[Current_Solution] Agent 0 used 87 waiting timesteps, 0 remaining
[Current_Solution] Agent 1 used 57 waiting timesteps, 0 remaining
[Current_Solution] Agent 2 used 107 waiting timesteps, 0 remaining
[Current_Solution] Agent 3 used 11 waiting timesteps, 0 remaining
[Current_Solution] Agent 4 used 179 waiting timesteps, 0 remaining
[Current_Solution] Agent 5 used 161 waiting timesteps, 0 remaining
[Current_Solution] Agent 6 used 97 waiting timesteps, 0 remaining
[Current_Solution] Agent 7 used 154 waiting timesteps, 0 remaining
[Current_Solution] Agent 8 used 74 waiting timesteps, 0 remaining
[Current_Solution] Agent 9 used 3 waiting timesteps, 0 remaining
[Current_Solution] Agent 11 used 117 waiting timesteps, 0 remaining
[Current_Solution] Agent 12 used 120 waiting timesteps, 0 remaining
[Current_Solution] Agent 13 used 2 waiting timesteps, 0 remaining
[Current_Solution] Agent 14 used 107 waiting timesteps, 0 remaining
[Current_Solution] Agent 15 used 164 waiting timesteps, 0 remaining
[Current_Solution] Agent 16 used 165 waiting timesteps, 0 remaining
[Current_Solution] Agent 17 used 170 waiting timesteps, 0 remaining
[Current_Solution] Agent 18 used 116 waiting timesteps, 0 remaining
[Current_Solution] Agent 19 used 103 waiting timesteps, 0 remaining
[Current_Solution] Agent 20 used 25 waiting timesteps, 0 remaining
[Current_Solution] Agent 21 used 92 waiting timesteps, 0 remaining
[Current_Solution] Agent 22 used 117 waiting timesteps, 0 remaining
[Current_Solution] Agent 23 used 88 waiting timesteps, 0 remaining
[Current_Solution] Agent 24 used 117 waiting timesteps, 0 remaining
[Current_Solution] Agent 25 used 160 waiting timesteps, 0 remaining
[Current_Solution] Agent 26 used 74 waiting timesteps, 0 remaining
[Current_Solution] Agent 27 used 27 waiting timesteps, 0 remaining
[Current_Solution] Agent 28 used 114 waiting timesteps, 0 remaining
[Current_Solution] Agent 29 used 65 waiting timesteps, 0 remaining
[Current_Solution] Agent 30 used 8 waiting timesteps, 0 remaining
[Current_Solution] Agent 31 used 10 waiting timesteps, 0 remaining
[Current_Solution] Agent 32 used 100 waiting timesteps, 0 remaining
[Current_Solution] Agent 33 used 134 waiting timesteps, 0 remaining
[Current_Solution] Agent 34 used 27 waiting timesteps, 0 remaining
[Current_Solution] Agent 35 used 176 waiting timesteps, 0 remaining
[Current_Solution] Agent 36 used 61 waiting timesteps, 0 remaining
[Current_Solution] Agent 37 used 82 waiting timesteps, 0 remaining
[Current_Solution] Agent 38 used 11 waiting timesteps, 0 remaining
[Current_Solution] Agent 39 used 55 waiting timesteps, 0 remaining
[Current_Solution] Agent 40 used 40 waiting timesteps, 0 remaining
[Current_Solution] Agent 41 used 116 waiting timesteps, 0 remaining
[Current_Solution] Agent 42 used 123 waiting timesteps, 0 remaining
[Current_Solution] Agent 43 used 129 waiting timesteps, 0 remaining
[Current_Solution] Agent 44 used 179 waiting timesteps, 0 remaining
[Current_Solution] Agent 46 used 116 waiting timesteps, 0 remaining
[Current_Solution] Agent 47 used 10 waiting timesteps, 0 remaining
[Current_Solution] Agent 48 used 178 waiting timesteps, 0 remaining
[Current_Solution] Agent 49 used 37 waiting timesteps, 0 remaining
[Waiting_time_Solve] Agent 0 has waiting time 0
[Waiting_time_Solve] Agent 1 has waiting time 0
[Waiting_time_Solve] Agent 2 has waiting time 0
[Waiting_time_Solve] Agent 3 has waiting time 0
[Waiting_time_Solve] Agent 4 has waiting time 0
[Waiting_time_Solve] Agent 5 has waiting time 0
[Waiting_time_Solve] Agent 6 has waiting time 0
[Waiting_time_Solve] Agent 7 has waiting time 0
[Waiting_time_Solve] Agent 8 has waiting time 0
[Waiting_time_Solve] Agent 9 has waiting time 0
[Waiting_time_Solve] Agent 10 has waiting time 0
[Waiting_time_Solve] Agent 11 has waiting time 0
[Waiting_time_Solve] Agent 12 has waiting time 0
[Waiting_time_Solve] Agent 13 has waiting time 0
[Waiting_time_Solve] Agent 14 has waiting time 0
[Waiting_time_Solve] Agent 15 has waiting time 0
[Waiting_time_Solve] Agent 16 has waiting time 0
[Waiting_time_Solve] Agent 17 has waiting time 0
[Waiting_time_Solve] Agent 18 has waiting time 0
[Waiting_time_Solve] Agent 19 has waiting time 0
[Waiting_time_Solve] Agent 20 has waiting time 0
[Waiting_time_Solve] Agent 21 has waiting time 0
[Waiting_time_Solve] Agent 22 has waiting time 0
[Waiting_time_Solve] Agent 23 has waiting time 0
[Waiting_time_Solve] Agent 24 has waiting time 0
[Waiting_time_Solve] Agent 25 has waiting time 0
[Waiting_time_Solve] Agent 26 has waiting time 0
[Waiting_time_Solve] Agent 27 has waiting time 0
[Waiting_time_Solve] Agent 28 has waiting time 0
[Waiting_time_Solve] Agent 29 has waiting time 0
[Waiting_time_Solve] Agent 30 has waiting time 0
[Waiting_time_Solve] Agent 31 has waiting time 0
[Waiting_time_Solve] Agent 32 has waiting time 0
[Waiting_time_Solve] Agent 33 has waiting time 0
[Waiting_time_Solve] Agent 34 has waiting time 0
[Waiting_time_Solve] Agent 35 has waiting time 0
[Waiting_time_Solve] Agent 36 has waiting time 0
[Waiting_time_Solve] Agent 37 has waiting time 0
[Waiting_time_Solve] Agent 38 has waiting time 0
[Waiting_time_Solve] Agent 39 has waiting time 0
[Waiting_time_Solve] Agent 40 has waiting time 0
[Waiting_time_Solve] Agent 41 has waiting time 0
[Waiting_time_Solve] Agent 42 has waiting time 0
[Waiting_time_Solve] Agent 43 has waiting time 0
[Waiting_time_Solve] Agent 44 has waiting time 0
[Waiting_time_Solve] Agent 45 has waiting time 0
[Waiting_time_Solve] Agent 46 has waiting time 0
[Waiting_time_Solve] Agent 47 has waiting time 0
[Waiting_time_Solve] Agent 48 has waiting time 0
[Waiting_time_Solve] Agent 49 has waiting time 0
[Waiting_time_Solve] Total available waiting time: 0
[Waiting_time_Solve] Max iterations: 1
[Waiting_time_Solve] Iteration 0...
Command terminated after exceeding the time limit.
# Run terminated after reaching overall time limit

# Batch stopped after reaching overall time limit (elapsed 599s)
