# Batch started 2025-10-21 08:56:06 | map=/home/max/Documents/PhD/MAPF/LNS/MAPF_LNS_SAT/mapf-map/room-64-64-8.map | agents=10 | total_time_limit=600s

# Run 0 | scenario="/home/max/Documents/PhD/MAPF/LNS/MAPF_LNS_SAT/mapf-scen-even/scen-even/room-64-64-8-even-1.scen" | scenario_index=0
# Command: /home/max/Documents/PhD/MAPF/LNS/MAPF_LNS_SAT/lns_clean/main_clean_lns /home/max/Documents/PhD/MAPF/LNS/MAPF_LNS_SAT/mapf-map/room-64-64-8.map /home/max/Documents/PhD/MAPF/LNS/MAPF_LNS_SAT/mapf-scen-even/scen-even/room-64-64-8-even-1.scen 10 0 minisat 42
# Remaining time budget: 599 seconds
[LNS] Loaded map 64x64, agents: 10
[LNS] Map:
@@@.@@@@@@@@@@@@@@@.@@@@@@.@@@@@@@.@@@@@@@@@@@@@@.@@@@@@@.@@@@@@
@.......@.......@.......@.......@.......@.......@.......@.......
@.......@.......@.......@.......@.......@.......@.......@.......
........@.......@.......@.......@.......@.......@.......@.......
@.......@.......@.......@.......@.......@.......@.......@.......
@.......................@.......@.......@.......@...............
@.......@.......@.......@.......@.......@.......@.......@.......
@.......@.......@.......................@...............@.......
@.@@@@@@@@@@@.@@@@@@@.@@@.@@@@@@@.@@@@@@@@@@@@@.@@@@@@.@@.@@@@@@
@.......@.......@.......@.......@.......@.......@.......@.......
@.......@.......@.......................@.......@.......@.......
@.......@.......@.......@.......@.......@.......@.......@.......
................@.......@.......@.......@...............@.......
@.......@.......@.......@.......@...............@.......@.......
@.......@.......@.......@.......@.......@.......@...............
@.......@.......@.......@.......@.......@.......@.......@.......
@@@@@@@.@@@@@.@@@@@@@@@@@@@@@@.@@@@@@@@@@@@@@.@@@@@@@@@.@@@@@@.@
@.......@.......@.......@.......@.......@.......@.......@.......
@.......@.......@.......@.......@...............@.......@.......
@.......@.......@.......@.......@.......@.......@.......@.......
........@.......@...............@.......@...............@.......
@.......@.......@.......@.......@.......@.......@.......@.......
@...............@.......@.......@.......@.......@.......@.......
@.......@.......@.......@.......@.......@.......@.......@.......
@.@@@@@@@@.@@@@@@@@@@.@@@@@@@@.@@@@@@@.@@.@@@@@@@.@@@@@@@@@@@@@.
@...............@.......@.......@.......@.......@.......@.......
@.......@.......@.......@.......@.......@.......@.......@.......
@.......@.......@.......@...............@.......@.......@.......
@.......@.......@.......@.......@.......@.......@.......@.......
........@.......@.......@.......@.......@.......@.......@.......
@.......@.......@.......@.......@.......@.......@...............
@.......@.......@...............@.......@.......@.......@.......
@@@@@@@@@@@@@@@@@@.@@@@@@@@.@@@@@@@@@@@@@@@@@@@@@@@@@@@.@@.@@@@@
@.......@.......@.......@.......@.......@.......@.......@.......
@.......@.......@.......@...............@.......@.......@.......
@.......@.......@.......@.......@.......@.......@.......@.......
@...............@...............@.......@.......@.......@.......
@.......@.......@.......@.......@.......@.......@...............
........@.......@.......@.......@...............@.......@.......
@.......@.......@.......@.......@.......@.......@.......@.......
@@@@@@@.@@@@@@@@@@@@@@@@@@@.@@@@@@.@@@@@@@@@@@.@@@@@.@@@@@@@.@@@
@.......@.......@.......@.......@.......@...............@.......
@.......@.......@.......................@.......@.......@.......
@.......@...............@.......@.......@.......@.......@.......
@.......@.......@.......@.......@.......@.......@.......@.......
@.......@.......@.......@.......@.......@.......@.......@.......
@...............@.......@.......@.......@.......@.......@.......
........@.......@.......@.......@.......@.......@.......@.......
@@@@.@@@@.@@@@@@@@.@@@@@@@@@@@.@@@@@@@@@@@@@@@.@@@@@@@@@@@@@@@@@
........@.......@.......@.......@.......@.......@.......@.......
@.......@.......@.......@.......@.......@.......@.......@.......
@.......@.......@.......@.......@.......@.......@.......@.......
@.......@.......@.......@.......@.......@.......@...............
@.......@.......@.......@.......@.......@.......@.......@.......
@.......@.......@.......@.......@.......@.......@.......@.......
@.......@.......................................@.......@.......
@@@@@@@@@@@.@@@@@@@@@@@@@@@@@@@.@@@@@@@@@@@@@.@@@@@@@@@.@@@@@@@@
@.......@.......@.......@.......@.......@.......@.......@.......
@.......................@.......@.......@.......@.......@.......
@.......@.......@...............@.......@.......................
@.......@.......@.......@.......@.......@.......@.......@.......
@.......@.......@.......@.......@.......@.......@.......@.......
........@.......@.......@.......@.......@.......@.......@.......
@.......@.......@.......@.......@...............@.......@.......
[LNS] Number of agents: 10
[LNS] Agents (start -> goal):
  Agent 0: (12,63) -> (45,19)
  Agent 1: (17,19) -> (63,15)
  Agent 2: (46,31) -> (9,2)
  Agent 3: (19,23) -> (57,30)
  Agent 4: (12,60) -> (2,55)
  Agent 5: (54,47) -> (41,18)
  Agent 6: (17,29) -> (4,52)
  Agent 7: (46,50) -> (27,12)
  Agent 8: (57,49) -> (47,34)
  Agent 9: (42,22) -> (11,7)
[LNS] Base makespan: 111

[LNS] === Attempt with max_timesteps=111 ===
[SAT] Creating MDDs with shortest paths + waiting time...
[SAT] Created 10 MDDs with waiting time structure
[LNS] Built MDDs with waiting time structure for 10 agents at makespan 111
[Current_Solution] Calculating waiting times for agents...
[Current_Solution] Agent 9 reaches goal at t=76, waiting time=35
[Current_Solution] Agent 8 reaches goal at t=47, waiting time=64
[Current_Solution] Agent 7 reaches goal at t=111, waiting time=0
[Current_Solution] Agent 6 reaches goal at t=42, waiting time=69
[Current_Solution] Agent 5 reaches goal at t=44, waiting time=67
[Current_Solution] Agent 4 reaches goal at t=15, waiting time=96
[Current_Solution] Agent 3 reaches goal at t=51, waiting time=60
[Current_Solution] Agent 2 reaches goal at t=82, waiting time=29
[Current_Solution] Agent 1 reaches goal at t=74, waiting time=37
[Current_Solution] Agent 0 reaches goal at t=81, waiting time=30
[Current_Solution] Waiting time calculation complete
[LNS] Created current solution with 10 agent paths on a map of size 64x64
[LNS] Analyzing conflicts...
[LNS] Current solution: vertex collisions=0, edge collisions=0
[LNS] Collision-free solution found at makespan 111
[LNS] Final agent paths:

=== Agent Paths ===
Agent 9 path:
  Time 0: (42, 22)
  Time 1: (42, 23)
  Time 2: (42, 24)
  Time 3: (42, 25)
  Time 4: (42, 26)
  Time 5: (42, 27)
  Time 6: (41, 27)
  Time 7: (40, 27)
  Time 8: (39, 27)
  Time 9: (38, 27)
  Time 10: (37, 27)
  Time 11: (36, 27)
  Time 12: (35, 27)
  Time 13: (34, 27)
  Time 14: (33, 27)
  Time 15: (32, 27)
  Time 16: (31, 27)
  Time 17: (30, 27)
  Time 18: (29, 27)
  Time 19: (29, 28)
  Time 20: (28, 28)
  Time 21: (27, 28)
  Time 22: (27, 29)
  Time 23: (27, 30)
  Time 24: (26, 30)
  Time 25: (25, 30)
  Time 26: (24, 30)
  Time 27: (23, 30)
  Time 28: (22, 30)
  Time 29: (21, 30)
  Time 30: (20, 30)
  Time 31: (19, 30)
  Time 32: (18, 30)
  Time 33: (17, 30)
  Time 34: (16, 30)
  Time 35: (15, 30)
  Time 36: (14, 30)
  Time 37: (13, 30)
  Time 38: (13, 29)
  Time 39: (12, 29)
  Time 40: (11, 29)
  Time 41: (11, 28)
  Time 42: (10, 28)
  Time 43: (9, 28)
  Time 44: (9, 27)
  Time 45: (9, 26)
  Time 46: (9, 25)
  Time 47: (8, 25)
  Time 48: (7, 25)
  Time 49: (7, 24)
  Time 50: (7, 23)
  Time 51: (6, 23)
  Time 52: (5, 23)
  Time 53: (5, 22)
  Time 54: (5, 21)
  Time 55: (5, 20)
  Time 56: (5, 19)
  Time 57: (5, 18)
  Time 58: (5, 17)
  Time 59: (5, 16)
  Time 60: (5, 15)
  Time 61: (6, 15)
  Time 62: (6, 14)
  Time 63: (7, 14)
  Time 64: (7, 13)
  Time 65: (8, 13)
  Time 66: (9, 13)
  Time 67: (9, 12)
  Time 68: (10, 12)
  Time 69: (11, 12)
  Time 70: (11, 11)
  Time 71: (12, 11)
  Time 72: (12, 10)
  Time 73: (12, 9)
  Time 74: (12, 8)
  Time 75: (12, 7)
  Time 76: (11, 7)
  Time 77: (11, 7)
  Time 78: (11, 7)
  Time 79: (11, 7)
  Time 80: (11, 7)
  Time 81: (11, 7)
  Time 82: (11, 7)
  Time 83: (11, 7)
  Time 84: (11, 7)
  Time 85: (11, 7)
  Time 86: (11, 7)
  Time 87: (11, 7)
  Time 88: (11, 7)
  Time 89: (11, 7)
  Time 90: (11, 7)
  Time 91: (11, 7)
  Time 92: (11, 7)
  Time 93: (11, 7)
  Time 94: (11, 7)
  Time 95: (11, 7)
  Time 96: (11, 7)
  Time 97: (11, 7)
  Time 98: (11, 7)
  Time 99: (11, 7)
  Time 100: (11, 7)
  Time 101: (11, 7)
  Time 102: (11, 7)
  Time 103: (11, 7)
  Time 104: (11, 7)
  Time 105: (11, 7)
  Time 106: (11, 7)
  Time 107: (11, 7)
  Time 108: (11, 7)
  Time 109: (11, 7)
  Time 110: (11, 7)
  Time 111: (11, 7)

Agent 8 path:
  Time 0: (57, 49)
  Time 1: (58, 49)
  Time 2: (59, 49)
  Time 3: (59, 48)
  Time 4: (59, 47)
  Time 5: (59, 46)
  Time 6: (58, 46)
  Time 7: (57, 46)
  Time 8: (57, 45)
  Time 9: (56, 45)
  Time 10: (55, 45)
  Time 11: (55, 44)
  Time 12: (55, 43)
  Time 13: (55, 42)
  Time 14: (55, 41)
  Time 15: (55, 40)
  Time 16: (55, 39)
  Time 17: (55, 38)
  Time 18: (55, 37)
  Time 19: (55, 36)
  Time 20: (55, 35)
  Time 21: (55, 34)
  Time 22: (55, 33)
  Time 23: (55, 32)
  Time 24: (55, 31)
  Time 25: (54, 31)
  Time 26: (53, 31)
  Time 27: (53, 30)
  Time 28: (52, 30)
  Time 29: (51, 30)
  Time 30: (50, 30)
  Time 31: (49, 30)
  Time 32: (48, 30)
  Time 33: (47, 30)
  Time 34: (46, 30)
  Time 35: (46, 31)
  Time 36: (45, 31)
  Time 37: (44, 31)
  Time 38: (43, 31)
  Time 39: (42, 31)
  Time 40: (42, 32)
  Time 41: (42, 33)
  Time 42: (43, 33)
  Time 43: (43, 34)
  Time 44: (44, 34)
  Time 45: (45, 34)
  Time 46: (46, 34)
  Time 47: (47, 34)
  Time 48: (47, 34)
  Time 49: (47, 34)
  Time 50: (47, 34)
  Time 51: (47, 34)
  Time 52: (47, 34)
  Time 53: (47, 34)
  Time 54: (47, 34)
  Time 55: (47, 34)
  Time 56: (47, 34)
  Time 57: (47, 34)
  Time 58: (47, 34)
  Time 59: (47, 34)
  Time 60: (47, 34)
  Time 61: (47, 34)
  Time 62: (47, 34)
  Time 63: (47, 34)
  Time 64: (47, 34)
  Time 65: (47, 34)
  Time 66: (47, 34)
  Time 67: (47, 34)
  Time 68: (47, 34)
  Time 69: (47, 34)
  Time 70: (47, 34)
  Time 71: (47, 34)
  Time 72: (47, 34)
  Time 73: (47, 34)
  Time 74: (47, 34)
  Time 75: (47, 34)
  Time 76: (47, 34)
  Time 77: (47, 34)
  Time 78: (47, 34)
  Time 79: (47, 34)
  Time 80: (47, 34)
  Time 81: (47, 34)
  Time 82: (47, 34)
  Time 83: (47, 34)
  Time 84: (47, 34)
  Time 85: (47, 34)
  Time 86: (47, 34)
  Time 87: (47, 34)
  Time 88: (47, 34)
  Time 89: (47, 34)
  Time 90: (47, 34)
  Time 91: (47, 34)
  Time 92: (47, 34)
  Time 93: (47, 34)
  Time 94: (47, 34)
  Time 95: (47, 34)
  Time 96: (47, 34)
  Time 97: (47, 34)
  Time 98: (47, 34)
  Time 99: (47, 34)
  Time 100: (47, 34)
  Time 101: (47, 34)
  Time 102: (47, 34)
  Time 103: (47, 34)
  Time 104: (47, 34)
  Time 105: (47, 34)
  Time 106: (47, 34)
  Time 107: (47, 34)
  Time 108: (47, 34)
  Time 109: (47, 34)
  Time 110: (47, 34)
  Time 111: (47, 34)

Agent 7 path:
  Time 0: (46, 50)
  Time 1: (45, 50)
  Time 2: (44, 50)
  Time 3: (44, 49)
  Time 4: (43, 49)
  Time 5: (42, 49)
  Time 6: (41, 49)
  Time 7: (41, 48)
  Time 8: (41, 47)
  Time 9: (41, 46)
  Time 10: (40, 46)
  Time 11: (39, 46)
  Time 12: (39, 45)
  Time 13: (39, 44)
  Time 14: (38, 44)
  Time 15: (38, 43)
  Time 16: (38, 42)
  Time 17: (38, 41)
  Time 18: (38, 40)
  Time 19: (38, 39)
  Time 20: (38, 38)
  Time 21: (38, 37)
  Time 22: (37, 37)
  Time 23: (36, 37)
  Time 24: (35, 37)
  Time 25: (35, 36)
  Time 26: (35, 35)
  Time 27: (35, 34)
  Time 28: (34, 34)
  Time 29: (34, 33)
  Time 30: (34, 32)
  Time 31: (34, 31)
  Time 32: (34, 30)
  Time 33: (33, 30)
  Time 34: (33, 29)
  Time 35: (33, 28)
  Time 36: (33, 27)
  Time 37: (32, 27)
  Time 38: (31, 27)
  Time 39: (30, 27)
  Time 40: (30, 28)
  Time 41: (29, 28)
  Time 42: (28, 28)
  Time 43: (27, 28)
  Time 44: (26, 28)
  Time 45: (25, 28)
  Time 46: (25, 29)
  Time 47: (25, 30)
  Time 48: (24, 30)
  Time 49: (23, 30)
  Time 50: (22, 30)
  Time 51: (21, 30)
  Time 52: (20, 30)
  Time 53: (19, 30)
  Time 54: (18, 30)
  Time 55: (17, 30)
  Time 56: (16, 30)
  Time 57: (15, 30)
  Time 58: (14, 30)
  Time 59: (14, 29)
  Time 60: (13, 29)
  Time 61: (12, 29)
  Time 62: (11, 29)
  Time 63: (11, 28)
  Time 64: (11, 27)
  Time 65: (11, 26)
  Time 66: (10, 26)
  Time 67: (9, 26)
  Time 68: (9, 25)
  Time 69: (8, 25)
  Time 70: (7, 25)
  Time 71: (7, 24)
  Time 72: (7, 23)
  Time 73: (6, 23)
  Time 74: (6, 22)
  Time 75: (6, 21)
  Time 76: (6, 20)
  Time 77: (6, 19)
  Time 78: (5, 19)
  Time 79: (5, 18)
  Time 80: (5, 17)
  Time 81: (5, 16)
  Time 82: (5, 15)
  Time 83: (6, 15)
  Time 84: (7, 15)
  Time 85: (7, 14)
  Time 86: (7, 13)
  Time 87: (8, 13)
  Time 88: (9, 13)
  Time 89: (10, 13)
  Time 90: (11, 13)
  Time 91: (12, 13)
  Time 92: (13, 13)
  Time 93: (14, 13)
  Time 94: (15, 13)
  Time 95: (16, 13)
  Time 96: (17, 13)
  Time 97: (17, 12)
  Time 98: (18, 12)
  Time 99: (18, 11)
  Time 100: (19, 11)
  Time 101: (19, 10)
  Time 102: (20, 10)
  Time 103: (21, 10)
  Time 104: (22, 10)
  Time 105: (23, 10)
  Time 106: (24, 10)
  Time 107: (25, 10)
  Time 108: (25, 11)
  Time 109: (25, 12)
  Time 110: (26, 12)
  Time 111: (27, 12)

Agent 6 path:
  Time 0: (17, 29)
  Time 1: (17, 30)
  Time 2: (16, 30)
  Time 3: (15, 30)
  Time 4: (14, 30)
  Time 5: (14, 31)
  Time 6: (13, 31)
  Time 7: (12, 31)
  Time 8: (11, 31)
  Time 9: (10, 31)
  Time 10: (10, 32)
  Time 11: (10, 33)
  Time 12: (11, 33)
  Time 13: (11, 34)
  Time 14: (12, 34)
  Time 15: (12, 35)
  Time 16: (13, 35)
  Time 17: (13, 36)
  Time 18: (13, 37)
  Time 19: (13, 38)
  Time 20: (13, 39)
  Time 21: (13, 40)
  Time 22: (13, 41)
  Time 23: (12, 41)
  Time 24: (12, 42)
  Time 25: (11, 42)
  Time 26: (11, 43)
  Time 27: (11, 44)
  Time 28: (11, 45)
  Time 29: (11, 46)
  Time 30: (11, 47)
  Time 31: (10, 47)
  Time 32: (9, 47)
  Time 33: (8, 47)
  Time 34: (7, 47)
  Time 35: (7, 48)
  Time 36: (7, 49)
  Time 37: (7, 50)
  Time 38: (7, 51)
  Time 39: (7, 52)
  Time 40: (6, 52)
  Time 41: (5, 52)
  Time 42: (4, 52)
  Time 43: (4, 52)
  Time 44: (4, 52)
  Time 45: (4, 52)
  Time 46: (4, 52)
  Time 47: (4, 52)
  Time 48: (4, 52)
  Time 49: (4, 52)
  Time 50: (4, 52)
  Time 51: (4, 52)
  Time 52: (4, 52)
  Time 53: (4, 52)
  Time 54: (4, 52)
  Time 55: (4, 52)
  Time 56: (4, 52)
  Time 57: (4, 52)
  Time 58: (4, 52)
  Time 59: (4, 52)
  Time 60: (4, 52)
  Time 61: (4, 52)
  Time 62: (4, 52)
  Time 63: (4, 52)
  Time 64: (4, 52)
  Time 65: (4, 52)
  Time 66: (4, 52)
  Time 67: (4, 52)
  Time 68: (4, 52)
  Time 69: (4, 52)
  Time 70: (4, 52)
  Time 71: (4, 52)
  Time 72: (4, 52)
  Time 73: (4, 52)
  Time 74: (4, 52)
  Time 75: (4, 52)
  Time 76: (4, 52)
  Time 77: (4, 52)
  Time 78: (4, 52)
  Time 79: (4, 52)
  Time 80: (4, 52)
  Time 81: (4, 52)
  Time 82: (4, 52)
  Time 83: (4, 52)
  Time 84: (4, 52)
  Time 85: (4, 52)
  Time 86: (4, 52)
  Time 87: (4, 52)
  Time 88: (4, 52)
  Time 89: (4, 52)
  Time 90: (4, 52)
  Time 91: (4, 52)
  Time 92: (4, 52)
  Time 93: (4, 52)
  Time 94: (4, 52)
  Time 95: (4, 52)
  Time 96: (4, 52)
  Time 97: (4, 52)
  Time 98: (4, 52)
  Time 99: (4, 52)
  Time 100: (4, 52)
  Time 101: (4, 52)
  Time 102: (4, 52)
  Time 103: (4, 52)
  Time 104: (4, 52)
  Time 105: (4, 52)
  Time 106: (4, 52)
  Time 107: (4, 52)
  Time 108: (4, 52)
  Time 109: (4, 52)
  Time 110: (4, 52)
  Time 111: (4, 52)

Agent 5 path:
  Time 0: (54, 47)
  Time 1: (54, 46)
  Time 2: (55, 46)
  Time 3: (55, 45)
  Time 4: (55, 44)
  Time 5: (55, 43)
  Time 6: (55, 42)
  Time 7: (55, 41)
  Time 8: (55, 40)
  Time 9: (55, 39)
  Time 10: (55, 38)
  Time 11: (55, 37)
  Time 12: (55, 36)
  Time 13: (55, 35)
  Time 14: (55, 34)
  Time 15: (55, 33)
  Time 16: (55, 32)
  Time 17: (55, 31)
  Time 18: (54, 31)
  Time 19: (53, 31)
  Time 20: (53, 30)
  Time 21: (52, 30)
  Time 22: (51, 30)
  Time 23: (50, 30)
  Time 24: (49, 30)
  Time 25: (48, 30)
  Time 26: (47, 30)
  Time 27: (47, 29)
  Time 28: (47, 28)
  Time 29: (46, 28)
  Time 30: (45, 28)
  Time 31: (45, 27)
  Time 32: (44, 27)
  Time 33: (44, 26)
  Time 34: (43, 26)
  Time 35: (43, 25)
  Time 36: (42, 25)
  Time 37: (42, 24)
  Time 38: (42, 23)
  Time 39: (41, 23)
  Time 40: (41, 22)
  Time 41: (41, 21)
  Time 42: (41, 20)
  Time 43: (41, 19)
  Time 44: (41, 18)
  Time 45: (41, 18)
  Time 46: (41, 18)
  Time 47: (41, 18)
  Time 48: (41, 18)
  Time 49: (41, 18)
  Time 50: (41, 18)
  Time 51: (41, 18)
  Time 52: (41, 18)
  Time 53: (41, 18)
  Time 54: (41, 18)
  Time 55: (41, 18)
  Time 56: (41, 18)
  Time 57: (41, 18)
  Time 58: (41, 18)
  Time 59: (41, 18)
  Time 60: (41, 18)
  Time 61: (41, 18)
  Time 62: (41, 18)
  Time 63: (41, 18)
  Time 64: (41, 18)
  Time 65: (41, 18)
  Time 66: (41, 18)
  Time 67: (41, 18)
  Time 68: (41, 18)
  Time 69: (41, 18)
  Time 70: (41, 18)
  Time 71: (41, 18)
  Time 72: (41, 18)
  Time 73: (41, 18)
  Time 74: (41, 18)
  Time 75: (41, 18)
  Time 76: (41, 18)
  Time 77: (41, 18)
  Time 78: (41, 18)
  Time 79: (41, 18)
  Time 80: (41, 18)
  Time 81: (41, 18)
  Time 82: (41, 18)
  Time 83: (41, 18)
  Time 84: (41, 18)
  Time 85: (41, 18)
  Time 86: (41, 18)
  Time 87: (41, 18)
  Time 88: (41, 18)
  Time 89: (41, 18)
  Time 90: (41, 18)
  Time 91: (41, 18)
  Time 92: (41, 18)
  Time 93: (41, 18)
  Time 94: (41, 18)
  Time 95: (41, 18)
  Time 96: (41, 18)
  Time 97: (41, 18)
  Time 98: (41, 18)
  Time 99: (41, 18)
  Time 100: (41, 18)
  Time 101: (41, 18)
  Time 102: (41, 18)
  Time 103: (41, 18)
  Time 104: (41, 18)
  Time 105: (41, 18)
  Time 106: (41, 18)
  Time 107: (41, 18)
  Time 108: (41, 18)
  Time 109: (41, 18)
  Time 110: (41, 18)
  Time 111: (41, 18)

Agent 4 path:
  Time 0: (12, 60)
  Time 1: (11, 60)
  Time 2: (11, 59)
  Time 3: (10, 59)
  Time 4: (9, 59)
  Time 5: (9, 58)
  Time 6: (9, 57)
  Time 7: (8, 57)
  Time 8: (7, 57)
  Time 9: (6, 57)
  Time 10: (5, 57)
  Time 11: (5, 56)
  Time 12: (5, 55)
  Time 13: (4, 55)
  Time 14: (3, 55)
  Time 15: (2, 55)
  Time 16: (2, 55)
  Time 17: (2, 55)
  Time 18: (2, 55)
  Time 19: (2, 55)
  Time 20: (2, 55)
  Time 21: (2, 55)
  Time 22: (2, 55)
  Time 23: (2, 55)
  Time 24: (2, 55)
  Time 25: (2, 55)
  Time 26: (2, 55)
  Time 27: (2, 55)
  Time 28: (2, 55)
  Time 29: (2, 55)
  Time 30: (2, 55)
  Time 31: (2, 55)
  Time 32: (2, 55)
  Time 33: (2, 55)
  Time 34: (2, 55)
  Time 35: (2, 55)
  Time 36: (2, 55)
  Time 37: (2, 55)
  Time 38: (2, 55)
  Time 39: (2, 55)
  Time 40: (2, 55)
  Time 41: (2, 55)
  Time 42: (2, 55)
  Time 43: (2, 55)
  Time 44: (2, 55)
  Time 45: (2, 55)
  Time 46: (2, 55)
  Time 47: (2, 55)
  Time 48: (2, 55)
  Time 49: (2, 55)
  Time 50: (2, 55)
  Time 51: (2, 55)
  Time 52: (2, 55)
  Time 53: (2, 55)
  Time 54: (2, 55)
  Time 55: (2, 55)
  Time 56: (2, 55)
  Time 57: (2, 55)
  Time 58: (2, 55)
  Time 59: (2, 55)
  Time 60: (2, 55)
  Time 61: (2, 55)
  Time 62: (2, 55)
  Time 63: (2, 55)
  Time 64: (2, 55)
  Time 65: (2, 55)
  Time 66: (2, 55)
  Time 67: (2, 55)
  Time 68: (2, 55)
  Time 69: (2, 55)
  Time 70: (2, 55)
  Time 71: (2, 55)
  Time 72: (2, 55)
  Time 73: (2, 55)
  Time 74: (2, 55)
  Time 75: (2, 55)
  Time 76: (2, 55)
  Time 77: (2, 55)
  Time 78: (2, 55)
  Time 79: (2, 55)
  Time 80: (2, 55)
  Time 81: (2, 55)
  Time 82: (2, 55)
  Time 83: (2, 55)
  Time 84: (2, 55)
  Time 85: (2, 55)
  Time 86: (2, 55)
  Time 87: (2, 55)
  Time 88: (2, 55)
  Time 89: (2, 55)
  Time 90: (2, 55)
  Time 91: (2, 55)
  Time 92: (2, 55)
  Time 93: (2, 55)
  Time 94: (2, 55)
  Time 95: (2, 55)
  Time 96: (2, 55)
  Time 97: (2, 55)
  Time 98: (2, 55)
  Time 99: (2, 55)
  Time 100: (2, 55)
  Time 101: (2, 55)
  Time 102: (2, 55)
  Time 103: (2, 55)
  Time 104: (2, 55)
  Time 105: (2, 55)
  Time 106: (2, 55)
  Time 107: (2, 55)
  Time 108: (2, 55)
  Time 109: (2, 55)
  Time 110: (2, 55)
  Time 111: (2, 55)

Agent 3 path:
  Time 0: (19, 23)
  Time 1: (19, 22)
  Time 2: (19, 21)
  Time 3: (20, 21)
  Time 4: (21, 21)
  Time 5: (22, 21)
  Time 6: (23, 21)
  Time 7: (24, 21)
  Time 8: (25, 21)
  Time 9: (25, 22)
  Time 10: (26, 22)
  Time 11: (27, 22)
  Time 12: (28, 22)
  Time 13: (28, 23)
  Time 14: (29, 23)
  Time 15: (30, 23)
  Time 16: (31, 23)
  Time 17: (31, 24)
  Time 18: (31, 25)
  Time 19: (31, 26)
  Time 20: (31, 27)
  Time 21: (32, 27)
  Time 22: (33, 27)
  Time 23: (34, 27)
  Time 24: (35, 27)
  Time 25: (36, 27)
  Time 26: (37, 27)
  Time 27: (38, 27)
  Time 28: (39, 27)
  Time 29: (40, 27)
  Time 30: (41, 27)
  Time 31: (42, 27)
  Time 32: (42, 28)
  Time 33: (43, 28)
  Time 34: (44, 28)
  Time 35: (45, 28)
  Time 36: (45, 29)
  Time 37: (45, 30)
  Time 38: (46, 30)
  Time 39: (47, 30)
  Time 40: (48, 30)
  Time 41: (49, 30)
  Time 42: (49, 31)
  Time 43: (50, 31)
  Time 44: (51, 31)
  Time 45: (52, 31)
  Time 46: (53, 31)
  Time 47: (54, 31)
  Time 48: (55, 31)
  Time 49: (56, 31)
  Time 50: (57, 31)
  Time 51: (57, 30)
  Time 52: (57, 30)
  Time 53: (57, 30)
  Time 54: (57, 30)
  Time 55: (57, 30)
  Time 56: (57, 30)
  Time 57: (57, 30)
  Time 58: (57, 30)
  Time 59: (57, 30)
  Time 60: (57, 30)
  Time 61: (57, 30)
  Time 62: (57, 30)
  Time 63: (57, 30)
  Time 64: (57, 30)
  Time 65: (57, 30)
  Time 66: (57, 30)
  Time 67: (57, 30)
  Time 68: (57, 30)
  Time 69: (57, 30)
  Time 70: (57, 30)
  Time 71: (57, 30)
  Time 72: (57, 30)
  Time 73: (57, 30)
  Time 74: (57, 30)
  Time 75: (57, 30)
  Time 76: (57, 30)
  Time 77: (57, 30)
  Time 78: (57, 30)
  Time 79: (57, 30)
  Time 80: (57, 30)
  Time 81: (57, 30)
  Time 82: (57, 30)
  Time 83: (57, 30)
  Time 84: (57, 30)
  Time 85: (57, 30)
  Time 86: (57, 30)
  Time 87: (57, 30)
  Time 88: (57, 30)
  Time 89: (57, 30)
  Time 90: (57, 30)
  Time 91: (57, 30)
  Time 92: (57, 30)
  Time 93: (57, 30)
  Time 94: (57, 30)
  Time 95: (57, 30)
  Time 96: (57, 30)
  Time 97: (57, 30)
  Time 98: (57, 30)
  Time 99: (57, 30)
  Time 100: (57, 30)
  Time 101: (57, 30)
  Time 102: (57, 30)
  Time 103: (57, 30)
  Time 104: (57, 30)
  Time 105: (57, 30)
  Time 106: (57, 30)
  Time 107: (57, 30)
  Time 108: (57, 30)
  Time 109: (57, 30)
  Time 110: (57, 30)
  Time 111: (57, 30)

Agent 2 path:
  Time 0: (46, 31)
  Time 1: (46, 30)
  Time 2: (45, 30)
  Time 3: (45, 29)
  Time 4: (44, 29)
  Time 5: (44, 28)
  Time 6: (44, 27)
  Time 7: (43, 27)
  Time 8: (42, 27)
  Time 9: (41, 27)
  Time 10: (40, 27)
  Time 11: (39, 27)
  Time 12: (38, 27)
  Time 13: (37, 27)
  Time 14: (36, 27)
  Time 15: (35, 27)
  Time 16: (34, 27)
  Time 17: (33, 27)
  Time 18: (32, 27)
  Time 19: (31, 27)
  Time 20: (31, 28)
  Time 21: (30, 28)
  Time 22: (30, 29)
  Time 23: (30, 30)
  Time 24: (29, 30)
  Time 25: (28, 30)
  Time 26: (27, 30)
  Time 27: (26, 30)
  Time 28: (25, 30)
  Time 29: (24, 30)
  Time 30: (23, 30)
  Time 31: (22, 30)
  Time 32: (21, 30)
  Time 33: (20, 30)
  Time 34: (19, 30)
  Time 35: (18, 30)
  Time 36: (17, 30)
  Time 37: (16, 30)
  Time 38: (15, 30)
  Time 39: (15, 29)
  Time 40: (14, 29)
  Time 41: (13, 29)
  Time 42: (12, 29)
  Time 43: (11, 29)
  Time 44: (10, 29)
  Time 45: (9, 29)
  Time 46: (9, 28)
  Time 47: (9, 27)
  Time 48: (9, 26)
  Time 49: (9, 25)
  Time 50: (8, 25)
  Time 51: (7, 25)
  Time 52: (7, 24)
  Time 53: (7, 23)
  Time 54: (7, 22)
  Time 55: (6, 22)
  Time 56: (5, 22)
  Time 57: (5, 21)
  Time 58: (5, 20)
  Time 59: (5, 19)
  Time 60: (5, 18)
  Time 61: (5, 17)
  Time 62: (5, 16)
  Time 63: (5, 15)
  Time 64: (5, 14)
  Time 65: (5, 13)
  Time 66: (5, 12)
  Time 67: (5, 11)
  Time 68: (5, 10)
  Time 69: (5, 9)
  Time 70: (5, 8)
  Time 71: (5, 7)
  Time 72: (5, 6)
  Time 73: (6, 6)
  Time 74: (6, 5)
  Time 75: (7, 5)
  Time 76: (7, 4)
  Time 77: (7, 3)
  Time 78: (7, 2)
  Time 79: (7, 1)
  Time 80: (8, 1)
  Time 81: (9, 1)
  Time 82: (9, 2)
  Time 83: (9, 2)
  Time 84: (9, 2)
  Time 85: (9, 2)
  Time 86: (9, 2)
  Time 87: (9, 2)
  Time 88: (9, 2)
  Time 89: (9, 2)
  Time 90: (9, 2)
  Time 91: (9, 2)
  Time 92: (9, 2)
  Time 93: (9, 2)
  Time 94: (9, 2)
  Time 95: (9, 2)
  Time 96: (9, 2)
  Time 97: (9, 2)
  Time 98: (9, 2)
  Time 99: (9, 2)
  Time 100: (9, 2)
  Time 101: (9, 2)
  Time 102: (9, 2)
  Time 103: (9, 2)
  Time 104: (9, 2)
  Time 105: (9, 2)
  Time 106: (9, 2)
  Time 107: (9, 2)
  Time 108: (9, 2)
  Time 109: (9, 2)
  Time 110: (9, 2)
  Time 111: (9, 2)

Agent 1 path:
  Time 0: (17, 19)
  Time 1: (17, 20)
  Time 2: (18, 20)
  Time 3: (18, 21)
  Time 4: (19, 21)
  Time 5: (20, 21)
  Time 6: (21, 21)
  Time 7: (22, 21)
  Time 8: (23, 21)
  Time 9: (24, 21)
  Time 10: (25, 21)
  Time 11: (25, 22)
  Time 12: (26, 22)
  Time 13: (27, 22)
  Time 14: (27, 23)
  Time 15: (28, 23)
  Time 16: (29, 23)
  Time 17: (30, 23)
  Time 18: (31, 23)
  Time 19: (31, 24)
  Time 20: (31, 25)
  Time 21: (31, 26)
  Time 22: (31, 27)
  Time 23: (32, 27)
  Time 24: (33, 27)
  Time 25: (34, 27)
  Time 26: (35, 27)
  Time 27: (36, 27)
  Time 28: (37, 27)
  Time 29: (38, 27)
  Time 30: (39, 27)
  Time 31: (40, 27)
  Time 32: (41, 27)
  Time 33: (41, 26)
  Time 34: (42, 26)
  Time 35: (42, 25)
  Time 36: (42, 24)
  Time 37: (42, 23)
  Time 38: (43, 23)
  Time 39: (43, 22)
  Time 40: (44, 22)
  Time 41: (44, 21)
  Time 42: (45, 21)
  Time 43: (45, 20)
  Time 44: (45, 19)
  Time 45: (45, 18)
  Time 46: (46, 18)
  Time 47: (47, 18)
  Time 48: (48, 18)
  Time 49: (49, 18)
  Time 50: (49, 17)
  Time 51: (50, 17)
  Time 52: (51, 17)
  Time 53: (52, 17)
  Time 54: (53, 17)
  Time 55: (54, 17)
  Time 56: (55, 17)
  Time 57: (55, 16)
  Time 58: (55, 15)
  Time 59: (55, 14)
  Time 60: (55, 13)
  Time 61: (55, 12)
  Time 62: (55, 11)
  Time 63: (56, 11)
  Time 64: (57, 11)
  Time 65: (58, 11)
  Time 66: (58, 12)
  Time 67: (59, 12)
  Time 68: (59, 13)
  Time 69: (59, 14)
  Time 70: (59, 15)
  Time 71: (60, 15)
  Time 72: (61, 15)
  Time 73: (62, 15)
  Time 74: (63, 15)
  Time 75: (63, 15)
  Time 76: (63, 15)
  Time 77: (63, 15)
  Time 78: (63, 15)
  Time 79: (63, 15)
  Time 80: (63, 15)
  Time 81: (63, 15)
  Time 82: (63, 15)
  Time 83: (63, 15)
  Time 84: (63, 15)
  Time 85: (63, 15)
  Time 86: (63, 15)
  Time 87: (63, 15)
  Time 88: (63, 15)
  Time 89: (63, 15)
  Time 90: (63, 15)
  Time 91: (63, 15)
  Time 92: (63, 15)
  Time 93: (63, 15)
  Time 94: (63, 15)
  Time 95: (63, 15)
  Time 96: (63, 15)
  Time 97: (63, 15)
  Time 98: (63, 15)
  Time 99: (63, 15)
  Time 100: (63, 15)
  Time 101: (63, 15)
  Time 102: (63, 15)
  Time 103: (63, 15)
  Time 104: (63, 15)
  Time 105: (63, 15)
  Time 106: (63, 15)
  Time 107: (63, 15)
  Time 108: (63, 15)
  Time 109: (63, 15)
  Time 110: (63, 15)
  Time 111: (63, 15)

Agent 0 path:
  Time 0: (12, 63)
  Time 1: (13, 63)
  Time 2: (13, 62)
  Time 3: (13, 61)
  Time 4: (14, 61)
  Time 5: (14, 60)
  Time 6: (14, 59)
  Time 7: (14, 58)
  Time 8: (14, 57)
  Time 9: (14, 56)
  Time 10: (14, 55)
  Time 11: (13, 55)
  Time 12: (12, 55)
  Time 13: (12, 54)
  Time 14: (12, 53)
  Time 15: (12, 52)
  Time 16: (12, 51)
  Time 17: (12, 50)
  Time 18: (12, 49)
  Time 19: (12, 48)
  Time 20: (12, 47)
  Time 21: (13, 47)
  Time 22: (14, 47)
  Time 23: (14, 46)
  Time 24: (14, 45)
  Time 25: (15, 45)
  Time 26: (16, 45)
  Time 27: (17, 45)
  Time 28: (18, 45)
  Time 29: (18, 44)
  Time 30: (18, 43)
  Time 31: (18, 42)
  Time 32: (18, 41)
  Time 33: (18, 40)
  Time 34: (18, 39)
  Time 35: (18, 38)
  Time 36: (19, 38)
  Time 37: (20, 38)
  Time 38: (21, 38)
  Time 39: (22, 38)
  Time 40: (23, 38)
  Time 41: (24, 38)
  Time 42: (25, 38)
  Time 43: (26, 38)
  Time 44: (27, 38)
  Time 45: (27, 37)
  Time 46: (27, 36)
  Time 47: (27, 35)
  Time 48: (27, 34)
  Time 49: (27, 33)
  Time 50: (27, 32)
  Time 51: (27, 31)
  Time 52: (27, 30)
  Time 53: (28, 30)
  Time 54: (29, 30)
  Time 55: (29, 29)
  Time 56: (29, 28)
  Time 57: (29, 27)
  Time 58: (30, 27)
  Time 59: (31, 27)
  Time 60: (32, 27)
  Time 61: (33, 27)
  Time 62: (34, 27)
  Time 63: (35, 27)
  Time 64: (36, 27)
  Time 65: (37, 27)
  Time 66: (38, 27)
  Time 67: (39, 27)
  Time 68: (40, 27)
  Time 69: (41, 27)
  Time 70: (41, 26)
  Time 71: (41, 25)
  Time 72: (42, 25)
  Time 73: (42, 24)
  Time 74: (42, 23)
  Time 75: (43, 23)
  Time 76: (44, 23)
  Time 77: (44, 22)
  Time 78: (45, 22)
  Time 79: (45, 21)
  Time 80: (45, 20)
  Time 81: (45, 19)
  Time 82: (45, 19)
  Time 83: (45, 19)
  Time 84: (45, 19)
  Time 85: (45, 19)
  Time 86: (45, 19)
  Time 87: (45, 19)
  Time 88: (45, 19)
  Time 89: (45, 19)
  Time 90: (45, 19)
  Time 91: (45, 19)
  Time 92: (45, 19)
  Time 93: (45, 19)
  Time 94: (45, 19)
  Time 95: (45, 19)
  Time 96: (45, 19)
  Time 97: (45, 19)
  Time 98: (45, 19)
  Time 99: (45, 19)
  Time 100: (45, 19)
  Time 101: (45, 19)
  Time 102: (45, 19)
  Time 103: (45, 19)
  Time 104: (45, 19)
  Time 105: (45, 19)
  Time 106: (45, 19)
  Time 107: (45, 19)
  Time 108: (45, 19)
  Time 109: (45, 19)
  Time 110: (45, 19)
  Time 111: (45, 19)

[LNS] All conflicts resolved
[LNS] Collision-free solution found at makespan 111
[LNS] Final agent paths:
[LNS] Verified Final agent paths:
[LNS] IT WORKED I THINK

# Run 1 | scenario="/home/max/Documents/PhD/MAPF/LNS/MAPF_LNS_SAT/mapf-scen-even/scen-even/room-64-64-8-even-1.scen" | scenario_index=1
# Command: /home/max/Documents/PhD/MAPF/LNS/MAPF_LNS_SAT/lns_clean/main_clean_lns /home/max/Documents/PhD/MAPF/LNS/MAPF_LNS_SAT/mapf-map/room-64-64-8.map /home/max/Documents/PhD/MAPF/LNS/MAPF_LNS_SAT/mapf-scen-even/scen-even/room-64-64-8-even-1.scen 10 1 minisat 42
# Remaining time budget: 599 seconds
[LNS] Loaded map 64x64, agents: 10
[LNS] Map:
@@@.@@@@@@@@@@@@@@@.@@@@@@.@@@@@@@.@@@@@@@@@@@@@@.@@@@@@@.@@@@@@
@.......@.......@.......@.......@.......@.......@.......@.......
@.......@.......@.......@.......@.......@.......@.......@.......
........@.......@.......@.......@.......@.......@.......@.......
@.......@.......@.......@.......@.......@.......@.......@.......
@.......................@.......@.......@.......@...............
@.......@.......@.......@.......@.......@.......@.......@.......
@.......@.......@.......................@...............@.......
@.@@@@@@@@@@@.@@@@@@@.@@@.@@@@@@@.@@@@@@@@@@@@@.@@@@@@.@@.@@@@@@
@.......@.......@.......@.......@.......@.......@.......@.......
@.......@.......@.......................@.......@.......@.......
@.......@.......@.......@.......@.......@.......@.......@.......
................@.......@.......@.......@...............@.......
@.......@.......@.......@.......@...............@.......@.......
@.......@.......@.......@.......@.......@.......@...............
@.......@.......@.......@.......@.......@.......@.......@.......
@@@@@@@.@@@@@.@@@@@@@@@@@@@@@@.@@@@@@@@@@@@@@.@@@@@@@@@.@@@@@@.@
@.......@.......@.......@.......@.......@.......@.......@.......
@.......@.......@.......@.......@...............@.......@.......
@.......@.......@.......@.......@.......@.......@.......@.......
........@.......@...............@.......@...............@.......
@.......@.......@.......@.......@.......@.......@.......@.......
@...............@.......@.......@.......@.......@.......@.......
@.......@.......@.......@.......@.......@.......@.......@.......
@.@@@@@@@@.@@@@@@@@@@.@@@@@@@@.@@@@@@@.@@.@@@@@@@.@@@@@@@@@@@@@.
@...............@.......@.......@.......@.......@.......@.......
@.......@.......@.......@.......@.......@.......@.......@.......
@.......@.......@.......@...............@.......@.......@.......
@.......@.......@.......@.......@.......@.......@.......@.......
........@.......@.......@.......@.......@.......@.......@.......
@.......@.......@.......@.......@.......@.......@...............
@.......@.......@...............@.......@.......@.......@.......
@@@@@@@@@@@@@@@@@@.@@@@@@@@.@@@@@@@@@@@@@@@@@@@@@@@@@@@.@@.@@@@@
@.......@.......@.......@.......@.......@.......@.......@.......
@.......@.......@.......@...............@.......@.......@.......
@.......@.......@.......@.......@.......@.......@.......@.......
@...............@...............@.......@.......@.......@.......
@.......@.......@.......@.......@.......@.......@...............
........@.......@.......@.......@...............@.......@.......
@.......@.......@.......@.......@.......@.......@.......@.......
@@@@@@@.@@@@@@@@@@@@@@@@@@@.@@@@@@.@@@@@@@@@@@.@@@@@.@@@@@@@.@@@
@.......@.......@.......@.......@.......@...............@.......
@.......@.......@.......................@.......@.......@.......
@.......@...............@.......@.......@.......@.......@.......
@.......@.......@.......@.......@.......@.......@.......@.......
@.......@.......@.......@.......@.......@.......@.......@.......
@...............@.......@.......@.......@.......@.......@.......
........@.......@.......@.......@.......@.......@.......@.......
@@@@.@@@@.@@@@@@@@.@@@@@@@@@@@.@@@@@@@@@@@@@@@.@@@@@@@@@@@@@@@@@
........@.......@.......@.......@.......@.......@.......@.......
@.......@.......@.......@.......@.......@.......@.......@.......
@.......@.......@.......@.......@.......@.......@.......@.......
@.......@.......@.......@.......@.......@.......@...............
@.......@.......@.......@.......@.......@.......@.......@.......
@.......@.......@.......@.......@.......@.......@.......@.......
@.......@.......................................@.......@.......
@@@@@@@@@@@.@@@@@@@@@@@@@@@@@@@.@@@@@@@@@@@@@.@@@@@@@@@.@@@@@@@@
@.......@.......@.......@.......@.......@.......@.......@.......
@.......................@.......@.......@.......@.......@.......
@.......@.......@...............@.......@.......................
@.......@.......@.......@.......@.......@.......@.......@.......
@.......@.......@.......@.......@.......@.......@.......@.......
........@.......@.......@.......@.......@.......@.......@.......
@.......@.......@.......@.......@...............@.......@.......
[LNS] Number of agents: 10
[LNS] Agents (start -> goal):
  Agent 0: (52,55) -> (13,39)
  Agent 1: (57,29) -> (31,1)
  Agent 2: (29,34) -> (57,61)
  Agent 3: (19,11) -> (60,46)
  Agent 4: (31,1) -> (39,15)
  Agent 5: (57,58) -> (63,60)
  Agent 6: (51,63) -> (9,15)
  Agent 7: (34,7) -> (35,19)
  Agent 8: (35,6) -> (17,34)
  Agent 9: (22,17) -> (35,9)
[LNS] Base makespan: 140

[LNS] === Attempt with max_timesteps=140 ===
[SAT] Creating MDDs with shortest paths + waiting time...
[SAT] Created 10 MDDs with waiting time structure
[LNS] Built MDDs with waiting time structure for 10 agents at makespan 140
[Current_Solution] Calculating waiting times for agents...
[Current_Solution] Agent 9 reaches goal at t=67, waiting time=73
[Current_Solution] Agent 8 reaches goal at t=76, waiting time=64
[Current_Solution] Agent 7 reaches goal at t=51, waiting time=89
[Current_Solution] Agent 6 reaches goal at t=124, waiting time=16
[Current_Solution] Agent 5 reaches goal at t=8, waiting time=132
[Current_Solution] Agent 4 reaches goal at t=140, waiting time=0
[Current_Solution] Agent 3 reaches goal at t=110, waiting time=30
[Current_Solution] Agent 2 reaches goal at t=77, waiting time=63
[Current_Solution] Agent 1 reaches goal at t=116, waiting time=24
[Current_Solution] Agent 0 reaches goal at t=89, waiting time=51
[Current_Solution] Waiting time calculation complete
[LNS] Created current solution with 10 agent paths on a map of size 64x64
[LNS] Analyzing conflicts...
[LNS] Current solution: vertex collisions=36, edge collisions=3
[LNS] Creating conflict buckets...
[LOCAL ZONE] Building diamond bucket for conflict 0
[LOCAL ZONE] Built diamond bucket for conflict 0 with 31 positions, 14 conflicts, 1 - 14 time window
[LNS] Selected most relevant bucket 0 with time window: 1 - 14, 14 conflicts and 31 positions.
[LNS] Solving the best bucket Local Zone...
[Solve_local_zone] Local zone size reached 95% of all walkable positions
[Solve_local_zone] Will try to solve with full time window and all positions
[Solve_local_zone] Makespan: 140
[Solve_local_zone] Time window: [0, 140]
[Current_Solution] Agent 0 used 51 waiting timesteps, 0 remaining
[Current_Solution] Agent 1 used 24 waiting timesteps, 0 remaining
[Current_Solution] Agent 2 used 63 waiting timesteps, 0 remaining
[Current_Solution] Agent 3 used 30 waiting timesteps, 0 remaining
[Current_Solution] Agent 5 used 132 waiting timesteps, 0 remaining
[Current_Solution] Agent 6 used 16 waiting timesteps, 0 remaining
[Current_Solution] Agent 7 used 89 waiting timesteps, 0 remaining
[Current_Solution] Agent 8 used 64 waiting timesteps, 0 remaining
[Current_Solution] Agent 9 used 73 waiting timesteps, 0 remaining
[Waiting_time_Solve] Agent 0 has waiting time 0
[Waiting_time_Solve] Agent 1 has waiting time 0
[Waiting_time_Solve] Agent 2 has waiting time 0
[Waiting_time_Solve] Agent 3 has waiting time 0
[Waiting_time_Solve] Agent 4 has waiting time 0
[Waiting_time_Solve] Agent 5 has waiting time 0
[Waiting_time_Solve] Agent 6 has waiting time 0
[Waiting_time_Solve] Agent 7 has waiting time 0
[Waiting_time_Solve] Agent 8 has waiting time 0
[Waiting_time_Solve] Agent 9 has waiting time 0
[Waiting_time_Solve] Total available waiting time: 0
[Waiting_time_Solve] Max iterations: 1
[Waiting_time_Solve] Iteration 0...
Command terminated after exceeding the time limit.
# Run terminated after reaching overall time limit

# Batch stopped after reaching overall time limit (elapsed 599s)
