# Batch started 2025-10-21 09:36:03 | map=/home/max/Documents/PhD/MAPF/LNS/MAPF_LNS_SAT/mapf-map/room-64-64-8.map | agents=200 | total_time_limit=600s

# Run 0 | scenario="/home/max/Documents/PhD/MAPF/LNS/MAPF_LNS_SAT/mapf-scen-even/scen-even/room-64-64-8-even-1.scen" | scenario_index=0
# Command: /home/max/Documents/PhD/MAPF/LNS/MAPF_LNS_SAT/lns_clean/main_clean_lns /home/max/Documents/PhD/MAPF/LNS/MAPF_LNS_SAT/mapf-map/room-64-64-8.map /home/max/Documents/PhD/MAPF/LNS/MAPF_LNS_SAT/mapf-scen-even/scen-even/room-64-64-8-even-1.scen 200 0 minisat 42
# Remaining time budget: 599 seconds
[LNS] Loaded map 64x64, agents: 200
[LNS] Map:
@@@.@@@@@@@@@@@@@@@.@@@@@@.@@@@@@@.@@@@@@@@@@@@@@.@@@@@@@.@@@@@@
@.......@.......@.......@.......@.......@.......@.......@.......
@.......@.......@.......@.......@.......@.......@.......@.......
........@.......@.......@.......@.......@.......@.......@.......
@.......@.......@.......@.......@.......@.......@.......@.......
@.......................@.......@.......@.......@...............
@.......@.......@.......@.......@.......@.......@.......@.......
@.......@.......@.......................@...............@.......
@.@@@@@@@@@@@.@@@@@@@.@@@.@@@@@@@.@@@@@@@@@@@@@.@@@@@@.@@.@@@@@@
@.......@.......@.......@.......@.......@.......@.......@.......
@.......@.......@.......................@.......@.......@.......
@.......@.......@.......@.......@.......@.......@.......@.......
................@.......@.......@.......@...............@.......
@.......@.......@.......@.......@...............@.......@.......
@.......@.......@.......@.......@.......@.......@...............
@.......@.......@.......@.......@.......@.......@.......@.......
@@@@@@@.@@@@@.@@@@@@@@@@@@@@@@.@@@@@@@@@@@@@@.@@@@@@@@@.@@@@@@.@
@.......@.......@.......@.......@.......@.......@.......@.......
@.......@.......@.......@.......@...............@.......@.......
@.......@.......@.......@.......@.......@.......@.......@.......
........@.......@...............@.......@...............@.......
@.......@.......@.......@.......@.......@.......@.......@.......
@...............@.......@.......@.......@.......@.......@.......
@.......@.......@.......@.......@.......@.......@.......@.......
@.@@@@@@@@.@@@@@@@@@@.@@@@@@@@.@@@@@@@.@@.@@@@@@@.@@@@@@@@@@@@@.
@...............@.......@.......@.......@.......@.......@.......
@.......@.......@.......@.......@.......@.......@.......@.......
@.......@.......@.......@...............@.......@.......@.......
@.......@.......@.......@.......@.......@.......@.......@.......
........@.......@.......@.......@.......@.......@.......@.......
@.......@.......@.......@.......@.......@.......@...............
@.......@.......@...............@.......@.......@.......@.......
@@@@@@@@@@@@@@@@@@.@@@@@@@@.@@@@@@@@@@@@@@@@@@@@@@@@@@@.@@.@@@@@
@.......@.......@.......@.......@.......@.......@.......@.......
@.......@.......@.......@...............@.......@.......@.......
@.......@.......@.......@.......@.......@.......@.......@.......
@...............@...............@.......@.......@.......@.......
@.......@.......@.......@.......@.......@.......@...............
........@.......@.......@.......@...............@.......@.......
@.......@.......@.......@.......@.......@.......@.......@.......
@@@@@@@.@@@@@@@@@@@@@@@@@@@.@@@@@@.@@@@@@@@@@@.@@@@@.@@@@@@@.@@@
@.......@.......@.......@.......@.......@...............@.......
@.......@.......@.......................@.......@.......@.......
@.......@...............@.......@.......@.......@.......@.......
@.......@.......@.......@.......@.......@.......@.......@.......
@.......@.......@.......@.......@.......@.......@.......@.......
@...............@.......@.......@.......@.......@.......@.......
........@.......@.......@.......@.......@.......@.......@.......
@@@@.@@@@.@@@@@@@@.@@@@@@@@@@@.@@@@@@@@@@@@@@@.@@@@@@@@@@@@@@@@@
........@.......@.......@.......@.......@.......@.......@.......
@.......@.......@.......@.......@.......@.......@.......@.......
@.......@.......@.......@.......@.......@.......@.......@.......
@.......@.......@.......@.......@.......@.......@...............
@.......@.......@.......@.......@.......@.......@.......@.......
@.......@.......@.......@.......@.......@.......@.......@.......
@.......@.......................................@.......@.......
@@@@@@@@@@@.@@@@@@@@@@@@@@@@@@@.@@@@@@@@@@@@@.@@@@@@@@@.@@@@@@@@
@.......@.......@.......@.......@.......@.......@.......@.......
@.......................@.......@.......@.......@.......@.......
@.......@.......@...............@.......@.......................
@.......@.......@.......@.......@.......@.......@.......@.......
@.......@.......@.......@.......@.......@.......@.......@.......
........@.......@.......@.......@.......@.......@.......@.......
@.......@.......@.......@.......@...............@.......@.......
[LNS] Number of agents: 200
[LNS] Agents (start -> goal):
  Agent 0: (12,63) -> (45,19)
  Agent 1: (17,19) -> (63,15)
  Agent 2: (46,31) -> (9,2)
  Agent 3: (19,23) -> (57,30)
  Agent 4: (12,60) -> (2,55)
  Agent 5: (54,47) -> (41,18)
  Agent 6: (17,29) -> (4,52)
  Agent 7: (46,50) -> (27,12)
  Agent 8: (57,49) -> (47,34)
  Agent 9: (42,22) -> (11,7)
  Agent 10: (52,55) -> (13,39)
  Agent 11: (57,29) -> (31,1)
  Agent 12: (29,34) -> (57,61)
  Agent 13: (19,11) -> (60,46)
  Agent 14: (31,1) -> (39,15)
  Agent 15: (57,58) -> (63,60)
  Agent 16: (51,63) -> (9,15)
  Agent 17: (34,7) -> (35,19)
  Agent 18: (35,6) -> (17,34)
  Agent 19: (22,17) -> (35,9)
  Agent 20: (58,44) -> (38,39)
  Agent 21: (14,60) -> (9,10)
  Agent 22: (55,10) -> (21,50)
  Agent 23: (45,1) -> (55,3)
  Agent 24: (57,38) -> (19,2)
  Agent 25: (42,51) -> (2,13)
  Agent 26: (59,9) -> (20,44)
  Agent 27: (27,3) -> (62,51)
  Agent 28: (63,55) -> (30,15)
  Agent 29: (29,10) -> (4,51)
  Agent 30: (52,61) -> (54,61)
  Agent 31: (14,17) -> (15,21)
  Agent 32: (54,61) -> (17,5)
  Agent 33: (27,44) -> (49,53)
  Agent 34: (52,30) -> (61,31)
  Agent 35: (30,33) -> (42,12)
  Agent 36: (58,58) -> (26,5)
  Agent 37: (14,15) -> (13,7)
  Agent 38: (4,29) -> (25,13)
  Agent 39: (33,43) -> (63,3)
  Agent 40: (60,57) -> (29,15)
  Agent 41: (20,34) -> (51,57)
  Agent 42: (60,25) -> (50,34)
  Agent 43: (25,53) -> (42,21)
  Agent 44: (61,22) -> (30,26)
  Agent 45: (18,7) -> (55,57)
  Agent 46: (37,50) -> (27,5)
  Agent 47: (44,1) -> (26,58)
  Agent 48: (21,14) -> (29,11)
  Agent 49: (13,63) -> (41,7)
  Agent 50: (10,63) -> (52,53)
  Agent 51: (3,6) -> (44,51)
  Agent 52: (5,47) -> (37,57)
  Agent 53: (42,55) -> (46,54)
  Agent 54: (41,11) -> (11,23)
  Agent 55: (26,25) -> (60,61)
  Agent 56: (30,25) -> (61,44)
  Agent 57: (36,35) -> (58,36)
  Agent 58: (57,41) -> (9,26)
  Agent 59: (61,10) -> (14,1)
  Agent 60: (6,49) -> (22,17)
  Agent 61: (52,3) -> (18,2)
  Agent 62: (14,55) -> (33,14)
  Agent 63: (44,46) -> (42,20)
  Agent 64: (17,63) -> (20,61)
  Agent 65: (57,43) -> (34,44)
  Agent 66: (3,2) -> (55,58)
  Agent 67: (14,61) -> (19,10)
  Agent 68: (26,19) -> (42,2)
  Agent 69: (7,12) -> (54,50)
  Agent 70: (58,63) -> (39,21)
  Agent 71: (34,39) -> (53,29)
  Agent 72: (36,13) -> (14,13)
  Agent 73: (58,19) -> (23,27)
  Agent 74: (31,9) -> (22,25)
  Agent 75: (23,36) -> (59,25)
  Agent 76: (30,5) -> (57,43)
  Agent 77: (61,34) -> (23,11)
  Agent 78: (20,26) -> (11,11)
  Agent 79: (7,50) -> (2,54)
  Agent 80: (23,19) -> (43,17)
  Agent 81: (43,28) -> (14,14)
  Agent 82: (12,47) -> (51,52)
  Agent 83: (44,51) -> (20,52)
  Agent 84: (25,10) -> (47,43)
  Agent 85: (52,15) -> (6,33)
  Agent 86: (33,17) -> (43,26)
  Agent 87: (23,61) -> (15,13)
  Agent 88: (45,7) -> (4,29)
  Agent 89: (50,23) -> (54,55)
  Agent 90: (3,35) -> (25,62)
  Agent 91: (43,11) -> (34,15)
  Agent 92: (54,53) -> (59,45)
  Agent 93: (14,7) -> (54,59)
  Agent 94: (26,10) -> (33,3)
  Agent 95: (18,2) -> (52,11)
  Agent 96: (10,35) -> (13,50)
  Agent 97: (12,33) -> (1,20)
  Agent 98: (11,53) -> (12,48)
  Agent 99: (42,62) -> (34,54)
  Agent 100: (25,7) -> (57,45)
  Agent 101: (12,52) -> (6,28)
  Agent 102: (30,17) -> (25,17)
  Agent 103: (17,10) -> (12,23)
  Agent 104: (45,28) -> (42,39)
  Agent 105: (62,23) -> (60,11)
  Agent 106: (53,43) -> (25,18)
  Agent 107: (47,26) -> (45,1)
  Agent 108: (45,35) -> (46,62)
  Agent 109: (46,25) -> (38,14)
  Agent 110: (41,13) -> (35,28)
  Agent 111: (27,17) -> (31,9)
  Agent 112: (12,48) -> (5,52)
  Agent 113: (63,36) -> (18,15)
  Agent 114: (41,48) -> (26,52)
  Agent 115: (19,15) -> (61,57)
  Agent 116: (43,63) -> (15,9)
  Agent 117: (49,7) -> (62,2)
  Agent 118: (30,10) -> (10,33)
  Agent 119: (2,42) -> (61,38)
  Agent 120: (6,13) -> (50,50)
  Agent 121: (52,52) -> (21,18)
  Agent 122: (12,59) -> (14,60)
  Agent 123: (29,20) -> (40,27)
  Agent 124: (20,10) -> (39,3)
  Agent 125: (6,45) -> (26,1)
  Agent 126: (3,43) -> (62,58)
  Agent 127: (30,1) -> (62,5)
  Agent 128: (60,22) -> (51,11)
  Agent 129: (19,21) -> (17,23)
  Agent 130: (47,18) -> (1,21)
  Agent 131: (59,2) -> (31,3)
  Agent 132: (20,0) -> (35,17)
  Agent 133: (51,52) -> (26,11)
  Agent 134: (39,35) -> (29,47)
  Agent 135: (33,39) -> (44,30)
  Agent 136: (33,1) -> (28,13)
  Agent 137: (23,21) -> (41,47)
  Agent 138: (43,46) -> (41,60)
  Agent 139: (30,18) -> (22,60)
  Agent 140: (10,5) -> (61,7)
  Agent 141: (59,1) -> (17,1)
  Agent 142: (54,49) -> (1,5)
  Agent 143: (43,10) -> (55,24)
  Agent 144: (55,47) -> (37,55)
  Agent 145: (30,22) -> (53,27)
  Agent 146: (62,35) -> (18,4)
  Agent 147: (47,13) -> (39,36)
  Agent 148: (53,33) -> (22,5)
  Agent 149: (52,21) -> (44,26)
  Agent 150: (9,14) -> (52,54)
  Agent 151: (12,3) -> (33,2)
  Agent 152: (7,49) -> (23,57)
  Agent 153: (63,19) -> (27,14)
  Agent 154: (63,28) -> (26,7)
  Agent 155: (19,3) -> (62,33)
  Agent 156: (22,1) -> (51,3)
  Agent 157: (31,4) -> (62,44)
  Agent 158: (51,42) -> (59,12)
  Agent 159: (17,1) -> (34,50)
  Agent 160: (41,41) -> (23,7)
  Agent 161: (44,44) -> (46,46)
  Agent 162: (28,43) -> (59,14)
  Agent 163: (29,23) -> (27,23)
  Agent 164: (57,57) -> (29,6)
  Agent 165: (19,10) -> (49,35)
  Agent 166: (6,41) -> (7,43)
  Agent 167: (42,18) -> (52,46)
  Agent 168: (1,25) -> (58,54)
  Agent 169: (2,57) -> (28,31)
  Agent 170: (58,26) -> (49,31)
  Agent 171: (57,31) -> (19,3)
  Agent 172: (52,38) -> (12,6)
  Agent 173: (44,31) -> (58,26)
  Agent 174: (44,17) -> (33,34)
  Agent 175: (23,41) -> (31,46)
  Agent 176: (27,6) -> (31,7)
  Agent 177: (22,12) -> (53,14)
  Agent 178: (47,5) -> (1,50)
  Agent 179: (6,55) -> (1,57)
  Agent 180: (31,3) -> (63,30)
  Agent 181: (13,17) -> (1,3)
  Agent 182: (35,21) -> (19,41)
  Agent 183: (21,12) -> (38,9)
  Agent 184: (36,58) -> (13,62)
  Agent 185: (28,62) -> (51,15)
  Agent 186: (6,3) -> (49,34)
  Agent 187: (41,30) -> (55,15)
  Agent 188: (22,7) -> (37,15)
  Agent 189: (37,2) -> (36,41)
  Agent 190: (2,1) -> (1,42)
  Agent 191: (1,52) -> (31,15)
  Agent 192: (59,19) -> (23,34)
  Agent 193: (18,9) -> (54,58)
  Agent 194: (60,31) -> (25,4)
  Agent 195: (25,14) -> (39,10)
  Agent 196: (9,5) -> (46,10)
  Agent 197: (15,5) -> (10,34)
  Agent 198: (17,18) -> (37,22)
  Agent 199: (47,42) -> (41,41)
[LNS] Base makespan: 140

[LNS] === Attempt with max_timesteps=140 ===
[SAT] Creating MDDs with shortest paths + waiting time...
[SAT] Created 200 MDDs with waiting time structure
[LNS] Built MDDs with waiting time structure for 200 agents at makespan 140
[Current_Solution] Calculating waiting times for agents...
[Current_Solution] Agent 199 reaches goal at t=7, waiting time=133
[Current_Solution] Agent 198 reaches goal at t=30, waiting time=110
[Current_Solution] Agent 197 reaches goal at t=44, waiting time=96
[Current_Solution] Agent 196 reaches goal at t=96, waiting time=44
[Current_Solution] Agent 195 reaches goal at t=124, waiting time=16
[Current_Solution] Agent 194 reaches goal at t=108, waiting time=32
[Current_Solution] Agent 193 reaches goal at t=131, waiting time=9
[Current_Solution] Agent 192 reaches goal at t=67, waiting time=73
[Current_Solution] Agent 191 reaches goal at t=93, waiting time=47
[Current_Solution] Agent 190 reaches goal at t=74, waiting time=66
[Current_Solution] Agent 189 reaches goal at t=58, waiting time=82
[Current_Solution] Agent 188 reaches goal at t=123, waiting time=17
[Current_Solution] Agent 187 reaches goal at t=29, waiting time=111
[Current_Solution] Agent 186 reaches goal at t=94, waiting time=46
[Current_Solution] Agent 185 reaches goal at t=78, waiting time=62
[Current_Solution] Agent 184 reaches goal at t=29, waiting time=111
[Current_Solution] Agent 183 reaches goal at t=112, waiting time=28
[Current_Solution] Agent 182 reaches goal at t=40, waiting time=100
[Current_Solution] Agent 181 reaches goal at t=34, waiting time=106
[Current_Solution] Agent 180 reaches goal at t=119, waiting time=21
[Current_Solution] Agent 179 reaches goal at t=7, waiting time=133
[Current_Solution] Agent 178 reaches goal at t=91, waiting time=49
[Current_Solution] Agent 177 reaches goal at t=103, waiting time=37
[Current_Solution] Agent 176 reaches goal at t=5, waiting time=135
[Current_Solution] Agent 175 reaches goal at t=13, waiting time=127
[Current_Solution] Agent 174 reaches goal at t=28, waiting time=112
[Current_Solution] Agent 173 reaches goal at t=21, waiting time=119
[Current_Solution] Agent 172 reaches goal at t=98, waiting time=42
[Current_Solution] Agent 171 reaches goal at t=100, waiting time=40
[Current_Solution] Agent 170 reaches goal at t=14, waiting time=126
[Current_Solution] Agent 169 reaches goal at t=52, waiting time=88
[Current_Solution] Agent 168 reaches goal at t=94, waiting time=46
[Current_Solution] Agent 167 reaches goal at t=44, waiting time=96
[Current_Solution] Agent 166 reaches goal at t=3, waiting time=137
[Current_Solution] Agent 165 reaches goal at t=101, waiting time=39
[Current_Solution] Agent 164 reaches goal at t=137, waiting time=3
[Current_Solution] Agent 163 reaches goal at t=2, waiting time=138
[Current_Solution] Agent 162 reaches goal at t=86, waiting time=54
[Current_Solution] Agent 161 reaches goal at t=4, waiting time=136
[Current_Solution] Agent 160 reaches goal at t=104, waiting time=36
[Current_Solution] Agent 159 reaches goal at t=100, waiting time=40
[Current_Solution] Agent 158 reaches goal at t=40, waiting time=100
[Current_Solution] Agent 157 reaches goal at t=131, waiting time=9
[Current_Solution] Agent 156 reaches goal at t=119, waiting time=21
[Current_Solution] Agent 155 reaches goal at t=133, waiting time=7
[Current_Solution] Agent 154 reaches goal at t=112, waiting time=28
[Current_Solution] Agent 153 reaches goal at t=123, waiting time=17
[Current_Solution] Agent 152 reaches goal at t=34, waiting time=106
[Current_Solution] Agent 151 reaches goal at t=116, waiting time=24
[Current_Solution] Agent 150 reaches goal at t=115, waiting time=25
[Current_Solution] Agent 149 reaches goal at t=23, waiting time=117
[Current_Solution] Agent 148 reaches goal at t=103, waiting time=37
[Current_Solution] Agent 147 reaches goal at t=31, waiting time=109
[Current_Solution] Agent 146 reaches goal at t=129, waiting time=11
[Current_Solution] Agent 145 reaches goal at t=34, waiting time=106
[Current_Solution] Agent 144 reaches goal at t=28, waiting time=112
[Current_Solution] Agent 143 reaches goal at t=26, waiting time=114
[Current_Solution] Agent 142 reaches goal at t=125, waiting time=15
[Current_Solution] Agent 141 reaches goal at t=124, waiting time=16
[Current_Solution] Agent 140 reaches goal at t=113, waiting time=27
[Current_Solution] Agent 139 reaches goal at t=76, waiting time=64
[Current_Solution] Agent 138 reaches goal at t=24, waiting time=116
[Current_Solution] Agent 137 reaches goal at t=44, waiting time=96
[Current_Solution] Agent 136 reaches goal at t=129, waiting time=11
[Current_Solution] Agent 135 reaches goal at t=20, waiting time=120
[Current_Solution] Agent 134 reaches goal at t=60, waiting time=80
[Current_Solution] Agent 133 reaches goal at t=138, waiting time=2
[Current_Solution] Agent 132 reaches goal at t=88, waiting time=52
[Current_Solution] Agent 131 reaches goal at t=135, waiting time=5
[Current_Solution] Agent 130 reaches goal at t=67, waiting time=73
[Current_Solution] Agent 129 reaches goal at t=4, waiting time=136
[Current_Solution] Agent 128 reaches goal at t=20, waiting time=120
[Current_Solution] Agent 127 reaches goal at t=136, waiting time=4
[Current_Solution] Agent 126 reaches goal at t=98, waiting time=42
[Current_Solution] Agent 125 reaches goal at t=84, waiting time=56
[Current_Solution] Agent 124 reaches goal at t=110, waiting time=30
[Current_Solution] Agent 123 reaches goal at t=18, waiting time=122
[Current_Solution] Agent 122 reaches goal at t=3, waiting time=137
[Current_Solution] Agent 121 reaches goal at t=85, waiting time=55
[Current_Solution] Agent 120 reaches goal at t=117, waiting time=23
[Current_Solution] Agent 119 reaches goal at t=97, waiting time=43
[Current_Solution] Agent 118 reaches goal at t=53, waiting time=87
[Current_Solution] Agent 117 reaches goal at t=38, waiting time=102
[Current_Solution] Agent 116 reaches goal at t=102, waiting time=38
[Current_Solution] Agent 115 reaches goal at t=122, waiting time=18
[Current_Solution] Agent 114 reaches goal at t=25, waiting time=115
[Current_Solution] Agent 113 reaches goal at t=120, waiting time=20
[Current_Solution] Agent 112 reaches goal at t=13, waiting time=127
[Current_Solution] Agent 111 reaches goal at t=82, waiting time=58
[Current_Solution] Agent 110 reaches goal at t=25, waiting time=115
[Current_Solution] Agent 109 reaches goal at t=45, waiting time=95
[Current_Solution] Agent 108 reaches goal at t=52, waiting time=88
[Current_Solution] Agent 107 reaches goal at t=35, waiting time=105
[Current_Solution] Agent 106 reaches goal at t=57, waiting time=83
[Current_Solution] Agent 105 reaches goal at t=18, waiting time=122
[Current_Solution] Agent 104 reaches goal at t=14, waiting time=126
[Current_Solution] Agent 103 reaches goal at t=32, waiting time=108
[Current_Solution] Agent 102 reaches goal at t=5, waiting time=135
[Current_Solution] Agent 101 reaches goal at t=32, waiting time=108
[Current_Solution] Agent 100 reaches goal at t=116, waiting time=24
[Current_Solution] Agent 99 reaches goal at t=16, waiting time=124
[Current_Solution] Agent 98 reaches goal at t=6, waiting time=134
[Current_Solution] Agent 97 reaches goal at t=24, waiting time=116
[Current_Solution] Agent 96 reaches goal at t=20, waiting time=120
[Current_Solution] Agent 95 reaches goal at t=111, waiting time=29
[Current_Solution] Agent 94 reaches goal at t=122, waiting time=18
[Current_Solution] Agent 93 reaches goal at t=130, waiting time=10
[Current_Solution] Agent 92 reaches goal at t=17, waiting time=123
[Current_Solution] Agent 91 reaches goal at t=27, waiting time=113
[Current_Solution] Agent 90 reaches goal at t=57, waiting time=83
[Current_Solution] Agent 89 reaches goal at t=46, waiting time=94
[Current_Solution] Agent 88 reaches goal at t=73, waiting time=67
[Current_Solution] Agent 87 reaches goal at t=80, waiting time=60
[Current_Solution] Agent 86 reaches goal at t=21, waiting time=119
[Current_Solution] Agent 85 reaches goal at t=70, waiting time=70
[Current_Solution] Agent 84 reaches goal at t=107, waiting time=33
[Current_Solution] Agent 83 reaches goal at t=37, waiting time=103
[Current_Solution] Agent 82 reaches goal at t=90, waiting time=50
[Current_Solution] Agent 81 reaches goal at t=69, waiting time=71
[Current_Solution] Agent 80 reaches goal at t=38, waiting time=102
[Current_Solution] Agent 79 reaches goal at t=9, waiting time=131
[Current_Solution] Agent 78 reaches goal at t=44, waiting time=96
[Current_Solution] Agent 77 reaches goal at t=129, waiting time=11
[Current_Solution] Agent 76 reaches goal at t=125, waiting time=15
[Current_Solution] Agent 75 reaches goal at t=59, waiting time=81
[Current_Solution] Agent 74 reaches goal at t=69, waiting time=71
[Current_Solution] Agent 73 reaches goal at t=59, waiting time=81
[Current_Solution] Agent 72 reaches goal at t=106, waiting time=34
[Current_Solution] Agent 71 reaches goal at t=29, waiting time=111
[Current_Solution] Agent 70 reaches goal at t=69, waiting time=71
[Current_Solution] Agent 69 reaches goal at t=115, waiting time=25
[Current_Solution] Agent 68 reaches goal at t=57, waiting time=83
[Current_Solution] Agent 67 reaches goal at t=76, waiting time=64
[Current_Solution] Agent 66 reaches goal at t=128, waiting time=12
[Current_Solution] Agent 65 reaches goal at t=28, waiting time=112
[Current_Solution] Agent 64 reaches goal at t=5, waiting time=135
[Current_Solution] Agent 63 reaches goal at t=36, waiting time=104
[Current_Solution] Agent 62 reaches goal at t=104, waiting time=36
[Current_Solution] Agent 61 reaches goal at t=115, waiting time=25
[Current_Solution] Agent 60 reaches goal at t=54, waiting time=86
[Current_Solution] Agent 59 reaches goal at t=114, waiting time=26
[Current_Solution] Agent 58 reaches goal at t=77, waiting time=63
[Current_Solution] Agent 57 reaches goal at t=53, waiting time=87
[Current_Solution] Agent 56 reaches goal at t=52, waiting time=88
[Current_Solution] Agent 55 reaches goal at t=70, waiting time=70
[Current_Solution] Agent 54 reaches goal at t=62, waiting time=78
[Current_Solution] Agent 53 reaches goal at t=5, waiting time=135
[Current_Solution] Agent 52 reaches goal at t=46, waiting time=94
[Current_Solution] Agent 51 reaches goal at t=92, waiting time=48
[Current_Solution] Agent 50 reaches goal at t=88, waiting time=52
[Current_Solution] Agent 49 reaches goal at t=98, waiting time=42
[Current_Solution] Agent 48 reaches goal at t=13, waiting time=127
[Current_Solution] Agent 47 reaches goal at t=85, waiting time=55
[Current_Solution] Agent 46 reaches goal at t=109, waiting time=31
[Current_Solution] Agent 45 reaches goal at t=133, waiting time=7
[Current_Solution] Agent 44 reaches goal at t=45, waiting time=95
[Current_Solution] Agent 43 reaches goal at t=59, waiting time=81
[Current_Solution] Agent 42 reaches goal at t=19, waiting time=121
[Current_Solution] Agent 41 reaches goal at t=92, waiting time=48
[Current_Solution] Agent 40 reaches goal at t=137, waiting time=3
[Current_Solution] Agent 39 reaches goal at t=70, waiting time=70
[Current_Solution] Agent 38 reaches goal at t=47, waiting time=93
[Current_Solution] Agent 37 reaches goal at t=11, waiting time=129
[Current_Solution] Agent 36 reaches goal at t=135, waiting time=5
[Current_Solution] Agent 35 reaches goal at t=41, waiting time=99
[Current_Solution] Agent 34 reaches goal at t=10, waiting time=130
[Current_Solution] Agent 33 reaches goal at t=95, waiting time=45
[Current_Solution] Agent 32 reaches goal at t=137, waiting time=3
[Current_Solution] Agent 31 reaches goal at t=5, waiting time=135
[Current_Solution] Agent 30 reaches goal at t=2, waiting time=138
[Current_Solution] Agent 29 reaches goal at t=82, waiting time=58
[Current_Solution] Agent 28 reaches goal at t=139, waiting time=1
[Current_Solution] Agent 27 reaches goal at t=133, waiting time=7
[Current_Solution] Agent 26 reaches goal at t=78, waiting time=62
[Current_Solution] Agent 25 reaches goal at t=84, waiting time=56
[Current_Solution] Agent 24 reaches goal at t=134, waiting time=6
[Current_Solution] Agent 23 reaches goal at t=14, waiting time=126
[Current_Solution] Agent 22 reaches goal at t=80, waiting time=60
[Current_Solution] Agent 21 reaches goal at t=65, waiting time=75
[Current_Solution] Agent 20 reaches goal at t=29, waiting time=111
[Current_Solution] Agent 19 reaches goal at t=67, waiting time=73
[Current_Solution] Agent 18 reaches goal at t=76, waiting time=64
[Current_Solution] Agent 17 reaches goal at t=51, waiting time=89
[Current_Solution] Agent 16 reaches goal at t=124, waiting time=16
[Current_Solution] Agent 15 reaches goal at t=8, waiting time=132
[Current_Solution] Agent 14 reaches goal at t=140, waiting time=0
[Current_Solution] Agent 13 reaches goal at t=110, waiting time=30
[Current_Solution] Agent 12 reaches goal at t=77, waiting time=63
[Current_Solution] Agent 11 reaches goal at t=116, waiting time=24
[Current_Solution] Agent 10 reaches goal at t=89, waiting time=51
[Current_Solution] Agent 9 reaches goal at t=76, waiting time=64
[Current_Solution] Agent 8 reaches goal at t=47, waiting time=93
[Current_Solution] Agent 7 reaches goal at t=111, waiting time=29
[Current_Solution] Agent 6 reaches goal at t=42, waiting time=98
[Current_Solution] Agent 5 reaches goal at t=44, waiting time=96
[Current_Solution] Agent 4 reaches goal at t=15, waiting time=125
[Current_Solution] Agent 3 reaches goal at t=51, waiting time=89
[Current_Solution] Agent 2 reaches goal at t=82, waiting time=58
[Current_Solution] Agent 1 reaches goal at t=74, waiting time=66
[Current_Solution] Agent 0 reaches goal at t=81, waiting time=59
[Current_Solution] Waiting time calculation complete
[LNS] Created current solution with 200 agent paths on a map of size 64x64
[LNS] Analyzing conflicts...
[LNS] Current solution: vertex collisions=3549, edge collisions=673
[LNS] Creating conflict buckets...
[LOCAL ZONE] Building diamond bucket for conflict 3549
[LOCAL ZONE] Built diamond bucket for conflict 3549 with 8 positions, 1 conflicts, 0 - 0 time window
[LNS] Selected most relevant bucket 3549 with time window: 0 - 0, 1 conflicts and 8 positions.
[LNS] Solving the best bucket Local Zone...
[Solve_local_zone] Local zone size reached 95% of all walkable positions
[Solve_local_zone] Will try to solve with full time window and all positions
[Solve_local_zone] Makespan: 140
[Solve_local_zone] Time window: [0, 140]
[Current_Solution] Agent 0 used 59 waiting timesteps, 0 remaining
[Current_Solution] Agent 1 used 66 waiting timesteps, 0 remaining
[Current_Solution] Agent 2 used 58 waiting timesteps, 0 remaining
[Current_Solution] Agent 3 used 89 waiting timesteps, 0 remaining
[Current_Solution] Agent 4 used 125 waiting timesteps, 0 remaining
[Current_Solution] Agent 5 used 96 waiting timesteps, 0 remaining
[Current_Solution] Agent 6 used 98 waiting timesteps, 0 remaining
[Current_Solution] Agent 7 used 29 waiting timesteps, 0 remaining
[Current_Solution] Agent 8 used 93 waiting timesteps, 0 remaining
[Current_Solution] Agent 9 used 64 waiting timesteps, 0 remaining
[Current_Solution] Agent 10 used 51 waiting timesteps, 0 remaining
[Current_Solution] Agent 11 used 24 waiting timesteps, 0 remaining
[Current_Solution] Agent 12 used 63 waiting timesteps, 0 remaining
[Current_Solution] Agent 13 used 30 waiting timesteps, 0 remaining
[Current_Solution] Agent 15 used 132 waiting timesteps, 0 remaining
[Current_Solution] Agent 16 used 16 waiting timesteps, 0 remaining
[Current_Solution] Agent 17 used 89 waiting timesteps, 0 remaining
[Current_Solution] Agent 18 used 64 waiting timesteps, 0 remaining
[Current_Solution] Agent 19 used 73 waiting timesteps, 0 remaining
[Current_Solution] Agent 20 used 111 waiting timesteps, 0 remaining
[Current_Solution] Agent 21 used 75 waiting timesteps, 0 remaining
[Current_Solution] Agent 22 used 60 waiting timesteps, 0 remaining
[Current_Solution] Agent 23 used 126 waiting timesteps, 0 remaining
[Current_Solution] Agent 24 used 6 waiting timesteps, 0 remaining
[Current_Solution] Agent 25 used 56 waiting timesteps, 0 remaining
[Current_Solution] Agent 26 used 62 waiting timesteps, 0 remaining
[Current_Solution] Agent 27 used 7 waiting timesteps, 0 remaining
[Current_Solution] Agent 28 used 1 waiting timesteps, 0 remaining
[Current_Solution] Agent 29 used 58 waiting timesteps, 0 remaining
[Current_Solution] Agent 30 used 138 waiting timesteps, 0 remaining
[Current_Solution] Agent 31 used 135 waiting timesteps, 0 remaining
[Current_Solution] Agent 32 used 3 waiting timesteps, 0 remaining
[Current_Solution] Agent 33 used 45 waiting timesteps, 0 remaining
[Current_Solution] Agent 34 used 130 waiting timesteps, 0 remaining
[Current_Solution] Agent 35 used 99 waiting timesteps, 0 remaining
[Current_Solution] Agent 36 used 5 waiting timesteps, 0 remaining
[Current_Solution] Agent 37 used 129 waiting timesteps, 0 remaining
[Current_Solution] Agent 38 used 93 waiting timesteps, 0 remaining
[Current_Solution] Agent 39 used 70 waiting timesteps, 0 remaining
[Current_Solution] Agent 40 used 3 waiting timesteps, 0 remaining
[Current_Solution] Agent 41 used 48 waiting timesteps, 0 remaining
[Current_Solution] Agent 42 used 121 waiting timesteps, 0 remaining
[Current_Solution] Agent 43 used 81 waiting timesteps, 0 remaining
[Current_Solution] Agent 44 used 95 waiting timesteps, 0 remaining
[Current_Solution] Agent 45 used 7 waiting timesteps, 0 remaining
[Current_Solution] Agent 46 used 31 waiting timesteps, 0 remaining
[Current_Solution] Agent 47 used 55 waiting timesteps, 0 remaining
[Current_Solution] Agent 48 used 127 waiting timesteps, 0 remaining
[Current_Solution] Agent 49 used 42 waiting timesteps, 0 remaining
[Current_Solution] Agent 50 used 52 waiting timesteps, 0 remaining
[Current_Solution] Agent 51 used 48 waiting timesteps, 0 remaining
[Current_Solution] Agent 52 used 94 waiting timesteps, 0 remaining
[Current_Solution] Agent 53 used 135 waiting timesteps, 0 remaining
[Current_Solution] Agent 54 used 78 waiting timesteps, 0 remaining
[Current_Solution] Agent 55 used 70 waiting timesteps, 0 remaining
[Current_Solution] Agent 56 used 88 waiting timesteps, 0 remaining
[Current_Solution] Agent 57 used 87 waiting timesteps, 0 remaining
[Current_Solution] Agent 58 used 63 waiting timesteps, 0 remaining
[Current_Solution] Agent 59 used 26 waiting timesteps, 0 remaining
[Current_Solution] Agent 60 used 86 waiting timesteps, 0 remaining
[Current_Solution] Agent 61 used 25 waiting timesteps, 0 remaining
[Current_Solution] Agent 62 used 36 waiting timesteps, 0 remaining
[Current_Solution] Agent 63 used 104 waiting timesteps, 0 remaining
[Current_Solution] Agent 64 used 135 waiting timesteps, 0 remaining
[Current_Solution] Agent 65 used 112 waiting timesteps, 0 remaining
[Current_Solution] Agent 66 used 12 waiting timesteps, 0 remaining
[Current_Solution] Agent 67 used 64 waiting timesteps, 0 remaining
[Current_Solution] Agent 68 used 83 waiting timesteps, 0 remaining
[Current_Solution] Agent 69 used 25 waiting timesteps, 0 remaining
[Current_Solution] Agent 70 used 71 waiting timesteps, 0 remaining
[Current_Solution] Agent 71 used 111 waiting timesteps, 0 remaining
[Current_Solution] Agent 72 used 34 waiting timesteps, 0 remaining
[Current_Solution] Agent 73 used 81 waiting timesteps, 0 remaining
[Current_Solution] Agent 74 used 71 waiting timesteps, 0 remaining
[Current_Solution] Agent 75 used 81 waiting timesteps, 0 remaining
[Current_Solution] Agent 76 used 15 waiting timesteps, 0 remaining
[Current_Solution] Agent 77 used 11 waiting timesteps, 0 remaining
[Current_Solution] Agent 78 used 96 waiting timesteps, 0 remaining
[Current_Solution] Agent 79 used 131 waiting timesteps, 0 remaining
[Current_Solution] Agent 80 used 102 waiting timesteps, 0 remaining
[Current_Solution] Agent 81 used 71 waiting timesteps, 0 remaining
[Current_Solution] Agent 82 used 50 waiting timesteps, 0 remaining
[Current_Solution] Agent 83 used 103 waiting timesteps, 0 remaining
[Current_Solution] Agent 84 used 33 waiting timesteps, 0 remaining
[Current_Solution] Agent 85 used 70 waiting timesteps, 0 remaining
[Current_Solution] Agent 86 used 119 waiting timesteps, 0 remaining
[Current_Solution] Agent 87 used 60 waiting timesteps, 0 remaining
[Current_Solution] Agent 88 used 67 waiting timesteps, 0 remaining
[Current_Solution] Agent 89 used 94 waiting timesteps, 0 remaining
[Current_Solution] Agent 90 used 83 waiting timesteps, 0 remaining
[Current_Solution] Agent 91 used 113 waiting timesteps, 0 remaining
[Current_Solution] Agent 92 used 123 waiting timesteps, 0 remaining
[Current_Solution] Agent 93 used 10 waiting timesteps, 0 remaining
[Current_Solution] Agent 94 used 18 waiting timesteps, 0 remaining
[Current_Solution] Agent 95 used 29 waiting timesteps, 0 remaining
[Current_Solution] Agent 96 used 120 waiting timesteps, 0 remaining
[Current_Solution] Agent 97 used 116 waiting timesteps, 0 remaining
[Current_Solution] Agent 98 used 134 waiting timesteps, 0 remaining
[Current_Solution] Agent 99 used 124 waiting timesteps, 0 remaining
[Current_Solution] Agent 100 used 24 waiting timesteps, 0 remaining
[Current_Solution] Agent 101 used 108 waiting timesteps, 0 remaining
[Current_Solution] Agent 102 used 135 waiting timesteps, 0 remaining
[Current_Solution] Agent 103 used 108 waiting timesteps, 0 remaining
[Current_Solution] Agent 104 used 126 waiting timesteps, 0 remaining
[Current_Solution] Agent 105 used 122 waiting timesteps, 0 remaining
[Current_Solution] Agent 106 used 83 waiting timesteps, 0 remaining
[Current_Solution] Agent 107 used 105 waiting timesteps, 0 remaining
[Current_Solution] Agent 108 used 88 waiting timesteps, 0 remaining
[Current_Solution] Agent 109 used 95 waiting timesteps, 0 remaining
[Current_Solution] Agent 110 used 115 waiting timesteps, 0 remaining
[Current_Solution] Agent 111 used 58 waiting timesteps, 0 remaining
[Current_Solution] Agent 112 used 127 waiting timesteps, 0 remaining
[Current_Solution] Agent 113 used 20 waiting timesteps, 0 remaining
[Current_Solution] Agent 114 used 115 waiting timesteps, 0 remaining
[Current_Solution] Agent 115 used 18 waiting timesteps, 0 remaining
[Current_Solution] Agent 116 used 38 waiting timesteps, 0 remaining
[Current_Solution] Agent 117 used 102 waiting timesteps, 0 remaining
[Current_Solution] Agent 118 used 87 waiting timesteps, 0 remaining
[Current_Solution] Agent 119 used 43 waiting timesteps, 0 remaining
[Current_Solution] Agent 120 used 23 waiting timesteps, 0 remaining
[Current_Solution] Agent 121 used 55 waiting timesteps, 0 remaining
[Current_Solution] Agent 122 used 137 waiting timesteps, 0 remaining
[Current_Solution] Agent 123 used 122 waiting timesteps, 0 remaining
[Current_Solution] Agent 124 used 30 waiting timesteps, 0 remaining
[Current_Solution] Agent 125 used 56 waiting timesteps, 0 remaining
[Current_Solution] Agent 126 used 42 waiting timesteps, 0 remaining
[Current_Solution] Agent 127 used 4 waiting timesteps, 0 remaining
[Current_Solution] Agent 128 used 120 waiting timesteps, 0 remaining
[Current_Solution] Agent 129 used 136 waiting timesteps, 0 remaining
[Current_Solution] Agent 130 used 73 waiting timesteps, 0 remaining
[Current_Solution] Agent 131 used 5 waiting timesteps, 0 remaining
[Current_Solution] Agent 132 used 52 waiting timesteps, 0 remaining
[Current_Solution] Agent 133 used 2 waiting timesteps, 0 remaining
[Current_Solution] Agent 134 used 80 waiting timesteps, 0 remaining
[Current_Solution] Agent 135 used 120 waiting timesteps, 0 remaining
[Current_Solution] Agent 136 used 11 waiting timesteps, 0 remaining
[Current_Solution] Agent 137 used 96 waiting timesteps, 0 remaining
[Current_Solution] Agent 138 used 116 waiting timesteps, 0 remaining
[Current_Solution] Agent 139 used 64 waiting timesteps, 0 remaining
[Current_Solution] Agent 140 used 27 waiting timesteps, 0 remaining
[Current_Solution] Agent 141 used 16 waiting timesteps, 0 remaining
[Current_Solution] Agent 142 used 15 waiting timesteps, 0 remaining
[Current_Solution] Agent 143 used 114 waiting timesteps, 0 remaining
[Current_Solution] Agent 144 used 112 waiting timesteps, 0 remaining
[Current_Solution] Agent 145 used 106 waiting timesteps, 0 remaining
[Current_Solution] Agent 146 used 11 waiting timesteps, 0 remaining
[Current_Solution] Agent 147 used 109 waiting timesteps, 0 remaining
[Current_Solution] Agent 148 used 37 waiting timesteps, 0 remaining
[Current_Solution] Agent 149 used 117 waiting timesteps, 0 remaining
[Current_Solution] Agent 150 used 25 waiting timesteps, 0 remaining
[Current_Solution] Agent 151 used 24 waiting timesteps, 0 remaining
[Current_Solution] Agent 152 used 106 waiting timesteps, 0 remaining
[Current_Solution] Agent 153 used 17 waiting timesteps, 0 remaining
[Current_Solution] Agent 154 used 28 waiting timesteps, 0 remaining
[Current_Solution] Agent 155 used 7 waiting timesteps, 0 remaining
[Current_Solution] Agent 156 used 21 waiting timesteps, 0 remaining
[Current_Solution] Agent 157 used 9 waiting timesteps, 0 remaining
[Current_Solution] Agent 158 used 100 waiting timesteps, 0 remaining
[Current_Solution] Agent 159 used 40 waiting timesteps, 0 remaining
[Current_Solution] Agent 160 used 36 waiting timesteps, 0 remaining
[Current_Solution] Agent 161 used 136 waiting timesteps, 0 remaining
[Current_Solution] Agent 162 used 54 waiting timesteps, 0 remaining
[Current_Solution] Agent 163 used 138 waiting timesteps, 0 remaining
[Current_Solution] Agent 164 used 3 waiting timesteps, 0 remaining
[Current_Solution] Agent 165 used 39 waiting timesteps, 0 remaining
[Current_Solution] Agent 166 used 137 waiting timesteps, 0 remaining
[Current_Solution] Agent 167 used 96 waiting timesteps, 0 remaining
[Current_Solution] Agent 168 used 46 waiting timesteps, 0 remaining
[Current_Solution] Agent 169 used 88 waiting timesteps, 0 remaining
[Current_Solution] Agent 170 used 126 waiting timesteps, 0 remaining
[Current_Solution] Agent 171 used 40 waiting timesteps, 0 remaining
[Current_Solution] Agent 172 used 42 waiting timesteps, 0 remaining
[Current_Solution] Agent 173 used 119 waiting timesteps, 0 remaining
[Current_Solution] Agent 174 used 112 waiting timesteps, 0 remaining
[Current_Solution] Agent 175 used 127 waiting timesteps, 0 remaining
[Current_Solution] Agent 176 used 135 waiting timesteps, 0 remaining
[Current_Solution] Agent 177 used 37 waiting timesteps, 0 remaining
[Current_Solution] Agent 178 used 49 waiting timesteps, 0 remaining
[Current_Solution] Agent 179 used 133 waiting timesteps, 0 remaining
[Current_Solution] Agent 180 used 21 waiting timesteps, 0 remaining
[Current_Solution] Agent 181 used 106 waiting timesteps, 0 remaining
[Current_Solution] Agent 182 used 100 waiting timesteps, 0 remaining
[Current_Solution] Agent 183 used 28 waiting timesteps, 0 remaining
[Current_Solution] Agent 184 used 111 waiting timesteps, 0 remaining
[Current_Solution] Agent 185 used 62 waiting timesteps, 0 remaining
[Current_Solution] Agent 186 used 46 waiting timesteps, 0 remaining
[Current_Solution] Agent 187 used 111 waiting timesteps, 0 remaining
[Current_Solution] Agent 188 used 17 waiting timesteps, 0 remaining
[Current_Solution] Agent 189 used 82 waiting timesteps, 0 remaining
[Current_Solution] Agent 190 used 66 waiting timesteps, 0 remaining
[Current_Solution] Agent 191 used 47 waiting timesteps, 0 remaining
[Current_Solution] Agent 192 used 73 waiting timesteps, 0 remaining
[Current_Solution] Agent 193 used 9 waiting timesteps, 0 remaining
[Current_Solution] Agent 194 used 32 waiting timesteps, 0 remaining
[Current_Solution] Agent 195 used 16 waiting timesteps, 0 remaining
[Current_Solution] Agent 196 used 44 waiting timesteps, 0 remaining
[Current_Solution] Agent 197 used 96 waiting timesteps, 0 remaining
[Current_Solution] Agent 198 used 110 waiting timesteps, 0 remaining
[Current_Solution] Agent 199 used 133 waiting timesteps, 0 remaining
[Waiting_time_Solve] Agent 0 has waiting time 0
[Waiting_time_Solve] Agent 1 has waiting time 0
[Waiting_time_Solve] Agent 2 has waiting time 0
[Waiting_time_Solve] Agent 3 has waiting time 0
[Waiting_time_Solve] Agent 4 has waiting time 0
[Waiting_time_Solve] Agent 5 has waiting time 0
[Waiting_time_Solve] Agent 6 has waiting time 0
[Waiting_time_Solve] Agent 7 has waiting time 0
[Waiting_time_Solve] Agent 8 has waiting time 0
[Waiting_time_Solve] Agent 9 has waiting time 0
[Waiting_time_Solve] Agent 10 has waiting time 0
[Waiting_time_Solve] Agent 11 has waiting time 0
[Waiting_time_Solve] Agent 12 has waiting time 0
[Waiting_time_Solve] Agent 13 has waiting time 0
[Waiting_time_Solve] Agent 14 has waiting time 0
[Waiting_time_Solve] Agent 15 has waiting time 0
[Waiting_time_Solve] Agent 16 has waiting time 0
[Waiting_time_Solve] Agent 17 has waiting time 0
[Waiting_time_Solve] Agent 18 has waiting time 0
[Waiting_time_Solve] Agent 19 has waiting time 0
[Waiting_time_Solve] Agent 20 has waiting time 0
[Waiting_time_Solve] Agent 21 has waiting time 0
[Waiting_time_Solve] Agent 22 has waiting time 0
[Waiting_time_Solve] Agent 23 has waiting time 0
[Waiting_time_Solve] Agent 24 has waiting time 0
[Waiting_time_Solve] Agent 25 has waiting time 0
[Waiting_time_Solve] Agent 26 has waiting time 0
[Waiting_time_Solve] Agent 27 has waiting time 0
[Waiting_time_Solve] Agent 28 has waiting time 0
[Waiting_time_Solve] Agent 29 has waiting time 0
[Waiting_time_Solve] Agent 30 has waiting time 0
[Waiting_time_Solve] Agent 31 has waiting time 0
[Waiting_time_Solve] Agent 32 has waiting time 0
[Waiting_time_Solve] Agent 33 has waiting time 0
[Waiting_time_Solve] Agent 34 has waiting time 0
[Waiting_time_Solve] Agent 35 has waiting time 0
[Waiting_time_Solve] Agent 36 has waiting time 0
[Waiting_time_Solve] Agent 37 has waiting time 0
[Waiting_time_Solve] Agent 38 has waiting time 0
[Waiting_time_Solve] Agent 39 has waiting time 0
[Waiting_time_Solve] Agent 40 has waiting time 0
[Waiting_time_Solve] Agent 41 has waiting time 0
[Waiting_time_Solve] Agent 42 has waiting time 0
[Waiting_time_Solve] Agent 43 has waiting time 0
[Waiting_time_Solve] Agent 44 has waiting time 0
[Waiting_time_Solve] Agent 45 has waiting time 0
[Waiting_time_Solve] Agent 46 has waiting time 0
[Waiting_time_Solve] Agent 47 has waiting time 0
[Waiting_time_Solve] Agent 48 has waiting time 0
[Waiting_time_Solve] Agent 49 has waiting time 0
[Waiting_time_Solve] Agent 50 has waiting time 0
[Waiting_time_Solve] Agent 51 has waiting time 0
[Waiting_time_Solve] Agent 52 has waiting time 0
[Waiting_time_Solve] Agent 53 has waiting time 0
[Waiting_time_Solve] Agent 54 has waiting time 0
[Waiting_time_Solve] Agent 55 has waiting time 0
[Waiting_time_Solve] Agent 56 has waiting time 0
[Waiting_time_Solve] Agent 57 has waiting time 0
[Waiting_time_Solve] Agent 58 has waiting time 0
[Waiting_time_Solve] Agent 59 has waiting time 0
[Waiting_time_Solve] Agent 60 has waiting time 0
[Waiting_time_Solve] Agent 61 has waiting time 0
[Waiting_time_Solve] Agent 62 has waiting time 0
[Waiting_time_Solve] Agent 63 has waiting time 0
[Waiting_time_Solve] Agent 64 has waiting time 0
[Waiting_time_Solve] Agent 65 has waiting time 0
[Waiting_time_Solve] Agent 66 has waiting time 0
[Waiting_time_Solve] Agent 67 has waiting time 0
[Waiting_time_Solve] Agent 68 has waiting time 0
[Waiting_time_Solve] Agent 69 has waiting time 0
[Waiting_time_Solve] Agent 70 has waiting time 0
[Waiting_time_Solve] Agent 71 has waiting time 0
[Waiting_time_Solve] Agent 72 has waiting time 0
[Waiting_time_Solve] Agent 73 has waiting time 0
[Waiting_time_Solve] Agent 74 has waiting time 0
[Waiting_time_Solve] Agent 75 has waiting time 0
[Waiting_time_Solve] Agent 76 has waiting time 0
[Waiting_time_Solve] Agent 77 has waiting time 0
[Waiting_time_Solve] Agent 78 has waiting time 0
[Waiting_time_Solve] Agent 79 has waiting time 0
[Waiting_time_Solve] Agent 80 has waiting time 0
[Waiting_time_Solve] Agent 81 has waiting time 0
[Waiting_time_Solve] Agent 82 has waiting time 0
[Waiting_time_Solve] Agent 83 has waiting time 0
[Waiting_time_Solve] Agent 84 has waiting time 0
[Waiting_time_Solve] Agent 85 has waiting time 0
[Waiting_time_Solve] Agent 86 has waiting time 0
[Waiting_time_Solve] Agent 87 has waiting time 0
[Waiting_time_Solve] Agent 88 has waiting time 0
[Waiting_time_Solve] Agent 89 has waiting time 0
[Waiting_time_Solve] Agent 90 has waiting time 0
[Waiting_time_Solve] Agent 91 has waiting time 0
[Waiting_time_Solve] Agent 92 has waiting time 0
[Waiting_time_Solve] Agent 93 has waiting time 0
[Waiting_time_Solve] Agent 94 has waiting time 0
[Waiting_time_Solve] Agent 95 has waiting time 0
[Waiting_time_Solve] Agent 96 has waiting time 0
[Waiting_time_Solve] Agent 97 has waiting time 0
[Waiting_time_Solve] Agent 98 has waiting time 0
[Waiting_time_Solve] Agent 99 has waiting time 0
[Waiting_time_Solve] Agent 100 has waiting time 0
[Waiting_time_Solve] Agent 101 has waiting time 0
[Waiting_time_Solve] Agent 102 has waiting time 0
[Waiting_time_Solve] Agent 103 has waiting time 0
[Waiting_time_Solve] Agent 104 has waiting time 0
[Waiting_time_Solve] Agent 105 has waiting time 0
[Waiting_time_Solve] Agent 106 has waiting time 0
[Waiting_time_Solve] Agent 107 has waiting time 0
[Waiting_time_Solve] Agent 108 has waiting time 0
[Waiting_time_Solve] Agent 109 has waiting time 0
[Waiting_time_Solve] Agent 110 has waiting time 0
[Waiting_time_Solve] Agent 111 has waiting time 0
[Waiting_time_Solve] Agent 112 has waiting time 0
[Waiting_time_Solve] Agent 113 has waiting time 0
[Waiting_time_Solve] Agent 114 has waiting time 0
[Waiting_time_Solve] Agent 115 has waiting time 0
[Waiting_time_Solve] Agent 116 has waiting time 0
[Waiting_time_Solve] Agent 117 has waiting time 0
[Waiting_time_Solve] Agent 118 has waiting time 0
[Waiting_time_Solve] Agent 119 has waiting time 0
[Waiting_time_Solve] Agent 120 has waiting time 0
[Waiting_time_Solve] Agent 121 has waiting time 0
[Waiting_time_Solve] Agent 122 has waiting time 0
[Waiting_time_Solve] Agent 123 has waiting time 0
[Waiting_time_Solve] Agent 124 has waiting time 0
[Waiting_time_Solve] Agent 125 has waiting time 0
[Waiting_time_Solve] Agent 126 has waiting time 0
[Waiting_time_Solve] Agent 127 has waiting time 0
[Waiting_time_Solve] Agent 128 has waiting time 0
[Waiting_time_Solve] Agent 129 has waiting time 0
[Waiting_time_Solve] Agent 130 has waiting time 0
[Waiting_time_Solve] Agent 131 has waiting time 0
[Waiting_time_Solve] Agent 132 has waiting time 0
[Waiting_time_Solve] Agent 133 has waiting time 0
[Waiting_time_Solve] Agent 134 has waiting time 0
[Waiting_time_Solve] Agent 135 has waiting time 0
[Waiting_time_Solve] Agent 136 has waiting time 0
[Waiting_time_Solve] Agent 137 has waiting time 0
[Waiting_time_Solve] Agent 138 has waiting time 0
[Waiting_time_Solve] Agent 139 has waiting time 0
[Waiting_time_Solve] Agent 140 has waiting time 0
[Waiting_time_Solve] Agent 141 has waiting time 0
[Waiting_time_Solve] Agent 142 has waiting time 0
[Waiting_time_Solve] Agent 143 has waiting time 0
[Waiting_time_Solve] Agent 144 has waiting time 0
[Waiting_time_Solve] Agent 145 has waiting time 0
[Waiting_time_Solve] Agent 146 has waiting time 0
[Waiting_time_Solve] Agent 147 has waiting time 0
[Waiting_time_Solve] Agent 148 has waiting time 0
[Waiting_time_Solve] Agent 149 has waiting time 0
[Waiting_time_Solve] Agent 150 has waiting time 0
[Waiting_time_Solve] Agent 151 has waiting time 0
[Waiting_time_Solve] Agent 152 has waiting time 0
[Waiting_time_Solve] Agent 153 has waiting time 0
[Waiting_time_Solve] Agent 154 has waiting time 0
[Waiting_time_Solve] Agent 155 has waiting time 0
[Waiting_time_Solve] Agent 156 has waiting time 0
[Waiting_time_Solve] Agent 157 has waiting time 0
[Waiting_time_Solve] Agent 158 has waiting time 0
[Waiting_time_Solve] Agent 159 has waiting time 0
[Waiting_time_Solve] Agent 160 has waiting time 0
[Waiting_time_Solve] Agent 161 has waiting time 0
[Waiting_time_Solve] Agent 162 has waiting time 0
[Waiting_time_Solve] Agent 163 has waiting time 0
[Waiting_time_Solve] Agent 164 has waiting time 0
[Waiting_time_Solve] Agent 165 has waiting time 0
[Waiting_time_Solve] Agent 166 has waiting time 0
[Waiting_time_Solve] Agent 167 has waiting time 0
[Waiting_time_Solve] Agent 168 has waiting time 0
[Waiting_time_Solve] Agent 169 has waiting time 0
[Waiting_time_Solve] Agent 170 has waiting time 0
[Waiting_time_Solve] Agent 171 has waiting time 0
[Waiting_time_Solve] Agent 172 has waiting time 0
[Waiting_time_Solve] Agent 173 has waiting time 0
[Waiting_time_Solve] Agent 174 has waiting time 0
[Waiting_time_Solve] Agent 175 has waiting time 0
[Waiting_time_Solve] Agent 176 has waiting time 0
[Waiting_time_Solve] Agent 177 has waiting time 0
[Waiting_time_Solve] Agent 178 has waiting time 0
[Waiting_time_Solve] Agent 179 has waiting time 0
[Waiting_time_Solve] Agent 180 has waiting time 0
[Waiting_time_Solve] Agent 181 has waiting time 0
[Waiting_time_Solve] Agent 182 has waiting time 0
[Waiting_time_Solve] Agent 183 has waiting time 0
[Waiting_time_Solve] Agent 184 has waiting time 0
[Waiting_time_Solve] Agent 185 has waiting time 0
[Waiting_time_Solve] Agent 186 has waiting time 0
[Waiting_time_Solve] Agent 187 has waiting time 0
[Waiting_time_Solve] Agent 188 has waiting time 0
[Waiting_time_Solve] Agent 189 has waiting time 0
[Waiting_time_Solve] Agent 190 has waiting time 0
[Waiting_time_Solve] Agent 191 has waiting time 0
[Waiting_time_Solve] Agent 192 has waiting time 0
[Waiting_time_Solve] Agent 193 has waiting time 0
[Waiting_time_Solve] Agent 194 has waiting time 0
[Waiting_time_Solve] Agent 195 has waiting time 0
[Waiting_time_Solve] Agent 196 has waiting time 0
[Waiting_time_Solve] Agent 197 has waiting time 0
[Waiting_time_Solve] Agent 198 has waiting time 0
[Waiting_time_Solve] Agent 199 has waiting time 0
[Waiting_time_Solve] Total available waiting time: 0
[Waiting_time_Solve] Max iterations: 1
[Waiting_time_Solve] Iteration 0...
Command terminated after exceeding the time limit.
# Run terminated after reaching overall time limit

# Batch stopped after reaching overall time limit (elapsed 599s)
