# Batch started 2025-10-21 08:46:07 | map=/home/max/Documents/PhD/MAPF/LNS/MAPF_LNS_SAT/mapf-map/room-32-32-4.map | agents=100 | total_time_limit=600s

# Run 0 | scenario="/home/max/Documents/PhD/MAPF/LNS/MAPF_LNS_SAT/mapf-scen-even/scen-even/room-32-32-4-even-1.scen" | scenario_index=0
# Command: /home/max/Documents/PhD/MAPF/LNS/MAPF_LNS_SAT/lns_clean/main_clean_lns /home/max/Documents/PhD/MAPF/LNS/MAPF_LNS_SAT/mapf-map/room-32-32-4.map /home/max/Documents/PhD/MAPF/LNS/MAPF_LNS_SAT/mapf-scen-even/scen-even/room-32-32-4-even-1.scen 100 0 minisat 42
# Remaining time budget: 599 seconds
[LNS] Loaded map 32x32, agents: 100
[LNS] Map:
@@@.@.@@@.@@@.@@@.@@@.@@@.@@@.@@
@...@.......@...@.......@...@...
@...@...@...@.......@...@.......
....@...@.......@...@.......@...
@@@.@@.@@@@.@@.@@@@@@@@@@@@.@@.@
@.......@...........@...@...@...
....@.......@...@...@...@.......
@...@...@...@...@.......@...@...
@@@@@@.@@@@@@@.@@@.@@@@.@.@@@@@.
....@.......@.......@.......@...
@.......@...@...@...@...@.......
@...@...@.......@.......@...@...
@@@@@.@@@.@@@@@@@@.@@@.@@@@.@@@.
@...@.......@...@.......@...@...
@...@...@...........@...@.......
....@...@...@...@...@...@...@...
@@.@@@.@@@@.@@@@@@.@@@.@@@@.@@@.
....@...@...@...@.......@...@...
@...@.......@.......@...........
@.......@...@...@...@...@...@...
@@.@@@@@@.@@@@@@@@@@@@.@@@@.@@@.
@...@.......@...@.......@...@...
@.......@...@.......@...@...@...
....@...@.......@...@...@.......
@.@@@@@@@@@.@@@.@.@@@@@.@@@.@@.@
@...@...@...@...@...@.......@...
........@...@...@.......@...@...
@...@...@...........@...@...@...
@@@.@@@@@@.@@@@@@@.@@@@.@@@.@@@.
....@...@...@...@...@...@...@...
@...........@...@...@...@...@...
@...@...@...@...................
[LNS] Number of agents: 100
[LNS] Agents (start -> goal):
  Agent 0: (1,9) -> (21,29)
  Agent 1: (22,31) -> (23,5)
  Agent 2: (6,17) -> (1,17)
  Agent 3: (13,15) -> (14,30)
  Agent 4: (3,24) -> (21,11)
  Agent 5: (9,11) -> (29,29)
  Agent 6: (14,26) -> (19,25)
  Agent 7: (26,18) -> (25,26)
  Agent 8: (6,15) -> (5,31)
  Agent 9: (1,25) -> (1,29)
  Agent 10: (11,29) -> (11,31)
  Agent 11: (23,25) -> (1,1)
  Agent 12: (15,19) -> (20,27)
  Agent 13: (13,21) -> (20,31)
  Agent 14: (5,6) -> (31,23)
  Agent 15: (10,23) -> (23,0)
  Agent 16: (13,11) -> (16,6)
  Agent 17: (5,2) -> (26,26)
  Agent 18: (17,0) -> (18,1)
  Agent 19: (8,18) -> (13,25)
  Agent 20: (15,10) -> (13,15)
  Agent 21: (21,2) -> (15,2)
  Agent 22: (30,13) -> (3,30)
  Agent 23: (6,1) -> (13,18)
  Agent 24: (15,1) -> (13,17)
  Agent 25: (17,27) -> (6,29)
  Agent 26: (0,5) -> (25,31)
  Agent 27: (6,3) -> (27,22)
  Agent 28: (18,31) -> (25,17)
  Agent 29: (26,0) -> (17,0)
  Agent 30: (13,14) -> (15,17)
  Agent 31: (6,18) -> (7,18)
  Agent 32: (21,26) -> (27,6)
  Agent 33: (21,9) -> (3,29)
  Agent 34: (25,7) -> (18,29)
  Agent 35: (31,27) -> (3,14)
  Agent 36: (26,5) -> (14,3)
  Agent 37: (2,2) -> (21,15)
  Agent 38: (26,10) -> (4,6)
  Agent 39: (26,6) -> (14,14)
  Agent 40: (23,26) -> (21,19)
  Agent 41: (16,2) -> (27,30)
  Agent 42: (28,18) -> (10,15)
  Agent 43: (19,7) -> (10,19)
  Agent 44: (7,18) -> (6,5)
  Agent 45: (11,27) -> (2,23)
  Agent 46: (10,31) -> (25,6)
  Agent 47: (9,18) -> (31,10)
  Agent 48: (3,18) -> (31,13)
  Agent 49: (20,9) -> (18,10)
  Agent 50: (9,30) -> (21,25)
  Agent 51: (19,25) -> (21,31)
  Agent 52: (25,21) -> (30,2)
  Agent 53: (2,25) -> (1,9)
  Agent 54: (30,6) -> (7,15)
  Agent 55: (16,18) -> (6,19)
  Agent 56: (31,13) -> (2,19)
  Agent 57: (2,17) -> (30,14)
  Agent 58: (30,29) -> (31,31)
  Agent 59: (29,10) -> (6,17)
  Agent 60: (29,14) -> (3,18)
  Agent 61: (6,23) -> (2,31)
  Agent 62: (2,22) -> (30,15)
  Agent 63: (2,5) -> (29,15)
  Agent 64: (27,11) -> (19,6)
  Agent 65: (6,11) -> (29,9)
  Agent 66: (5,15) -> (6,0)
  Agent 67: (9,9) -> (22,10)
  Agent 68: (27,5) -> (22,17)
  Agent 69: (1,13) -> (2,3)
  Agent 70: (9,24) -> (11,27)
  Agent 71: (27,9) -> (28,31)
  Agent 72: (27,29) -> (3,3)
  Agent 73: (21,20) -> (19,27)
  Agent 74: (18,26) -> (17,5)
  Agent 75: (26,31) -> (3,7)
  Agent 76: (23,15) -> (1,20)
  Agent 77: (9,29) -> (30,11)
  Agent 78: (15,30) -> (27,2)
  Agent 79: (14,6) -> (9,13)
  Agent 80: (31,28) -> (0,5)
  Agent 81: (0,29) -> (5,12)
  Agent 82: (28,3) -> (1,23)
  Agent 83: (8,6) -> (3,31)
  Agent 84: (19,19) -> (3,11)
  Agent 85: (25,5) -> (13,30)
  Agent 86: (24,30) -> (31,30)
  Agent 87: (26,25) -> (9,16)
  Agent 88: (13,30) -> (26,18)
  Agent 89: (31,17) -> (26,10)
  Agent 90: (12,9) -> (6,30)
  Agent 91: (14,9) -> (10,14)
  Agent 92: (1,17) -> (19,18)
  Agent 93: (27,18) -> (5,9)
  Agent 94: (24,15) -> (6,28)
  Agent 95: (29,13) -> (0,17)
  Agent 96: (29,6) -> (21,1)
  Agent 97: (19,14) -> (17,14)
  Agent 98: (12,27) -> (6,2)
  Agent 99: (26,11) -> (18,19)
[LNS] Base makespan: 55

[LNS] === Attempt with max_timesteps=55 ===
[SAT] Creating MDDs with shortest paths + waiting time...
[SAT] Created 100 MDDs with waiting time structure
[LNS] Built MDDs with waiting time structure for 100 agents at makespan 55
[Current_Solution] Calculating waiting times for agents...
[Current_Solution] Agent 99 reaches goal at t=24, waiting time=31
[Current_Solution] Agent 98 reaches goal at t=35, waiting time=20
[Current_Solution] Agent 97 reaches goal at t=2, waiting time=53
[Current_Solution] Agent 96 reaches goal at t=15, waiting time=40
[Current_Solution] Agent 95 reaches goal at t=55, waiting time=0
[Current_Solution] Agent 94 reaches goal at t=31, waiting time=24
[Current_Solution] Agent 93 reaches goal at t=39, waiting time=16
[Current_Solution] Agent 92 reaches goal at t=25, waiting time=30
[Current_Solution] Agent 91 reaches goal at t=9, waiting time=46
[Current_Solution] Agent 90 reaches goal at t=31, waiting time=24
[Current_Solution] Agent 89 reaches goal at t=14, waiting time=41
[Current_Solution] Agent 88 reaches goal at t=25, waiting time=30
[Current_Solution] Agent 87 reaches goal at t=26, waiting time=29
[Current_Solution] Agent 86 reaches goal at t=9, waiting time=46
[Current_Solution] Agent 85 reaches goal at t=51, waiting time=4
[Current_Solution] Agent 84 reaches goal at t=24, waiting time=31
[Current_Solution] Agent 83 reaches goal at t=36, waiting time=19
[Current_Solution] Agent 82 reaches goal at t=51, waiting time=4
[Current_Solution] Agent 81 reaches goal at t=26, waiting time=29
[Current_Solution] Agent 80 reaches goal at t=54, waiting time=1
[Current_Solution] Agent 79 reaches goal at t=12, waiting time=43
[Current_Solution] Agent 78 reaches goal at t=48, waiting time=7
[Current_Solution] Agent 77 reaches goal at t=41, waiting time=14
[Current_Solution] Agent 76 reaches goal at t=41, waiting time=14
[Current_Solution] Agent 75 reaches goal at t=49, waiting time=6
[Current_Solution] Agent 74 reaches goal at t=30, waiting time=25
[Current_Solution] Agent 73 reaches goal at t=11, waiting time=44
[Current_Solution] Agent 72 reaches goal at t=52, waiting time=3
[Current_Solution] Agent 71 reaches goal at t=29, waiting time=26
[Current_Solution] Agent 70 reaches goal at t=5, waiting time=50
[Current_Solution] Agent 69 reaches goal at t=19, waiting time=36
[Current_Solution] Agent 68 reaches goal at t=29, waiting time=26
[Current_Solution] Agent 67 reaches goal at t=18, waiting time=37
[Current_Solution] Agent 66 reaches goal at t=18, waiting time=37
[Current_Solution] Agent 65 reaches goal at t=37, waiting time=18
[Current_Solution] Agent 64 reaches goal at t=15, waiting time=40
[Current_Solution] Agent 63 reaches goal at t=49, waiting time=6
[Current_Solution] Agent 62 reaches goal at t=49, waiting time=6
[Current_Solution] Agent 61 reaches goal at t=18, waiting time=37
[Current_Solution] Agent 60 reaches goal at t=54, waiting time=1
[Current_Solution] Agent 59 reaches goal at t=36, waiting time=19
[Current_Solution] Agent 58 reaches goal at t=3, waiting time=52
[Current_Solution] Agent 57 reaches goal at t=51, waiting time=4
[Current_Solution] Agent 56 reaches goal at t=53, waiting time=2
[Current_Solution] Agent 55 reaches goal at t=11, waiting time=44
[Current_Solution] Agent 54 reaches goal at t=40, waiting time=15
[Current_Solution] Agent 53 reaches goal at t=23, waiting time=32
[Current_Solution] Agent 52 reaches goal at t=24, waiting time=31
[Current_Solution] Agent 51 reaches goal at t=10, waiting time=45
[Current_Solution] Agent 50 reaches goal at t=17, waiting time=38
[Current_Solution] Agent 49 reaches goal at t=3, waiting time=52
[Current_Solution] Agent 48 reaches goal at t=53, waiting time=2
[Current_Solution] Agent 47 reaches goal at t=34, waiting time=21
[Current_Solution] Agent 46 reaches goal at t=54, waiting time=1
[Current_Solution] Agent 45 reaches goal at t=17, waiting time=38
[Current_Solution] Agent 44 reaches goal at t=16, waiting time=39
[Current_Solution] Agent 43 reaches goal at t=21, waiting time=34
[Current_Solution] Agent 42 reaches goal at t=33, waiting time=22
[Current_Solution] Agent 41 reaches goal at t=49, waiting time=6
[Current_Solution] Agent 40 reaches goal at t=15, waiting time=40
[Current_Solution] Agent 39 reaches goal at t=30, waiting time=25
[Current_Solution] Agent 38 reaches goal at t=30, waiting time=25
[Current_Solution] Agent 37 reaches goal at t=38, waiting time=17
[Current_Solution] Agent 36 reaches goal at t=18, waiting time=37
[Current_Solution] Agent 35 reaches goal at t=41, waiting time=14
[Current_Solution] Agent 34 reaches goal at t=47, waiting time=8
[Current_Solution] Agent 33 reaches goal at t=40, waiting time=15
[Current_Solution] Agent 32 reaches goal at t=42, waiting time=13
[Current_Solution] Agent 31 reaches goal at t=1, waiting time=54
[Current_Solution] Agent 30 reaches goal at t=5, waiting time=50
[Current_Solution] Agent 29 reaches goal at t=13, waiting time=42
[Current_Solution] Agent 28 reaches goal at t=21, waiting time=34
[Current_Solution] Agent 27 reaches goal at t=44, waiting time=11
[Current_Solution] Agent 26 reaches goal at t=51, waiting time=4
[Current_Solution] Agent 25 reaches goal at t=17, waiting time=38
[Current_Solution] Agent 24 reaches goal at t=26, waiting time=29
[Current_Solution] Agent 23 reaches goal at t=28, waiting time=27
[Current_Solution] Agent 22 reaches goal at t=48, waiting time=7
[Current_Solution] Agent 21 reaches goal at t=6, waiting time=49
[Current_Solution] Agent 20 reaches goal at t=7, waiting time=48
[Current_Solution] Agent 19 reaches goal at t=18, waiting time=37
[Current_Solution] Agent 18 reaches goal at t=2, waiting time=53
[Current_Solution] Agent 17 reaches goal at t=45, waiting time=10
[Current_Solution] Agent 16 reaches goal at t=8, waiting time=47
[Current_Solution] Agent 15 reaches goal at t=36, waiting time=19
[Current_Solution] Agent 14 reaches goal at t=43, waiting time=12
[Current_Solution] Agent 13 reaches goal at t=17, waiting time=38
[Current_Solution] Agent 12 reaches goal at t=15, waiting time=40
[Current_Solution] Agent 11 reaches goal at t=50, waiting time=5
[Current_Solution] Agent 10 reaches goal at t=2, waiting time=53
[Current_Solution] Agent 9 reaches goal at t=6, waiting time=49
[Current_Solution] Agent 8 reaches goal at t=25, waiting time=30
[Current_Solution] Agent 7 reaches goal at t=9, waiting time=46
[Current_Solution] Agent 6 reaches goal at t=8, waiting time=47
[Current_Solution] Agent 5 reaches goal at t=46, waiting time=9
[Current_Solution] Agent 4 reaches goal at t=41, waiting time=14
[Current_Solution] Agent 3 reaches goal at t=24, waiting time=31
[Current_Solution] Agent 2 reaches goal at t=11, waiting time=44
[Current_Solution] Agent 1 reaches goal at t=39, waiting time=16
[Current_Solution] Agent 0 reaches goal at t=44, waiting time=11
[Current_Solution] Waiting time calculation complete
[LNS] Created current solution with 100 agent paths on a map of size 32x32
[LNS] Analyzing conflicts...
[LNS] Current solution: vertex collisions=525, edge collisions=108
[LNS] Creating conflict buckets...
[LOCAL ZONE] Building diamond bucket for conflict 525
[LOCAL ZONE] Built diamond bucket for conflict 525 with 8 positions, 2 conflicts, 0 - 1 time window
[LNS] Selected most relevant bucket 7 with time window: 0 - 1, 2 conflicts and 8 positions.
[LNS] Solving the best bucket Local Zone...
[Solve_local_zone] Local zone size reached 95% of all walkable positions
[Solve_local_zone] Will try to solve with full time window and all positions
[Solve_local_zone] Makespan: 55
[Solve_local_zone] Time window: [0, 55]
[Current_Solution] Agent 0 used 11 waiting timesteps, 0 remaining
[Current_Solution] Agent 1 used 16 waiting timesteps, 0 remaining
[Current_Solution] Agent 2 used 44 waiting timesteps, 0 remaining
[Current_Solution] Agent 3 used 31 waiting timesteps, 0 remaining
[Current_Solution] Agent 4 used 14 waiting timesteps, 0 remaining
[Current_Solution] Agent 5 used 9 waiting timesteps, 0 remaining
[Current_Solution] Agent 6 used 47 waiting timesteps, 0 remaining
[Current_Solution] Agent 7 used 46 waiting timesteps, 0 remaining
[Current_Solution] Agent 8 used 30 waiting timesteps, 0 remaining
[Current_Solution] Agent 9 used 49 waiting timesteps, 0 remaining
[Current_Solution] Agent 10 used 53 waiting timesteps, 0 remaining
[Current_Solution] Agent 11 used 5 waiting timesteps, 0 remaining
[Current_Solution] Agent 12 used 40 waiting timesteps, 0 remaining
[Current_Solution] Agent 13 used 38 waiting timesteps, 0 remaining
[Current_Solution] Agent 14 used 12 waiting timesteps, 0 remaining
[Current_Solution] Agent 15 used 19 waiting timesteps, 0 remaining
[Current_Solution] Agent 16 used 47 waiting timesteps, 0 remaining
[Current_Solution] Agent 17 used 10 waiting timesteps, 0 remaining
[Current_Solution] Agent 18 used 53 waiting timesteps, 0 remaining
[Current_Solution] Agent 19 used 37 waiting timesteps, 0 remaining
[Current_Solution] Agent 20 used 48 waiting timesteps, 0 remaining
[Current_Solution] Agent 21 used 49 waiting timesteps, 0 remaining
[Current_Solution] Agent 22 used 7 waiting timesteps, 0 remaining
[Current_Solution] Agent 23 used 27 waiting timesteps, 0 remaining
[Current_Solution] Agent 24 used 29 waiting timesteps, 0 remaining
[Current_Solution] Agent 25 used 38 waiting timesteps, 0 remaining
[Current_Solution] Agent 26 used 4 waiting timesteps, 0 remaining
[Current_Solution] Agent 27 used 11 waiting timesteps, 0 remaining
[Current_Solution] Agent 28 used 34 waiting timesteps, 0 remaining
[Current_Solution] Agent 29 used 42 waiting timesteps, 0 remaining
[Current_Solution] Agent 30 used 50 waiting timesteps, 0 remaining
[Current_Solution] Agent 31 used 54 waiting timesteps, 0 remaining
[Current_Solution] Agent 32 used 13 waiting timesteps, 0 remaining
[Current_Solution] Agent 33 used 15 waiting timesteps, 0 remaining
[Current_Solution] Agent 34 used 8 waiting timesteps, 0 remaining
[Current_Solution] Agent 35 used 14 waiting timesteps, 0 remaining
[Current_Solution] Agent 36 used 37 waiting timesteps, 0 remaining
[Current_Solution] Agent 37 used 17 waiting timesteps, 0 remaining
[Current_Solution] Agent 38 used 25 waiting timesteps, 0 remaining
[Current_Solution] Agent 39 used 25 waiting timesteps, 0 remaining
[Current_Solution] Agent 40 used 40 waiting timesteps, 0 remaining
[Current_Solution] Agent 41 used 6 waiting timesteps, 0 remaining
[Current_Solution] Agent 42 used 22 waiting timesteps, 0 remaining
[Current_Solution] Agent 43 used 34 waiting timesteps, 0 remaining
[Current_Solution] Agent 44 used 39 waiting timesteps, 0 remaining
[Current_Solution] Agent 45 used 38 waiting timesteps, 0 remaining
[Current_Solution] Agent 46 used 1 waiting timesteps, 0 remaining
[Current_Solution] Agent 47 used 21 waiting timesteps, 0 remaining
[Current_Solution] Agent 48 used 2 waiting timesteps, 0 remaining
[Current_Solution] Agent 49 used 52 waiting timesteps, 0 remaining
[Current_Solution] Agent 50 used 38 waiting timesteps, 0 remaining
[Current_Solution] Agent 51 used 45 waiting timesteps, 0 remaining
[Current_Solution] Agent 52 used 31 waiting timesteps, 0 remaining
[Current_Solution] Agent 53 used 32 waiting timesteps, 0 remaining
[Current_Solution] Agent 54 used 15 waiting timesteps, 0 remaining
[Current_Solution] Agent 55 used 44 waiting timesteps, 0 remaining
[Current_Solution] Agent 56 used 2 waiting timesteps, 0 remaining
[Current_Solution] Agent 57 used 4 waiting timesteps, 0 remaining
[Current_Solution] Agent 58 used 52 waiting timesteps, 0 remaining
[Current_Solution] Agent 59 used 19 waiting timesteps, 0 remaining
[Current_Solution] Agent 60 used 1 waiting timesteps, 0 remaining
[Current_Solution] Agent 61 used 37 waiting timesteps, 0 remaining
[Current_Solution] Agent 62 used 6 waiting timesteps, 0 remaining
[Current_Solution] Agent 63 used 6 waiting timesteps, 0 remaining
[Current_Solution] Agent 64 used 40 waiting timesteps, 0 remaining
[Current_Solution] Agent 65 used 18 waiting timesteps, 0 remaining
[Current_Solution] Agent 66 used 37 waiting timesteps, 0 remaining
[Current_Solution] Agent 67 used 37 waiting timesteps, 0 remaining
[Current_Solution] Agent 68 used 26 waiting timesteps, 0 remaining
[Current_Solution] Agent 69 used 36 waiting timesteps, 0 remaining
[Current_Solution] Agent 70 used 50 waiting timesteps, 0 remaining
[Current_Solution] Agent 71 used 26 waiting timesteps, 0 remaining
[Current_Solution] Agent 72 used 3 waiting timesteps, 0 remaining
[Current_Solution] Agent 73 used 44 waiting timesteps, 0 remaining
[Current_Solution] Agent 74 used 25 waiting timesteps, 0 remaining
[Current_Solution] Agent 75 used 6 waiting timesteps, 0 remaining
[Current_Solution] Agent 76 used 14 waiting timesteps, 0 remaining
[Current_Solution] Agent 77 used 14 waiting timesteps, 0 remaining
[Current_Solution] Agent 78 used 7 waiting timesteps, 0 remaining
[Current_Solution] Agent 79 used 43 waiting timesteps, 0 remaining
[Current_Solution] Agent 80 used 1 waiting timesteps, 0 remaining
[Current_Solution] Agent 81 used 29 waiting timesteps, 0 remaining
[Current_Solution] Agent 82 used 4 waiting timesteps, 0 remaining
[Current_Solution] Agent 83 used 19 waiting timesteps, 0 remaining
[Current_Solution] Agent 84 used 31 waiting timesteps, 0 remaining
[Current_Solution] Agent 85 used 4 waiting timesteps, 0 remaining
[Current_Solution] Agent 86 used 46 waiting timesteps, 0 remaining
[Current_Solution] Agent 87 used 29 waiting timesteps, 0 remaining
[Current_Solution] Agent 88 used 30 waiting timesteps, 0 remaining
[Current_Solution] Agent 89 used 41 waiting timesteps, 0 remaining
[Current_Solution] Agent 90 used 24 waiting timesteps, 0 remaining
[Current_Solution] Agent 91 used 46 waiting timesteps, 0 remaining
[Current_Solution] Agent 92 used 30 waiting timesteps, 0 remaining
[Current_Solution] Agent 93 used 16 waiting timesteps, 0 remaining
[Current_Solution] Agent 94 used 24 waiting timesteps, 0 remaining
[Current_Solution] Agent 96 used 40 waiting timesteps, 0 remaining
[Current_Solution] Agent 97 used 53 waiting timesteps, 0 remaining
[Current_Solution] Agent 98 used 20 waiting timesteps, 0 remaining
[Current_Solution] Agent 99 used 31 waiting timesteps, 0 remaining
[Waiting_time_Solve] Agent 0 has waiting time 0
[Waiting_time_Solve] Agent 1 has waiting time 0
[Waiting_time_Solve] Agent 2 has waiting time 0
[Waiting_time_Solve] Agent 3 has waiting time 0
[Waiting_time_Solve] Agent 4 has waiting time 0
[Waiting_time_Solve] Agent 5 has waiting time 0
[Waiting_time_Solve] Agent 6 has waiting time 0
[Waiting_time_Solve] Agent 7 has waiting time 0
[Waiting_time_Solve] Agent 8 has waiting time 0
[Waiting_time_Solve] Agent 9 has waiting time 0
[Waiting_time_Solve] Agent 10 has waiting time 0
[Waiting_time_Solve] Agent 11 has waiting time 0
[Waiting_time_Solve] Agent 12 has waiting time 0
[Waiting_time_Solve] Agent 13 has waiting time 0
[Waiting_time_Solve] Agent 14 has waiting time 0
[Waiting_time_Solve] Agent 15 has waiting time 0
[Waiting_time_Solve] Agent 16 has waiting time 0
[Waiting_time_Solve] Agent 17 has waiting time 0
[Waiting_time_Solve] Agent 18 has waiting time 0
[Waiting_time_Solve] Agent 19 has waiting time 0
[Waiting_time_Solve] Agent 20 has waiting time 0
[Waiting_time_Solve] Agent 21 has waiting time 0
[Waiting_time_Solve] Agent 22 has waiting time 0
[Waiting_time_Solve] Agent 23 has waiting time 0
[Waiting_time_Solve] Agent 24 has waiting time 0
[Waiting_time_Solve] Agent 25 has waiting time 0
[Waiting_time_Solve] Agent 26 has waiting time 0
[Waiting_time_Solve] Agent 27 has waiting time 0
[Waiting_time_Solve] Agent 28 has waiting time 0
[Waiting_time_Solve] Agent 29 has waiting time 0
[Waiting_time_Solve] Agent 30 has waiting time 0
[Waiting_time_Solve] Agent 31 has waiting time 0
[Waiting_time_Solve] Agent 32 has waiting time 0
[Waiting_time_Solve] Agent 33 has waiting time 0
[Waiting_time_Solve] Agent 34 has waiting time 0
[Waiting_time_Solve] Agent 35 has waiting time 0
[Waiting_time_Solve] Agent 36 has waiting time 0
[Waiting_time_Solve] Agent 37 has waiting time 0
[Waiting_time_Solve] Agent 38 has waiting time 0
[Waiting_time_Solve] Agent 39 has waiting time 0
[Waiting_time_Solve] Agent 40 has waiting time 0
[Waiting_time_Solve] Agent 41 has waiting time 0
[Waiting_time_Solve] Agent 42 has waiting time 0
[Waiting_time_Solve] Agent 43 has waiting time 0
[Waiting_time_Solve] Agent 44 has waiting time 0
[Waiting_time_Solve] Agent 45 has waiting time 0
[Waiting_time_Solve] Agent 46 has waiting time 0
[Waiting_time_Solve] Agent 47 has waiting time 0
[Waiting_time_Solve] Agent 48 has waiting time 0
[Waiting_time_Solve] Agent 49 has waiting time 0
[Waiting_time_Solve] Agent 50 has waiting time 0
[Waiting_time_Solve] Agent 51 has waiting time 0
[Waiting_time_Solve] Agent 52 has waiting time 0
[Waiting_time_Solve] Agent 53 has waiting time 0
[Waiting_time_Solve] Agent 54 has waiting time 0
[Waiting_time_Solve] Agent 55 has waiting time 0
[Waiting_time_Solve] Agent 56 has waiting time 0
[Waiting_time_Solve] Agent 57 has waiting time 0
[Waiting_time_Solve] Agent 58 has waiting time 0
[Waiting_time_Solve] Agent 59 has waiting time 0
[Waiting_time_Solve] Agent 60 has waiting time 0
[Waiting_time_Solve] Agent 61 has waiting time 0
[Waiting_time_Solve] Agent 62 has waiting time 0
[Waiting_time_Solve] Agent 63 has waiting time 0
[Waiting_time_Solve] Agent 64 has waiting time 0
[Waiting_time_Solve] Agent 65 has waiting time 0
[Waiting_time_Solve] Agent 66 has waiting time 0
[Waiting_time_Solve] Agent 67 has waiting time 0
[Waiting_time_Solve] Agent 68 has waiting time 0
[Waiting_time_Solve] Agent 69 has waiting time 0
[Waiting_time_Solve] Agent 70 has waiting time 0
[Waiting_time_Solve] Agent 71 has waiting time 0
[Waiting_time_Solve] Agent 72 has waiting time 0
[Waiting_time_Solve] Agent 73 has waiting time 0
[Waiting_time_Solve] Agent 74 has waiting time 0
[Waiting_time_Solve] Agent 75 has waiting time 0
[Waiting_time_Solve] Agent 76 has waiting time 0
[Waiting_time_Solve] Agent 77 has waiting time 0
[Waiting_time_Solve] Agent 78 has waiting time 0
[Waiting_time_Solve] Agent 79 has waiting time 0
[Waiting_time_Solve] Agent 80 has waiting time 0
[Waiting_time_Solve] Agent 81 has waiting time 0
[Waiting_time_Solve] Agent 82 has waiting time 0
[Waiting_time_Solve] Agent 83 has waiting time 0
[Waiting_time_Solve] Agent 84 has waiting time 0
[Waiting_time_Solve] Agent 85 has waiting time 0
[Waiting_time_Solve] Agent 86 has waiting time 0
[Waiting_time_Solve] Agent 87 has waiting time 0
[Waiting_time_Solve] Agent 88 has waiting time 0
[Waiting_time_Solve] Agent 89 has waiting time 0
[Waiting_time_Solve] Agent 90 has waiting time 0
[Waiting_time_Solve] Agent 91 has waiting time 0
[Waiting_time_Solve] Agent 92 has waiting time 0
[Waiting_time_Solve] Agent 93 has waiting time 0
[Waiting_time_Solve] Agent 94 has waiting time 0
[Waiting_time_Solve] Agent 95 has waiting time 0
[Waiting_time_Solve] Agent 96 has waiting time 0
[Waiting_time_Solve] Agent 97 has waiting time 0
[Waiting_time_Solve] Agent 98 has waiting time 0
[Waiting_time_Solve] Agent 99 has waiting time 0
[Waiting_time_Solve] Total available waiting time: 0
[Waiting_time_Solve] Max iterations: 1
[Waiting_time_Solve] Iteration 0...
Command terminated after exceeding the time limit.
# Run terminated after reaching overall time limit

# Batch stopped after reaching overall time limit (elapsed 599s)
