# Batch started 2025-10-21 10:25:58 | map=/home/max/Documents/PhD/MAPF/LNS/MAPF_LNS_SAT/mapf-map/room-64-64-16.map | agents=200 | total_time_limit=600s

# Run 0 | scenario="/home/max/Documents/PhD/MAPF/LNS/MAPF_LNS_SAT/mapf-scen-even/scen-even/room-64-64-16-even-1.scen" | scenario_index=0
# Command: /home/max/Documents/PhD/MAPF/LNS/MAPF_LNS_SAT/lns_clean/main_clean_lns /home/max/Documents/PhD/MAPF/LNS/MAPF_LNS_SAT/mapf-map/room-64-64-16.map /home/max/Documents/PhD/MAPF/LNS/MAPF_LNS_SAT/mapf-scen-even/scen-even/room-64-64-16-even-1.scen 200 0 minisat 42
# Remaining time budget: 599 seconds
[LNS] Loaded map 64x64, agents: 200
[LNS] Map:
@.@@@@@@@@@@.@@@@@@@@@@@@.@.@@@@@@@@@@@@.@@.@@@@@@@@@@@@@@@..@@@
@...............@...............@...............@...............
@...............@...............@...............@...............
@...............@...............@...............................
@...............@...............@...............@...............
@...............@...............@...............@...............
@...............@...............@...............@...............
@...............@...............@...............................
@...............@...............@...............@...............
@...............................@...............@...............
@...............@...............@...............@...............
@...............................................@...............
@...............@...............@...............@...............
@...............@...............@...............@...............
@...............@...............................@...............
@...............@...............@...............@...............
@.@@@@@@@@@@@@@@@@@@@@@@@@@@@@@@@@@@@.@@@.@@@@@@@@@@.@@@@@@@@@@.
@...............@...............@...............@...............
................@...............@...............@...............
@...............@...............@...............@...............
................@...............................@...............
@...............@...............@...............@...............
@...............@...............@...............................
@...............@...............@...............@...............
@...............@...............@...............@...............
@...............@...............@...............@...............
@...............@...............@...............@...............
@...............@...............@...............@...............
@...............@...............@...............@...............
@...............@...............@...............................
@...............@...............@...............@...............
@...............@...............@...............@...............
@@@@@@@.@.@@@@@@@@@@@@@@@@@@@@@@@@@@@@@@@@@@.@@.@@@@@@@@@@@@@@@@
@...............@...............@...............................
................@...............@...............@...............
@...............@...............@...............@...............
@...............@...............@...............@...............
@...............@...............................@...............
@...............@...............@...............@...............
@...............@...............@...............@...............
@...............@...............@...............@...............
@...............@...............................@...............
@...............@...............@...............@...............
................@...............@...............@...............
@...............@...............@...............................
@...............@...............@...............@...............
@...............@...............@...............@...............
@...............@...............@...............@...............
@.@@@@.@@@@@@@@@@@@@@@@@@@@@@@@@@..@@@@@@@@@@@@@@@@@@@@@@.@.@@@@
@...............@...............@...............@...............
@...............@...............@...............@...............
@...............@...............@...............@...............
@...............@...............@...............@...............
@...............@...............@...............@...............
@...............@...............@...............@...............
@...............@...............@...............................
@...............@...............@...............@...............
@...............................@...............@...............
................@...............@...............@...............
@...............@...............@...............@...............
@...............@...............@...............@...............
@...............@...............@...............@...............
@...............@...............@...............................
................................@...............@...............
[LNS] Number of agents: 200
[LNS] Agents (start -> goal):
  Agent 0: (7,45) -> (56,4)
  Agent 1: (36,54) -> (55,3)
  Agent 2: (23,7) -> (26,50)
  Agent 3: (59,23) -> (59,39)
  Agent 4: (33,54) -> (33,44)
  Agent 5: (7,29) -> (20,44)
  Agent 6: (31,58) -> (26,1)
  Agent 7: (24,44) -> (15,20)
  Agent 8: (38,20) -> (26,7)
  Agent 9: (57,60) -> (49,26)
  Agent 10: (62,46) -> (62,21)
  Agent 11: (12,23) -> (53,6)
  Agent 12: (24,31) -> (62,34)
  Agent 13: (62,48) -> (50,17)
  Agent 14: (12,4) -> (51,27)
  Agent 15: (21,42) -> (17,61)
  Agent 16: (57,33) -> (47,47)
  Agent 17: (15,51) -> (7,40)
  Agent 18: (23,20) -> (41,19)
  Agent 19: (0,43) -> (59,46)
  Agent 20: (53,19) -> (45,27)
  Agent 21: (43,3) -> (20,47)
  Agent 22: (47,28) -> (12,23)
  Agent 23: (52,35) -> (3,3)
  Agent 24: (56,19) -> (13,8)
  Agent 25: (42,38) -> (33,58)
  Agent 26: (49,11) -> (6,61)
  Agent 27: (46,30) -> (62,18)
  Agent 28: (38,50) -> (5,8)
  Agent 29: (25,46) -> (60,15)
  Agent 30: (38,19) -> (49,31)
  Agent 31: (63,30) -> (54,34)
  Agent 32: (62,57) -> (10,20)
  Agent 33: (9,38) -> (26,2)
  Agent 34: (58,0) -> (50,50)
  Agent 35: (46,3) -> (55,7)
  Agent 36: (60,20) -> (31,35)
  Agent 37: (29,56) -> (33,1)
  Agent 38: (53,31) -> (46,26)
  Agent 39: (53,15) -> (40,40)
  Agent 40: (22,61) -> (50,24)
  Agent 41: (29,1) -> (26,41)
  Agent 42: (5,18) -> (43,2)
  Agent 43: (6,18) -> (27,57)
  Agent 44: (3,54) -> (11,52)
  Agent 45: (62,60) -> (63,26)
  Agent 46: (57,22) -> (14,8)
  Agent 47: (62,19) -> (60,40)
  Agent 48: (54,46) -> (57,38)
  Agent 49: (46,33) -> (61,12)
  Agent 50: (45,49) -> (60,10)
  Agent 51: (22,18) -> (17,17)
  Agent 52: (9,22) -> (25,56)
  Agent 53: (61,14) -> (43,24)
  Agent 54: (6,10) -> (29,21)
  Agent 55: (6,59) -> (10,51)
  Agent 56: (58,61) -> (59,12)
  Agent 57: (10,18) -> (49,37)
  Agent 58: (53,20) -> (38,42)
  Agent 59: (48,59) -> (12,11)
  Agent 60: (56,20) -> (13,27)
  Agent 61: (14,14) -> (39,44)
  Agent 62: (44,25) -> (38,54)
  Agent 63: (5,50) -> (42,36)
  Agent 64: (46,14) -> (5,19)
  Agent 65: (38,59) -> (61,18)
  Agent 66: (59,2) -> (7,21)
  Agent 67: (58,13) -> (39,28)
  Agent 68: (53,3) -> (18,25)
  Agent 69: (44,19) -> (24,9)
  Agent 70: (40,51) -> (4,61)
  Agent 71: (21,20) -> (54,19)
  Agent 72: (42,25) -> (34,14)
  Agent 73: (17,11) -> (37,4)
  Agent 74: (60,33) -> (60,34)
  Agent 75: (45,57) -> (35,11)
  Agent 76: (38,13) -> (54,52)
  Agent 77: (21,9) -> (8,50)
  Agent 78: (3,45) -> (24,10)
  Agent 79: (60,54) -> (59,11)
  Agent 80: (53,21) -> (60,44)
  Agent 81: (8,18) -> (29,26)
  Agent 82: (30,41) -> (23,44)
  Agent 83: (63,1) -> (39,59)
  Agent 84: (8,59) -> (39,14)
  Agent 85: (26,62) -> (5,28)
  Agent 86: (34,44) -> (5,36)
  Agent 87: (9,3) -> (55,58)
  Agent 88: (8,36) -> (51,15)
  Agent 89: (17,34) -> (23,8)
  Agent 90: (27,35) -> (52,1)
  Agent 91: (42,52) -> (38,28)
  Agent 92: (52,6) -> (11,18)
  Agent 93: (29,25) -> (19,23)
  Agent 94: (51,53) -> (57,25)
  Agent 95: (44,22) -> (12,56)
  Agent 96: (39,12) -> (2,52)
  Agent 97: (50,37) -> (32,9)
  Agent 98: (27,58) -> (63,31)
  Agent 99: (54,21) -> (5,45)
  Agent 100: (62,56) -> (52,12)
  Agent 101: (47,40) -> (30,38)
  Agent 102: (57,7) -> (39,58)
  Agent 103: (44,38) -> (14,26)
  Agent 104: (60,22) -> (61,21)
  Agent 105: (17,42) -> (54,3)
  Agent 106: (31,60) -> (34,23)
  Agent 107: (34,5) -> (17,10)
  Agent 108: (31,31) -> (26,47)
  Agent 109: (51,47) -> (51,11)
  Agent 110: (2,53) -> (60,13)
  Agent 111: (51,43) -> (24,15)
  Agent 112: (58,9) -> (47,35)
  Agent 113: (23,27) -> (22,39)
  Agent 114: (62,24) -> (46,21)
  Agent 115: (15,15) -> (29,19)
  Agent 116: (25,49) -> (33,45)
  Agent 117: (35,10) -> (62,54)
  Agent 118: (60,31) -> (49,50)
  Agent 119: (50,9) -> (6,29)
  Agent 120: (40,22) -> (26,6)
  Agent 121: (25,28) -> (5,62)
  Agent 122: (51,17) -> (5,26)
  Agent 123: (44,26) -> (58,11)
  Agent 124: (43,26) -> (57,31)
  Agent 125: (26,1) -> (57,41)
  Agent 126: (14,38) -> (59,8)
  Agent 127: (23,13) -> (58,54)
  Agent 128: (34,34) -> (63,45)
  Agent 129: (33,19) -> (58,2)
  Agent 130: (52,46) -> (28,13)
  Agent 131: (47,23) -> (58,9)
  Agent 132: (62,50) -> (61,52)
  Agent 133: (33,10) -> (30,61)
  Agent 134: (44,58) -> (53,31)
  Agent 135: (54,7) -> (22,28)
  Agent 136: (35,60) -> (33,2)
  Agent 137: (7,19) -> (6,38)
  Agent 138: (25,53) -> (9,28)
  Agent 139: (7,38) -> (12,51)
  Agent 140: (42,46) -> (14,39)
  Agent 141: (60,45) -> (15,19)
  Agent 142: (60,40) -> (47,9)
  Agent 143: (43,0) -> (47,46)
  Agent 144: (62,8) -> (50,39)
  Agent 145: (1,25) -> (4,29)
  Agent 146: (54,24) -> (22,4)
  Agent 147: (51,42) -> (36,42)
  Agent 148: (55,23) -> (63,58)
  Agent 149: (22,25) -> (6,8)
  Agent 150: (40,21) -> (41,14)
  Agent 151: (52,27) -> (14,9)
  Agent 152: (50,62) -> (51,14)
  Agent 153: (17,23) -> (19,21)
  Agent 154: (51,31) -> (35,27)
  Agent 155: (45,40) -> (21,28)
  Agent 156: (21,45) -> (27,59)
  Agent 157: (22,39) -> (22,31)
  Agent 158: (63,17) -> (57,42)
  Agent 159: (1,55) -> (49,9)
  Agent 160: (39,41) -> (2,27)
  Agent 161: (38,17) -> (58,23)
  Agent 162: (41,63) -> (61,20)
  Agent 163: (47,37) -> (10,46)
  Agent 164: (19,5) -> (54,57)
  Agent 165: (22,33) -> (53,30)
  Agent 166: (24,17) -> (13,40)
  Agent 167: (55,10) -> (19,7)
  Agent 168: (2,19) -> (20,45)
  Agent 169: (63,63) -> (59,22)
  Agent 170: (3,21) -> (21,57)
  Agent 171: (56,51) -> (49,25)
  Agent 172: (22,57) -> (42,6)
  Agent 173: (24,2) -> (5,61)
  Agent 174: (31,34) -> (23,25)
  Agent 175: (62,28) -> (56,52)
  Agent 176: (46,58) -> (12,17)
  Agent 177: (27,20) -> (62,28)
  Agent 178: (1,59) -> (35,1)
  Agent 179: (62,35) -> (54,23)
  Agent 180: (45,29) -> (41,32)
  Agent 181: (44,24) -> (25,10)
  Agent 182: (53,63) -> (25,37)
  Agent 183: (45,6) -> (8,61)
  Agent 184: (51,27) -> (47,34)
  Agent 185: (40,8) -> (58,49)
  Agent 186: (49,29) -> (30,45)
  Agent 187: (20,57) -> (18,47)
  Agent 188: (62,37) -> (29,33)
  Agent 189: (51,18) -> (37,39)
  Agent 190: (42,55) -> (51,19)
  Agent 191: (6,20) -> (50,19)
  Agent 192: (62,43) -> (34,3)
  Agent 193: (52,19) -> (42,52)
  Agent 194: (52,9) -> (3,46)
  Agent 195: (18,8) -> (11,14)
  Agent 196: (7,18) -> (9,6)
  Agent 197: (15,30) -> (8,29)
  Agent 198: (55,49) -> (59,9)
  Agent 199: (58,56) -> (6,49)
[LNS] Base makespan: 189

[LNS] === Attempt with max_timesteps=189 ===
[SAT] Creating MDDs with shortest paths + waiting time...
[SAT] Created 200 MDDs with waiting time structure
[LNS] Built MDDs with waiting time structure for 200 agents at makespan 189
[Current_Solution] Calculating waiting times for agents...
[Current_Solution] Agent 199 reaches goal at t=71, waiting time=118
[Current_Solution] Agent 198 reaches goal at t=166, waiting time=23
[Current_Solution] Agent 197 reaches goal at t=8, waiting time=181
[Current_Solution] Agent 196 reaches goal at t=14, waiting time=175
[Current_Solution] Agent 195 reaches goal at t=27, waiting time=162
[Current_Solution] Agent 194 reaches goal at t=104, waiting time=85
[Current_Solution] Agent 193 reaches goal at t=153, waiting time=36
[Current_Solution] Agent 192 reaches goal at t=146, waiting time=43
[Current_Solution] Agent 191 reaches goal at t=97, waiting time=92
[Current_Solution] Agent 190 reaches goal at t=157, waiting time=32
[Current_Solution] Agent 189 reaches goal at t=145, waiting time=44
[Current_Solution] Agent 188 reaches goal at t=57, waiting time=132
[Current_Solution] Agent 187 reaches goal at t=16, waiting time=173
[Current_Solution] Agent 186 reaches goal at t=147, waiting time=42
[Current_Solution] Agent 185 reaches goal at t=147, waiting time=42
[Current_Solution] Agent 184 reaches goal at t=169, waiting time=20
[Current_Solution] Agent 183 reaches goal at t=106, waiting time=83
[Current_Solution] Agent 182 reaches goal at t=54, waiting time=135
[Current_Solution] Agent 181 reaches goal at t=119, waiting time=70
[Current_Solution] Agent 180 reaches goal at t=7, waiting time=182
[Current_Solution] Agent 179 reaches goal at t=178, waiting time=11
[Current_Solution] Agent 178 reaches goal at t=104, waiting time=85
[Current_Solution] Agent 177 reaches goal at t=149, waiting time=40
[Current_Solution] Agent 176 reaches goal at t=75, waiting time=114
[Current_Solution] Agent 175 reaches goal at t=186, waiting time=3
[Current_Solution] Agent 174 reaches goal at t=23, waiting time=166
[Current_Solution] Agent 173 reaches goal at t=80, waiting time=109
[Current_Solution] Agent 172 reaches goal at t=105, waiting time=84
[Current_Solution] Agent 171 reaches goal at t=187, waiting time=2
[Current_Solution] Agent 170 reaches goal at t=56, waiting time=133
[Current_Solution] Agent 169 reaches goal at t=185, waiting time=4
[Current_Solution] Agent 168 reaches goal at t=44, waiting time=145
[Current_Solution] Agent 167 reaches goal at t=41, waiting time=148
[Current_Solution] Agent 166 reaches goal at t=34, waiting time=155
[Current_Solution] Agent 165 reaches goal at t=132, waiting time=57
[Current_Solution] Agent 164 reaches goal at t=111, waiting time=78
[Current_Solution] Agent 163 reaches goal at t=52, waiting time=137
[Current_Solution] Agent 162 reaches goal at t=163, waiting time=26
[Current_Solution] Agent 161 reaches goal at t=168, waiting time=21
[Current_Solution] Agent 160 reaches goal at t=57, waiting time=132
[Current_Solution] Agent 159 reaches goal at t=112, waiting time=77
[Current_Solution] Agent 158 reaches goal at t=177, waiting time=12
[Current_Solution] Agent 157 reaches goal at t=12, waiting time=177
[Current_Solution] Agent 156 reaches goal at t=20, waiting time=169
[Current_Solution] Agent 155 reaches goal at t=46, waiting time=143
[Current_Solution] Agent 154 reaches goal at t=172, waiting time=17
[Current_Solution] Agent 153 reaches goal at t=4, waiting time=185
[Current_Solution] Agent 152 reaches goal at t=155, waiting time=34
[Current_Solution] Agent 151 reaches goal at t=84, waiting time=105
[Current_Solution] Agent 150 reaches goal at t=138, waiting time=51
[Current_Solution] Agent 149 reaches goal at t=57, waiting time=132
[Current_Solution] Agent 148 reaches goal at t=181, waiting time=8
[Current_Solution] Agent 147 reaches goal at t=31, waiting time=158
[Current_Solution] Agent 146 reaches goal at t=60, waiting time=129
[Current_Solution] Agent 145 reaches goal at t=7, waiting time=182
[Current_Solution] Agent 144 reaches goal at t=157, waiting time=32
[Current_Solution] Agent 143 reaches goal at t=126, waiting time=63
[Current_Solution] Agent 142 reaches goal at t=152, waiting time=37
[Current_Solution] Agent 141 reaches goal at t=93, waiting time=96
[Current_Solution] Agent 140 reaches goal at t=35, waiting time=154
[Current_Solution] Agent 139 reaches goal at t=18, waiting time=171
[Current_Solution] Agent 138 reaches goal at t=41, waiting time=148
[Current_Solution] Agent 137 reaches goal at t=28, waiting time=161
[Current_Solution] Agent 136 reaches goal at t=116, waiting time=73
[Current_Solution] Agent 135 reaches goal at t=107, waiting time=82
[Current_Solution] Agent 134 reaches goal at t=172, waiting time=17
[Current_Solution] Agent 133 reaches goal at t=110, waiting time=79
[Current_Solution] Agent 132 reaches goal at t=3, waiting time=186
[Current_Solution] Agent 131 reaches goal at t=157, waiting time=32
[Current_Solution] Agent 130 reaches goal at t=135, waiting time=54
[Current_Solution] Agent 129 reaches goal at t=156, waiting time=33
[Current_Solution] Agent 128 reaches goal at t=40, waiting time=149
[Current_Solution] Agent 127 reaches goal at t=130, waiting time=59
[Current_Solution] Agent 126 reaches goal at t=97, waiting time=92
[Current_Solution] Agent 125 reaches goal at t=121, waiting time=68
[Current_Solution] Agent 124 reaches goal at t=171, waiting time=18
[Current_Solution] Agent 123 reaches goal at t=153, waiting time=36
[Current_Solution] Agent 122 reaches goal at t=101, waiting time=88
[Current_Solution] Agent 121 reaches goal at t=54, waiting time=135
[Current_Solution] Agent 120 reaches goal at t=114, waiting time=75
[Current_Solution] Agent 119 reaches goal at t=82, waiting time=107
[Current_Solution] Agent 118 reaches goal at t=182, waiting time=7
[Current_Solution] Agent 117 reaches goal at t=143, waiting time=46
[Current_Solution] Agent 116 reaches goal at t=12, waiting time=177
[Current_Solution] Agent 115 reaches goal at t=62, waiting time=127
[Current_Solution] Agent 114 reaches goal at t=177, waiting time=12
[Current_Solution] Agent 113 reaches goal at t=17, waiting time=172
[Current_Solution] Agent 112 reaches goal at t=145, waiting time=44
[Current_Solution] Agent 111 reaches goal at t=129, waiting time=60
[Current_Solution] Agent 110 reaches goal at t=124, waiting time=65
[Current_Solution] Agent 109 reaches goal at t=158, waiting time=31
[Current_Solution] Agent 108 reaches goal at t=33, waiting time=156
[Current_Solution] Agent 107 reaches goal at t=22, waiting time=167
[Current_Solution] Agent 106 reaches goal at t=50, waiting time=139
[Current_Solution] Agent 105 reaches goal at t=100, waiting time=89
[Current_Solution] Agent 104 reaches goal at t=2, waiting time=187
[Current_Solution] Agent 103 reaches goal at t=54, waiting time=135
[Current_Solution] Agent 102 reaches goal at t=139, waiting time=50
[Current_Solution] Agent 101 reaches goal at t=27, waiting time=162
[Current_Solution] Agent 100 reaches goal at t=162, waiting time=27
[Current_Solution] Agent 99 reaches goal at t=121, waiting time=68
[Current_Solution] Agent 98 reaches goal at t=157, waiting time=32
[Current_Solution] Agent 97 reaches goal at t=124, waiting time=65
[Current_Solution] Agent 96 reaches goal at t=99, waiting time=90
[Current_Solution] Agent 95 reaches goal at t=66, waiting time=123
[Current_Solution] Agent 94 reaches goal at t=172, waiting time=17
[Current_Solution] Agent 93 reaches goal at t=12, waiting time=177
[Current_Solution] Agent 92 reaches goal at t=65, waiting time=124
[Current_Solution] Agent 91 reaches goal at t=32, waiting time=157
[Current_Solution] Agent 90 reaches goal at t=107, waiting time=82
[Current_Solution] Agent 89 reaches goal at t=64, waiting time=125
[Current_Solution] Agent 88 reaches goal at t=94, waiting time=95
[Current_Solution] Agent 87 reaches goal at t=101, waiting time=88
[Current_Solution] Agent 86 reaches goal at t=37, waiting time=152
[Current_Solution] Agent 85 reaches goal at t=55, waiting time=134
[Current_Solution] Agent 84 reaches goal at t=104, waiting time=85
[Current_Solution] Agent 83 reaches goal at t=150, waiting time=39
[Current_Solution] Agent 82 reaches goal at t=10, waiting time=179
[Current_Solution] Agent 81 reaches goal at t=51, waiting time=138
[Current_Solution] Agent 80 reaches goal at t=184, waiting time=5
[Current_Solution] Agent 79 reaches goal at t=168, waiting time=21
[Current_Solution] Agent 78 reaches goal at t=74, waiting time=115
[Current_Solution] Agent 77 reaches goal at t=72, waiting time=117
[Current_Solution] Agent 76 reaches goal at t=143, waiting time=46
[Current_Solution] Agent 75 reaches goal at t=124, waiting time=65
[Current_Solution] Agent 74 reaches goal at t=1, waiting time=188
[Current_Solution] Agent 73 reaches goal at t=27, waiting time=162
[Current_Solution] Agent 72 reaches goal at t=129, waiting time=60
[Current_Solution] Agent 71 reaches goal at t=132, waiting time=57
[Current_Solution] Agent 70 reaches goal at t=54, waiting time=135
[Current_Solution] Agent 69 reaches goal at t=122, waiting time=67
[Current_Solution] Agent 68 reaches goal at t=111, waiting time=78
[Current_Solution] Agent 67 reaches goal at t=148, waiting time=41
[Current_Solution] Agent 66 reaches goal at t=83, waiting time=106
[Current_Solution] Agent 65 reaches goal at t=154, waiting time=35
[Current_Solution] Agent 64 reaches goal at t=72, waiting time=117
[Current_Solution] Agent 63 reaches goal at t=55, waiting time=134
[Current_Solution] Agent 62 reaches goal at t=41, waiting time=148
[Current_Solution] Agent 61 reaches goal at t=61, waiting time=128
[Current_Solution] Agent 60 reaches goal at t=96, waiting time=93
[Current_Solution] Agent 59 reaches goal at t=86, waiting time=103
[Current_Solution] Agent 58 reaches goal at t=143, waiting time=46
[Current_Solution] Agent 57 reaches goal at t=78, waiting time=111
[Current_Solution] Agent 56 reaches goal at t=168, waiting time=21
[Current_Solution] Agent 55 reaches goal at t=12, waiting time=177
[Current_Solution] Agent 54 reaches goal at t=66, waiting time=123
[Current_Solution] Agent 53 reaches goal at t=160, waiting time=29
[Current_Solution] Agent 52 reaches goal at t=50, waiting time=139
[Current_Solution] Agent 51 reaches goal at t=6, waiting time=183
[Current_Solution] Agent 50 reaches goal at t=142, waiting time=47
[Current_Solution] Agent 49 reaches goal at t=152, waiting time=37
[Current_Solution] Agent 48 reaches goal at t=11, waiting time=178
[Current_Solution] Agent 47 reaches goal at t=179, waiting time=10
[Current_Solution] Agent 46 reaches goal at t=73, waiting time=116
[Current_Solution] Agent 45 reaches goal at t=189, waiting time=0
[Current_Solution] Agent 44 reaches goal at t=10, waiting time=179
[Current_Solution] Agent 43 reaches goal at t=60, waiting time=129
[Current_Solution] Agent 42 reaches goal at t=66, waiting time=123
[Current_Solution] Agent 41 reaches goal at t=73, waiting time=116
[Current_Solution] Agent 40 reaches goal at t=149, waiting time=40
[Current_Solution] Agent 39 reaches goal at t=134, waiting time=55
[Current_Solution] Agent 38 reaches goal at t=178, waiting time=11
[Current_Solution] Agent 37 reaches goal at t=107, waiting time=82
[Current_Solution] Agent 36 reaches goal at t=128, waiting time=61
[Current_Solution] Agent 35 reaches goal at t=13, waiting time=176
[Current_Solution] Agent 34 reaches goal at t=162, waiting time=27
[Current_Solution] Agent 33 reaches goal at t=55, waiting time=134
[Current_Solution] Agent 32 reaches goal at t=89, waiting time=100
[Current_Solution] Agent 31 reaches goal at t=179, waiting time=10
[Current_Solution] Agent 30 reaches goal at t=181, waiting time=8
[Current_Solution] Agent 29 reaches goal at t=124, waiting time=65
[Current_Solution] Agent 28 reaches goal at t=75, waiting time=114
[Current_Solution] Agent 27 reaches goal at t=162, waiting time=27
[Current_Solution] Agent 26 reaches goal at t=115, waiting time=74
[Current_Solution] Agent 25 reaches goal at t=29, waiting time=160
[Current_Solution] Agent 24 reaches goal at t=72, waiting time=117
[Current_Solution] Agent 23 reaches goal at t=101, waiting time=88
[Current_Solution] Agent 22 reaches goal at t=72, waiting time=117
[Current_Solution] Agent 21 reaches goal at t=97, waiting time=92
[Current_Solution] Agent 20 reaches goal at t=164, waiting time=25
[Current_Solution] Agent 19 reaches goal at t=86, waiting time=103
[Current_Solution] Agent 18 reaches goal at t=73, waiting time=116
[Current_Solution] Agent 17 reaches goal at t=19, waiting time=170
[Current_Solution] Agent 16 reaches goal at t=24, waiting time=165
[Current_Solution] Agent 15 reaches goal at t=25, waiting time=164
[Current_Solution] Agent 14 reaches goal at t=82, waiting time=107
[Current_Solution] Agent 13 reaches goal at t=187, waiting time=2
[Current_Solution] Agent 12 reaches goal at t=69, waiting time=120
[Current_Solution] Agent 11 reaches goal at t=72, waiting time=117
[Current_Solution] Agent 10 reaches goal at t=189, waiting time=0
[Current_Solution] Agent 9 reaches goal at t=186, waiting time=3
[Current_Solution] Agent 8 reaches goal at t=115, waiting time=74
[Current_Solution] Agent 7 reaches goal at t=35, waiting time=154
[Current_Solution] Agent 6 reaches goal at t=92, waiting time=97
[Current_Solution] Agent 5 reaches goal at t=28, waiting time=161
[Current_Solution] Agent 4 reaches goal at t=10, waiting time=179
[Current_Solution] Agent 3 reaches goal at t=178, waiting time=11
[Current_Solution] Agent 2 reaches goal at t=82, waiting time=107
[Current_Solution] Agent 1 reaches goal at t=132, waiting time=57
[Current_Solution] Agent 0 reaches goal at t=102, waiting time=87
[Current_Solution] Waiting time calculation complete
[LNS] Created current solution with 200 agent paths on a map of size 64x64
[LNS] Analyzing conflicts...
[LNS] Current solution: vertex collisions=5272, edge collisions=514
[LNS] Creating conflict buckets...
[LOCAL ZONE] Building diamond bucket for conflict 0
[LOCAL ZONE] Built diamond bucket for conflict 0 with 5 positions, 1 conflicts, 1 - 1 time window
[LOCAL ZONE] Building diamond bucket for conflict 1
[LOCAL ZONE] Built diamond bucket for conflict 1 with 8 positions, 2 conflicts, 1 - 2 time window
[LOCAL ZONE] Building diamond bucket for conflict 2
[LOCAL ZONE] Built diamond bucket for conflict 2 with 8 positions, 2 conflicts, 1 - 2 time window
[LOCAL ZONE] Building diamond bucket for conflict 3
[LOCAL ZONE] Built diamond bucket for conflict 3 with 5 positions, 1 conflicts, 1 - 1 time window
[LNS] Selected most relevant bucket 1 with time window: 1 - 2, 2 conflicts and 8 positions.
[LNS] Solving the best bucket Local Zone...
[Solve_local_zone] Local zone size reached 95% of all walkable positions
[Solve_local_zone] Will try to solve with full time window and all positions
[Solve_local_zone] Makespan: 189
[Solve_local_zone] Time window: [0, 189]
[Current_Solution] Agent 0 used 87 waiting timesteps, 0 remaining
[Current_Solution] Agent 1 used 57 waiting timesteps, 0 remaining
[Current_Solution] Agent 2 used 107 waiting timesteps, 0 remaining
[Current_Solution] Agent 3 used 11 waiting timesteps, 0 remaining
[Current_Solution] Agent 4 used 179 waiting timesteps, 0 remaining
[Current_Solution] Agent 5 used 161 waiting timesteps, 0 remaining
[Current_Solution] Agent 6 used 97 waiting timesteps, 0 remaining
[Current_Solution] Agent 7 used 154 waiting timesteps, 0 remaining
[Current_Solution] Agent 8 used 74 waiting timesteps, 0 remaining
[Current_Solution] Agent 9 used 3 waiting timesteps, 0 remaining
[Current_Solution] Agent 11 used 117 waiting timesteps, 0 remaining
[Current_Solution] Agent 12 used 120 waiting timesteps, 0 remaining
[Current_Solution] Agent 13 used 2 waiting timesteps, 0 remaining
[Current_Solution] Agent 14 used 107 waiting timesteps, 0 remaining
[Current_Solution] Agent 15 used 164 waiting timesteps, 0 remaining
[Current_Solution] Agent 16 used 165 waiting timesteps, 0 remaining
[Current_Solution] Agent 17 used 170 waiting timesteps, 0 remaining
[Current_Solution] Agent 18 used 116 waiting timesteps, 0 remaining
[Current_Solution] Agent 19 used 103 waiting timesteps, 0 remaining
[Current_Solution] Agent 20 used 25 waiting timesteps, 0 remaining
[Current_Solution] Agent 21 used 92 waiting timesteps, 0 remaining
[Current_Solution] Agent 22 used 117 waiting timesteps, 0 remaining
[Current_Solution] Agent 23 used 88 waiting timesteps, 0 remaining
[Current_Solution] Agent 24 used 117 waiting timesteps, 0 remaining
[Current_Solution] Agent 25 used 160 waiting timesteps, 0 remaining
[Current_Solution] Agent 26 used 74 waiting timesteps, 0 remaining
[Current_Solution] Agent 27 used 27 waiting timesteps, 0 remaining
[Current_Solution] Agent 28 used 114 waiting timesteps, 0 remaining
[Current_Solution] Agent 29 used 65 waiting timesteps, 0 remaining
[Current_Solution] Agent 30 used 8 waiting timesteps, 0 remaining
[Current_Solution] Agent 31 used 10 waiting timesteps, 0 remaining
[Current_Solution] Agent 32 used 100 waiting timesteps, 0 remaining
[Current_Solution] Agent 33 used 134 waiting timesteps, 0 remaining
[Current_Solution] Agent 34 used 27 waiting timesteps, 0 remaining
[Current_Solution] Agent 35 used 176 waiting timesteps, 0 remaining
[Current_Solution] Agent 36 used 61 waiting timesteps, 0 remaining
[Current_Solution] Agent 37 used 82 waiting timesteps, 0 remaining
[Current_Solution] Agent 38 used 11 waiting timesteps, 0 remaining
[Current_Solution] Agent 39 used 55 waiting timesteps, 0 remaining
[Current_Solution] Agent 40 used 40 waiting timesteps, 0 remaining
[Current_Solution] Agent 41 used 116 waiting timesteps, 0 remaining
[Current_Solution] Agent 42 used 123 waiting timesteps, 0 remaining
[Current_Solution] Agent 43 used 129 waiting timesteps, 0 remaining
[Current_Solution] Agent 44 used 179 waiting timesteps, 0 remaining
[Current_Solution] Agent 46 used 116 waiting timesteps, 0 remaining
[Current_Solution] Agent 47 used 10 waiting timesteps, 0 remaining
[Current_Solution] Agent 48 used 178 waiting timesteps, 0 remaining
[Current_Solution] Agent 49 used 37 waiting timesteps, 0 remaining
[Current_Solution] Agent 50 used 47 waiting timesteps, 0 remaining
[Current_Solution] Agent 51 used 183 waiting timesteps, 0 remaining
[Current_Solution] Agent 52 used 139 waiting timesteps, 0 remaining
[Current_Solution] Agent 53 used 29 waiting timesteps, 0 remaining
[Current_Solution] Agent 54 used 123 waiting timesteps, 0 remaining
[Current_Solution] Agent 55 used 177 waiting timesteps, 0 remaining
[Current_Solution] Agent 56 used 21 waiting timesteps, 0 remaining
[Current_Solution] Agent 57 used 111 waiting timesteps, 0 remaining
[Current_Solution] Agent 58 used 46 waiting timesteps, 0 remaining
[Current_Solution] Agent 59 used 103 waiting timesteps, 0 remaining
[Current_Solution] Agent 60 used 93 waiting timesteps, 0 remaining
[Current_Solution] Agent 61 used 128 waiting timesteps, 0 remaining
[Current_Solution] Agent 62 used 148 waiting timesteps, 0 remaining
[Current_Solution] Agent 63 used 134 waiting timesteps, 0 remaining
[Current_Solution] Agent 64 used 117 waiting timesteps, 0 remaining
[Current_Solution] Agent 65 used 35 waiting timesteps, 0 remaining
[Current_Solution] Agent 66 used 106 waiting timesteps, 0 remaining
[Current_Solution] Agent 67 used 41 waiting timesteps, 0 remaining
[Current_Solution] Agent 68 used 78 waiting timesteps, 0 remaining
[Current_Solution] Agent 69 used 67 waiting timesteps, 0 remaining
[Current_Solution] Agent 70 used 135 waiting timesteps, 0 remaining
[Current_Solution] Agent 71 used 57 waiting timesteps, 0 remaining
[Current_Solution] Agent 72 used 60 waiting timesteps, 0 remaining
[Current_Solution] Agent 73 used 162 waiting timesteps, 0 remaining
[Current_Solution] Agent 74 used 188 waiting timesteps, 0 remaining
[Current_Solution] Agent 75 used 65 waiting timesteps, 0 remaining
[Current_Solution] Agent 76 used 46 waiting timesteps, 0 remaining
[Current_Solution] Agent 77 used 117 waiting timesteps, 0 remaining
[Current_Solution] Agent 78 used 115 waiting timesteps, 0 remaining
[Current_Solution] Agent 79 used 21 waiting timesteps, 0 remaining
[Current_Solution] Agent 80 used 5 waiting timesteps, 0 remaining
[Current_Solution] Agent 81 used 138 waiting timesteps, 0 remaining
[Current_Solution] Agent 82 used 179 waiting timesteps, 0 remaining
[Current_Solution] Agent 83 used 39 waiting timesteps, 0 remaining
[Current_Solution] Agent 84 used 85 waiting timesteps, 0 remaining
[Current_Solution] Agent 85 used 134 waiting timesteps, 0 remaining
[Current_Solution] Agent 86 used 152 waiting timesteps, 0 remaining
[Current_Solution] Agent 87 used 88 waiting timesteps, 0 remaining
[Current_Solution] Agent 88 used 95 waiting timesteps, 0 remaining
[Current_Solution] Agent 89 used 125 waiting timesteps, 0 remaining
[Current_Solution] Agent 90 used 82 waiting timesteps, 0 remaining
[Current_Solution] Agent 91 used 157 waiting timesteps, 0 remaining
[Current_Solution] Agent 92 used 124 waiting timesteps, 0 remaining
[Current_Solution] Agent 93 used 177 waiting timesteps, 0 remaining
[Current_Solution] Agent 94 used 17 waiting timesteps, 0 remaining
[Current_Solution] Agent 95 used 123 waiting timesteps, 0 remaining
[Current_Solution] Agent 96 used 90 waiting timesteps, 0 remaining
[Current_Solution] Agent 97 used 65 waiting timesteps, 0 remaining
[Current_Solution] Agent 98 used 32 waiting timesteps, 0 remaining
[Current_Solution] Agent 99 used 68 waiting timesteps, 0 remaining
[Current_Solution] Agent 100 used 27 waiting timesteps, 0 remaining
[Current_Solution] Agent 101 used 162 waiting timesteps, 0 remaining
[Current_Solution] Agent 102 used 50 waiting timesteps, 0 remaining
[Current_Solution] Agent 103 used 135 waiting timesteps, 0 remaining
[Current_Solution] Agent 104 used 187 waiting timesteps, 0 remaining
[Current_Solution] Agent 105 used 89 waiting timesteps, 0 remaining
[Current_Solution] Agent 106 used 139 waiting timesteps, 0 remaining
[Current_Solution] Agent 107 used 167 waiting timesteps, 0 remaining
[Current_Solution] Agent 108 used 156 waiting timesteps, 0 remaining
[Current_Solution] Agent 109 used 31 waiting timesteps, 0 remaining
[Current_Solution] Agent 110 used 65 waiting timesteps, 0 remaining
[Current_Solution] Agent 111 used 60 waiting timesteps, 0 remaining
[Current_Solution] Agent 112 used 44 waiting timesteps, 0 remaining
[Current_Solution] Agent 113 used 172 waiting timesteps, 0 remaining
[Current_Solution] Agent 114 used 12 waiting timesteps, 0 remaining
[Current_Solution] Agent 115 used 127 waiting timesteps, 0 remaining
[Current_Solution] Agent 116 used 177 waiting timesteps, 0 remaining
[Current_Solution] Agent 117 used 46 waiting timesteps, 0 remaining
[Current_Solution] Agent 118 used 7 waiting timesteps, 0 remaining
[Current_Solution] Agent 119 used 107 waiting timesteps, 0 remaining
[Current_Solution] Agent 120 used 75 waiting timesteps, 0 remaining
[Current_Solution] Agent 121 used 135 waiting timesteps, 0 remaining
[Current_Solution] Agent 122 used 88 waiting timesteps, 0 remaining
[Current_Solution] Agent 123 used 36 waiting timesteps, 0 remaining
[Current_Solution] Agent 124 used 18 waiting timesteps, 0 remaining
[Current_Solution] Agent 125 used 68 waiting timesteps, 0 remaining
[Current_Solution] Agent 126 used 92 waiting timesteps, 0 remaining
[Current_Solution] Agent 127 used 59 waiting timesteps, 0 remaining
[Current_Solution] Agent 128 used 149 waiting timesteps, 0 remaining
[Current_Solution] Agent 129 used 33 waiting timesteps, 0 remaining
[Current_Solution] Agent 130 used 54 waiting timesteps, 0 remaining
[Current_Solution] Agent 131 used 32 waiting timesteps, 0 remaining
[Current_Solution] Agent 132 used 186 waiting timesteps, 0 remaining
[Current_Solution] Agent 133 used 79 waiting timesteps, 0 remaining
[Current_Solution] Agent 134 used 17 waiting timesteps, 0 remaining
[Current_Solution] Agent 135 used 82 waiting timesteps, 0 remaining
[Current_Solution] Agent 136 used 73 waiting timesteps, 0 remaining
[Current_Solution] Agent 137 used 161 waiting timesteps, 0 remaining
[Current_Solution] Agent 138 used 148 waiting timesteps, 0 remaining
[Current_Solution] Agent 139 used 171 waiting timesteps, 0 remaining
[Current_Solution] Agent 140 used 154 waiting timesteps, 0 remaining
[Current_Solution] Agent 141 used 96 waiting timesteps, 0 remaining
[Current_Solution] Agent 142 used 37 waiting timesteps, 0 remaining
[Current_Solution] Agent 143 used 63 waiting timesteps, 0 remaining
[Current_Solution] Agent 144 used 32 waiting timesteps, 0 remaining
[Current_Solution] Agent 145 used 182 waiting timesteps, 0 remaining
[Current_Solution] Agent 146 used 129 waiting timesteps, 0 remaining
[Current_Solution] Agent 147 used 158 waiting timesteps, 0 remaining
[Current_Solution] Agent 148 used 8 waiting timesteps, 0 remaining
[Current_Solution] Agent 149 used 132 waiting timesteps, 0 remaining
[Current_Solution] Agent 150 used 51 waiting timesteps, 0 remaining
[Current_Solution] Agent 151 used 105 waiting timesteps, 0 remaining
[Current_Solution] Agent 152 used 34 waiting timesteps, 0 remaining
[Current_Solution] Agent 153 used 185 waiting timesteps, 0 remaining
[Current_Solution] Agent 154 used 17 waiting timesteps, 0 remaining
[Current_Solution] Agent 155 used 143 waiting timesteps, 0 remaining
[Current_Solution] Agent 156 used 169 waiting timesteps, 0 remaining
[Current_Solution] Agent 157 used 177 waiting timesteps, 0 remaining
[Current_Solution] Agent 158 used 12 waiting timesteps, 0 remaining
[Current_Solution] Agent 159 used 77 waiting timesteps, 0 remaining
[Current_Solution] Agent 160 used 132 waiting timesteps, 0 remaining
[Current_Solution] Agent 161 used 21 waiting timesteps, 0 remaining
[Current_Solution] Agent 162 used 26 waiting timesteps, 0 remaining
[Current_Solution] Agent 163 used 137 waiting timesteps, 0 remaining
[Current_Solution] Agent 164 used 78 waiting timesteps, 0 remaining
[Current_Solution] Agent 165 used 57 waiting timesteps, 0 remaining
[Current_Solution] Agent 166 used 155 waiting timesteps, 0 remaining
[Current_Solution] Agent 167 used 148 waiting timesteps, 0 remaining
[Current_Solution] Agent 168 used 145 waiting timesteps, 0 remaining
[Current_Solution] Agent 169 used 4 waiting timesteps, 0 remaining
[Current_Solution] Agent 170 used 133 waiting timesteps, 0 remaining
[Current_Solution] Agent 171 used 2 waiting timesteps, 0 remaining
[Current_Solution] Agent 172 used 84 waiting timesteps, 0 remaining
[Current_Solution] Agent 173 used 109 waiting timesteps, 0 remaining
[Current_Solution] Agent 174 used 166 waiting timesteps, 0 remaining
[Current_Solution] Agent 175 used 3 waiting timesteps, 0 remaining
[Current_Solution] Agent 176 used 114 waiting timesteps, 0 remaining
[Current_Solution] Agent 177 used 40 waiting timesteps, 0 remaining
[Current_Solution] Agent 178 used 85 waiting timesteps, 0 remaining
[Current_Solution] Agent 179 used 11 waiting timesteps, 0 remaining
[Current_Solution] Agent 180 used 182 waiting timesteps, 0 remaining
[Current_Solution] Agent 181 used 70 waiting timesteps, 0 remaining
[Current_Solution] Agent 182 used 135 waiting timesteps, 0 remaining
[Current_Solution] Agent 183 used 83 waiting timesteps, 0 remaining
[Current_Solution] Agent 184 used 20 waiting timesteps, 0 remaining
[Current_Solution] Agent 185 used 42 waiting timesteps, 0 remaining
[Current_Solution] Agent 186 used 42 waiting timesteps, 0 remaining
[Current_Solution] Agent 187 used 173 waiting timesteps, 0 remaining
[Current_Solution] Agent 188 used 132 waiting timesteps, 0 remaining
[Current_Solution] Agent 189 used 44 waiting timesteps, 0 remaining
[Current_Solution] Agent 190 used 32 waiting timesteps, 0 remaining
[Current_Solution] Agent 191 used 92 waiting timesteps, 0 remaining
[Current_Solution] Agent 192 used 43 waiting timesteps, 0 remaining
[Current_Solution] Agent 193 used 36 waiting timesteps, 0 remaining
[Current_Solution] Agent 194 used 85 waiting timesteps, 0 remaining
[Current_Solution] Agent 195 used 162 waiting timesteps, 0 remaining
[Current_Solution] Agent 196 used 175 waiting timesteps, 0 remaining
[Current_Solution] Agent 197 used 181 waiting timesteps, 0 remaining
[Current_Solution] Agent 198 used 23 waiting timesteps, 0 remaining
[Current_Solution] Agent 199 used 118 waiting timesteps, 0 remaining
[Waiting_time_Solve] Agent 0 has waiting time 0
[Waiting_time_Solve] Agent 1 has waiting time 0
[Waiting_time_Solve] Agent 2 has waiting time 0
[Waiting_time_Solve] Agent 3 has waiting time 0
[Waiting_time_Solve] Agent 4 has waiting time 0
[Waiting_time_Solve] Agent 5 has waiting time 0
[Waiting_time_Solve] Agent 6 has waiting time 0
[Waiting_time_Solve] Agent 7 has waiting time 0
[Waiting_time_Solve] Agent 8 has waiting time 0
[Waiting_time_Solve] Agent 9 has waiting time 0
[Waiting_time_Solve] Agent 10 has waiting time 0
[Waiting_time_Solve] Agent 11 has waiting time 0
[Waiting_time_Solve] Agent 12 has waiting time 0
[Waiting_time_Solve] Agent 13 has waiting time 0
[Waiting_time_Solve] Agent 14 has waiting time 0
[Waiting_time_Solve] Agent 15 has waiting time 0
[Waiting_time_Solve] Agent 16 has waiting time 0
[Waiting_time_Solve] Agent 17 has waiting time 0
[Waiting_time_Solve] Agent 18 has waiting time 0
[Waiting_time_Solve] Agent 19 has waiting time 0
[Waiting_time_Solve] Agent 20 has waiting time 0
[Waiting_time_Solve] Agent 21 has waiting time 0
[Waiting_time_Solve] Agent 22 has waiting time 0
[Waiting_time_Solve] Agent 23 has waiting time 0
[Waiting_time_Solve] Agent 24 has waiting time 0
[Waiting_time_Solve] Agent 25 has waiting time 0
[Waiting_time_Solve] Agent 26 has waiting time 0
[Waiting_time_Solve] Agent 27 has waiting time 0
[Waiting_time_Solve] Agent 28 has waiting time 0
[Waiting_time_Solve] Agent 29 has waiting time 0
[Waiting_time_Solve] Agent 30 has waiting time 0
[Waiting_time_Solve] Agent 31 has waiting time 0
[Waiting_time_Solve] Agent 32 has waiting time 0
[Waiting_time_Solve] Agent 33 has waiting time 0
[Waiting_time_Solve] Agent 34 has waiting time 0
[Waiting_time_Solve] Agent 35 has waiting time 0
[Waiting_time_Solve] Agent 36 has waiting time 0
[Waiting_time_Solve] Agent 37 has waiting time 0
[Waiting_time_Solve] Agent 38 has waiting time 0
[Waiting_time_Solve] Agent 39 has waiting time 0
[Waiting_time_Solve] Agent 40 has waiting time 0
[Waiting_time_Solve] Agent 41 has waiting time 0
[Waiting_time_Solve] Agent 42 has waiting time 0
[Waiting_time_Solve] Agent 43 has waiting time 0
[Waiting_time_Solve] Agent 44 has waiting time 0
[Waiting_time_Solve] Agent 45 has waiting time 0
[Waiting_time_Solve] Agent 46 has waiting time 0
[Waiting_time_Solve] Agent 47 has waiting time 0
[Waiting_time_Solve] Agent 48 has waiting time 0
[Waiting_time_Solve] Agent 49 has waiting time 0
[Waiting_time_Solve] Agent 50 has waiting time 0
[Waiting_time_Solve] Agent 51 has waiting time 0
[Waiting_time_Solve] Agent 52 has waiting time 0
[Waiting_time_Solve] Agent 53 has waiting time 0
[Waiting_time_Solve] Agent 54 has waiting time 0
[Waiting_time_Solve] Agent 55 has waiting time 0
[Waiting_time_Solve] Agent 56 has waiting time 0
[Waiting_time_Solve] Agent 57 has waiting time 0
[Waiting_time_Solve] Agent 58 has waiting time 0
[Waiting_time_Solve] Agent 59 has waiting time 0
[Waiting_time_Solve] Agent 60 has waiting time 0
[Waiting_time_Solve] Agent 61 has waiting time 0
[Waiting_time_Solve] Agent 62 has waiting time 0
[Waiting_time_Solve] Agent 63 has waiting time 0
[Waiting_time_Solve] Agent 64 has waiting time 0
[Waiting_time_Solve] Agent 65 has waiting time 0
[Waiting_time_Solve] Agent 66 has waiting time 0
[Waiting_time_Solve] Agent 67 has waiting time 0
[Waiting_time_Solve] Agent 68 has waiting time 0
[Waiting_time_Solve] Agent 69 has waiting time 0
[Waiting_time_Solve] Agent 70 has waiting time 0
[Waiting_time_Solve] Agent 71 has waiting time 0
[Waiting_time_Solve] Agent 72 has waiting time 0
[Waiting_time_Solve] Agent 73 has waiting time 0
[Waiting_time_Solve] Agent 74 has waiting time 0
[Waiting_time_Solve] Agent 75 has waiting time 0
[Waiting_time_Solve] Agent 76 has waiting time 0
[Waiting_time_Solve] Agent 77 has waiting time 0
[Waiting_time_Solve] Agent 78 has waiting time 0
[Waiting_time_Solve] Agent 79 has waiting time 0
[Waiting_time_Solve] Agent 80 has waiting time 0
[Waiting_time_Solve] Agent 81 has waiting time 0
[Waiting_time_Solve] Agent 82 has waiting time 0
[Waiting_time_Solve] Agent 83 has waiting time 0
[Waiting_time_Solve] Agent 84 has waiting time 0
[Waiting_time_Solve] Agent 85 has waiting time 0
[Waiting_time_Solve] Agent 86 has waiting time 0
[Waiting_time_Solve] Agent 87 has waiting time 0
[Waiting_time_Solve] Agent 88 has waiting time 0
[Waiting_time_Solve] Agent 89 has waiting time 0
[Waiting_time_Solve] Agent 90 has waiting time 0
[Waiting_time_Solve] Agent 91 has waiting time 0
[Waiting_time_Solve] Agent 92 has waiting time 0
[Waiting_time_Solve] Agent 93 has waiting time 0
[Waiting_time_Solve] Agent 94 has waiting time 0
[Waiting_time_Solve] Agent 95 has waiting time 0
[Waiting_time_Solve] Agent 96 has waiting time 0
[Waiting_time_Solve] Agent 97 has waiting time 0
[Waiting_time_Solve] Agent 98 has waiting time 0
[Waiting_time_Solve] Agent 99 has waiting time 0
[Waiting_time_Solve] Agent 100 has waiting time 0
[Waiting_time_Solve] Agent 101 has waiting time 0
[Waiting_time_Solve] Agent 102 has waiting time 0
[Waiting_time_Solve] Agent 103 has waiting time 0
[Waiting_time_Solve] Agent 104 has waiting time 0
[Waiting_time_Solve] Agent 105 has waiting time 0
[Waiting_time_Solve] Agent 106 has waiting time 0
[Waiting_time_Solve] Agent 107 has waiting time 0
[Waiting_time_Solve] Agent 108 has waiting time 0
[Waiting_time_Solve] Agent 109 has waiting time 0
[Waiting_time_Solve] Agent 110 has waiting time 0
[Waiting_time_Solve] Agent 111 has waiting time 0
[Waiting_time_Solve] Agent 112 has waiting time 0
[Waiting_time_Solve] Agent 113 has waiting time 0
[Waiting_time_Solve] Agent 114 has waiting time 0
[Waiting_time_Solve] Agent 115 has waiting time 0
[Waiting_time_Solve] Agent 116 has waiting time 0
[Waiting_time_Solve] Agent 117 has waiting time 0
[Waiting_time_Solve] Agent 118 has waiting time 0
[Waiting_time_Solve] Agent 119 has waiting time 0
[Waiting_time_Solve] Agent 120 has waiting time 0
[Waiting_time_Solve] Agent 121 has waiting time 0
[Waiting_time_Solve] Agent 122 has waiting time 0
[Waiting_time_Solve] Agent 123 has waiting time 0
[Waiting_time_Solve] Agent 124 has waiting time 0
[Waiting_time_Solve] Agent 125 has waiting time 0
[Waiting_time_Solve] Agent 126 has waiting time 0
[Waiting_time_Solve] Agent 127 has waiting time 0
[Waiting_time_Solve] Agent 128 has waiting time 0
[Waiting_time_Solve] Agent 129 has waiting time 0
[Waiting_time_Solve] Agent 130 has waiting time 0
[Waiting_time_Solve] Agent 131 has waiting time 0
[Waiting_time_Solve] Agent 132 has waiting time 0
[Waiting_time_Solve] Agent 133 has waiting time 0
[Waiting_time_Solve] Agent 134 has waiting time 0
[Waiting_time_Solve] Agent 135 has waiting time 0
[Waiting_time_Solve] Agent 136 has waiting time 0
[Waiting_time_Solve] Agent 137 has waiting time 0
[Waiting_time_Solve] Agent 138 has waiting time 0
[Waiting_time_Solve] Agent 139 has waiting time 0
[Waiting_time_Solve] Agent 140 has waiting time 0
[Waiting_time_Solve] Agent 141 has waiting time 0
[Waiting_time_Solve] Agent 142 has waiting time 0
[Waiting_time_Solve] Agent 143 has waiting time 0
[Waiting_time_Solve] Agent 144 has waiting time 0
[Waiting_time_Solve] Agent 145 has waiting time 0
[Waiting_time_Solve] Agent 146 has waiting time 0
[Waiting_time_Solve] Agent 147 has waiting time 0
[Waiting_time_Solve] Agent 148 has waiting time 0
[Waiting_time_Solve] Agent 149 has waiting time 0
[Waiting_time_Solve] Agent 150 has waiting time 0
[Waiting_time_Solve] Agent 151 has waiting time 0
[Waiting_time_Solve] Agent 152 has waiting time 0
[Waiting_time_Solve] Agent 153 has waiting time 0
[Waiting_time_Solve] Agent 154 has waiting time 0
[Waiting_time_Solve] Agent 155 has waiting time 0
[Waiting_time_Solve] Agent 156 has waiting time 0
[Waiting_time_Solve] Agent 157 has waiting time 0
[Waiting_time_Solve] Agent 158 has waiting time 0
[Waiting_time_Solve] Agent 159 has waiting time 0
[Waiting_time_Solve] Agent 160 has waiting time 0
[Waiting_time_Solve] Agent 161 has waiting time 0
[Waiting_time_Solve] Agent 162 has waiting time 0
[Waiting_time_Solve] Agent 163 has waiting time 0
[Waiting_time_Solve] Agent 164 has waiting time 0
[Waiting_time_Solve] Agent 165 has waiting time 0
[Waiting_time_Solve] Agent 166 has waiting time 0
[Waiting_time_Solve] Agent 167 has waiting time 0
[Waiting_time_Solve] Agent 168 has waiting time 0
[Waiting_time_Solve] Agent 169 has waiting time 0
[Waiting_time_Solve] Agent 170 has waiting time 0
[Waiting_time_Solve] Agent 171 has waiting time 0
[Waiting_time_Solve] Agent 172 has waiting time 0
[Waiting_time_Solve] Agent 173 has waiting time 0
[Waiting_time_Solve] Agent 174 has waiting time 0
[Waiting_time_Solve] Agent 175 has waiting time 0
[Waiting_time_Solve] Agent 176 has waiting time 0
[Waiting_time_Solve] Agent 177 has waiting time 0
[Waiting_time_Solve] Agent 178 has waiting time 0
[Waiting_time_Solve] Agent 179 has waiting time 0
[Waiting_time_Solve] Agent 180 has waiting time 0
[Waiting_time_Solve] Agent 181 has waiting time 0
[Waiting_time_Solve] Agent 182 has waiting time 0
[Waiting_time_Solve] Agent 183 has waiting time 0
[Waiting_time_Solve] Agent 184 has waiting time 0
[Waiting_time_Solve] Agent 185 has waiting time 0
[Waiting_time_Solve] Agent 186 has waiting time 0
[Waiting_time_Solve] Agent 187 has waiting time 0
[Waiting_time_Solve] Agent 188 has waiting time 0
[Waiting_time_Solve] Agent 189 has waiting time 0
[Waiting_time_Solve] Agent 190 has waiting time 0
[Waiting_time_Solve] Agent 191 has waiting time 0
[Waiting_time_Solve] Agent 192 has waiting time 0
[Waiting_time_Solve] Agent 193 has waiting time 0
[Waiting_time_Solve] Agent 194 has waiting time 0
[Waiting_time_Solve] Agent 195 has waiting time 0
[Waiting_time_Solve] Agent 196 has waiting time 0
[Waiting_time_Solve] Agent 197 has waiting time 0
[Waiting_time_Solve] Agent 198 has waiting time 0
[Waiting_time_Solve] Agent 199 has waiting time 0
[Waiting_time_Solve] Total available waiting time: 0
[Waiting_time_Solve] Max iterations: 1
[Waiting_time_Solve] Iteration 0...
Command terminated after exceeding the time limit.
# Run terminated after reaching overall time limit

# Batch stopped after reaching overall time limit (elapsed 599s)
