# Batch started 2025-10-21 09:16:05 | map=/home/max/Documents/PhD/MAPF/LNS/MAPF_LNS_SAT/mapf-map/room-64-64-8.map | agents=50 | total_time_limit=600s

# Run 0 | scenario="/home/max/Documents/PhD/MAPF/LNS/MAPF_LNS_SAT/mapf-scen-even/scen-even/room-64-64-8-even-1.scen" | scenario_index=0
# Command: /home/max/Documents/PhD/MAPF/LNS/MAPF_LNS_SAT/lns_clean/main_clean_lns /home/max/Documents/PhD/MAPF/LNS/MAPF_LNS_SAT/mapf-map/room-64-64-8.map /home/max/Documents/PhD/MAPF/LNS/MAPF_LNS_SAT/mapf-scen-even/scen-even/room-64-64-8-even-1.scen 50 0 minisat 42
# Remaining time budget: 599 seconds
[LNS] Loaded map 64x64, agents: 50
[LNS] Map:
@@@.@@@@@@@@@@@@@@@.@@@@@@.@@@@@@@.@@@@@@@@@@@@@@.@@@@@@@.@@@@@@
@.......@.......@.......@.......@.......@.......@.......@.......
@.......@.......@.......@.......@.......@.......@.......@.......
........@.......@.......@.......@.......@.......@.......@.......
@.......@.......@.......@.......@.......@.......@.......@.......
@.......................@.......@.......@.......@...............
@.......@.......@.......@.......@.......@.......@.......@.......
@.......@.......@.......................@...............@.......
@.@@@@@@@@@@@.@@@@@@@.@@@.@@@@@@@.@@@@@@@@@@@@@.@@@@@@.@@.@@@@@@
@.......@.......@.......@.......@.......@.......@.......@.......
@.......@.......@.......................@.......@.......@.......
@.......@.......@.......@.......@.......@.......@.......@.......
................@.......@.......@.......@...............@.......
@.......@.......@.......@.......@...............@.......@.......
@.......@.......@.......@.......@.......@.......@...............
@.......@.......@.......@.......@.......@.......@.......@.......
@@@@@@@.@@@@@.@@@@@@@@@@@@@@@@.@@@@@@@@@@@@@@.@@@@@@@@@.@@@@@@.@
@.......@.......@.......@.......@.......@.......@.......@.......
@.......@.......@.......@.......@...............@.......@.......
@.......@.......@.......@.......@.......@.......@.......@.......
........@.......@...............@.......@...............@.......
@.......@.......@.......@.......@.......@.......@.......@.......
@...............@.......@.......@.......@.......@.......@.......
@.......@.......@.......@.......@.......@.......@.......@.......
@.@@@@@@@@.@@@@@@@@@@.@@@@@@@@.@@@@@@@.@@.@@@@@@@.@@@@@@@@@@@@@.
@...............@.......@.......@.......@.......@.......@.......
@.......@.......@.......@.......@.......@.......@.......@.......
@.......@.......@.......@...............@.......@.......@.......
@.......@.......@.......@.......@.......@.......@.......@.......
........@.......@.......@.......@.......@.......@.......@.......
@.......@.......@.......@.......@.......@.......@...............
@.......@.......@...............@.......@.......@.......@.......
@@@@@@@@@@@@@@@@@@.@@@@@@@@.@@@@@@@@@@@@@@@@@@@@@@@@@@@.@@.@@@@@
@.......@.......@.......@.......@.......@.......@.......@.......
@.......@.......@.......@...............@.......@.......@.......
@.......@.......@.......@.......@.......@.......@.......@.......
@...............@...............@.......@.......@.......@.......
@.......@.......@.......@.......@.......@.......@...............
........@.......@.......@.......@...............@.......@.......
@.......@.......@.......@.......@.......@.......@.......@.......
@@@@@@@.@@@@@@@@@@@@@@@@@@@.@@@@@@.@@@@@@@@@@@.@@@@@.@@@@@@@.@@@
@.......@.......@.......@.......@.......@...............@.......
@.......@.......@.......................@.......@.......@.......
@.......@...............@.......@.......@.......@.......@.......
@.......@.......@.......@.......@.......@.......@.......@.......
@.......@.......@.......@.......@.......@.......@.......@.......
@...............@.......@.......@.......@.......@.......@.......
........@.......@.......@.......@.......@.......@.......@.......
@@@@.@@@@.@@@@@@@@.@@@@@@@@@@@.@@@@@@@@@@@@@@@.@@@@@@@@@@@@@@@@@
........@.......@.......@.......@.......@.......@.......@.......
@.......@.......@.......@.......@.......@.......@.......@.......
@.......@.......@.......@.......@.......@.......@.......@.......
@.......@.......@.......@.......@.......@.......@...............
@.......@.......@.......@.......@.......@.......@.......@.......
@.......@.......@.......@.......@.......@.......@.......@.......
@.......@.......................................@.......@.......
@@@@@@@@@@@.@@@@@@@@@@@@@@@@@@@.@@@@@@@@@@@@@.@@@@@@@@@.@@@@@@@@
@.......@.......@.......@.......@.......@.......@.......@.......
@.......................@.......@.......@.......@.......@.......
@.......@.......@...............@.......@.......................
@.......@.......@.......@.......@.......@.......@.......@.......
@.......@.......@.......@.......@.......@.......@.......@.......
........@.......@.......@.......@.......@.......@.......@.......
@.......@.......@.......@.......@...............@.......@.......
[LNS] Number of agents: 50
[LNS] Agents (start -> goal):
  Agent 0: (12,63) -> (45,19)
  Agent 1: (17,19) -> (63,15)
  Agent 2: (46,31) -> (9,2)
  Agent 3: (19,23) -> (57,30)
  Agent 4: (12,60) -> (2,55)
  Agent 5: (54,47) -> (41,18)
  Agent 6: (17,29) -> (4,52)
  Agent 7: (46,50) -> (27,12)
  Agent 8: (57,49) -> (47,34)
  Agent 9: (42,22) -> (11,7)
  Agent 10: (52,55) -> (13,39)
  Agent 11: (57,29) -> (31,1)
  Agent 12: (29,34) -> (57,61)
  Agent 13: (19,11) -> (60,46)
  Agent 14: (31,1) -> (39,15)
  Agent 15: (57,58) -> (63,60)
  Agent 16: (51,63) -> (9,15)
  Agent 17: (34,7) -> (35,19)
  Agent 18: (35,6) -> (17,34)
  Agent 19: (22,17) -> (35,9)
  Agent 20: (58,44) -> (38,39)
  Agent 21: (14,60) -> (9,10)
  Agent 22: (55,10) -> (21,50)
  Agent 23: (45,1) -> (55,3)
  Agent 24: (57,38) -> (19,2)
  Agent 25: (42,51) -> (2,13)
  Agent 26: (59,9) -> (20,44)
  Agent 27: (27,3) -> (62,51)
  Agent 28: (63,55) -> (30,15)
  Agent 29: (29,10) -> (4,51)
  Agent 30: (52,61) -> (54,61)
  Agent 31: (14,17) -> (15,21)
  Agent 32: (54,61) -> (17,5)
  Agent 33: (27,44) -> (49,53)
  Agent 34: (52,30) -> (61,31)
  Agent 35: (30,33) -> (42,12)
  Agent 36: (58,58) -> (26,5)
  Agent 37: (14,15) -> (13,7)
  Agent 38: (4,29) -> (25,13)
  Agent 39: (33,43) -> (63,3)
  Agent 40: (60,57) -> (29,15)
  Agent 41: (20,34) -> (51,57)
  Agent 42: (60,25) -> (50,34)
  Agent 43: (25,53) -> (42,21)
  Agent 44: (61,22) -> (30,26)
  Agent 45: (18,7) -> (55,57)
  Agent 46: (37,50) -> (27,5)
  Agent 47: (44,1) -> (26,58)
  Agent 48: (21,14) -> (29,11)
  Agent 49: (13,63) -> (41,7)
[LNS] Base makespan: 140

[LNS] === Attempt with max_timesteps=140 ===
[SAT] Creating MDDs with shortest paths + waiting time...
[SAT] Created 50 MDDs with waiting time structure
[LNS] Built MDDs with waiting time structure for 50 agents at makespan 140
[Current_Solution] Calculating waiting times for agents...
[Current_Solution] Agent 49 reaches goal at t=98, waiting time=42
[Current_Solution] Agent 48 reaches goal at t=13, waiting time=127
[Current_Solution] Agent 47 reaches goal at t=85, waiting time=55
[Current_Solution] Agent 46 reaches goal at t=109, waiting time=31
[Current_Solution] Agent 45 reaches goal at t=133, waiting time=7
[Current_Solution] Agent 44 reaches goal at t=45, waiting time=95
[Current_Solution] Agent 43 reaches goal at t=59, waiting time=81
[Current_Solution] Agent 42 reaches goal at t=19, waiting time=121
[Current_Solution] Agent 41 reaches goal at t=92, waiting time=48
[Current_Solution] Agent 40 reaches goal at t=137, waiting time=3
[Current_Solution] Agent 39 reaches goal at t=70, waiting time=70
[Current_Solution] Agent 38 reaches goal at t=47, waiting time=93
[Current_Solution] Agent 37 reaches goal at t=11, waiting time=129
[Current_Solution] Agent 36 reaches goal at t=135, waiting time=5
[Current_Solution] Agent 35 reaches goal at t=41, waiting time=99
[Current_Solution] Agent 34 reaches goal at t=10, waiting time=130
[Current_Solution] Agent 33 reaches goal at t=95, waiting time=45
[Current_Solution] Agent 32 reaches goal at t=137, waiting time=3
[Current_Solution] Agent 31 reaches goal at t=5, waiting time=135
[Current_Solution] Agent 30 reaches goal at t=2, waiting time=138
[Current_Solution] Agent 29 reaches goal at t=82, waiting time=58
[Current_Solution] Agent 28 reaches goal at t=139, waiting time=1
[Current_Solution] Agent 27 reaches goal at t=133, waiting time=7
[Current_Solution] Agent 26 reaches goal at t=78, waiting time=62
[Current_Solution] Agent 25 reaches goal at t=84, waiting time=56
[Current_Solution] Agent 24 reaches goal at t=134, waiting time=6
[Current_Solution] Agent 23 reaches goal at t=14, waiting time=126
[Current_Solution] Agent 22 reaches goal at t=80, waiting time=60
[Current_Solution] Agent 21 reaches goal at t=65, waiting time=75
[Current_Solution] Agent 20 reaches goal at t=29, waiting time=111
[Current_Solution] Agent 19 reaches goal at t=67, waiting time=73
[Current_Solution] Agent 18 reaches goal at t=76, waiting time=64
[Current_Solution] Agent 17 reaches goal at t=51, waiting time=89
[Current_Solution] Agent 16 reaches goal at t=124, waiting time=16
[Current_Solution] Agent 15 reaches goal at t=8, waiting time=132
[Current_Solution] Agent 14 reaches goal at t=140, waiting time=0
[Current_Solution] Agent 13 reaches goal at t=110, waiting time=30
[Current_Solution] Agent 12 reaches goal at t=77, waiting time=63
[Current_Solution] Agent 11 reaches goal at t=116, waiting time=24
[Current_Solution] Agent 10 reaches goal at t=89, waiting time=51
[Current_Solution] Agent 9 reaches goal at t=76, waiting time=64
[Current_Solution] Agent 8 reaches goal at t=47, waiting time=93
[Current_Solution] Agent 7 reaches goal at t=111, waiting time=29
[Current_Solution] Agent 6 reaches goal at t=42, waiting time=98
[Current_Solution] Agent 5 reaches goal at t=44, waiting time=96
[Current_Solution] Agent 4 reaches goal at t=15, waiting time=125
[Current_Solution] Agent 3 reaches goal at t=51, waiting time=89
[Current_Solution] Agent 2 reaches goal at t=82, waiting time=58
[Current_Solution] Agent 1 reaches goal at t=74, waiting time=66
[Current_Solution] Agent 0 reaches goal at t=81, waiting time=59
[Current_Solution] Waiting time calculation complete
[LNS] Created current solution with 50 agent paths on a map of size 64x64
[LNS] Analyzing conflicts...
[LNS] Current solution: vertex collisions=215, edge collisions=42
[LNS] Creating conflict buckets...
[LOCAL ZONE] Building diamond bucket for conflict 0
[LOCAL ZONE] Built diamond bucket for conflict 0 with 13 positions, 5 conflicts, 1 - 5 time window
[LNS] Selected most relevant bucket 0 with time window: 1 - 5, 5 conflicts and 13 positions.
[LNS] Solving the best bucket Local Zone...
[Solve_local_zone] Local zone size reached 95% of all walkable positions
[Solve_local_zone] Will try to solve with full time window and all positions
[Solve_local_zone] Makespan: 140
[Solve_local_zone] Time window: [0, 140]
[Current_Solution] Agent 0 used 59 waiting timesteps, 0 remaining
[Current_Solution] Agent 1 used 66 waiting timesteps, 0 remaining
[Current_Solution] Agent 2 used 58 waiting timesteps, 0 remaining
[Current_Solution] Agent 3 used 89 waiting timesteps, 0 remaining
[Current_Solution] Agent 4 used 125 waiting timesteps, 0 remaining
[Current_Solution] Agent 5 used 96 waiting timesteps, 0 remaining
[Current_Solution] Agent 6 used 98 waiting timesteps, 0 remaining
[Current_Solution] Agent 7 used 29 waiting timesteps, 0 remaining
[Current_Solution] Agent 8 used 93 waiting timesteps, 0 remaining
[Current_Solution] Agent 9 used 64 waiting timesteps, 0 remaining
[Current_Solution] Agent 10 used 51 waiting timesteps, 0 remaining
[Current_Solution] Agent 11 used 24 waiting timesteps, 0 remaining
[Current_Solution] Agent 12 used 63 waiting timesteps, 0 remaining
[Current_Solution] Agent 13 used 30 waiting timesteps, 0 remaining
[Current_Solution] Agent 15 used 132 waiting timesteps, 0 remaining
[Current_Solution] Agent 16 used 16 waiting timesteps, 0 remaining
[Current_Solution] Agent 17 used 89 waiting timesteps, 0 remaining
[Current_Solution] Agent 18 used 64 waiting timesteps, 0 remaining
[Current_Solution] Agent 19 used 73 waiting timesteps, 0 remaining
[Current_Solution] Agent 20 used 111 waiting timesteps, 0 remaining
[Current_Solution] Agent 21 used 75 waiting timesteps, 0 remaining
[Current_Solution] Agent 22 used 60 waiting timesteps, 0 remaining
[Current_Solution] Agent 23 used 126 waiting timesteps, 0 remaining
[Current_Solution] Agent 24 used 6 waiting timesteps, 0 remaining
[Current_Solution] Agent 25 used 56 waiting timesteps, 0 remaining
[Current_Solution] Agent 26 used 62 waiting timesteps, 0 remaining
[Current_Solution] Agent 27 used 7 waiting timesteps, 0 remaining
[Current_Solution] Agent 28 used 1 waiting timesteps, 0 remaining
[Current_Solution] Agent 29 used 58 waiting timesteps, 0 remaining
[Current_Solution] Agent 30 used 138 waiting timesteps, 0 remaining
[Current_Solution] Agent 31 used 135 waiting timesteps, 0 remaining
[Current_Solution] Agent 32 used 3 waiting timesteps, 0 remaining
[Current_Solution] Agent 33 used 45 waiting timesteps, 0 remaining
[Current_Solution] Agent 34 used 130 waiting timesteps, 0 remaining
[Current_Solution] Agent 35 used 99 waiting timesteps, 0 remaining
[Current_Solution] Agent 36 used 5 waiting timesteps, 0 remaining
[Current_Solution] Agent 37 used 129 waiting timesteps, 0 remaining
[Current_Solution] Agent 38 used 93 waiting timesteps, 0 remaining
[Current_Solution] Agent 39 used 70 waiting timesteps, 0 remaining
[Current_Solution] Agent 40 used 3 waiting timesteps, 0 remaining
[Current_Solution] Agent 41 used 48 waiting timesteps, 0 remaining
[Current_Solution] Agent 42 used 121 waiting timesteps, 0 remaining
[Current_Solution] Agent 43 used 81 waiting timesteps, 0 remaining
[Current_Solution] Agent 44 used 95 waiting timesteps, 0 remaining
[Current_Solution] Agent 45 used 7 waiting timesteps, 0 remaining
[Current_Solution] Agent 46 used 31 waiting timesteps, 0 remaining
[Current_Solution] Agent 47 used 55 waiting timesteps, 0 remaining
[Current_Solution] Agent 48 used 127 waiting timesteps, 0 remaining
[Current_Solution] Agent 49 used 42 waiting timesteps, 0 remaining
[Waiting_time_Solve] Agent 0 has waiting time 0
[Waiting_time_Solve] Agent 1 has waiting time 0
[Waiting_time_Solve] Agent 2 has waiting time 0
[Waiting_time_Solve] Agent 3 has waiting time 0
[Waiting_time_Solve] Agent 4 has waiting time 0
[Waiting_time_Solve] Agent 5 has waiting time 0
[Waiting_time_Solve] Agent 6 has waiting time 0
[Waiting_time_Solve] Agent 7 has waiting time 0
[Waiting_time_Solve] Agent 8 has waiting time 0
[Waiting_time_Solve] Agent 9 has waiting time 0
[Waiting_time_Solve] Agent 10 has waiting time 0
[Waiting_time_Solve] Agent 11 has waiting time 0
[Waiting_time_Solve] Agent 12 has waiting time 0
[Waiting_time_Solve] Agent 13 has waiting time 0
[Waiting_time_Solve] Agent 14 has waiting time 0
[Waiting_time_Solve] Agent 15 has waiting time 0
[Waiting_time_Solve] Agent 16 has waiting time 0
[Waiting_time_Solve] Agent 17 has waiting time 0
[Waiting_time_Solve] Agent 18 has waiting time 0
[Waiting_time_Solve] Agent 19 has waiting time 0
[Waiting_time_Solve] Agent 20 has waiting time 0
[Waiting_time_Solve] Agent 21 has waiting time 0
[Waiting_time_Solve] Agent 22 has waiting time 0
[Waiting_time_Solve] Agent 23 has waiting time 0
[Waiting_time_Solve] Agent 24 has waiting time 0
[Waiting_time_Solve] Agent 25 has waiting time 0
[Waiting_time_Solve] Agent 26 has waiting time 0
[Waiting_time_Solve] Agent 27 has waiting time 0
[Waiting_time_Solve] Agent 28 has waiting time 0
[Waiting_time_Solve] Agent 29 has waiting time 0
[Waiting_time_Solve] Agent 30 has waiting time 0
[Waiting_time_Solve] Agent 31 has waiting time 0
[Waiting_time_Solve] Agent 32 has waiting time 0
[Waiting_time_Solve] Agent 33 has waiting time 0
[Waiting_time_Solve] Agent 34 has waiting time 0
[Waiting_time_Solve] Agent 35 has waiting time 0
[Waiting_time_Solve] Agent 36 has waiting time 0
[Waiting_time_Solve] Agent 37 has waiting time 0
[Waiting_time_Solve] Agent 38 has waiting time 0
[Waiting_time_Solve] Agent 39 has waiting time 0
[Waiting_time_Solve] Agent 40 has waiting time 0
[Waiting_time_Solve] Agent 41 has waiting time 0
[Waiting_time_Solve] Agent 42 has waiting time 0
[Waiting_time_Solve] Agent 43 has waiting time 0
[Waiting_time_Solve] Agent 44 has waiting time 0
[Waiting_time_Solve] Agent 45 has waiting time 0
[Waiting_time_Solve] Agent 46 has waiting time 0
[Waiting_time_Solve] Agent 47 has waiting time 0
[Waiting_time_Solve] Agent 48 has waiting time 0
[Waiting_time_Solve] Agent 49 has waiting time 0
[Waiting_time_Solve] Total available waiting time: 0
[Waiting_time_Solve] Max iterations: 1
[Waiting_time_Solve] Iteration 0...
Command terminated after exceeding the time limit.
# Run terminated after reaching overall time limit

# Batch stopped after reaching overall time limit (elapsed 599s)
