[LNS] Loaded map 48x48, agents: 100
[LNS] Map:
................................................
................................................
................................................
................................................
................................................
................................................
................................................
................................................
................................................
................................................
................................................
................................................
................................................
................................................
................................................
................................................
................................................
................................................
................................................
................................................
................................................
................................................
................................................
................................................
................................................
................................................
................................................
................................................
................................................
................................................
................................................
................................................
................................................
................................................
................................................
................................................
................................................
................................................
................................................
................................................
................................................
................................................
................................................
................................................
................................................
................................................
................................................
................................................
[LNS] Number of agents: 100
[LNS] Agents (start -> goal):
  Agent 0: (15,42) -> (22,25)
  Agent 1: (40,3) -> (27,2)
  Agent 2: (32,0) -> (2,37)
  Agent 3: (15,5) -> (27,3)
  Agent 4: (4,28) -> (27,23)
  Agent 5: (37,1) -> (20,29)
  Agent 6: (9,24) -> (5,44)
  Agent 7: (11,8) -> (42,17)
  Agent 8: (0,16) -> (15,20)
  Agent 9: (10,31) -> (31,33)
  Agent 10: (37,39) -> (40,40)
  Agent 11: (19,26) -> (10,12)
  Agent 12: (28,25) -> (11,21)
  Agent 13: (42,6) -> (30,23)
  Agent 14: (21,26) -> (33,16)
  Agent 15: (38,19) -> (21,3)
  Agent 16: (10,29) -> (33,19)
  Agent 17: (27,42) -> (26,10)
  Agent 18: (42,39) -> (7,10)
  Agent 19: (19,30) -> (37,0)
  Agent 20: (1,27) -> (38,41)
  Agent 21: (41,44) -> (1,25)
  Agent 22: (31,7) -> (23,20)
  Agent 23: (11,34) -> (31,34)
  Agent 24: (16,21) -> (42,34)
  Agent 25: (19,41) -> (46,23)
  Agent 26: (9,25) -> (41,47)
  Agent 27: (29,47) -> (16,22)
  Agent 28: (28,1) -> (45,22)
  Agent 29: (35,45) -> (1,13)
  Agent 30: (6,38) -> (23,8)
  Agent 31: (0,33) -> (6,46)
  Agent 32: (22,15) -> (8,0)
  Agent 33: (13,22) -> (43,24)
  Agent 34: (14,44) -> (34,37)
  Agent 35: (16,27) -> (3,13)
  Agent 36: (19,28) -> (27,26)
  Agent 37: (9,36) -> (41,21)
  Agent 38: (3,38) -> (8,4)
  Agent 39: (21,12) -> (42,3)
  Agent 40: (41,14) -> (26,30)
  Agent 41: (20,1) -> (31,11)
  Agent 42: (23,34) -> (43,1)
  Agent 43: (14,18) -> (29,27)
  Agent 44: (31,35) -> (16,39)
  Agent 45: (32,11) -> (39,36)
  Agent 46: (1,31) -> (35,43)
  Agent 47: (27,15) -> (10,24)
  Agent 48: (23,17) -> (3,25)
  Agent 49: (39,27) -> (12,44)
  Agent 50: (8,23) -> (23,22)
  Agent 51: (23,44) -> (41,12)
  Agent 52: (16,32) -> (44,22)
  Agent 53: (45,8) -> (25,25)
  Agent 54: (9,4) -> (14,13)
  Agent 55: (3,14) -> (1,45)
  Agent 56: (45,36) -> (4,14)
  Agent 57: (27,16) -> (23,6)
  Agent 58: (11,46) -> (18,11)
  Agent 59: (25,34) -> (30,28)
  Agent 60: (44,16) -> (44,26)
  Agent 61: (46,2) -> (24,36)
  Agent 62: (33,13) -> (13,15)
  Agent 63: (15,19) -> (35,2)
  Agent 64: (17,29) -> (28,27)
  Agent 65: (39,22) -> (11,0)
  Agent 66: (28,40) -> (9,5)
  Agent 67: (15,39) -> (47,19)
  Agent 68: (12,16) -> (45,5)
  Agent 69: (17,44) -> (28,4)
  Agent 70: (30,38) -> (40,9)
  Agent 71: (42,43) -> (4,36)
  Agent 72: (41,35) -> (32,18)
  Agent 73: (19,1) -> (6,23)
  Agent 74: (0,3) -> (30,29)
  Agent 75: (34,27) -> (24,11)
  Agent 76: (20,6) -> (45,40)
  Agent 77: (32,31) -> (44,19)
  Agent 78: (16,40) -> (4,30)
  Agent 79: (22,0) -> (46,3)
  Agent 80: (28,6) -> (17,30)
  Agent 81: (28,3) -> (9,28)
  Agent 82: (29,5) -> (5,39)
  Agent 83: (12,26) -> (22,33)
  Agent 84: (30,15) -> (16,44)
  Agent 85: (19,38) -> (10,11)
  Agent 86: (39,34) -> (23,45)
  Agent 87: (26,26) -> (15,31)
  Agent 88: (7,21) -> (34,6)
  Agent 89: (12,18) -> (39,41)
  Agent 90: (2,2) -> (23,0)
  Agent 91: (42,38) -> (7,33)
  Agent 92: (30,21) -> (27,47)
  Agent 93: (23,10) -> (26,33)
  Agent 94: (28,16) -> (34,45)
  Agent 95: (19,20) -> (16,23)
  Agent 96: (6,44) -> (13,47)
  Agent 97: (15,1) -> (32,20)
  Agent 98: (26,31) -> (28,34)
  Agent 99: (26,25) -> (35,22)
[LNS] Base makespan: 67

[LNS] === Attempt with max_timesteps=67 ===
[SAT] Creating MDDs with shortest paths + waiting time...
[SAT] Created 100 MDDs with waiting time structure
[LNS] Built MDDs with waiting time structure for 100 agents at makespan 67
[Current_Solution] Calculating waiting times for agents...
[Current_Solution] Agent 99 reaches goal at t=12, waiting time=55
[Current_Solution] Agent 98 reaches goal at t=5, waiting time=62
[Current_Solution] Agent 97 reaches goal at t=36, waiting time=31
[Current_Solution] Agent 96 reaches goal at t=10, waiting time=57
[Current_Solution] Agent 95 reaches goal at t=6, waiting time=61
[Current_Solution] Agent 94 reaches goal at t=35, waiting time=32
[Current_Solution] Agent 93 reaches goal at t=26, waiting time=41
[Current_Solution] Agent 92 reaches goal at t=29, waiting time=38
[Current_Solution] Agent 91 reaches goal at t=40, waiting time=27
[Current_Solution] Agent 90 reaches goal at t=23, waiting time=44
[Current_Solution] Agent 89 reaches goal at t=50, waiting time=17
[Current_Solution] Agent 88 reaches goal at t=42, waiting time=25
[Current_Solution] Agent 87 reaches goal at t=16, waiting time=51
[Current_Solution] Agent 86 reaches goal at t=27, waiting time=40
[Current_Solution] Agent 85 reaches goal at t=36, waiting time=31
[Current_Solution] Agent 84 reaches goal at t=43, waiting time=24
[Current_Solution] Agent 83 reaches goal at t=17, waiting time=50
[Current_Solution] Agent 82 reaches goal at t=58, waiting time=9
[Current_Solution] Agent 81 reaches goal at t=44, waiting time=23
[Current_Solution] Agent 80 reaches goal at t=35, waiting time=32
[Current_Solution] Agent 79 reaches goal at t=27, waiting time=40
[Current_Solution] Agent 78 reaches goal at t=22, waiting time=45
[Current_Solution] Agent 77 reaches goal at t=24, waiting time=43
[Current_Solution] Agent 76 reaches goal at t=59, waiting time=8
[Current_Solution] Agent 75 reaches goal at t=26, waiting time=41
[Current_Solution] Agent 74 reaches goal at t=56, waiting time=11
[Current_Solution] Agent 73 reaches goal at t=35, waiting time=32
[Current_Solution] Agent 72 reaches goal at t=26, waiting time=41
[Current_Solution] Agent 71 reaches goal at t=45, waiting time=22
[Current_Solution] Agent 70 reaches goal at t=39, waiting time=28
[Current_Solution] Agent 69 reaches goal at t=51, waiting time=16
[Current_Solution] Agent 68 reaches goal at t=44, waiting time=23
[Current_Solution] Agent 67 reaches goal at t=52, waiting time=15
[Current_Solution] Agent 66 reaches goal at t=54, waiting time=13
[Current_Solution] Agent 65 reaches goal at t=50, waiting time=17
[Current_Solution] Agent 64 reaches goal at t=13, waiting time=54
[Current_Solution] Agent 63 reaches goal at t=37, waiting time=30
[Current_Solution] Agent 62 reaches goal at t=22, waiting time=45
[Current_Solution] Agent 61 reaches goal at t=56, waiting time=11
[Current_Solution] Agent 60 reaches goal at t=10, waiting time=57
[Current_Solution] Agent 59 reaches goal at t=11, waiting time=56
[Current_Solution] Agent 58 reaches goal at t=42, waiting time=25
[Current_Solution] Agent 57 reaches goal at t=14, waiting time=53
[Current_Solution] Agent 56 reaches goal at t=63, waiting time=4
[Current_Solution] Agent 55 reaches goal at t=33, waiting time=34
[Current_Solution] Agent 54 reaches goal at t=14, waiting time=53
[Current_Solution] Agent 53 reaches goal at t=37, waiting time=30
[Current_Solution] Agent 52 reaches goal at t=38, waiting time=29
[Current_Solution] Agent 51 reaches goal at t=50, waiting time=17
[Current_Solution] Agent 50 reaches goal at t=16, waiting time=51
[Current_Solution] Agent 49 reaches goal at t=44, waiting time=23
[Current_Solution] Agent 48 reaches goal at t=28, waiting time=39
[Current_Solution] Agent 47 reaches goal at t=26, waiting time=41
[Current_Solution] Agent 46 reaches goal at t=46, waiting time=21
[Current_Solution] Agent 45 reaches goal at t=32, waiting time=35
[Current_Solution] Agent 44 reaches goal at t=19, waiting time=48
[Current_Solution] Agent 43 reaches goal at t=24, waiting time=43
[Current_Solution] Agent 42 reaches goal at t=53, waiting time=14
[Current_Solution] Agent 41 reaches goal at t=21, waiting time=46
[Current_Solution] Agent 40 reaches goal at t=31, waiting time=36
[Current_Solution] Agent 39 reaches goal at t=30, waiting time=37
[Current_Solution] Agent 38 reaches goal at t=39, waiting time=28
[Current_Solution] Agent 37 reaches goal at t=47, waiting time=20
[Current_Solution] Agent 36 reaches goal at t=10, waiting time=57
[Current_Solution] Agent 35 reaches goal at t=27, waiting time=40
[Current_Solution] Agent 34 reaches goal at t=27, waiting time=40
[Current_Solution] Agent 33 reaches goal at t=32, waiting time=35
[Current_Solution] Agent 32 reaches goal at t=29, waiting time=38
[Current_Solution] Agent 31 reaches goal at t=19, waiting time=48
[Current_Solution] Agent 30 reaches goal at t=47, waiting time=20
[Current_Solution] Agent 29 reaches goal at t=66, waiting time=1
[Current_Solution] Agent 28 reaches goal at t=38, waiting time=29
[Current_Solution] Agent 27 reaches goal at t=38, waiting time=29
[Current_Solution] Agent 26 reaches goal at t=54, waiting time=13
[Current_Solution] Agent 25 reaches goal at t=45, waiting time=22
[Current_Solution] Agent 24 reaches goal at t=39, waiting time=28
[Current_Solution] Agent 23 reaches goal at t=20, waiting time=47
[Current_Solution] Agent 22 reaches goal at t=21, waiting time=46
[Current_Solution] Agent 21 reaches goal at t=59, waiting time=8
[Current_Solution] Agent 20 reaches goal at t=51, waiting time=16
[Current_Solution] Agent 19 reaches goal at t=48, waiting time=19
[Current_Solution] Agent 18 reaches goal at t=64, waiting time=3
[Current_Solution] Agent 17 reaches goal at t=33, waiting time=34
[Current_Solution] Agent 16 reaches goal at t=33, waiting time=34
[Current_Solution] Agent 15 reaches goal at t=33, waiting time=34
[Current_Solution] Agent 14 reaches goal at t=22, waiting time=45
[Current_Solution] Agent 13 reaches goal at t=29, waiting time=38
[Current_Solution] Agent 12 reaches goal at t=21, waiting time=46
[Current_Solution] Agent 11 reaches goal at t=23, waiting time=44
[Current_Solution] Agent 10 reaches goal at t=4, waiting time=63
[Current_Solution] Agent 9 reaches goal at t=23, waiting time=44
[Current_Solution] Agent 8 reaches goal at t=19, waiting time=48
[Current_Solution] Agent 7 reaches goal at t=40, waiting time=27
[Current_Solution] Agent 6 reaches goal at t=24, waiting time=43
[Current_Solution] Agent 5 reaches goal at t=45, waiting time=22
[Current_Solution] Agent 4 reaches goal at t=28, waiting time=39
[Current_Solution] Agent 3 reaches goal at t=14, waiting time=53
[Current_Solution] Agent 2 reaches goal at t=67, waiting time=0
[Current_Solution] Agent 1 reaches goal at t=14, waiting time=53
[Current_Solution] Agent 0 reaches goal at t=24, waiting time=43
[Current_Solution] Waiting time calculation complete
[LNS] Created current solution with 100 agent paths on a map of size 48x48
[LNS] Analyzing conflicts...
[LNS] Current solution: vertex collisions=94, edge collisions=17
[LNS] Creating conflict buckets...
[LOCAL ZONE] Building diamond bucket for conflict 0
[LOCAL ZONE] Built diamond bucket for conflict 0 with 8 positions, 2 conflicts, 1 - 2 time window
[LOCAL ZONE] Building diamond bucket for conflict 1
[LOCAL ZONE] Built diamond bucket for conflict 1 with 21 positions, 15 conflicts, 1 - 47 time window
[LNS] Selected most relevant bucket 1 with time window: 1 - 47, 15 conflicts and 21 positions.
[LNS] Solving the best bucket Local Zone...
[Solve_local_zone] Current local zone size: 21 (0.911458% of all walkable positions)
[Solve_local_zone] Local zone time window: [0, 48]
[Create_Local_problem] Agent 4 exited the zone at exit time 48
[Create_Local_problem] Agent 12 exited the zone at exit time 3
[Create_Local_Problem] MDD already aligned to the time window
[Create_Local_problem] Agent 17 exited the zone at exit time 19
[Create_Local_problem] Agent 18 exited the zone at exit time 32
[Create_Local_problem] Agent 19 exited the zone at exit time 15
[Create_Local_problem] Agent 33 exited the zone at exit time 17
[Create_Local_problem] Agent 36 exited the zone at exit time 48
[Create_Local_problem] Agent 43 exited the zone at exit time 48
[Create_Local_problem] Agent 53 exited the zone at exit time 48
[Create_Local_problem] Agent 64 exited the zone at exit time 48
[Create_Local_problem] Agent 67 exited the zone at exit time 27
[Create_Local_problem] Agent 69 exited the zone at exit time 31
[Create_Local_problem] Agent 74 exited the zone at exit time 48
[Create_Local_problem] Agent 75 exited the zone at exit time 9
[Create_Local_problem] Agent 75 returned to the zone 1 times within time window
[Create_Local_problem] Agent 76 exited the zone at exit time 31
[Create_Local_problem] Agent 84 exited the zone at exit time 16
[Create_Local_problem] Agent 87 exited the zone at exit time 1
[Create_Local_Problem] MDD already aligned to the time window
[Create_Local_problem] Agent 92 exited the zone at exit time 9
[Create_Local_problem] Agent 93 exited the zone at exit time 19
[Create_Local_problem] Agent 99 exited the zone at exit time 3
[Create_Local_Problem] MDD already aligned to the time window
[Waiting_time_Solve] Total available waiting time: 3374
[Waiting_time_Solve] Iteration 0...
[Waiting_time_Solve] Agent 75 pseudo agents: 100 
[SAT] Start solving CNF: 433 clauses and 226 variables
[SAT] Solving local zone with SAT iteration 1...
[SAT] Local CNF: 433 clauses 

DEBUG: CNF has 433 clauses
DEBUG: First clause: 1 
DEBUG: Adding 433 clauses to MiniSAT
DEBUG: Clause load summary: input=433, added=433, tautologies_skipped=0, duplicates_skipped=0, unit_clauses=190, empties=0, intra_clause_literals_removed=0, added_but_db_unchanged=174
DEBUG: After adding clauses, solver has 69 clauses and 226 variables
DEBUG: MiniSAT found 226 variables
DEBUG: Assignment size: 226
DEBUG: First few assignment values: 1 1 1 1 1 1 1 1 1 1 

=== DEBUG: cnf_assignment_to_paths ===
Input assignment size: 226

=== END DEBUG ===
[SAT] Found 10 vertex collisions and 0 edge collisions
[SAT] Adding collision clauses and solving again...
[SAT] Solving local zone with SAT iteration 2...
[SAT] Local CNF: 443 clauses 

DEBUG: CNF has 443 clauses
DEBUG: First clause: 1 
DEBUG: Adding 443 clauses to MiniSAT
[SAT] Local problem is unsatisfiable after 2 iterations
[SAT] Local problem appears to be unsatisfiable in current zone
[Waiting_time_Solve] No solution found, trying to apply waiting time:1
[Current_Solution] Agent 99 used 1 waiting timesteps, 54 remaining
[Waiting_time_Solve] Applying waiting time delta 1 to segment 99
[Waiting_time_Solve] Original id: 99
[Create_Local_Problem] MDD already aligned to the time window
[Create_Local_Problem] MDD already aligned to the time window
[Waiting_time_Solve] New path is consistent after applying waiting time for agent 99
[Waiting_time_Solve] Applied 1 waiting time to segment 99 for agent 99
[Current_Solution] Agent 36 used 0 waiting timesteps, 57 remaining
[Waiting_time_Solve] Applied 0 waiting time to segment 36 for agent 36
[Current_Solution] Agent 64 used 0 waiting timesteps, 54 remaining
[Waiting_time_Solve] Applied 0 waiting time to segment 64 for agent 64
[Current_Solution] Agent 43 used 0 waiting timesteps, 43 remaining
[Waiting_time_Solve] Applied 0 waiting time to segment 43 for agent 43
[Current_Solution] Agent 64 used 0 waiting timesteps, 54 remaining
[Waiting_time_Solve] Applied 0 waiting time to segment 64 for agent 64
[Current_Solution] Agent 64 used 0 waiting timesteps, 54 remaining
[Waiting_time_Solve] Applied 0 waiting time to segment 64 for agent 64
[Current_Solution] Agent 64 used 0 waiting timesteps, 54 remaining
[Waiting_time_Solve] Applied 0 waiting time to segment 64 for agent 64
[Current_Solution] Agent 53 used 0 waiting timesteps, 30 remaining
[Waiting_time_Solve] Applied 0 waiting time to segment 53 for agent 53
[Current_Solution] Agent 43 used 0 waiting timesteps, 43 remaining
[Waiting_time_Solve] Applied 0 waiting time to segment 43 for agent 43
[Current_Solution] Agent 93 used 1 waiting timesteps, 40 remaining
[Waiting_time_Solve] Applying waiting time delta 1 to segment 93
[Waiting_time_Solve] Original id: 93
[Create_Local_Problem] MDD already aligned to the time window
[Waiting_time_Solve] New path is consistent after applying waiting time for agent 93
[Waiting_time_Solve] Applied 1 waiting time to segment 93 for agent 93
[Waiting_time_Solve] Waiting time applied
[Waiting_time_Solve] Iteration 1...
[Waiting_time_Solve] Agent 75 pseudo agents: 100 
[SAT] Start solving CNF: 456 clauses and 235 variables
[SAT] Solving local zone with SAT iteration 1...
[SAT] Local CNF: 466 clauses 

DEBUG: CNF has 466 clauses
DEBUG: First clause: 1 
DEBUG: Adding 466 clauses to MiniSAT
[SAT] Local problem is unsatisfiable after 1 iterations
[SAT] Local problem appears to be unsatisfiable in current zone
[Waiting_time_Solve] No solution found, trying to apply waiting time:2
[Waiting_time_Solve] No waiting time applied
[Waiting_time_Solve] No solution found
[Waiting_time_Solve] Restoring original paths
[Waiting_time_Solve] Restoring waiting times
[Current_Solution] Restored waiting times from backup
[Current_Solution] Restored paths from backup
[Solve_local_zone] Zone with expansion factor 0failed
[Solve_local_zone] Expanding zone with offset 2 (original: 1)
[LOCAL ZONE] Found newly touched conflict 76 at position (30,28)
[LOCAL ZONE] Found newly touched conflict 92 at position (30,28)
[Solve_local_zone] Final expanded zone contains 43 positions with 17 conflicts 
[Solve_local_zone] New time window: [0, 48]
[Solve_local_zone] Current local zone size: 43 (1.86632% of all walkable positions)
[Solve_local_zone] Local zone time window: [0, 57]
[Create_Local_problem] Agent 4 exited the zone at exit time 57
[Create_Local_problem] Agent 12 exited the zone at exit time 4
[Create_Local_Problem] MDD already aligned to the time window
[Create_Local_problem] Agent 17 exited the zone at exit time 20
[Create_Local_problem] Agent 18 exited the zone at exit time 33
[Create_Local_problem] Agent 19 exited the zone at exit time 16
[Create_Local_problem] Agent 33 exited the zone at exit time 18
[Create_Local_problem] Agent 36 exited the zone at exit time 57
[Create_Local_problem] Agent 37 exited the zone at exit time 30
[Create_Local_problem] Agent 40 exited the zone at exit time 27
[Create_Local_problem] Agent 42 exited the zone at exit time 13
[Create_Local_problem] Agent 43 exited the zone at exit time 57
[Create_Local_problem] Agent 52 exited the zone at exit time 21
[Create_Local_problem] Agent 53 exited the zone at exit time 57
[Create_Local_problem] Agent 59 exited the zone at exit time 57
[Create_Local_problem] Agent 64 exited the zone at exit time 57
[Create_Local_problem] Agent 67 exited the zone at exit time 28
[Create_Local_problem] Agent 69 exited the zone at exit time 32
[Create_Local_problem] Agent 74 exited the zone at exit time 57
[Create_Local_problem] Agent 75 exited the zone at exit time 10
[Create_Local_problem] Agent 76 exited the zone at exit time 34
[Create_Local_problem] Agent 84 exited the zone at exit time 17
[Create_Local_problem] Agent 87 exited the zone at exit time 2
[Create_Local_Problem] MDD already aligned to the time window
[Create_Local_problem] Agent 92 exited the zone at exit time 10
[Create_Local_problem] Agent 93 exited the zone at exit time 20
[Create_Local_problem] Agent 99 exited the zone at exit time 4
[Create_Local_Problem] MDD already aligned to the time window
[Waiting_time_Solve] Total available waiting time: 3374
[Waiting_time_Solve] Iteration 0...
[SAT] Start solving CNF: 920 clauses and 449 variables
[SAT] Solving local zone with SAT iteration 1...
[SAT] Local CNF: 920 clauses 

DEBUG: CNF has 920 clauses
DEBUG: First clause: 1 
DEBUG: Adding 920 clauses to MiniSAT
DEBUG: Clause load summary: input=920, added=920, tautologies_skipped=0, duplicates_skipped=0, unit_clauses=304, empties=0, intra_clause_literals_removed=0, added_but_db_unchanged=288
DEBUG: After adding clauses, solver has 328 clauses and 449 variables
DEBUG: MiniSAT found 449 variables
DEBUG: Assignment size: 449
DEBUG: First few assignment values: 1 1 1 1 1 1 1 1 0 1 

=== DEBUG: cnf_assignment_to_paths ===
Input assignment size: 449

=== END DEBUG ===
[SAT] Found 8 vertex collisions and 0 edge collisions
[SAT] Adding collision clauses and solving again...
[SAT] Solving local zone with SAT iteration 2...
[SAT] Local CNF: 928 clauses 

DEBUG: CNF has 928 clauses
DEBUG: First clause: 1 
DEBUG: Adding 928 clauses to MiniSAT
[SAT] Local problem is unsatisfiable after 2 iterations
[SAT] Local problem appears to be unsatisfiable in current zone
[Waiting_time_Solve] No solution found, trying to apply waiting time:1
[Current_Solution] Agent 93 used 1 waiting timesteps, 40 remaining
[Waiting_time_Solve] Applying waiting time delta 1 to segment 93
[Waiting_time_Solve] Original id: 93
[Create_Local_Problem] MDD already aligned to the time window
[Waiting_time_Solve] New path is consistent after applying waiting time for agent 93
[Waiting_time_Solve] Applied 1 waiting time to segment 93 for agent 93
[Current_Solution] Agent 36 used 0 waiting timesteps, 57 remaining
[Waiting_time_Solve] Applied 0 waiting time to segment 36 for agent 36
[Current_Solution] Agent 64 used 0 waiting timesteps, 54 remaining
[Waiting_time_Solve] Applied 0 waiting time to segment 64 for agent 64
[Current_Solution] Agent 43 used 0 waiting timesteps, 43 remaining
[Waiting_time_Solve] Applied 0 waiting time to segment 43 for agent 43
[Current_Solution] Agent 59 used 0 waiting timesteps, 56 remaining
[Waiting_time_Solve] Applied 0 waiting time to segment 59 for agent 59
[Current_Solution] Agent 64 used 0 waiting timesteps, 54 remaining
[Waiting_time_Solve] Applied 0 waiting time to segment 64 for agent 64
[Current_Solution] Agent 64 used 0 waiting timesteps, 54 remaining
[Waiting_time_Solve] Applied 0 waiting time to segment 64 for agent 64
[Current_Solution] Agent 99 used 1 waiting timesteps, 54 remaining
[Waiting_time_Solve] Applying waiting time delta 1 to segment 99
[Waiting_time_Solve] Original id: 99
[Create_Local_Problem] MDD already aligned to the time window
[Create_Local_Problem] MDD already aligned to the time window
[Waiting_time_Solve] New path is consistent after applying waiting time for agent 99
[Waiting_time_Solve] Applied 1 waiting time to segment 99 for agent 99
[Waiting_time_Solve] Waiting time applied
[Waiting_time_Solve] Iteration 1...
[SAT] Start solving CNF: 954 clauses and 462 variables
[SAT] Solving local zone with SAT iteration 1...
[SAT] Local CNF: 962 clauses 

DEBUG: CNF has 962 clauses
DEBUG: First clause: 1 
DEBUG: Adding 962 clauses to MiniSAT
[SAT] Local problem is unsatisfiable after 1 iterations
[SAT] Local problem appears to be unsatisfiable in current zone
[Waiting_time_Solve] No solution found, trying to apply waiting time:2
[Waiting_time_Solve] No waiting time applied
[Waiting_time_Solve] No solution found
[Waiting_time_Solve] Restoring original paths
[Waiting_time_Solve] Restoring waiting times
[Current_Solution] Restored waiting times from backup
[Current_Solution] Restored paths from backup
[Solve_local_zone] Zone with expansion factor 1failed
[Solve_local_zone] Expanding zone with offset 3 (original: 1)
[LOCAL ZONE] Found newly touched conflict 85 at position (22,25)
[LOCAL ZONE] Found newly touched conflict 101 at position (24,27)
[LOCAL ZONE] Found newly touched conflict 96 at position (20,26)
[LOCAL ZONE] Found newly touched conflict 42 at position (22,28)
[Solve_local_zone] Final expanded zone contains 112 positions with 21 conflicts 
[Solve_local_zone] New time window: [0, 57]
[Solve_local_zone] Current local zone size: 112 (4.86111% of all walkable positions)
[Solve_local_zone] Local zone time window: [0, 58]
[Create_Local_problem] Agent 0 exited the zone at exit time 58
[Create_Local_problem] Agent 4 exited the zone at exit time 58
[Create_Local_problem] Agent 5 exited the zone at exit time 58
[Create_Local_problem] Agent 11 exited the zone at exit time 2
[Create_Local_Problem] MDD already aligned to the time window
[Create_Local_problem] Agent 12 exited the zone at exit time 5
[Create_Local_Problem] MDD already aligned to the time window
[Create_Local_problem] Agent 14 exited the zone at exit time 6
[Create_Local_Problem] MDD already aligned to the time window
[Create_Local_problem] Agent 17 exited the zone at exit time 21
[Create_Local_problem] Agent 18 exited the zone at exit time 35
[Create_Local_problem] Agent 19 exited the zone at exit time 17
[Create_Local_problem] Agent 24 exited the zone at exit time 17
[Create_Local_problem] Agent 25 exited the zone at exit time 27
[Create_Local_problem] Agent 30 exited the zone at exit time 25
[Create_Local_problem] Agent 33 exited the zone at exit time 19
[Create_Local_problem] Agent 36 exited the zone at exit time 58
[Create_Local_Problem] MDD already aligned to the time window
[Create_Local_problem] Agent 37 exited the zone at exit time 33
[Create_Local_problem] Agent 37 returned to the zone 1 times within time window
[Create_Local_problem] Agent 40 exited the zone at exit time 29
[Create_Local_problem] Agent 40 returned to the zone 1 times within time window
[Create_Local_problem] Agent 42 exited the zone at exit time 16
[Create_Local_problem] Agent 42 returned to the zone 2 times within time window
[Create_Local_problem] Agent 43 exited the zone at exit time 58
[Create_Local_problem] Agent 48 exited the zone at exit time 9
[Create_Local_problem] Agent 50 exited the zone at exit time 15
[Create_Local_problem] Agent 52 exited the zone at exit time 22
[Create_Local_problem] Agent 52 returned to the zone 1 times within time window
[Create_Local_problem] Agent 53 exited the zone at exit time 58
[Create_Local_problem] Agent 58 exited the zone at exit time 28
[Create_Local_problem] Agent 59 exited the zone at exit time 58
[Create_Local_problem] Agent 64 exited the zone at exit time 58
[Create_Local_problem] Agent 67 exited the zone at exit time 29
[Create_Local_problem] Agent 69 exited the zone at exit time 33
[Create_Local_problem] Agent 74 exited the zone at exit time 58
[Create_Local_problem] Agent 74 returned to the zone 1 times within time window
[Create_Local_problem] Agent 75 exited the zone at exit time 13
[Create_Local_problem] Agent 75 returned to the zone 1 times within time window
[Create_Local_problem] Agent 76 exited the zone at exit time 35
[Create_Local_problem] Agent 80 exited the zone at exit time 32
[Create_Local_problem] Agent 84 exited the zone at exit time 24
[Create_Local_problem] Agent 84 returned to the zone 1 times within time window
[Create_Local_problem] Agent 87 exited the zone at exit time 9
[Create_Local_problem] Agent 87 returned to the zone 1 times within time window
[Create_Local_Problem] MDD already aligned to the time window
[Create_Local_problem] Agent 89 exited the zone at exit time 23
[Create_Local_problem] Agent 89 returned to the zone 1 times within time window
[Create_Local_problem] Agent 92 exited the zone at exit time 11
[Create_Local_problem] Agent 93 exited the zone at exit time 21
[Create_Local_problem] Agent 99 exited the zone at exit time 5
[Create_Local_Problem] MDD already aligned to the time window
[Waiting_time_Solve] Total available waiting time: 3374
[Waiting_time_Solve] Iteration 0...
[Waiting_time_Solve] Agent 87 pseudo agents: 108 
[Waiting_time_Solve] Agent 84 pseudo agents: 107 
[Waiting_time_Solve] Agent 40 pseudo agents: 101 
[Waiting_time_Solve] Agent 89 pseudo agents: 109 
[Waiting_time_Solve] Agent 75 pseudo agents: 106 
[Waiting_time_Solve] Agent 37 pseudo agents: 100 
[Waiting_time_Solve] Agent 42 pseudo agents: 102 103 
[Waiting_time_Solve] Agent 52 pseudo agents: 104 
[Waiting_time_Solve] Agent 74 pseudo agents: 105 
[SAT] Start solving CNF: 2366 clauses and 1005 variables
[SAT] Solving local zone with SAT iteration 1...
[SAT] Local CNF: 2366 clauses 

DEBUG: CNF has 2366 clauses
DEBUG: First clause: 1 
DEBUG: Adding 2366 clauses to MiniSAT
DEBUG: Clause load summary: input=2366, added=2366, tautologies_skipped=0, duplicates_skipped=0, unit_clauses=409, empties=0, intra_clause_literals_removed=0, added_but_db_unchanged=385
DEBUG: After adding clauses, solver has 1572 clauses and 1005 variables
DEBUG: MiniSAT found 1005 variables
DEBUG: Assignment size: 1005
DEBUG: First few assignment values: 1 1 1 1 1 1 1 1 1 0 

=== DEBUG: cnf_assignment_to_paths ===
Input assignment size: 1005

=== END DEBUG ===
[SAT] Found 14 vertex collisions and 0 edge collisions
[SAT] Adding collision clauses and solving again...
[SAT] Solving local zone with SAT iteration 2...
[SAT] Local CNF: 2380 clauses 

DEBUG: CNF has 2380 clauses
DEBUG: First clause: 1 
DEBUG: Adding 2380 clauses to MiniSAT
[SAT] Local problem is unsatisfiable after 2 iterations
[SAT] Local problem appears to be unsatisfiable in current zone
[Waiting_time_Solve] No solution found, trying to apply waiting time:1
[Current_Solution] Agent 92 used 1 waiting timesteps, 37 remaining
[Waiting_time_Solve] Applying waiting time delta 1 to segment 92
[Waiting_time_Solve] Original id: 92
[Create_Local_Problem] MDD already aligned to the time window
[Waiting_time_Solve] New path is consistent after applying waiting time for agent 92
[Waiting_time_Solve] Applied 1 waiting time to segment 92 for agent 92
[Current_Solution] Agent 0 used 1 waiting timesteps, 42 remaining
[Waiting_time_Solve] Applying waiting time delta 1 to segment 0
[Waiting_time_Solve] Original id: 0
[Create_Local_Problem] MDD already aligned to the time window
[Waiting_time_Solve] New path is consistent after applying waiting time for agent 0
[Waiting_time_Solve] Applied 1 waiting time to segment 0 for agent 0
[Current_Solution] Agent 43 used 1 waiting timesteps, 42 remaining
[Waiting_time_Solve] Applying waiting time delta 1 to segment 43
[Waiting_time_Solve] Original id: 43
[Create_Local_Problem] MDD already aligned to the time window
[Waiting_time_Solve] New path is consistent after applying waiting time for agent 43
[Waiting_time_Solve] Applied 1 waiting time to segment 43 for agent 43
[Current_Solution] Agent 4 used 0 waiting timesteps, 39 remaining
[Waiting_time_Solve] Applied 0 waiting time to segment 4 for agent 4
[Current_Solution] Agent 53 used 1 waiting timesteps, 29 remaining
[Waiting_time_Solve] Applying waiting time delta 1 to segment 53
[Waiting_time_Solve] Original id: 53
[Create_Local_Problem] MDD already aligned to the time window
[Waiting_time_Solve] New path is consistent after applying waiting time for agent 53
[Waiting_time_Solve] Applied 1 waiting time to segment 53 for agent 53
[Current_Solution] Agent 59 used 0 waiting timesteps, 56 remaining
[Waiting_time_Solve] Applied 0 waiting time to segment 59 for agent 59
[Current_Solution] Agent 59 used 0 waiting timesteps, 56 remaining
[Waiting_time_Solve] Applied 0 waiting time to segment 59 for agent 59
[Current_Solution] Agent 64 used 0 waiting timesteps, 54 remaining
[Waiting_time_Solve] Applied 0 waiting time to segment 64 for agent 64
[Current_Solution] Agent 93 used 1 waiting timesteps, 40 remaining
[Waiting_time_Solve] Applying waiting time delta 1 to segment 93
[Waiting_time_Solve] Original id: 93
[Create_Local_Problem] MDD already aligned to the time window
[Waiting_time_Solve] New path is consistent after applying waiting time for agent 93
[Waiting_time_Solve] Applied 1 waiting time to segment 93 for agent 93
[Current_Solution] Agent 99 used 1 waiting timesteps, 54 remaining
[Waiting_time_Solve] Applying waiting time delta 1 to segment 99
[Waiting_time_Solve] Original id: 99
[Create_Local_Problem] MDD already aligned to the time window
[Create_Local_Problem] MDD already aligned to the time window
[Waiting_time_Solve] New path is consistent after applying waiting time for agent 99
[Waiting_time_Solve] Applied 1 waiting time to segment 99 for agent 99
