[LNS] Loaded map 48x48, agents: 200
[LNS] Map:
................................................
................................................
................................................
................................................
................................................
................................................
................................................
................................................
................................................
................................................
................................................
................................................
................................................
................................................
................................................
................................................
................................................
................................................
................................................
................................................
................................................
................................................
................................................
................................................
................................................
................................................
................................................
................................................
................................................
................................................
................................................
................................................
................................................
................................................
................................................
................................................
................................................
................................................
................................................
................................................
................................................
................................................
................................................
................................................
................................................
................................................
................................................
................................................
[LNS] Number of agents: 200
[LNS] Agents (start -> goal):
  Agent 0: (15,42) -> (22,25)
  Agent 1: (40,3) -> (27,2)
  Agent 2: (32,0) -> (2,37)
  Agent 3: (15,5) -> (27,3)
  Agent 4: (4,28) -> (27,23)
  Agent 5: (37,1) -> (20,29)
  Agent 6: (9,24) -> (5,44)
  Agent 7: (11,8) -> (42,17)
  Agent 8: (0,16) -> (15,20)
  Agent 9: (10,31) -> (31,33)
  Agent 10: (37,39) -> (40,40)
  Agent 11: (19,26) -> (10,12)
  Agent 12: (28,25) -> (11,21)
  Agent 13: (42,6) -> (30,23)
  Agent 14: (21,26) -> (33,16)
  Agent 15: (38,19) -> (21,3)
  Agent 16: (10,29) -> (33,19)
  Agent 17: (27,42) -> (26,10)
  Agent 18: (42,39) -> (7,10)
  Agent 19: (19,30) -> (37,0)
  Agent 20: (1,27) -> (38,41)
  Agent 21: (41,44) -> (1,25)
  Agent 22: (31,7) -> (23,20)
  Agent 23: (11,34) -> (31,34)
  Agent 24: (16,21) -> (42,34)
  Agent 25: (19,41) -> (46,23)
  Agent 26: (9,25) -> (41,47)
  Agent 27: (29,47) -> (16,22)
  Agent 28: (28,1) -> (45,22)
  Agent 29: (35,45) -> (1,13)
  Agent 30: (6,38) -> (23,8)
  Agent 31: (0,33) -> (6,46)
  Agent 32: (22,15) -> (8,0)
  Agent 33: (13,22) -> (43,24)
  Agent 34: (14,44) -> (34,37)
  Agent 35: (16,27) -> (3,13)
  Agent 36: (19,28) -> (27,26)
  Agent 37: (9,36) -> (41,21)
  Agent 38: (3,38) -> (8,4)
  Agent 39: (21,12) -> (42,3)
  Agent 40: (41,14) -> (26,30)
  Agent 41: (20,1) -> (31,11)
  Agent 42: (23,34) -> (43,1)
  Agent 43: (14,18) -> (29,27)
  Agent 44: (31,35) -> (16,39)
  Agent 45: (32,11) -> (39,36)
  Agent 46: (1,31) -> (35,43)
  Agent 47: (27,15) -> (10,24)
  Agent 48: (23,17) -> (3,25)
  Agent 49: (39,27) -> (12,44)
  Agent 50: (8,23) -> (23,22)
  Agent 51: (23,44) -> (41,12)
  Agent 52: (16,32) -> (44,22)
  Agent 53: (45,8) -> (25,25)
  Agent 54: (9,4) -> (14,13)
  Agent 55: (3,14) -> (1,45)
  Agent 56: (45,36) -> (4,14)
  Agent 57: (27,16) -> (23,6)
  Agent 58: (11,46) -> (18,11)
  Agent 59: (25,34) -> (30,28)
  Agent 60: (44,16) -> (44,26)
  Agent 61: (46,2) -> (24,36)
  Agent 62: (33,13) -> (13,15)
  Agent 63: (15,19) -> (35,2)
  Agent 64: (17,29) -> (28,27)
  Agent 65: (39,22) -> (11,0)
  Agent 66: (28,40) -> (9,5)
  Agent 67: (15,39) -> (47,19)
  Agent 68: (12,16) -> (45,5)
  Agent 69: (17,44) -> (28,4)
  Agent 70: (30,38) -> (40,9)
  Agent 71: (42,43) -> (4,36)
  Agent 72: (41,35) -> (32,18)
  Agent 73: (19,1) -> (6,23)
  Agent 74: (0,3) -> (30,29)
  Agent 75: (34,27) -> (24,11)
  Agent 76: (20,6) -> (45,40)
  Agent 77: (32,31) -> (44,19)
  Agent 78: (16,40) -> (4,30)
  Agent 79: (22,0) -> (46,3)
  Agent 80: (28,6) -> (17,30)
  Agent 81: (28,3) -> (9,28)
  Agent 82: (29,5) -> (5,39)
  Agent 83: (12,26) -> (22,33)
  Agent 84: (30,15) -> (16,44)
  Agent 85: (19,38) -> (10,11)
  Agent 86: (39,34) -> (23,45)
  Agent 87: (26,26) -> (15,31)
  Agent 88: (7,21) -> (34,6)
  Agent 89: (12,18) -> (39,41)
  Agent 90: (2,2) -> (23,0)
  Agent 91: (42,38) -> (7,33)
  Agent 92: (30,21) -> (27,47)
  Agent 93: (23,10) -> (26,33)
  Agent 94: (28,16) -> (34,45)
  Agent 95: (19,20) -> (16,23)
  Agent 96: (6,44) -> (13,47)
  Agent 97: (15,1) -> (32,20)
  Agent 98: (26,31) -> (28,34)
  Agent 99: (26,25) -> (35,22)
  Agent 100: (35,39) -> (39,40)
  Agent 101: (16,1) -> (24,31)
  Agent 102: (34,26) -> (34,47)
  Agent 103: (30,32) -> (42,19)
  Agent 104: (4,3) -> (20,45)
  Agent 105: (36,27) -> (6,33)
  Agent 106: (14,14) -> (42,26)
  Agent 107: (17,14) -> (30,17)
  Agent 108: (9,38) -> (21,32)
  Agent 109: (42,8) -> (32,5)
  Agent 110: (4,10) -> (10,19)
  Agent 111: (18,32) -> (44,44)
  Agent 112: (35,16) -> (46,21)
  Agent 113: (25,10) -> (47,27)
  Agent 114: (38,21) -> (19,17)
  Agent 115: (38,20) -> (43,15)
  Agent 116: (6,3) -> (18,1)
  Agent 117: (8,46) -> (31,10)
  Agent 118: (42,13) -> (29,3)
  Agent 119: (5,13) -> (12,33)
  Agent 120: (36,10) -> (11,28)
  Agent 121: (11,33) -> (24,42)
  Agent 122: (20,7) -> (12,24)
  Agent 123: (44,6) -> (36,11)
  Agent 124: (9,8) -> (42,10)
  Agent 125: (0,15) -> (39,6)
  Agent 126: (23,11) -> (42,32)
  Agent 127: (47,5) -> (45,17)
  Agent 128: (35,20) -> (33,17)
  Agent 129: (34,44) -> (10,38)
  Agent 130: (12,39) -> (4,33)
  Agent 131: (39,15) -> (17,7)
  Agent 132: (30,33) -> (19,14)
  Agent 133: (0,5) -> (18,46)
  Agent 134: (46,10) -> (35,40)
  Agent 135: (16,26) -> (30,40)
  Agent 136: (11,7) -> (45,47)
  Agent 137: (4,11) -> (0,25)
  Agent 138: (26,34) -> (8,25)
  Agent 139: (33,24) -> (24,45)
  Agent 140: (17,22) -> (6,29)
  Agent 141: (7,39) -> (0,18)
  Agent 142: (3,39) -> (12,27)
  Agent 143: (28,43) -> (27,20)
  Agent 144: (47,45) -> (4,5)
  Agent 145: (17,46) -> (23,33)
  Agent 146: (42,1) -> (26,14)
  Agent 147: (43,29) -> (1,40)
  Agent 148: (21,21) -> (44,32)
  Agent 149: (24,28) -> (11,25)
  Agent 150: (46,34) -> (36,40)
  Agent 151: (9,43) -> (11,29)
  Agent 152: (18,26) -> (6,16)
  Agent 153: (37,45) -> (5,26)
  Agent 154: (32,14) -> (0,21)
  Agent 155: (29,14) -> (30,39)
  Agent 156: (42,28) -> (6,0)
  Agent 157: (0,0) -> (0,40)
  Agent 158: (8,15) -> (27,33)
  Agent 159: (3,19) -> (12,31)
  Agent 160: (17,32) -> (3,0)
  Agent 161: (34,30) -> (28,12)
  Agent 162: (8,26) -> (5,10)
  Agent 163: (23,2) -> (44,18)
  Agent 164: (44,45) -> (9,17)
  Agent 165: (4,40) -> (18,28)
  Agent 166: (5,45) -> (19,43)
  Agent 167: (0,31) -> (42,2)
  Agent 168: (32,13) -> (45,21)
  Agent 169: (27,4) -> (7,2)
  Agent 170: (6,15) -> (34,1)
  Agent 171: (26,12) -> (43,21)
  Agent 172: (15,44) -> (16,2)
  Agent 173: (38,22) -> (8,11)
  Agent 174: (43,10) -> (24,0)
  Agent 175: (27,7) -> (13,1)
  Agent 176: (16,35) -> (11,38)
  Agent 177: (23,31) -> (30,5)
  Agent 178: (16,42) -> (12,28)
  Agent 179: (19,37) -> (22,42)
  Agent 180: (36,41) -> (24,26)
  Agent 181: (29,29) -> (33,2)
  Agent 182: (31,23) -> (43,30)
  Agent 183: (42,5) -> (35,34)
  Agent 184: (3,40) -> (28,44)
  Agent 185: (31,17) -> (10,22)
  Agent 186: (37,41) -> (13,41)
  Agent 187: (26,41) -> (6,2)
  Agent 188: (15,40) -> (24,37)
  Agent 189: (2,25) -> (4,23)
  Agent 190: (39,13) -> (22,23)
  Agent 191: (7,26) -> (0,42)
  Agent 192: (32,19) -> (41,13)
  Agent 193: (34,4) -> (2,32)
  Agent 194: (32,3) -> (37,14)
  Agent 195: (16,16) -> (19,27)
  Agent 196: (29,26) -> (46,43)
  Agent 197: (25,26) -> (42,22)
  Agent 198: (41,8) -> (22,35)
  Agent 199: (1,9) -> (26,40)
[LNS] Base makespan: 83

[LNS] === Attempt with max_timesteps=83 ===
[SAT] Creating MDDs with shortest paths + waiting time...
[SAT] Created 200 MDDs with waiting time structure
[LNS] Built MDDs with waiting time structure for 200 agents at makespan 83
[Current_Solution] Calculating waiting times for agents...
[Current_Solution] Agent 199 reaches goal at t=56, waiting time=27
[Current_Solution] Agent 198 reaches goal at t=46, waiting time=37
[Current_Solution] Agent 197 reaches goal at t=21, waiting time=62
[Current_Solution] Agent 196 reaches goal at t=34, waiting time=49
[Current_Solution] Agent 195 reaches goal at t=14, waiting time=69
[Current_Solution] Agent 194 reaches goal at t=16, waiting time=67
[Current_Solution] Agent 193 reaches goal at t=60, waiting time=23
[Current_Solution] Agent 192 reaches goal at t=15, waiting time=68
[Current_Solution] Agent 191 reaches goal at t=23, waiting time=60
[Current_Solution] Agent 190 reaches goal at t=27, waiting time=56
[Current_Solution] Agent 189 reaches goal at t=4, waiting time=79
[Current_Solution] Agent 188 reaches goal at t=12, waiting time=71
[Current_Solution] Agent 187 reaches goal at t=59, waiting time=24
[Current_Solution] Agent 186 reaches goal at t=24, waiting time=59
[Current_Solution] Agent 185 reaches goal at t=26, waiting time=57
[Current_Solution] Agent 184 reaches goal at t=29, waiting time=54
[Current_Solution] Agent 183 reaches goal at t=36, waiting time=47
[Current_Solution] Agent 182 reaches goal at t=19, waiting time=64
[Current_Solution] Agent 181 reaches goal at t=31, waiting time=52
[Current_Solution] Agent 180 reaches goal at t=27, waiting time=56
[Current_Solution] Agent 179 reaches goal at t=8, waiting time=75
[Current_Solution] Agent 178 reaches goal at t=18, waiting time=65
[Current_Solution] Agent 177 reaches goal at t=33, waiting time=50
[Current_Solution] Agent 176 reaches goal at t=8, waiting time=75
[Current_Solution] Agent 175 reaches goal at t=20, waiting time=63
[Current_Solution] Agent 174 reaches goal at t=29, waiting time=54
[Current_Solution] Agent 173 reaches goal at t=41, waiting time=42
[Current_Solution] Agent 172 reaches goal at t=43, waiting time=40
[Current_Solution] Agent 171 reaches goal at t=26, waiting time=57
[Current_Solution] Agent 170 reaches goal at t=42, waiting time=41
[Current_Solution] Agent 169 reaches goal at t=22, waiting time=61
[Current_Solution] Agent 168 reaches goal at t=21, waiting time=62
[Current_Solution] Agent 167 reaches goal at t=71, waiting time=12
[Current_Solution] Agent 166 reaches goal at t=16, waiting time=67
[Current_Solution] Agent 165 reaches goal at t=26, waiting time=57
[Current_Solution] Agent 164 reaches goal at t=63, waiting time=20
[Current_Solution] Agent 163 reaches goal at t=37, waiting time=46
[Current_Solution] Agent 162 reaches goal at t=19, waiting time=64
[Current_Solution] Agent 161 reaches goal at t=24, waiting time=59
[Current_Solution] Agent 160 reaches goal at t=46, waiting time=37
[Current_Solution] Agent 159 reaches goal at t=21, waiting time=62
[Current_Solution] Agent 158 reaches goal at t=37, waiting time=46
[Current_Solution] Agent 157 reaches goal at t=40, waiting time=43
[Current_Solution] Agent 156 reaches goal at t=64, waiting time=19
[Current_Solution] Agent 155 reaches goal at t=26, waiting time=57
[Current_Solution] Agent 154 reaches goal at t=39, waiting time=44
[Current_Solution] Agent 153 reaches goal at t=51, waiting time=32
[Current_Solution] Agent 152 reaches goal at t=22, waiting time=61
[Current_Solution] Agent 151 reaches goal at t=16, waiting time=67
[Current_Solution] Agent 150 reaches goal at t=16, waiting time=67
[Current_Solution] Agent 149 reaches goal at t=16, waiting time=67
[Current_Solution] Agent 148 reaches goal at t=34, waiting time=49
[Current_Solution] Agent 147 reaches goal at t=53, waiting time=30
[Current_Solution] Agent 146 reaches goal at t=29, waiting time=54
[Current_Solution] Agent 145 reaches goal at t=19, waiting time=64
[Current_Solution] Agent 144 reaches goal at t=83, waiting time=0
[Current_Solution] Agent 143 reaches goal at t=24, waiting time=59
[Current_Solution] Agent 142 reaches goal at t=21, waiting time=62
[Current_Solution] Agent 141 reaches goal at t=28, waiting time=55
[Current_Solution] Agent 140 reaches goal at t=18, waiting time=65
[Current_Solution] Agent 139 reaches goal at t=30, waiting time=53
[Current_Solution] Agent 138 reaches goal at t=27, waiting time=56
[Current_Solution] Agent 137 reaches goal at t=18, waiting time=65
[Current_Solution] Agent 136 reaches goal at t=74, waiting time=9
[Current_Solution] Agent 135 reaches goal at t=28, waiting time=55
[Current_Solution] Agent 134 reaches goal at t=41, waiting time=42
[Current_Solution] Agent 133 reaches goal at t=59, waiting time=24
[Current_Solution] Agent 132 reaches goal at t=30, waiting time=53
[Current_Solution] Agent 131 reaches goal at t=30, waiting time=53
[Current_Solution] Agent 130 reaches goal at t=14, waiting time=69
[Current_Solution] Agent 129 reaches goal at t=30, waiting time=53
[Current_Solution] Agent 128 reaches goal at t=5, waiting time=78
[Current_Solution] Agent 127 reaches goal at t=14, waiting time=69
[Current_Solution] Agent 126 reaches goal at t=40, waiting time=43
[Current_Solution] Agent 125 reaches goal at t=48, waiting time=35
[Current_Solution] Agent 124 reaches goal at t=35, waiting time=48
[Current_Solution] Agent 123 reaches goal at t=13, waiting time=70
[Current_Solution] Agent 122 reaches goal at t=25, waiting time=58
[Current_Solution] Agent 121 reaches goal at t=22, waiting time=61
[Current_Solution] Agent 120 reaches goal at t=43, waiting time=40
[Current_Solution] Agent 119 reaches goal at t=27, waiting time=56
[Current_Solution] Agent 118 reaches goal at t=23, waiting time=60
[Current_Solution] Agent 117 reaches goal at t=59, waiting time=24
[Current_Solution] Agent 116 reaches goal at t=14, waiting time=69
[Current_Solution] Agent 115 reaches goal at t=10, waiting time=73
[Current_Solution] Agent 114 reaches goal at t=23, waiting time=60
[Current_Solution] Agent 113 reaches goal at t=39, waiting time=44
[Current_Solution] Agent 112 reaches goal at t=16, waiting time=67
[Current_Solution] Agent 111 reaches goal at t=38, waiting time=45
[Current_Solution] Agent 110 reaches goal at t=15, waiting time=68
[Current_Solution] Agent 109 reaches goal at t=13, waiting time=70
[Current_Solution] Agent 108 reaches goal at t=18, waiting time=65
[Current_Solution] Agent 107 reaches goal at t=16, waiting time=67
[Current_Solution] Agent 106 reaches goal at t=40, waiting time=43
[Current_Solution] Agent 105 reaches goal at t=36, waiting time=47
[Current_Solution] Agent 104 reaches goal at t=58, waiting time=25
[Current_Solution] Agent 103 reaches goal at t=25, waiting time=58
[Current_Solution] Agent 102 reaches goal at t=21, waiting time=62
[Current_Solution] Agent 101 reaches goal at t=38, waiting time=45
[Current_Solution] Agent 100 reaches goal at t=5, waiting time=78
[Current_Solution] Agent 99 reaches goal at t=12, waiting time=71
[Current_Solution] Agent 98 reaches goal at t=5, waiting time=78
[Current_Solution] Agent 97 reaches goal at t=36, waiting time=47
[Current_Solution] Agent 96 reaches goal at t=10, waiting time=73
[Current_Solution] Agent 95 reaches goal at t=6, waiting time=77
[Current_Solution] Agent 94 reaches goal at t=35, waiting time=48
[Current_Solution] Agent 93 reaches goal at t=26, waiting time=57
[Current_Solution] Agent 92 reaches goal at t=29, waiting time=54
[Current_Solution] Agent 91 reaches goal at t=40, waiting time=43
[Current_Solution] Agent 90 reaches goal at t=23, waiting time=60
[Current_Solution] Agent 89 reaches goal at t=50, waiting time=33
[Current_Solution] Agent 88 reaches goal at t=42, waiting time=41
[Current_Solution] Agent 87 reaches goal at t=16, waiting time=67
[Current_Solution] Agent 86 reaches goal at t=27, waiting time=56
[Current_Solution] Agent 85 reaches goal at t=36, waiting time=47
[Current_Solution] Agent 84 reaches goal at t=43, waiting time=40
[Current_Solution] Agent 83 reaches goal at t=17, waiting time=66
[Current_Solution] Agent 82 reaches goal at t=58, waiting time=25
[Current_Solution] Agent 81 reaches goal at t=44, waiting time=39
[Current_Solution] Agent 80 reaches goal at t=35, waiting time=48
[Current_Solution] Agent 79 reaches goal at t=27, waiting time=56
[Current_Solution] Agent 78 reaches goal at t=22, waiting time=61
[Current_Solution] Agent 77 reaches goal at t=24, waiting time=59
[Current_Solution] Agent 76 reaches goal at t=59, waiting time=24
[Current_Solution] Agent 75 reaches goal at t=26, waiting time=57
[Current_Solution] Agent 74 reaches goal at t=56, waiting time=27
[Current_Solution] Agent 73 reaches goal at t=35, waiting time=48
[Current_Solution] Agent 72 reaches goal at t=26, waiting time=57
[Current_Solution] Agent 71 reaches goal at t=45, waiting time=38
[Current_Solution] Agent 70 reaches goal at t=39, waiting time=44
[Current_Solution] Agent 69 reaches goal at t=51, waiting time=32
[Current_Solution] Agent 68 reaches goal at t=44, waiting time=39
[Current_Solution] Agent 67 reaches goal at t=52, waiting time=31
[Current_Solution] Agent 66 reaches goal at t=54, waiting time=29
[Current_Solution] Agent 65 reaches goal at t=50, waiting time=33
[Current_Solution] Agent 64 reaches goal at t=13, waiting time=70
[Current_Solution] Agent 63 reaches goal at t=37, waiting time=46
[Current_Solution] Agent 62 reaches goal at t=22, waiting time=61
[Current_Solution] Agent 61 reaches goal at t=56, waiting time=27
[Current_Solution] Agent 60 reaches goal at t=10, waiting time=73
[Current_Solution] Agent 59 reaches goal at t=11, waiting time=72
[Current_Solution] Agent 58 reaches goal at t=42, waiting time=41
[Current_Solution] Agent 57 reaches goal at t=14, waiting time=69
[Current_Solution] Agent 56 reaches goal at t=63, waiting time=20
[Current_Solution] Agent 55 reaches goal at t=33, waiting time=50
[Current_Solution] Agent 54 reaches goal at t=14, waiting time=69
[Current_Solution] Agent 53 reaches goal at t=37, waiting time=46
[Current_Solution] Agent 52 reaches goal at t=38, waiting time=45
[Current_Solution] Agent 51 reaches goal at t=50, waiting time=33
[Current_Solution] Agent 50 reaches goal at t=16, waiting time=67
[Current_Solution] Agent 49 reaches goal at t=44, waiting time=39
[Current_Solution] Agent 48 reaches goal at t=28, waiting time=55
[Current_Solution] Agent 47 reaches goal at t=26, waiting time=57
[Current_Solution] Agent 46 reaches goal at t=46, waiting time=37
[Current_Solution] Agent 45 reaches goal at t=32, waiting time=51
[Current_Solution] Agent 44 reaches goal at t=19, waiting time=64
[Current_Solution] Agent 43 reaches goal at t=24, waiting time=59
[Current_Solution] Agent 42 reaches goal at t=53, waiting time=30
[Current_Solution] Agent 41 reaches goal at t=21, waiting time=62
[Current_Solution] Agent 40 reaches goal at t=31, waiting time=52
[Current_Solution] Agent 39 reaches goal at t=30, waiting time=53
[Current_Solution] Agent 38 reaches goal at t=39, waiting time=44
[Current_Solution] Agent 37 reaches goal at t=47, waiting time=36
[Current_Solution] Agent 36 reaches goal at t=10, waiting time=73
[Current_Solution] Agent 35 reaches goal at t=27, waiting time=56
[Current_Solution] Agent 34 reaches goal at t=27, waiting time=56
[Current_Solution] Agent 33 reaches goal at t=32, waiting time=51
[Current_Solution] Agent 32 reaches goal at t=29, waiting time=54
[Current_Solution] Agent 31 reaches goal at t=19, waiting time=64
[Current_Solution] Agent 30 reaches goal at t=47, waiting time=36
[Current_Solution] Agent 29 reaches goal at t=66, waiting time=17
[Current_Solution] Agent 28 reaches goal at t=38, waiting time=45
[Current_Solution] Agent 27 reaches goal at t=38, waiting time=45
[Current_Solution] Agent 26 reaches goal at t=54, waiting time=29
[Current_Solution] Agent 25 reaches goal at t=45, waiting time=38
[Current_Solution] Agent 24 reaches goal at t=39, waiting time=44
[Current_Solution] Agent 23 reaches goal at t=20, waiting time=63
[Current_Solution] Agent 22 reaches goal at t=21, waiting time=62
[Current_Solution] Agent 21 reaches goal at t=59, waiting time=24
[Current_Solution] Agent 20 reaches goal at t=51, waiting time=32
[Current_Solution] Agent 19 reaches goal at t=48, waiting time=35
[Current_Solution] Agent 18 reaches goal at t=64, waiting time=19
[Current_Solution] Agent 17 reaches goal at t=33, waiting time=50
[Current_Solution] Agent 16 reaches goal at t=33, waiting time=50
[Current_Solution] Agent 15 reaches goal at t=33, waiting time=50
[Current_Solution] Agent 14 reaches goal at t=22, waiting time=61
[Current_Solution] Agent 13 reaches goal at t=29, waiting time=54
[Current_Solution] Agent 12 reaches goal at t=21, waiting time=62
[Current_Solution] Agent 11 reaches goal at t=23, waiting time=60
[Current_Solution] Agent 10 reaches goal at t=4, waiting time=79
[Current_Solution] Agent 9 reaches goal at t=23, waiting time=60
[Current_Solution] Agent 8 reaches goal at t=19, waiting time=64
[Current_Solution] Agent 7 reaches goal at t=40, waiting time=43
[Current_Solution] Agent 6 reaches goal at t=24, waiting time=59
[Current_Solution] Agent 5 reaches goal at t=45, waiting time=38
[Current_Solution] Agent 4 reaches goal at t=28, waiting time=55
[Current_Solution] Agent 3 reaches goal at t=14, waiting time=69
[Current_Solution] Agent 2 reaches goal at t=67, waiting time=16
[Current_Solution] Agent 1 reaches goal at t=14, waiting time=69
[Current_Solution] Agent 0 reaches goal at t=24, waiting time=59
[Current_Solution] Waiting time calculation complete
[LNS] Created current solution with 200 agent paths on a map of size 48x48
[LNS] Analyzing conflicts...
[LNS] Current solution: vertex collisions=366, edge collisions=56
[LNS] Creating conflict buckets...
[LOCAL ZONE] Building diamond bucket for conflict 366
[LOCAL ZONE] Built diamond bucket for conflict 366 with 22 positions, 6 conflicts, 0 - 31 time window
[LOCAL ZONE] Building diamond bucket for conflict 367
[LOCAL ZONE] Built diamond bucket for conflict 367 with 29 positions, 14 conflicts, 0 - 54 time window
[LNS] Selected most relevant bucket 15 with time window: 0 - 54, 14 conflicts and 29 positions.
[LNS] Solving the best bucket Local Zone...
[Solve_local_zone] Current local zone size: 29 (1.25868% of all walkable positions)
[Solve_local_zone] Local zone time window: [0, 55]
[Create_Local_problem] Agent 4 exited the zone at exit time 19
[Create_Local_problem] Agent 11 exited the zone at exit time 9
[Create_Local_problem] Agent 12 exited the zone at exit time 17
[Create_Local_problem] Agent 16 exited the zone at exit time 14
[Create_Local_problem] Agent 21 exited the zone at exit time 46
[Create_Local_problem] Agent 24 exited the zone at exit time 4
[Create_Local_problem] Agent 24 returned to the zone 1 times within time window
[Create_Local_Problem] MDD already aligned to the time window
[Create_Local_problem] Agent 27 exited the zone at exit time 55
[Current_Solution] Agent 27 used 17 waiting timesteps, 28 remaining
[Create_Local_problem] Agent 30 exited the zone at exit time 27
[Create_Local_problem] Agent 30 returned to the zone 1 times within time window
[Create_Local_problem] Agent 33 exited the zone at exit time 6
[Create_Local_problem] Agent 35 exited the zone at exit time 4
[Create_Local_Problem] MDD already aligned to the time window
[Create_Local_problem] Agent 37 exited the zone at exit time 16
[Create_Local_problem] Agent 37 returned to the zone 1 times within time window
[Create_Local_problem] Agent 43 exited the zone at exit time 9
[Create_Local_problem] Agent 47 exited the zone at exit time 22
[Create_Local_problem] Agent 48 exited the zone at exit time 17
[Create_Local_problem] Agent 50 exited the zone at exit time 10
[Create_Local_problem] Agent 58 exited the zone at exit time 30
[Create_Local_problem] Agent 58 returned to the zone 1 times within time window
[Create_Local_problem] Agent 80 exited the zone at exit time 33
[Create_Local_problem] Agent 89 exited the zone at exit time 14
[Create_Local_problem] Agent 95 exited the zone at exit time 55
[Current_Solution] Agent 95 used 49 waiting timesteps, 28 remaining
[Create_Local_problem] Agent 120 exited the zone at exit time 39
[Create_Local_problem] Agent 133 exited the zone at exit time 38
[Create_Local_problem] Agent 135 exited the zone at exit time 2
[Create_Local_Problem] MDD already aligned to the time window
[Create_Local_problem] Agent 138 exited the zone at exit time 21
[Create_Local_problem] Agent 138 returned to the zone 1 times within time window
[Create_Local_problem] Agent 140 exited the zone at exit time 8
[Create_Local_Problem] MDD already aligned to the time window
[Create_Local_problem] Agent 144 exited the zone at exit time 55
[Create_Local_problem] Agent 144 returned to the zone 1 times within time window
[Create_Local_problem] Agent 149 exited the zone at exit time 13
[Create_Local_problem] Agent 152 exited the zone at exit time 5
[Create_Local_problem] Agent 153 exited the zone at exit time 41
[Create_Local_problem] Agent 154 exited the zone at exit time 24
[Create_Local_problem] Agent 165 exited the zone at exit time 25
[Create_Local_problem] Agent 172 exited the zone at exit time 24
[Create_Local_problem] Agent 185 exited the zone at exit time 22
[Create_Local_problem] Agent 187 exited the zone at exit time 31
[Create_Local_problem] Agent 187 returned to the zone 1 times within time window
[Create_Local_problem] Agent 193 exited the zone at exit time 38
[Create_Local_problem] Agent 199 exited the zone at exit time 33
[Waiting_time_Solve] Total available waiting time: 10199
[Waiting_time_Solve] Iteration 0...
[Waiting_time_Solve] Agent 187 pseudo agents: 206 
[Waiting_time_Solve] Agent 37 pseudo agents: 202 
[Waiting_time_Solve] Agent 24 pseudo agents: 200 
[Waiting_time_Solve] Agent 58 pseudo agents: 203 
[Waiting_time_Solve] Agent 138 pseudo agents: 204 
[Waiting_time_Solve] Agent 30 pseudo agents: 201 
[Waiting_time_Solve] Agent 144 pseudo agents: 205 
[SAT] Start solving CNF: 25107 clauses and 1996 variables
[SAT] Solving local zone with SAT iteration 1...
[SAT] Local CNF: 25107 clauses 

DEBUG: Adding 25107 new clauses to MiniSAT (incremental run)
DEBUG: Clause load summary: input=25107, added=25107, tautologies_skipped=0, duplicates_skipped=0, unit_clauses=106, empties=0, intra_clause_literals_removed=0, added_but_db_unchanged=86
DEBUG: After adding clauses, solver has 24915 clauses and 1996 variables
DEBUG: MiniSAT found 1996 variables
DEBUG: Assignment size: 1996
DEBUG: First few assignment values: 1 1 1 0 1 0 1 0 1 0 

=== DEBUG: cnf_assignment_to_paths ===
Input assignment size: 1996

=== END DEBUG ===
[SAT] Found 18 vertex collisions and 3 edge collisions
[SAT] Adding collision clauses and solving again...
[SAT] Solving local zone with SAT iteration 2...
[SAT] Local CNF: 25128 clauses 

DEBUG: Adding 21 new clauses to MiniSAT (incremental run)
[SAT] Local problem is unsatisfiable after 2 iterations
[SAT] Local problem appears to be unsatisfiable in current zone
[Waiting_time_Solve] No solution found, trying to apply waiting time:1
[Waiting_time_Solve] Applying waiting time delta 1 to segment 120
[Waiting_time_Solve] Original id: 120
[Create_Local_Problem] MDD already aligned to the time window
[Waiting_time_Solve] Path length: 84
[Waiting_time_Solve] Makespan: 83
[Waiting_time_Solve] Segment exit time: 40
[Waiting_time_Solve] Path length after shifting suffix: 84
[Waiting_time_Solve] path length after inserting segment path: 84
[Waiting_time_Solve] inserting following segments
[Waiting_time_Solve] curren pos_it: 23
[Waiting_time_Solve] pushing new path into current solution
[Waiting_time_Solve] New path is consistent after applying waiting time for agent 120
[Current_Solution] Agent 120 used 1 waiting timesteps, 39 remaining
[Waiting_time_Solve] Applied 1 waiting time to segment 120 for agent 120
[Waiting_time_Solve] Applying waiting time delta 1 to segment 153
[Waiting_time_Solve] Original id: 153
[Create_Local_Problem] MDD already aligned to the time window
[Waiting_time_Solve] Path length: 84
[Waiting_time_Solve] Makespan: 83
[Waiting_time_Solve] Segment exit time: 42
[Waiting_time_Solve] Path length after shifting suffix: 84
[Waiting_time_Solve] path length after inserting segment path: 84
[Waiting_time_Solve] inserting following segments
[Waiting_time_Solve] curren pos_it: 33
[Waiting_time_Solve] pushing new path into current solution
[Waiting_time_Solve] New path is consistent after applying waiting time for agent 153
[Current_Solution] Agent 153 used 1 waiting timesteps, 31 remaining
[Waiting_time_Solve] Applied 1 waiting time to segment 153 for agent 153
[Waiting_time_Solve] Applying waiting time delta 1 to segment 27
[Waiting_time_Solve] Original id: 27
[Create_Local_Problem] MDD already aligned to the time window
[Waiting_time_Solve] Path length: 84
[Waiting_time_Solve] Makespan: 83
[Waiting_time_Solve] Segment exit time: 55
[Waiting_time_Solve] Path length after shifting suffix: 84
[Waiting_time_Solve] path length after inserting segment path: 84
[Waiting_time_Solve] inserting following segments
[Waiting_time_Solve] curren pos_it: 7
[Waiting_time_Solve] pushing new path into current solution
[Waiting_time_Solve] New path is consistent after applying waiting time for agent 27
[Current_Solution] Agent 27 used 1 waiting timesteps, 27 remaining
[Waiting_time_Solve] Applied 1 waiting time to segment 27 for agent 27
[Waiting_time_Solve] Applying waiting time delta 1 to segment 50
[Waiting_time_Solve] Original id: 50
[Create_Local_Problem] MDD already aligned to the time window
[Waiting_time_Solve] Path length: 84
[Waiting_time_Solve] Makespan: 83
[Waiting_time_Solve] Segment exit time: 11
[Waiting_time_Solve] Path length after shifting suffix: 84
[Waiting_time_Solve] path length after inserting segment path: 84
[Waiting_time_Solve] inserting following segments
[Waiting_time_Solve] curren pos_it: 17
[Waiting_time_Solve] pushing new path into current solution
[Waiting_time_Solve] New path is consistent after applying waiting time for agent 50
[Current_Solution] Agent 50 used 1 waiting timesteps, 66 remaining
[Waiting_time_Solve] Applied 1 waiting time to segment 50 for agent 50
[Waiting_time_Solve] Applying waiting time delta 1 to segment 11
[Waiting_time_Solve] Original id: 11
[Create_Local_Problem] MDD already aligned to the time window
[Waiting_time_Solve] Path length: 84
[Waiting_time_Solve] Makespan: 83
[Waiting_time_Solve] Segment exit time: 10
[Waiting_time_Solve] Path length after shifting suffix: 84
[Waiting_time_Solve] path length after inserting segment path: 84
[Waiting_time_Solve] inserting following segments
[Waiting_time_Solve] curren pos_it: 1
[Waiting_time_Solve] pushing new path into current solution
[Waiting_time_Solve] New path is consistent after applying waiting time for agent 11
[Current_Solution] Agent 11 used 1 waiting timesteps, 59 remaining
[Waiting_time_Solve] Applied 1 waiting time to segment 11 for agent 11
[Waiting_time_Solve] Applying waiting time delta 1 to segment 33
[Waiting_time_Solve] Original id: 33
[Create_Local_Problem] MDD already aligned to the time window
[Waiting_time_Solve] Path length: 84
[Waiting_time_Solve] Makespan: 83
[Waiting_time_Solve] Segment exit time: 7
[Waiting_time_Solve] Path length after shifting suffix: 84
[Waiting_time_Solve] path length after inserting segment path: 84
[Waiting_time_Solve] inserting following segments
[Waiting_time_Solve] curren pos_it: 10
[Waiting_time_Solve] pushing new path into current solution
[Waiting_time_Solve] New path is consistent after applying waiting time for agent 33
[Current_Solution] Agent 33 used 1 waiting timesteps, 50 remaining
[Waiting_time_Solve] Applied 1 waiting time to segment 33 for agent 33
[Waiting_time_Solve] Applying waiting time delta 1 to segment 95
[Waiting_time_Solve] Original id: 95
[Create_Local_Problem] MDD already aligned to the time window
[Waiting_time_Solve] Path length: 84
[Waiting_time_Solve] Makespan: 83
[Waiting_time_Solve] Segment exit time: 55
[Waiting_time_Solve] Path length after shifting suffix: 84
[Waiting_time_Solve] path length after inserting segment path: 84
[Waiting_time_Solve] inserting following segments
[Waiting_time_Solve] curren pos_it: 22
[Waiting_time_Solve] pushing new path into current solution
[Waiting_time_Solve] New path is consistent after applying waiting time for agent 95
[Current_Solution] Agent 95 used 1 waiting timesteps, 27 remaining
[Waiting_time_Solve] Applied 1 waiting time to segment 95 for agent 95
[Waiting_time_Solve] Applying waiting time delta 1 to segment 152
[Waiting_time_Solve] Original id: 152
[Create_Local_Problem] MDD already aligned to the time window
[Waiting_time_Solve] Path length: 84
[Waiting_time_Solve] Makespan: 83
[Waiting_time_Solve] Segment exit time: 6
[Waiting_time_Solve] Path length after shifting suffix: 84
[Waiting_time_Solve] path length after inserting segment path: 84
[Waiting_time_Solve] inserting following segments
[Waiting_time_Solve] curren pos_it: 32
[Waiting_time_Solve] pushing new path into current solution
[Waiting_time_Solve] New path is consistent after applying waiting time for agent 152
[Current_Solution] Agent 152 used 1 waiting timesteps, 60 remaining
[Waiting_time_Solve] Applied 1 waiting time to segment 152 for agent 152
[Waiting_time_Solve] Waiting time applied
[Waiting_time_Solve] Iteration 1...
[Waiting_time_Solve] Agent 187 pseudo agents: 206 
[Waiting_time_Solve] Agent 37 pseudo agents: 202 
[Waiting_time_Solve] Agent 24 pseudo agents: 200 
[Waiting_time_Solve] Agent 58 pseudo agents: 203 
[Waiting_time_Solve] Agent 138 pseudo agents: 204 
[Waiting_time_Solve] Agent 30 pseudo agents: 201 
[Waiting_time_Solve] Agent 144 pseudo agents: 205 
[SAT] Start solving CNF: 25242 clauses and 2041 variables
[SAT] Solving local zone with SAT iteration 1...
[SAT] Local CNF: 25263 clauses 

DEBUG: Adding 25263 new clauses to MiniSAT (incremental run)
DEBUG: Clause load summary: input=25263, added=25263, tautologies_skipped=0, duplicates_skipped=0, unit_clauses=98, empties=0, intra_clause_literals_removed=0, added_but_db_unchanged=89
DEBUG: After adding clauses, solver has 25076 clauses and 2041 variables
DEBUG: MiniSAT found 2041 variables
DEBUG: Assignment size: 2041
DEBUG: First few assignment values: 1 1 1 0 1 0 1 0 0 1 

=== DEBUG: cnf_assignment_to_paths ===
Input assignment size: 2041

=== END DEBUG ===
[SAT] Found 5 vertex collisions and 5 edge collisions
[SAT] Adding collision clauses and solving again...
[SAT] Solving local zone with SAT iteration 2...
[SAT] Local CNF: 25273 clauses 

DEBUG: Adding 10 new clauses to MiniSAT (incremental run)
DEBUG: Clause load summary: input=10, added=10, tautologies_skipped=0, duplicates_skipped=0, unit_clauses=0, empties=0, intra_clause_literals_removed=0, added_but_db_unchanged=3
DEBUG: After adding clauses, solver has 25024 clauses and 2041 variables
DEBUG: MiniSAT found 2041 variables
DEBUG: Assignment size: 2041
DEBUG: First few assignment values: 1 1 1 1 0 1 0 0 1 0 

=== DEBUG: cnf_assignment_to_paths ===
Input assignment size: 2041

=== END DEBUG ===
[SAT] Found 4 vertex collisions and 5 edge collisions
[SAT] Adding collision clauses and solving again...
[SAT] Solving local zone with SAT iteration 3...
[SAT] Local CNF: 25282 clauses 

DEBUG: Adding 9 new clauses to MiniSAT (incremental run)
DEBUG: Clause load summary: input=9, added=9, tautologies_skipped=0, duplicates_skipped=0, unit_clauses=0, empties=0, intra_clause_literals_removed=0, added_but_db_unchanged=5
DEBUG: After adding clauses, solver has 25028 clauses and 2041 variables
DEBUG: MiniSAT found 2041 variables
DEBUG: Assignment size: 2041
DEBUG: First few assignment values: 1 1 1 0 1 0 0 1 0 1 

=== DEBUG: cnf_assignment_to_paths ===
Input assignment size: 2041

=== END DEBUG ===
[SAT] Found 13 vertex collisions and 5 edge collisions
[SAT] Adding collision clauses and solving again...
[SAT] Solving local zone with SAT iteration 4...
[SAT] Local CNF: 25300 clauses 

DEBUG: Adding 18 new clauses to MiniSAT (incremental run)
DEBUG: Clause load summary: input=18, added=18, tautologies_skipped=0, duplicates_skipped=0, unit_clauses=0, empties=0, intra_clause_literals_removed=0, added_but_db_unchanged=8
DEBUG: After adding clauses, solver has 25038 clauses and 2041 variables
DEBUG: MiniSAT found 2041 variables
DEBUG: Assignment size: 2041
DEBUG: First few assignment values: 1 1 1 1 0 1 0 0 1 0 

=== DEBUG: cnf_assignment_to_paths ===
Input assignment size: 2041

=== END DEBUG ===
[SAT] Found 7 vertex collisions and 4 edge collisions
[SAT] Adding collision clauses and solving again...
[SAT] Solving local zone with SAT iteration 5...
[SAT] Local CNF: 25311 clauses 

DEBUG: Adding 11 new clauses to MiniSAT (incremental run)
[SAT] Local problem is unsatisfiable after 5 iterations
[SAT] Local problem appears to be unsatisfiable in current zone
[Waiting_time_Solve] No solution found, trying to apply waiting time:2
[Waiting_time_Solve] Applying waiting time delta 2 to segment 80
[Waiting_time_Solve] Original id: 80
[Create_Local_Problem] MDD already aligned to the time window
[Waiting_time_Solve] Path length: 84
[Waiting_time_Solve] Makespan: 83
[Waiting_time_Solve] Segment exit time: 35
[Waiting_time_Solve] Path length after shifting suffix: 84
[Waiting_time_Solve] path length after inserting segment path: 84
[Waiting_time_Solve] inserting following segments
[Waiting_time_Solve] curren pos_it: 20
[Waiting_time_Solve] pushing new path into current solution
[Waiting_time_Solve] New path is consistent after applying waiting time for agent 80
[Current_Solution] Agent 80 used 2 waiting timesteps, 46 remaining
[Waiting_time_Solve] Applied 2 waiting time to segment 80 for agent 80
[Current_Solution] Agent 95 used 0 waiting timesteps, 27 remaining
[Waiting_time_Solve] Applied 0 waiting time to segment 95 for agent 95
[Waiting_time_Solve] Applying waiting time delta 2 to segment 120
[Waiting_time_Solve] Original id: 120
[Create_Local_Problem] MDD already aligned to the time window
[Waiting_time_Solve] Path length: 84
[Waiting_time_Solve] Makespan: 83
[Waiting_time_Solve] Segment exit time: 42
[Waiting_time_Solve] Path length after shifting suffix: 84
[Waiting_time_Solve] path length after inserting segment path: 84
[Waiting_time_Solve] inserting following segments
[Waiting_time_Solve] curren pos_it: 23
[Waiting_time_Solve] pushing new path into current solution
[Waiting_time_Solve] New path is consistent after applying waiting time for agent 120
[Current_Solution] Agent 120 used 2 waiting timesteps, 37 remaining
[Waiting_time_Solve] Applied 2 waiting time to segment 120 for agent 120
[Waiting_time_Solve] Applying waiting time delta 2 to segment 153
[Waiting_time_Solve] Original id: 153
[Create_Local_Problem] MDD already aligned to the time window
[Waiting_time_Solve] Path length: 84
[Waiting_time_Solve] Makespan: 83
[Waiting_time_Solve] Segment exit time: 44
[Waiting_time_Solve] Path length after shifting suffix: 84
[Waiting_time_Solve] path length after inserting segment path: 84
[Waiting_time_Solve] inserting following segments
[Waiting_time_Solve] curren pos_it: 33
[Waiting_time_Solve] pushing new path into current solution
[Waiting_time_Solve] New path is consistent after applying waiting time for agent 153
[Current_Solution] Agent 153 used 2 waiting timesteps, 29 remaining
[Waiting_time_Solve] Applied 2 waiting time to segment 153 for agent 153
[Waiting_time_Solve] Applying waiting time delta 2 to segment 11
[Waiting_time_Solve] Original id: 11
[Create_Local_Problem] MDD already aligned to the time window
[Waiting_time_Solve] Path length: 84
[Waiting_time_Solve] Makespan: 83
[Waiting_time_Solve] Segment exit time: 12
[Waiting_time_Solve] Path length after shifting suffix: 84
[Waiting_time_Solve] path length after inserting segment path: 84
[Waiting_time_Solve] inserting following segments
[Waiting_time_Solve] curren pos_it: 1
[Waiting_time_Solve] pushing new path into current solution
[Waiting_time_Solve] New path is consistent after applying waiting time for agent 11
[Current_Solution] Agent 11 used 2 waiting timesteps, 57 remaining
[Waiting_time_Solve] Applied 2 waiting time to segment 11 for agent 11
[Waiting_time_Solve] Applying waiting time delta 2 to segment 47
[Waiting_time_Solve] Original id: 47
[Create_Local_Problem] MDD already aligned to the time window
[Waiting_time_Solve] Path length: 84
[Waiting_time_Solve] Makespan: 83
[Waiting_time_Solve] Segment exit time: 24
[Waiting_time_Solve] Path length after shifting suffix: 84
[Waiting_time_Solve] path length after inserting segment path: 84
[Waiting_time_Solve] inserting following segments
[Waiting_time_Solve] curren pos_it: 15
[Waiting_time_Solve] pushing new path into current solution
[Waiting_time_Solve] New path is consistent after applying waiting time for agent 47
[Current_Solution] Agent 47 used 2 waiting timesteps, 55 remaining
[Waiting_time_Solve] Applied 2 waiting time to segment 47 for agent 47
[Waiting_time_Solve] Applying waiting time delta 2 to segment 149
[Waiting_time_Solve] Original id: 149
[Create_Local_Problem] MDD already aligned to the time window
[Waiting_time_Solve] Path length: 84
[Waiting_time_Solve] Makespan: 83
[Waiting_time_Solve] Segment exit time: 15
[Waiting_time_Solve] Path length after shifting suffix: 84
[Waiting_time_Solve] path length after inserting segment path: 84
[Waiting_time_Solve] inserting following segments
[Waiting_time_Solve] curren pos_it: 31
[Waiting_time_Solve] pushing new path into current solution
[Waiting_time_Solve] New path is consistent after applying waiting time for agent 149
[Current_Solution] Agent 149 used 2 waiting timesteps, 65 remaining
[Waiting_time_Solve] Applied 2 waiting time to segment 149 for agent 149
[Waiting_time_Solve] Applying waiting time delta 2 to segment 140
[Waiting_time_Solve] Original id: 140
[Create_Local_Problem] MDD already aligned to the time window
[Create_Local_Problem] MDD already aligned to the time window
[Waiting_time_Solve] Path length: 84
[Waiting_time_Solve] Makespan: 83
[Waiting_time_Solve] Segment exit time: 10
[Waiting_time_Solve] Path length after shifting suffix: 84
[Waiting_time_Solve] path length after inserting segment path: 84
[Waiting_time_Solve] inserting following segments
[Waiting_time_Solve] curren pos_it: 28
[Waiting_time_Solve] pushing new path into current solution
[Waiting_time_Solve] New path is consistent after applying waiting time for agent 140
[Current_Solution] Agent 140 used 2 waiting timesteps, 63 remaining
[Waiting_time_Solve] Applied 2 waiting time to segment 140 for agent 140
[Waiting_time_Solve] Applying waiting time delta 2 to segment 16
[Waiting_time_Solve] Original id: 16
[Create_Local_Problem] MDD already aligned to the time window
[Waiting_time_Solve] Path length: 84
[Waiting_time_Solve] Makespan: 83
[Waiting_time_Solve] Segment exit time: 16
[Waiting_time_Solve] Path length after shifting suffix: 84
[Waiting_time_Solve] path length after inserting segment path: 84
[Waiting_time_Solve] inserting following segments
[Waiting_time_Solve] curren pos_it: 3
[Waiting_time_Solve] pushing new path into current solution
[Waiting_time_Solve] New path is consistent after applying waiting time for agent 16
[Current_Solution] Agent 16 used 2 waiting timesteps, 48 remaining
[Waiting_time_Solve] Applied 2 waiting time to segment 16 for agent 16
[Current_Solution] Agent 27 used 0 waiting timesteps, 27 remaining
[Waiting_time_Solve] Applied 0 waiting time to segment 27 for agent 27
[Waiting_time_Solve] Applying waiting time delta 2 to segment 35
[Waiting_time_Solve] Original id: 35
[Create_Local_Problem] MDD already aligned to the time window
[Create_Local_Problem] MDD already aligned to the time window
[Waiting_time_Solve] Path length: 84
[Waiting_time_Solve] Makespan: 83
[Waiting_time_Solve] Segment exit time: 6
[Waiting_time_Solve] Path length after shifting suffix: 84
[Waiting_time_Solve] path length after inserting segment path: 84
[Waiting_time_Solve] inserting following segments
[Waiting_time_Solve] curren pos_it: 11
[Waiting_time_Solve] pushing new path into current solution
[Waiting_time_Solve] New path is consistent after applying waiting time for agent 35
[Current_Solution] Agent 35 used 2 waiting timesteps, 54 remaining
[Waiting_time_Solve] Applied 2 waiting time to segment 35 for agent 35
[Waiting_time_Solve] Waiting time applied
[Waiting_time_Solve] Iteration 2...
[Waiting_time_Solve] Agent 187 pseudo agents: 206 
[Waiting_time_Solve] Agent 37 pseudo agents: 202 
[Waiting_time_Solve] Agent 24 pseudo agents: 200 
[Waiting_time_Solve] Agent 58 pseudo agents: 203 
[Waiting_time_Solve] Agent 138 pseudo agents: 204 
[Waiting_time_Solve] Agent 30 pseudo agents: 201 
[Waiting_time_Solve] Agent 144 pseudo agents: 205 
[SAT] Start solving CNF: 26583 clauses and 2306 variables
[SAT] Solving local zone with SAT iteration 1...
[SAT] Local CNF: 26652 clauses 

DEBUG: Adding 26652 new clauses to MiniSAT (incremental run)
DEBUG: Clause load summary: input=26652, added=26652, tautologies_skipped=0, duplicates_skipped=0, unit_clauses=88, empties=0, intra_clause_literals_removed=0, added_but_db_unchanged=98
DEBUG: After adding clauses, solver has 26466 clauses and 2306 variables
DEBUG: MiniSAT found 2306 variables
DEBUG: Assignment size: 2306
DEBUG: First few assignment values: 1 1 1 0 1 0 1 0 1 0 

=== DEBUG: cnf_assignment_to_paths ===
Input assignment size: 2306

=== END DEBUG ===
[SAT] Found 18 vertex collisions and 6 edge collisions
[SAT] Adding collision clauses and solving again...
[SAT] Solving local zone with SAT iteration 2...
[SAT] Local CNF: 26676 clauses 

DEBUG: Adding 24 new clauses to MiniSAT (incremental run)
[SAT] Local problem is unsatisfiable after 2 iterations
[SAT] Local problem appears to be unsatisfiable in current zone
[Waiting_time_Solve] No solution found, trying to apply waiting time:3
[Waiting_time_Solve] Applying waiting time delta 3 to segment 12
[Waiting_time_Solve] Original id: 12
[Create_Local_Problem] MDD already aligned to the time window
[Waiting_time_Solve] Path length: 84
[Waiting_time_Solve] Makespan: 83
[Waiting_time_Solve] Segment exit time: 20
[Waiting_time_Solve] Path length after shifting suffix: 84
[Waiting_time_Solve] path length after inserting segment path: 84
[Waiting_time_Solve] inserting following segments
[Waiting_time_Solve] curren pos_it: 2
[Waiting_time_Solve] pushing new path into current solution
[Waiting_time_Solve] New path is consistent after applying waiting time for agent 12
[Current_Solution] Agent 12 used 3 waiting timesteps, 59 remaining
[Waiting_time_Solve] Applied 3 waiting time to segment 12 for agent 12
[Waiting_time_Solve] Applying waiting time delta 3 to segment 149
[Waiting_time_Solve] Original id: 149
[Create_Local_Problem] MDD already aligned to the time window
[Waiting_time_Solve] Path length: 84
[Waiting_time_Solve] Makespan: 83
[Waiting_time_Solve] Segment exit time: 18
[Waiting_time_Solve] Path length after shifting suffix: 84
[Waiting_time_Solve] path length after inserting segment path: 84
[Waiting_time_Solve] inserting following segments
[Waiting_time_Solve] curren pos_it: 31
[Waiting_time_Solve] pushing new path into current solution
[Waiting_time_Solve] New path is consistent after applying waiting time for agent 149
[Current_Solution] Agent 149 used 3 waiting timesteps, 62 remaining
[Waiting_time_Solve] Applied 3 waiting time to segment 149 for agent 149
[Waiting_time_Solve] Applying waiting time delta 3 to segment 120
[Waiting_time_Solve] Original id: 120
[Create_Local_Problem] MDD already aligned to the time window
[Waiting_time_Solve] Path length: 84
[Waiting_time_Solve] Makespan: 83
[Waiting_time_Solve] Segment exit time: 45
[Waiting_time_Solve] Path length after shifting suffix: 84
[Waiting_time_Solve] path length after inserting segment path: 84
[Waiting_time_Solve] inserting following segments
[Waiting_time_Solve] curren pos_it: 23
[Waiting_time_Solve] pushing new path into current solution
[Waiting_time_Solve] New path is consistent after applying waiting time for agent 120
[Current_Solution] Agent 120 used 3 waiting timesteps, 34 remaining
[Waiting_time_Solve] Applied 3 waiting time to segment 120 for agent 120
[Waiting_time_Solve] Applying waiting time delta 3 to segment 153
[Waiting_time_Solve] Original id: 153
[Create_Local_Problem] MDD already aligned to the time window
[Waiting_time_Solve] Path length: 84
[Waiting_time_Solve] Makespan: 83
[Waiting_time_Solve] Segment exit time: 47
[Waiting_time_Solve] Path length after shifting suffix: 84
[Waiting_time_Solve] path length after inserting segment path: 84
[Waiting_time_Solve] inserting following segments
[Waiting_time_Solve] curren pos_it: 33
[Waiting_time_Solve] pushing new path into current solution
[Waiting_time_Solve] New path is consistent after applying waiting time for agent 153
[Current_Solution] Agent 153 used 3 waiting timesteps, 26 remaining
[Waiting_time_Solve] Applied 3 waiting time to segment 153 for agent 153
[Waiting_time_Solve] Applying waiting time delta 3 to segment 11
[Waiting_time_Solve] Original id: 11
[Create_Local_Problem] MDD already aligned to the time window
[Waiting_time_Solve] Path length: 84
[Waiting_time_Solve] Makespan: 83
[Waiting_time_Solve] Segment exit time: 15
[Waiting_time_Solve] Path length after shifting suffix: 84
[Waiting_time_Solve] path length after inserting segment path: 84
[Waiting_time_Solve] inserting following segments
[Waiting_time_Solve] curren pos_it: 1
[Waiting_time_Solve] pushing new path into current solution
[Waiting_time_Solve] New path is consistent after applying waiting time for agent 11
[Current_Solution] Agent 11 used 3 waiting timesteps, 54 remaining
[Waiting_time_Solve] Applied 3 waiting time to segment 11 for agent 11
[Waiting_time_Solve] Applying waiting time delta 3 to segment 152
[Waiting_time_Solve] Original id: 152
[Create_Local_Problem] MDD already aligned to the time window
[Waiting_time_Solve] Path length: 84
[Waiting_time_Solve] Makespan: 83
[Waiting_time_Solve] Segment exit time: 9
[Waiting_time_Solve] Path length after shifting suffix: 84
[Waiting_time_Solve] path length after inserting segment path: 84
[Waiting_time_Solve] inserting following segments
[Waiting_time_Solve] curren pos_it: 32
[Waiting_time_Solve] pushing new path into current solution
[Waiting_time_Solve] New path is consistent after applying waiting time for agent 152
[Current_Solution] Agent 152 used 3 waiting timesteps, 57 remaining
[Waiting_time_Solve] Applied 3 waiting time to segment 152 for agent 152
[Waiting_time_Solve] Applying waiting time delta 3 to segment 185
[Waiting_time_Solve] Original id: 185
[Create_Local_Problem] MDD already aligned to the time window
[Waiting_time_Solve] Path length: 84
[Waiting_time_Solve] Makespan: 83
[Waiting_time_Solve] Segment exit time: 25
[Waiting_time_Solve] Path length after shifting suffix: 84
[Waiting_time_Solve] path length after inserting segment path: 84
[Waiting_time_Solve] inserting following segments
[Waiting_time_Solve] curren pos_it: 37
[Waiting_time_Solve] pushing new path into current solution
[Waiting_time_Solve] New path is consistent after applying waiting time for agent 185
[Current_Solution] Agent 185 used 3 waiting timesteps, 54 remaining
[Waiting_time_Solve] Applied 3 waiting time to segment 185 for agent 185
[Waiting_time_Solve] Applying waiting time delta 3 to segment 95
[Waiting_time_Solve] Original id: 95
[Create_Local_Problem] MDD already aligned to the time window
[Waiting_time_Solve] Path length: 84
[Waiting_time_Solve] Makespan: 83
[Waiting_time_Solve] Segment exit time: 55
[Waiting_time_Solve] Path length after shifting suffix: 84
[Waiting_time_Solve] path length after inserting segment path: 84
[Waiting_time_Solve] inserting following segments
[Waiting_time_Solve] curren pos_it: 22
[Waiting_time_Solve] pushing new path into current solution
[Waiting_time_Solve] New path is consistent after applying waiting time for agent 95
[Current_Solution] Agent 95 used 3 waiting timesteps, 24 remaining
[Waiting_time_Solve] Applied 3 waiting time to segment 95 for agent 95
[Waiting_time_Solve] Applying waiting time delta 3 to segment 140
[Waiting_time_Solve] Original id: 140
[Create_Local_Problem] MDD already aligned to the time window
[Create_Local_Problem] MDD already aligned to the time window
[Waiting_time_Solve] Path length: 84
[Waiting_time_Solve] Makespan: 83
[Waiting_time_Solve] Segment exit time: 13
[Waiting_time_Solve] Path length after shifting suffix: 84
[Waiting_time_Solve] path length after inserting segment path: 84
[Waiting_time_Solve] inserting following segments
[Waiting_time_Solve] curren pos_it: 28
[Waiting_time_Solve] pushing new path into current solution
[Waiting_time_Solve] New path is consistent after applying waiting time for agent 140
[Current_Solution] Agent 140 used 3 waiting timesteps, 60 remaining
[Waiting_time_Solve] Applied 3 waiting time to segment 140 for agent 140
[Waiting_time_Solve] Waiting time applied
[Waiting_time_Solve] Iteration 3...
[Waiting_time_Solve] Agent 187 pseudo agents: 206 
[Waiting_time_Solve] Agent 37 pseudo agents: 202 
[Waiting_time_Solve] Agent 24 pseudo agents: 200 
[Waiting_time_Solve] Agent 58 pseudo agents: 203 
[Waiting_time_Solve] Agent 138 pseudo agents: 204 
[Waiting_time_Solve] Agent 30 pseudo agents: 201 
[Waiting_time_Solve] Agent 144 pseudo agents: 205 
[SAT] Start solving CNF: 30049 clauses and 2688 variables
[SAT] Solving local zone with SAT iteration 1...
[SAT] Local CNF: 30142 clauses 

DEBUG: Adding 30142 new clauses to MiniSAT (incremental run)
[SAT] Local problem is unsatisfiable after 1 iterations
[SAT] Local problem appears to be unsatisfiable in current zone
[Waiting_time_Solve] No solution found, trying to apply waiting time:4
[Waiting_time_Solve] No waiting time applied
[Waiting_time_Solve] No solution found
[Waiting_time_Solve] Restoring original paths
[Waiting_time_Solve] Restoring waiting times
[Current_Solution] Restored waiting times from backup
[Current_Solution] Restored paths from backup
[Solve_local_zone] Zone with expansion factor 0failed
[Solve_local_zone] Expanding zone with offset 2 (original: 1)
[LOCAL ZONE] Found newly touched conflict 376 at position (14,28)
[LOCAL ZONE] Found newly touched conflict 302 at position (15,20)
[LOCAL ZONE] Found newly touched conflict 383 at position (15,29)
[LOCAL ZONE] Found newly touched conflict 130 at position (17,21)
[LOCAL ZONE] Found newly touched conflict 245 at position (18,28)
[LOCAL ZONE] Found newly touched conflict 305 at position (18,28)
[LOCAL ZONE] Found newly touched conflict 325 at position (18,28)
[LOCAL ZONE] Found newly touched conflict 63 at position (19,23)
[LOCAL ZONE] Found newly touched conflict 86 at position (19,25)
[LOCAL ZONE] Found newly touched conflict 153 at position (12,28)
[LOCAL ZONE] Found newly touched conflict 169 at position (12,28)
[LOCAL ZONE] Found newly touched conflict 190 at position (12,28)
[LOCAL ZONE] Found newly touched conflict 326 at position (12,28)
[LOCAL ZONE] Found newly touched conflict 378 at position (13,28)
[LOCAL ZONE] Found newly touched conflict 88 at position (15,30)
[LOCAL ZONE] Found newly touched conflict 391 at position (15,30)
[LOCAL ZONE] Found newly touched conflict 392 at position (15,30)
[LOCAL ZONE] Found newly touched conflict 73 at position (15,31)
[LOCAL ZONE] Found newly touched conflict 138 at position (15,31)
[LOCAL ZONE] Found newly touched conflict 71 at position (19,24)
[LOCAL ZONE] Found newly touched conflict 167 at position (19,27)
[LOCAL ZONE] Found newly touched conflict 117 at position (20,26)
[LOCAL ZONE] Found newly touched conflict 384 at position (20,26)
[LOCAL ZONE] Found newly touched conflict 205 at position (21,25)
[LOCAL ZONE] Found newly touched conflict 337 at position (11,28)
[LOCAL ZONE] Found newly touched conflict 155 at position (11,29)
[LOCAL ZONE] Found newly touched conflict 330 at position (12,26)
[LOCAL ZONE] Found newly touched conflict 403 at position (12,26)
[LOCAL ZONE] Found newly touched conflict 179 at position (12,27)
[LOCAL ZONE] Found newly touched conflict 255 at position (13,26)
[LOCAL ZONE] Found newly touched conflict 97 at position (16,32)
[LOCAL ZONE] Found newly touched conflict 314 at position (17,30)
[LOCAL ZONE] Found newly touched conflict 39 at position (20,29)
[LOCAL ZONE] Found newly touched conflict 393 at position (21,27)
[LOCAL ZONE] Found newly touched conflict 23 at position (22,25)
[LOCAL ZONE] Found newly touched conflict 214 at position (22,25)
[LOCAL ZONE] Found newly touched conflict 303 at position (22,25)
[LOCAL ZONE] Found newly touched conflict 313 at position (22,25)
[LOCAL ZONE] Found newly touched conflict 323 at position (22,25)
[LOCAL ZONE] Found newly touched conflict 344 at position (9,28)
[LOCAL ZONE] Found newly touched conflict 421 at position (9,28)
[LOCAL ZONE] Found newly touched conflict 134 at position (10,30)
[LOCAL ZONE] Found newly touched conflict 222 at position (11,24)
[LOCAL ZONE] Found newly touched conflict 173 at position (11,25)
[LOCAL ZONE] Found newly touched conflict 209 at position (11,25)
[LOCAL ZONE] Found newly touched conflict 226 at position (11,25)
[LOCAL ZONE] Found newly touched conflict 347 at position (11,25)
[LOCAL ZONE] Found newly touched conflict 332 at position (11,26)
[LOCAL ZONE] Found newly touched conflict 125 at position (11,30)
[LOCAL ZONE] Found newly touched conflict 113 at position (11,31)
[LOCAL ZONE] Found newly touched conflict 106 at position (12,23)
[LOCAL ZONE] Found newly touched conflict 119 at position (12,25)
[LOCAL ZONE] Found newly touched conflict 166 at position (12,25)
[LOCAL ZONE] Found newly touched conflict 292 at position (22,23)
[LOCAL ZONE] Found newly touched conflict 317 at position (22,23)
[LOCAL ZONE] Found newly touched conflict 186 at position (22,28)
[LOCAL ZONE] Found newly touched conflict 276 at position (22,28)
[LOCAL ZONE] Found newly touched conflict 420 at position (22,29)
[LOCAL ZONE] Found newly touched conflict 401 at position (23,27)
[LOCAL ZONE] Found newly touched conflict 282 at position (24,25)
[LOCAL ZONE] Found newly touched conflict 74 at position (10,23)
[LOCAL ZONE] Found newly touched conflict 94 at position (11,23)
[LOCAL ZONE] Found newly touched conflict 101 at position (11,32)
[LOCAL ZONE] Found newly touched conflict 81 at position (11,33)
[LOCAL ZONE] Found newly touched conflict 189 at position (12,21)
[LOCAL ZONE] Found newly touched conflict 201 at position (12,22)
[LOCAL ZONE] Found newly touched conflict 216 at position (12,31)
[LOCAL ZONE] Found newly touched conflict 315 at position (12,31)
[LOCAL ZONE] Found newly touched conflict 399 at position (21,22)
[LOCAL ZONE] Found newly touched conflict 148 at position (23,22)
[LOCAL ZONE] Found newly touched conflict 311 at position (23,22)
[LOCAL ZONE] Found newly touched conflict 327 at position (23,22)
[LOCAL ZONE] Found newly touched conflict 237 at position (24,26)
[LOCAL ZONE] Found newly touched conflict 244 at position (24,26)
[LOCAL ZONE] Found newly touched conflict 284 at position (24,26)
[LOCAL ZONE] Found newly touched conflict 340 at position (25,25)
[LOCAL ZONE] Found newly touched conflict 62 at position (25,27)
[LOCAL ZONE] Found newly touched conflict 161 at position (26,25)
[LOCAL ZONE] Found newly touched conflict 69 at position (26,27)
[LOCAL ZONE] Found newly touched conflict 95 at position (9,32)
[LOCAL ZONE] Found newly touched conflict 185 at position (11,21)
[LOCAL ZONE] Found newly touched conflict 225 at position (11,21)
[LOCAL ZONE] Found newly touched conflict 251 at position (11,21)
[LOCAL ZONE] Found newly touched conflict 312 at position (11,21)
[LOCAL ZONE] Found newly touched conflict 358 at position (11,21)
[LOCAL ZONE] Found newly touched conflict 263 at position (12,33)
[LOCAL ZONE] Found newly touched conflict 297 at position (12,33)
[LOCAL ZONE] Found newly touched conflict 295 at position (13,33)
[LOCAL ZONE] Found newly touched conflict 267 at position (23,20)
[LOCAL ZONE] Found newly touched conflict 291 at position (23,20)
[LOCAL ZONE] Found newly touched conflict 48 at position (24,21)
[LOCAL ZONE] Found newly touched conflict 20 at position (25,29)
[LOCAL ZONE] Found newly touched conflict 8 at position (27,24)
[LOCAL ZONE] Found newly touched conflict 4 at position (27,25)
[LOCAL ZONE] Found newly touched conflict 159 at position (27,26)
[LOCAL ZONE] Found newly touched conflict 242 at position (27,26)
[LOCAL ZONE] Found newly touched conflict 250 at position (27,26)
[LOCAL ZONE] Found newly touched conflict 381 at position (27,26)
[LOCAL ZONE] Found newly touched conflict 416 at position (27,26)
[LOCAL ZONE] Found newly touched conflict 83 at position (27,27)
[LOCAL ZONE] Found newly touched conflict 103 at position (28,27)
[LOCAL ZONE] Found newly touched conflict 204 at position (28,27)
[LOCAL ZONE] Found newly touched conflict 220 at position (28,27)
[LOCAL ZONE] Found newly touched conflict 236 at position (28,27)
[LOCAL ZONE] Found newly touched conflict 248 at position (28,27)
[LOCAL ZONE] Found newly touched conflict 256 at position (28,27)
[LOCAL ZONE] Found newly touched conflict 417 at position (28,27)
[LOCAL ZONE] Found newly touched conflict 65 at position (8,33)
[LOCAL ZONE] Found newly touched conflict 387 at position (8,33)
[LOCAL ZONE] Found newly touched conflict 168 at position (25,20)
[LOCAL ZONE] Found newly touched conflict 27 at position (25,30)
[LOCAL ZONE] Found newly touched conflict 114 at position (26,21)
[LOCAL ZONE] Found newly touched conflict 409 at position (26,21)
[LOCAL ZONE] Found newly touched conflict 26 at position (27,23)
[LOCAL ZONE] Found newly touched conflict 283 at position (27,29)
[LOCAL ZONE] Found newly touched conflict 76 at position (28,24)
[LOCAL ZONE] Found newly touched conflict 235 at position (29,27)
[LOCAL ZONE] Found newly touched conflict 266 at position (29,27)
[LOCAL ZONE] Found newly touched conflict 373 at position (30,26)
[LOCAL ZONE] Found newly touched conflict 42 at position (5,33)
[LOCAL ZONE] Found newly touched conflict 105 at position (5,33)
[LOCAL ZONE] Found newly touched conflict 380 at position (5,33)
[LOCAL ZONE] Found newly touched conflict 385 at position (5,33)
[LOCAL ZONE] Found newly touched conflict 394 at position (6,33)
[LOCAL ZONE] Found newly touched conflict 293 at position (27,20)
[LOCAL ZONE] Found newly touched conflict 99 at position (27,31)
[LOCAL ZONE] Found newly touched conflict 294 at position (28,21)
[LOCAL ZONE] Found newly touched conflict 270 at position (30,23)
[LOCAL ZONE] Found newly touched conflict 127 at position (30,28)
[LOCAL ZONE] Found newly touched conflict 277 at position (30,28)
[LOCAL ZONE] Found newly touched conflict 354 at position (30,28)
[LOCAL ZONE] Found newly touched conflict 11 at position (31,27)
[LOCAL ZONE] Found newly touched conflict 36 at position (4,34)
[LOCAL ZONE] Found newly touched conflict 30 at position (5,30)
[LOCAL ZONE] Found newly touched conflict 156 at position (27,19)
[LOCAL ZONE] Found newly touched conflict 112 at position (27,32)
[LOCAL ZONE] Found newly touched conflict 122 at position (27,33)
[LOCAL ZONE] Found newly touched conflict 123 at position (27,33)
[LOCAL ZONE] Found newly touched conflict 124 at position (27,33)
[LOCAL ZONE] Found newly touched conflict 407 at position (27,33)
[LOCAL ZONE] Found newly touched conflict 408 at position (27,33)
[LOCAL ZONE] Found newly touched conflict 144 at position (28,19)
[LOCAL ZONE] Found newly touched conflict 10 at position (28,32)
[LOCAL ZONE] Found newly touched conflict 53 at position (30,22)
[LOCAL ZONE] Found newly touched conflict 57 at position (30,30)
[LOCAL ZONE] Found newly touched conflict 221 at position (31,22)
[LOCAL ZONE] Found newly touched conflict 413 at position (32,23)
[LOCAL ZONE] Found newly touched conflict 50 at position (5,28)
[LOCAL ZONE] Found newly touched conflict 174 at position (24,33)
[LOCAL ZONE] Found newly touched conflict 151 at position (25,33)
[LOCAL ZONE] Found newly touched conflict 157 at position (25,34)
[LOCAL ZONE] Found newly touched conflict 132 at position (26,33)
[LOCAL ZONE] Found newly touched conflict 285 at position (26,33)
[LOCAL ZONE] Found newly touched conflict 145 at position (26,34)
[LOCAL ZONE] Found newly touched conflict 129 at position (27,17)
[LOCAL ZONE] Found newly touched conflict 141 at position (27,34)
[LOCAL ZONE] Found newly touched conflict 109 at position (28,17)
[LOCAL ZONE] Found newly touched conflict 142 at position (28,17)
[LOCAL ZONE] Found newly touched conflict 150 at position (28,34)
[LOCAL ZONE] Found newly touched conflict 223 at position (28,34)
[LOCAL ZONE] Found newly touched conflict 264 at position (28,34)
[LOCAL ZONE] Found newly touched conflict 348 at position (28,34)
[LOCAL ZONE] Found newly touched conflict 397 at position (29,18)
[LOCAL ZONE] Found newly touched conflict 19 at position (29,19)
[LOCAL ZONE] Found newly touched conflict 64 at position (30,31)
[LOCAL ZONE] Found newly touched conflict 406 at position (30,32)
[LOCAL ZONE] Found newly touched conflict 234 at position (32,22)
[LOCAL ZONE] Found newly touched conflict 241 at position (32,22)
[LOCAL ZONE] Found newly touched conflict 414 at position (32,22)
[LOCAL ZONE] Found newly touched conflict 369 at position (5,26)
[LOCAL ZONE] Found newly touched conflict 171 at position (22,33)
[LOCAL ZONE] Found newly touched conflict 217 at position (22,33)
[LOCAL ZONE] Found newly touched conflict 218 at position (22,33)
[LOCAL ZONE] Found newly touched conflict 219 at position (22,33)
[LOCAL ZONE] Found newly touched conflict 232 at position (22,33)
[LOCAL ZONE] Found newly touched conflict 331 at position (22,33)
[LOCAL ZONE] Found newly touched conflict 398 at position (22,33)
[LOCAL ZONE] Found newly touched conflict 116 at position (23,33)
[LOCAL ZONE] Found newly touched conflict 165 at position (23,33)
[LOCAL ZONE] Found newly touched conflict 211 at position (23,33)
[LOCAL ZONE] Found newly touched conflict 227 at position (23,33)
[LOCAL ZONE] Found newly touched conflict 230 at position (23,33)
[LOCAL ZONE] Found newly touched conflict 231 at position (23,33)
[LOCAL ZONE] Found newly touched conflict 415 at position (26,16)
[LOCAL ZONE] Found newly touched conflict 46 at position (27,15)
[LOCAL ZONE] Found newly touched conflict 79 at position (30,17)
[LOCAL ZONE] Found newly touched conflict 180 at position (30,17)
[LOCAL ZONE] Found newly touched conflict 252 at position (30,17)
[LOCAL ZONE] Found newly touched conflict 396 at position (30,18)
[LOCAL ZONE] Found newly touched conflict 149 at position (30,35)
[LOCAL ZONE] Found newly touched conflict 184 at position (31,32)
[LOCAL ZONE] Found newly touched conflict 249 at position (31,34)
[LOCAL ZONE] Found newly touched conflict 199 at position (32,32)
[LOCAL ZONE] Found newly touched conflict 111 at position (35,22)
[LOCAL ZONE] Found newly touched conflict 210 at position (35,22)
[LOCAL ZONE] Found newly touched conflict 257 at position (35,22)
[LOCAL ZONE] Found newly touched conflict 126 at position (20,33)
[LOCAL ZONE] Found newly touched conflict 335 at position (22,35)
[LOCAL ZONE] Found newly touched conflict 181 at position (24,16)
[LOCAL ZONE] Found newly touched conflict 261 at position (26,14)
[LOCAL ZONE] Found newly touched conflict 0 at position (29,15)
[LOCAL ZONE] Found newly touched conflict 35 at position (29,15)
[LOCAL ZONE] Found newly touched conflict 208 at position (33,32)
[LOCAL ZONE] Found newly touched conflict 388 at position (33,32)
[LOCAL ZONE] Found newly touched conflict 197 at position (35,20)
[LOCAL ZONE] Found newly touched conflict 390 at position (37,22)
[LOCAL ZONE] Found newly touched conflict 58 at position (23,36)
[LOCAL ZONE] Found newly touched conflict 202 at position (24,14)
[LOCAL ZONE] Found newly touched conflict 193 at position (24,15)
[LOCAL ZONE] Found newly touched conflict 194 at position (24,15)
[LOCAL ZONE] Found newly touched conflict 195 at position (24,15)
[LOCAL ZONE] Found newly touched conflict 21 at position (25,14)
[LOCAL ZONE] Found newly touched conflict 372 at position (34,30)
[LOCAL ZONE] Found newly touched conflict 25 at position (34,31)
[LOCAL ZONE] Found newly touched conflict 45 at position (34,34)
[LOCAL ZONE] Found newly touched conflict 172 at position (36,19)
[LOCAL ZONE] Found newly touched conflict 410 at position (39,21)
[LOCAL ZONE] Found newly touched conflict 158 at position (39,22)
[LOCAL ZONE] Found newly touched conflict 115 at position (24,37)
[LOCAL ZONE] Found newly touched conflict 164 at position (24,37)
[LOCAL ZONE] Found newly touched conflict 188 at position (24,37)
[LOCAL ZONE] Found newly touched conflict 213 at position (24,37)
[LOCAL ZONE] Found newly touched conflict 32 at position (32,29)
[LOCAL ZONE] Found newly touched conflict 5 at position (34,28)
[LOCAL ZONE] Found newly touched conflict 260 at position (36,18)
[LOCAL ZONE] Found newly touched conflict 18 at position (37,18)
[LOCAL ZONE] Found newly touched conflict 269 at position (37,18)
[LOCAL ZONE] Found newly touched conflict 412 at position (40,21)
[LOCAL ZONE] Found newly touched conflict 135 at position (34,26)
[LOCAL ZONE] Found newly touched conflict 258 at position (41,23)
[LOCAL ZONE] Found newly touched conflict 191 at position (42,22)
[LOCAL ZONE] Found newly touched conflict 273 at position (42,22)
[LOCAL ZONE] Found newly touched conflict 300 at position (42,22)
[LOCAL ZONE] Found newly touched conflict 308 at position (42,22)
[LOCAL ZONE] Found newly touched conflict 206 at position (34,24)
[LOCAL ZONE] Found newly touched conflict 287 at position (43,21)
[Solve_local_zone] Final expanded zone contains 651 positions with 250 conflicts 
[Solve_local_zone] New time window: [0, 55]
[Solve_local_zone] Current local zone size: 651 (28.2552% of all walkable positions)
[Solve_local_zone] Local zone time window: [0, 62]
[Create_Local_problem] Agent 0 exited the zone at exit time 62
[Current_Solution] Agent 0 used 38 waiting timesteps, 21 remaining
[Create_Local_problem] Agent 4 exited the zone at exit time 62
[Create_Local_problem] Agent 4 returned to the zone 1 times within time window
[Create_Local_Problem] MDD already aligned to the time window
[Current_Solution] Agent 4 used 34 waiting timesteps, 21 remaining
[Create_Local_problem] Agent 5 exited the zone at exit time 62
[Create_Local_problem] Agent 5 returned to the zone 1 times within time window
[Current_Solution] Agent 5 used 17 waiting timesteps, 21 remaining
[Create_Local_problem] Agent 6 exited the zone at exit time 15
[Create_Local_Problem] MDD already aligned to the time window
[Create_Local_problem] Agent 7 exited the zone at exit time 36
[Create_Local_problem] Agent 7 returned to the zone 1 times within time window
[Create_Local_problem] Agent 8 exited the zone at exit time 62
[Current_Solution] Agent 8 used 43 waiting timesteps, 21 remaining
[Create_Local_problem] Agent 9 exited the zone at exit time 62
[Current_Solution] Agent 9 used 39 waiting timesteps, 21 remaining
[Create_Local_Problem] MDD already aligned to the time window
[Create_Local_problem] Agent 11 exited the zone at exit time 15
[Create_Local_problem] Agent 11 returned to the zone 1 times within time window
[Create_Local_Problem] MDD already aligned to the time window
[Create_Local_problem] Agent 12 exited the zone at exit time 62
[Current_Solution] Agent 12 used 41 waiting timesteps, 21 remaining
[Create_Local_Problem] MDD already aligned to the time window
[Create_Local_problem] Agent 13 exited the zone at exit time 62
[Current_Solution] Agent 13 used 33 waiting timesteps, 21 remaining
[Create_Local_problem] Agent 14 exited the zone at exit time 20
[Create_Local_Problem] MDD already aligned to the time window
[Create_Local_problem] Agent 15 exited the zone at exit time 4
[Create_Local_Problem] MDD already aligned to the time window
[Create_Local_problem] Agent 16 exited the zone at exit time 32
[Create_Local_problem] Agent 16 returned to the zone 1 times within time window
[Create_Local_Problem] MDD already aligned to the time window
[Create_Local_problem] Agent 17 exited the zone at exit time 31
[Create_Local_problem] Agent 18 exited the zone at exit time 40
[Create_Local_problem] Agent 19 exited the zone at exit time 32
[Create_Local_problem] Agent 19 returned to the zone 1 times within time window
[Create_Local_Problem] MDD already aligned to the time window
[Create_Local_problem] Agent 20 exited the zone at exit time 20
[Create_Local_problem] Agent 21 exited the zone at exit time 56
[Create_Local_problem] Agent 21 returned to the zone 2 times within time window
[Create_Local_problem] Agent 22 exited the zone at exit time 62
[Current_Solution] Agent 22 used 41 waiting timesteps, 21 remaining
[Create_Local_problem] Agent 23 exited the zone at exit time 62
[Create_Local_problem] Agent 23 returned to the zone 2 times within time window
[Create_Local_Problem] MDD already aligned to the time window
[Current_Solution] Agent 23 used 42 waiting timesteps, 21 remaining
[Create_Local_problem] Agent 24 exited the zone at exit time 33
[Create_Local_Problem] MDD already aligned to the time window
[Create_Local_problem] Agent 25 exited the zone at exit time 42
[Create_Local_problem] Agent 25 returned to the zone 1 times within time window
[Create_Local_problem] Agent 26 exited the zone at exit time 16
[Create_Local_Problem] MDD already aligned to the time window
[Create_Local_problem] Agent 27 exited the zone at exit time 62
[Current_Solution] Agent 27 used 24 waiting timesteps, 21 remaining
[Create_Local_problem] Agent 28 exited the zone at exit time 37
[Create_Local_problem] Agent 28 returned to the zone 3 times within time window
[Create_Local_problem] Agent 29 exited the zone at exit time 49
[Create_Local_problem] Agent 29 returned to the zone 3 times within time window
[Create_Local_problem] Agent 30 exited the zone at exit time 42
[Create_Local_problem] Agent 30 returned to the zone 1 times within time window
[Create_Local_problem] Agent 31 exited the zone at exit time 7
[Create_Local_problem] Agent 32 exited the zone at exit time 1
[Create_Local_Problem] MDD already aligned to the time window
[Create_Local_problem] Agent 33 exited the zone at exit time 31
[Create_Local_problem] Agent 33 returned to the zone 1 times within time window
[Create_Local_Problem] MDD already aligned to the time window
[Create_Local_problem] Agent 34 exited the zone at exit time 23
[Create_Local_problem] Agent 34 returned to the zone 1 times within time window
[Create_Local_problem] Agent 35 exited the zone at exit time 14
[Create_Local_problem] Agent 35 returned to the zone 1 times within time window
[Create_Local_Problem] MDD already aligned to the time window
[Create_Local_problem] Agent 36 exited the zone at exit time 62
[Current_Solution] Agent 36 used 52 waiting timesteps, 21 remaining
[Create_Local_Problem] MDD already aligned to the time window
[Create_Local_problem] Agent 37 exited the zone at exit time 62
[Current_Solution] Agent 37 used 15 waiting timesteps, 21 remaining
[Create_Local_problem] Agent 38 exited the zone at exit time 20
[Create_Local_problem] Agent 38 returned to the zone 1 times within time window
[Create_Local_problem] Agent 40 exited the zone at exit time 62
[Create_Local_problem] Agent 40 returned to the zone 1 times within time window
[Current_Solution] Agent 40 used 31 waiting timesteps, 21 remaining
[Create_Local_problem] Agent 42 exited the zone at exit time 35
[Create_Local_problem] Agent 42 returned to the zone 2 times within time window
[Create_Local_Problem] MDD already aligned to the time window
[Create_Local_problem] Agent 43 exited the zone at exit time 62
[Current_Solution] Agent 43 used 38 waiting timesteps, 21 remaining
[Create_Local_problem] Agent 44 exited the zone at exit time 11
[Create_Local_problem] Agent 44 returned to the zone 1 times within time window
[Create_Local_Problem] MDD already aligned to the time window
[Create_Local_problem] Agent 45 exited the zone at exit time 20
[Create_Local_problem] Agent 46 exited the zone at exit time 8
[Create_Local_problem] Agent 47 exited the zone at exit time 62
[Create_Local_problem] Agent 47 returned to the zone 2 times within time window
[Create_Local_Problem] MDD already aligned to the time window
[Current_Solution] Agent 47 used 36 waiting timesteps, 21 remaining
[Create_Local_problem] Agent 48 exited the zone at exit time 27
[Create_Local_problem] Agent 48 returned to the zone 2 times within time window
[Create_Local_Problem] MDD already aligned to the time window
[Create_Local_problem] Agent 49 exited the zone at exit time 23
[Create_Local_problem] Agent 50 exited the zone at exit time 62
[Current_Solution] Agent 50 used 46 waiting timesteps, 21 remaining
[Create_Local_Problem] MDD already aligned to the time window
[Create_Local_problem] Agent 51 exited the zone at exit time 42
[Create_Local_problem] Agent 51 returned to the zone 2 times within time window
[Create_Local_problem] Agent 52 exited the zone at exit time 62
[Current_Solution] Agent 52 used 24 waiting timesteps, 21 remaining
[Create_Local_Problem] MDD already aligned to the time window
[Create_Local_problem] Agent 53 exited the zone at exit time 62
[Current_Solution] Agent 53 used 25 waiting timesteps, 21 remaining
[Create_Local_problem] Agent 56 exited the zone at exit time 45
[Create_Local_problem] Agent 56 returned to the zone 1 times within time window
[Create_Local_problem] Agent 57 exited the zone at exit time 7
[Create_Local_Problem] MDD already aligned to the time window
[Create_Local_problem] Agent 58 exited the zone at exit time 33
[Create_Local_problem] Agent 59 exited the zone at exit time 62
[Current_Solution] Agent 59 used 51 waiting timesteps, 21 remaining
[Create_Local_Problem] MDD already aligned to the time window
[Create_Local_problem] Agent 60 exited the zone at exit time 6
[Create_Local_problem] Agent 61 exited the zone at exit time 62
[Create_Local_problem] Agent 61 returned to the zone 1 times within time window
[Current_Solution] Agent 61 used 6 waiting timesteps, 21 remaining
[Create_Local_problem] Agent 62 exited the zone at exit time 13
[Create_Local_problem] Agent 63 exited the zone at exit time 1
[Create_Local_Problem] MDD already aligned to the time window
[Create_Local_problem] Agent 64 exited the zone at exit time 62
[Current_Solution] Agent 64 used 49 waiting timesteps, 21 remaining
[Create_Local_Problem] MDD already aligned to the time window
[Create_Local_problem] Agent 65 exited the zone at exit time 25
[Create_Local_problem] Agent 65 returned to the zone 1 times within time window
[Create_Local_Problem] MDD already aligned to the time window
[Create_Local_problem] Agent 66 exited the zone at exit time 38
[Create_Local_problem] Agent 67 exited the zone at exit time 48
[Create_Local_problem] Agent 67 returned to the zone 1 times within time window
[Create_Local_problem] Agent 69 exited the zone at exit time 41
[Create_Local_problem] Agent 70 exited the zone at exit time 29
[Create_Local_problem] Agent 70 returned to the zone 2 times within time window
[Create_Local_problem] Agent 71 exited the zone at exit time 62
[Create_Local_problem] Agent 71 returned to the zone 2 times within time window
[Current_Solution] Agent 71 used 17 waiting timesteps, 21 remaining
[Create_Local_problem] Agent 72 exited the zone at exit time 62
[Current_Solution] Agent 72 used 36 waiting timesteps, 21 remaining
[Create_Local_problem] Agent 74 exited the zone at exit time 62
[Create_Local_problem] Agent 74 returned to the zone 2 times within time window
[Current_Solution] Agent 74 used 6 waiting timesteps, 21 remaining
[Create_Local_problem] Agent 75 exited the zone at exit time 25
[Create_Local_Problem] MDD already aligned to the time window
[Create_Local_problem] Agent 76 exited the zone at exit time 42
[Create_Local_problem] Agent 77 exited the zone at exit time 23
[Create_Local_problem] Agent 77 returned to the zone 2 times within time window
[Create_Local_Problem] MDD already aligned to the time window
[Create_Local_problem] Agent 78 exited the zone at exit time 62
[Current_Solution] Agent 78 used 40 waiting timesteps, 21 remaining
[Create_Local_problem] Agent 80 exited the zone at exit time 62
[Current_Solution] Agent 80 used 27 waiting timesteps, 21 remaining
[Create_Local_problem] Agent 81 exited the zone at exit time 62
[Current_Solution] Agent 81 used 18 waiting timesteps, 21 remaining
[Create_Local_problem] Agent 82 exited the zone at exit time 54
[Create_Local_problem] Agent 83 exited the zone at exit time 62
[Current_Solution] Agent 83 used 45 waiting timesteps, 21 remaining
[Create_Local_Problem] MDD already aligned to the time window
[Create_Local_problem] Agent 84 exited the zone at exit time 30
[Create_Local_Problem] MDD already aligned to the time window
[Create_Local_problem] Agent 85 exited the zone at exit time 27
[Create_Local_problem] Agent 87 exited the zone at exit time 62
[Create_Local_problem] Agent 87 returned to the zone 1 times within time window
[Create_Local_Problem] MDD already aligned to the time window
[Current_Solution] Agent 87 used 46 waiting timesteps, 21 remaining
[Create_Local_problem] Agent 89 exited the zone at exit time 33
[Create_Local_problem] Agent 91 exited the zone at exit time 62
[Current_Solution] Agent 91 used 22 waiting timesteps, 21 remaining
[Create_Local_problem] Agent 92 exited the zone at exit time 18
[Create_Local_Problem] MDD already aligned to the time window
[Create_Local_problem] Agent 93 exited the zone at exit time 62
[Current_Solution] Agent 93 used 36 waiting timesteps, 21 remaining
[Create_Local_problem] Agent 94 exited the zone at exit time 26
[Create_Local_problem] Agent 94 returned to the zone 1 times within time window
[Create_Local_Problem] MDD already aligned to the time window
[Create_Local_problem] Agent 95 exited the zone at exit time 62
[Current_Solution] Agent 95 used 56 waiting timesteps, 21 remaining
[Create_Local_problem] Agent 97 exited the zone at exit time 62
[Create_Local_problem] Agent 97 returned to the zone 1 times within time window
[Current_Solution] Agent 97 used 26 waiting timesteps, 21 remaining
[Create_Local_problem] Agent 98 exited the zone at exit time 62
[Current_Solution] Agent 98 used 57 waiting timesteps, 21 remaining
[Create_Local_Problem] MDD already aligned to the time window
[Create_Local_problem] Agent 99 exited the zone at exit time 62
[Current_Solution] Agent 99 used 50 waiting timesteps, 21 remaining
[Create_Local_Problem] MDD already aligned to the time window
[Create_Local_problem] Agent 101 exited the zone at exit time 62
[Current_Solution] Agent 101 used 24 waiting timesteps, 21 remaining
[Create_Local_problem] Agent 102 exited the zone at exit time 10
[Create_Local_Problem] MDD already aligned to the time window
[Create_Local_problem] Agent 103 exited the zone at exit time 24
[Create_Local_problem] Agent 103 returned to the zone 1 times within time window
[Create_Local_Problem] MDD already aligned to the time window
[Create_Local_problem] Agent 104 exited the zone at exit time 48
[Create_Local_problem] Agent 105 exited the zone at exit time 62
[Current_Solution] Agent 105 used 26 waiting timesteps, 21 remaining
[Create_Local_problem] Agent 106 exited the zone at exit time 34
[Create_Local_problem] Agent 106 returned to the zone 1 times within time window
[Create_Local_problem] Agent 107 exited the zone at exit time 62
[Current_Solution] Agent 107 used 46 waiting timesteps, 21 remaining
[Create_Local_problem] Agent 108 exited the zone at exit time 62
[Current_Solution] Agent 108 used 44 waiting timesteps, 21 remaining
[Create_Local_problem] Agent 111 exited the zone at exit time 13
[Create_Local_problem] Agent 111 returned to the zone 2 times within time window
[Create_Local_Problem] MDD already aligned to the time window
[Create_Local_problem] Agent 112 exited the zone at exit time 15
[Create_Local_problem] Agent 113 exited the zone at exit time 31
[Create_Local_problem] Agent 114 exited the zone at exit time 19
[Create_Local_problem] Agent 114 returned to the zone 1 times within time window
[Create_Local_Problem] MDD already aligned to the time window
[Create_Local_problem] Agent 115 exited the zone at exit time 3
[Create_Local_Problem] MDD already aligned to the time window
[Create_Local_problem] Agent 117 exited the zone at exit time 52
[Create_Local_problem] Agent 117 returned to the zone 1 times within time window
[Create_Local_problem] Agent 119 exited the zone at exit time 62
[Current_Solution] Agent 119 used 35 waiting timesteps, 21 remaining
[Create_Local_problem] Agent 120 exited the zone at exit time 62
[Create_Local_problem] Agent 120 returned to the zone 1 times within time window
[Current_Solution] Agent 120 used 19 waiting timesteps, 21 remaining
[Create_Local_problem] Agent 121 exited the zone at exit time 3
[Create_Local_Problem] MDD already aligned to the time window
[Create_Local_problem] Agent 122 exited the zone at exit time 62
[Current_Solution] Agent 122 used 37 waiting timesteps, 21 remaining
[Create_Local_problem] Agent 126 exited the zone at exit time 32
[Create_Local_problem] Agent 126 returned to the zone 2 times within time window
[Create_Local_problem] Agent 128 exited the zone at exit time 4
[Create_Local_problem] Agent 128 returned to the zone 1 times within time window
[Create_Local_Problem] MDD already aligned to the time window
[Create_Local_problem] Agent 129 exited the zone at exit time 17
[Create_Local_problem] Agent 130 exited the zone at exit time 62
[Current_Solution] Agent 130 used 48 waiting timesteps, 21 remaining
[Create_Local_problem] Agent 132 exited the zone at exit time 23
[Create_Local_Problem] MDD already aligned to the time window
[Create_Local_problem] Agent 133 exited the zone at exit time 46
[Create_Local_problem] Agent 134 exited the zone at exit time 36
[Create_Local_problem] Agent 134 returned to the zone 1 times within time window
[Create_Local_problem] Agent 135 exited the zone at exit time 21
[Create_Local_Problem] MDD already aligned to the time window
[Create_Local_problem] Agent 136 exited the zone at exit time 50
[Create_Local_problem] Agent 138 exited the zone at exit time 26
[Create_Local_Problem] MDD already aligned to the time window
[Create_Local_problem] Agent 139 exited the zone at exit time 24
[Create_Local_Problem] MDD already aligned to the time window
[Create_Local_problem] Agent 140 exited the zone at exit time 62
[Create_Local_problem] Agent 140 returned to the zone 1 times within time window
[Create_Local_Problem] MDD already aligned to the time window
[Current_Solution] Agent 140 used 44 waiting timesteps, 21 remaining
[Create_Local_problem] Agent 141 exited the zone at exit time 11
[Create_Local_problem] Agent 142 exited the zone at exit time 62
[Current_Solution] Agent 142 used 41 waiting timesteps, 21 remaining
[Create_Local_problem] Agent 143 exited the zone at exit time 62
[Current_Solution] Agent 143 used 38 waiting timesteps, 21 remaining
[Create_Local_problem] Agent 144 exited the zone at exit time 62
[Create_Local_problem] Agent 145 exited the zone at exit time 62
[Current_Solution] Agent 145 used 43 waiting timesteps, 21 remaining
[Create_Local_problem] Agent 146 exited the zone at exit time 62
[Current_Solution] Agent 146 used 33 waiting timesteps, 21 remaining
[Create_Local_problem] Agent 148 exited the zone at exit time 26
[Create_Local_Problem] MDD already aligned to the time window
[Create_Local_problem] Agent 149 exited the zone at exit time 62
[Current_Solution] Agent 149 used 46 waiting timesteps, 21 remaining
[Create_Local_Problem] MDD already aligned to the time window
[Create_Local_problem] Agent 151 exited the zone at exit time 62
[Current_Solution] Agent 151 used 46 waiting timesteps, 21 remaining
[Create_Local_problem] Agent 152 exited the zone at exit time 13
[Create_Local_Problem] MDD already aligned to the time window
[Create_Local_problem] Agent 153 exited the zone at exit time 62
[Create_Local_problem] Agent 153 returned to the zone 1 times within time window
[Current_Solution] Agent 153 used 11 waiting timesteps, 21 remaining
[Create_Local_problem] Agent 154 exited the zone at exit time 30
[Create_Local_problem] Agent 155 exited the zone at exit time 24
[Create_Local_Problem] MDD already aligned to the time window
[Create_Local_problem] Agent 156 exited the zone at exit time 18
[Create_Local_problem] Agent 156 returned to the zone 1 times within time window
[Create_Local_problem] Agent 158 exited the zone at exit time 62
[Create_Local_problem] Agent 158 returned to the zone 1 times within time window
[Current_Solution] Agent 158 used 25 waiting timesteps, 21 remaining
[Create_Local_problem] Agent 159 exited the zone at exit time 62
[Current_Solution] Agent 159 used 41 waiting timesteps, 21 remaining
[Create_Local_problem] Agent 160 exited the zone at exit time 15
[Create_Local_Problem] MDD already aligned to the time window
[Create_Local_problem] Agent 161 exited the zone at exit time 22
[Create_Local_Problem] MDD already aligned to the time window
[Create_Local_problem] Agent 162 exited the zone at exit time 0
[Create_Local_Problem] MDD already aligned to the time window
[Create_Local_problem] Agent 163 exited the zone at exit time 32
[Create_Local_problem] Agent 164 exited the zone at exit time 53
[Create_Local_problem] Agent 165 exited the zone at exit time 62
[Current_Solution] Agent 165 used 36 waiting timesteps, 21 remaining
[Create_Local_problem] Agent 167 exited the zone at exit time 45
[Create_Local_problem] Agent 167 returned to the zone 4 times within time window
[Create_Local_problem] Agent 168 exited the zone at exit time 62
[Current_Solution] Agent 168 used 41 waiting timesteps, 21 remaining
[Create_Local_problem] Agent 171 exited the zone at exit time 62
[Current_Solution] Agent 171 used 36 waiting timesteps, 21 remaining
[Create_Local_Problem] MDD already aligned to the time window
[Create_Local_problem] Agent 172 exited the zone at exit time 26
[Create_Local_problem] Agent 173 exited the zone at exit time 7
[Create_Local_Problem] MDD already aligned to the time window
[Create_Local_problem] Agent 177 exited the zone at exit time 24
[Create_Local_Problem] MDD already aligned to the time window
[Create_Local_problem] Agent 178 exited the zone at exit time 62
[Current_Solution] Agent 178 used 44 waiting timesteps, 21 remaining
[Create_Local_problem] Agent 180 exited the zone at exit time 62
[Create_Local_problem] Agent 180 returned to the zone 1 times within time window
[Current_Solution] Agent 180 used 35 waiting timesteps, 21 remaining
[Create_Local_problem] Agent 181 exited the zone at exit time 15
[Create_Local_problem] Agent 181 returned to the zone 1 times within time window
[Create_Local_Problem] MDD already aligned to the time window
[Create_Local_problem] Agent 182 exited the zone at exit time 12
[Create_Local_problem] Agent 182 returned to the zone 2 times within time window
[Create_Local_Problem] MDD already aligned to the time window
[Create_Local_problem] Agent 183 exited the zone at exit time 62
[Current_Solution] Agent 183 used 26 waiting timesteps, 21 remaining
[Create_Local_problem] Agent 185 exited the zone at exit time 62
[Current_Solution] Agent 185 used 36 waiting timesteps, 21 remaining
[Create_Local_Problem] MDD already aligned to the time window
[Create_Local_problem] Agent 187 exited the zone at exit time 36
[Create_Local_problem] Agent 187 returned to the zone 1 times within time window
[Create_Local_problem] Agent 188 exited the zone at exit time 62
[Current_Solution] Agent 188 used 50 waiting timesteps, 21 remaining
[Create_Local_problem] Agent 190 exited the zone at exit time 62
[Current_Solution] Agent 190 used 35 waiting timesteps, 21 remaining
[Create_Local_problem] Agent 191 exited the zone at exit time 13
[Create_Local_Problem] MDD already aligned to the time window
[Create_Local_problem] Agent 192 exited the zone at exit time 5
[Create_Local_problem] Agent 192 returned to the zone 1 times within time window
[Create_Local_Problem] MDD already aligned to the time window
[Create_Local_problem] Agent 193 exited the zone at exit time 59
[Create_Local_problem] Agent 193 returned to the zone 2 times within time window
[Create_Local_problem] Agent 195 exited the zone at exit time 62
[Current_Solution] Agent 195 used 48 waiting timesteps, 21 remaining
[Create_Local_problem] Agent 196 exited the zone at exit time 15
[Create_Local_Problem] MDD already aligned to the time window
[Create_Local_problem] Agent 197 exited the zone at exit time 62
[Current_Solution] Agent 197 used 41 waiting timesteps, 21 remaining
[Create_Local_Problem] MDD already aligned to the time window
[Create_Local_problem] Agent 198 exited the zone at exit time 62
[Current_Solution] Agent 198 used 16 waiting timesteps, 21 remaining
[Create_Local_problem] Agent 199 exited the zone at exit time 53
[Waiting_time_Solve] Total available waiting time: 7967
[Waiting_time_Solve] Iteration 0...
