[LNS] Loaded map 32x32, agents: 50
[LNS] Map:
@@@@@@@@@@@@@@@@@@@@@@@@@@@@@@@@
@..@..@.........................
@..@..@.........................
@..@..@..@@@@@@@@@@@@@..@@@@..@.
@.....@..............@..@..@..@.
@.....@..............@..@..@..@.
@..@@@@@@@..@@@@@@@@@@..@..@@@@.
@...........@...........@.....@.
@...........@...........@.....@.
@@@@@@@@@@@@@..@@@@..@@@@..@@@@@
@..............@.....@..@..@....
@..............@.....@..@..@....
@..@@@@@@@@@@@@@@@@@@@..@..@@@@.
@..............@.....@.....@....
@..............@.....@.....@....
@..@@@@@@@..@@@@..@..@@@@..@..@@
@..@........@.....@........@..@.
@..@........@.....@........@..@.
@@@@..@@@@..@..@@@@..@@@@@@@..@.
@.....@.....@..@.....@........@.
@.....@.....@..@.....@........@.
@..@..@@@@@@@..@..@@@@..@@@@@@@.
@..@........@..@..@..@..@.......
@..@........@..@..@..@..@.......
@..@@@@..@@@@..@@@@..@..@@@@@@@.
@..@..@.................@.......
@..@..@.................@.......
@..@..@@@@@@@@@@..@@@@@@@..@@@@.
@..@..@........@..@........@..@.
@..@..@........@..@........@..@.
@..@..@@@@..@..@..@@@@..@@@@..@.
@.....@.....@...........@.......
[LNS] Number of agents: 50
[LNS] Agents (start -> goal):
  Agent 0: (21,17) -> (16,15)
  Agent 1: (23,23) -> (19,10)
  Agent 2: (20,1) -> (2,8)
  Agent 3: (29,2) -> (22,31)
  Agent 4: (26,28) -> (16,25)
  Agent 5: (5,13) -> (1,5)
  Agent 6: (9,13) -> (19,14)
  Agent 7: (29,1) -> (8,14)
  Agent 8: (24,14) -> (4,19)
  Agent 9: (19,17) -> (14,25)
  Agent 10: (8,22) -> (5,23)
  Agent 11: (8,7) -> (25,18)
  Agent 12: (31,1) -> (18,4)
  Agent 13: (26,17) -> (7,13)
  Agent 14: (13,14) -> (13,23)
  Agent 15: (7,23) -> (29,31)
  Agent 16: (8,27) -> (28,11)
  Agent 17: (13,20) -> (13,8)
  Agent 18: (31,14) -> (9,13)
  Agent 19: (7,25) -> (8,15)
  Agent 20: (30,14) -> (19,4)
  Agent 21: (25,20) -> (13,25)
  Agent 22: (13,25) -> (7,26)
  Agent 23: (14,11) -> (5,7)
  Agent 24: (1,22) -> (24,13)
  Agent 25: (23,14) -> (31,20)
  Agent 26: (22,30) -> (31,11)
  Agent 27: (8,16) -> (2,23)
  Agent 28: (10,10) -> (23,30)
  Agent 29: (22,11) -> (4,17)
  Agent 30: (31,16) -> (1,30)
  Agent 31: (10,1) -> (31,19)
  Agent 32: (31,26) -> (31,10)
  Agent 33: (24,8) -> (23,9)
  Agent 34: (16,11) -> (3,7)
  Agent 35: (9,14) -> (4,4)
  Agent 36: (2,23) -> (4,10)
  Agent 37: (14,10) -> (5,12)
  Agent 38: (31,29) -> (22,11)
  Agent 39: (10,2) -> (31,22)
  Agent 40: (26,21) -> (30,1)
  Agent 41: (10,28) -> (7,21)
  Agent 42: (22,9) -> (29,19)
  Agent 43: (20,26) -> (7,15)
  Agent 44: (21,22) -> (7,20)
  Agent 45: (11,13) -> (4,31)
  Agent 46: (8,3) -> (21,5)
  Agent 47: (16,10) -> (3,8)
  Agent 48: (8,17) -> (9,25)
  Agent 49: (29,17) -> (8,8)
[LNS] Base makespan: 96

[LNS] === Attempt with max_timesteps=96 ===
[SAT] Creating MDDs with shortest paths + waiting time...
[SAT] Created 50 MDDs with waiting time structure
[LNS] Built MDDs with waiting time structure for 50 agents at makespan 96
[Current_Solution] Calculating waiting times for agents...
[Current_Solution] Agent 49 reaches goal at t=96, waiting time=0
[Current_Solution] Agent 48 reaches goal at t=85, waiting time=11
[Current_Solution] Agent 47 reaches goal at t=57, waiting time=39
[Current_Solution] Agent 46 reaches goal at t=81, waiting time=15
[Current_Solution] Agent 45 reaches goal at t=29, waiting time=67
[Current_Solution] Agent 44 reaches goal at t=70, waiting time=26
[Current_Solution] Agent 43 reaches goal at t=70, waiting time=26
[Current_Solution] Agent 42 reaches goal at t=29, waiting time=67
[Current_Solution] Agent 41 reaches goal at t=94, waiting time=2
[Current_Solution] Agent 40 reaches goal at t=36, waiting time=60
[Current_Solution] Agent 39 reaches goal at t=51, waiting time=45
[Current_Solution] Agent 38 reaches goal at t=47, waiting time=49
[Current_Solution] Agent 37 reaches goal at t=61, waiting time=35
[Current_Solution] Agent 36 reaches goal at t=19, waiting time=77
[Current_Solution] Agent 35 reaches goal at t=49, waiting time=47
[Current_Solution] Agent 34 reaches goal at t=59, waiting time=37
[Current_Solution] Agent 33 reaches goal at t=2, waiting time=94
[Current_Solution] Agent 32 reaches goal at t=40, waiting time=56
[Current_Solution] Agent 31 reaches goal at t=49, waiting time=47
[Current_Solution] Agent 30 reaches goal at t=82, waiting time=14
[Current_Solution] Agent 29 reaches goal at t=84, waiting time=12
[Current_Solution] Agent 28 reaches goal at t=77, waiting time=19
[Current_Solution] Agent 27 reaches goal at t=13, waiting time=83
[Current_Solution] Agent 26 reaches goal at t=34, waiting time=62
[Current_Solution] Agent 25 reaches goal at t=14, waiting time=82
[Current_Solution] Agent 24 reaches goal at t=66, waiting time=30
[Current_Solution] Agent 23 reaches goal at t=59, waiting time=37
[Current_Solution] Agent 22 reaches goal at t=7, waiting time=89
[Current_Solution] Agent 21 reaches goal at t=33, waiting time=63
[Current_Solution] Agent 20 reaches goal at t=27, waiting time=69
[Current_Solution] Agent 19 reaches goal at t=85, waiting time=11
[Current_Solution] Agent 18 reaches goal at t=59, waiting time=37
[Current_Solution] Agent 17 reaches goal at t=46, waiting time=50
[Current_Solution] Agent 16 reaches goal at t=50, waiting time=46
[Current_Solution] Agent 15 reaches goal at t=92, waiting time=4
[Current_Solution] Agent 14 reaches goal at t=59, waiting time=37
[Current_Solution] Agent 13 reaches goal at t=55, waiting time=41
[Current_Solution] Agent 12 reaches goal at t=16, waiting time=80
[Current_Solution] Agent 11 reaches goal at t=94, waiting time=2
[Current_Solution] Agent 10 reaches goal at t=4, waiting time=92
[Current_Solution] Agent 9 reaches goal at t=13, waiting time=83
[Current_Solution] Agent 8 reaches goal at t=93, waiting time=3
[Current_Solution] Agent 7 reaches goal at t=50, waiting time=46
[Current_Solution] Agent 6 reaches goal at t=55, waiting time=41
[Current_Solution] Agent 5 reaches goal at t=22, waiting time=74
[Current_Solution] Agent 4 reaches goal at t=49, waiting time=47
[Current_Solution] Agent 3 reaches goal at t=58, waiting time=38
[Current_Solution] Agent 2 reaches goal at t=69, waiting time=27
[Current_Solution] Agent 1 reaches goal at t=35, waiting time=61
[Current_Solution] Agent 0 reaches goal at t=15, waiting time=81
[Current_Solution] Waiting time calculation complete
[LNS] Created current solution with 50 agent paths on a map of size 32x32
[LNS] Analyzing conflicts...
[LNS] Current solution: vertex collisions=160, edge collisions=53
[LNS] Creating conflict buckets...
[LOCAL ZONE] Building diamond bucket for conflict 0
[LOCAL ZONE] Built diamond bucket for conflict 0 with 0 positions, 0 conflicts, 1 - 74 time window
[LOCAL ZONE] Building diamond bucket for conflict 1
[LOCAL ZONE] Built diamond bucket for conflict 1 with 0 positions, 0 conflicts, 1 - 93 time window
[LOCAL ZONE] Building diamond bucket for conflict 2
[LOCAL ZONE] Built diamond bucket for conflict 2 with 0 positions, 0 conflicts, 1 - 66 time window
[LNS] Selected most relevant bucket 1 with time window: 1 - 93, 7 conflicts and 13 positions.
[LNS] Solving the best bucket Local Zone...
[Solve_local_zone] Current local zone size: 13 (1.95195% of all walkable positions)
[Solve_local_zone] Local zone time window: [0, 94]
[Create_Local_problem] Agent 2 entered the zone at timestep 45
[Create_Local_problem] Path (size: 97): (20, 1) (20, 2) (20, 3) (19, 3) (19, 4) (19, 5) (18, 5) (17, 5) (16, 5) (16, 6) (16, 7) (16, 8) (16, 9) (16, 10) (15, 10) (14, 10) (13, 10) (13, 9) (13, 8) (13, 7) (13, 6) (13, 5) (13, 4) (13, 3) (13, 2) (12, 2) (11, 2) (11, 3) (10, 3) (10, 4) (10, 5) (10, 6) (10, 7) (10, 8) (10, 9) (10, 10) (10, 11) (10, 12) (10, 13) (9, 13) (8, 13) (8, 14) (8, 15) (7, 15) (7, 16) (7, 17) (7, 18) (7, 19) (7, 20) (7, 21) (7, 22) (6, 22) (5, 22) (4, 22) (3, 22) (2, 22) (2, 21) (2, 20) (2, 19) (2, 18) (2, 17) (2, 16) (2, 15) (2, 14) (2, 13) (2, 12) (2, 11) (2, 10) (2, 9) (2, 8) (2, 8) (2, 8) (2, 8) (2, 8) (2, 8) (2, 8) (2, 8) (2, 8) (2, 8) (2, 8) (2, 8) (2, 8) (2, 8) (2, 8) (2, 8) (2, 8) (2, 8) (2, 8) (2, 8) (2, 8) (2, 8) (2, 8) (2, 8) (2, 8) (2, 8) (2, 8) (2, 8) 
[Create_Local_problem] Agent 2 is not in the zone at timestep 52
The exit time is 51
[Create_Local_problem] Agent 2 exited the zone at exit time 51
[Create_Local_Problem] Starting to align MDD to the time window: [0, 94]
[Create_Local_Problem] MDD levels: 7
[Create_Local_Problem] Aligned MDD to the time window
[Create_Local_problem] Agent 8 entered the zone at timestep 56
[Create_Local_problem] Path (size: 97): (24, 14) (25, 14) (25, 13) (25, 12) (25, 11) (25, 10) (25, 9) (25, 8) (24, 8) (24, 7) (23, 7) (22, 7) (22, 6) (22, 5) (21, 5) (20, 5) (19, 5) (18, 5) (17, 5) (16, 5) (16, 6) (16, 7) (16, 8) (16, 9) (16, 10) (15, 10) (14, 10) (14, 9) (13, 9) (13, 8) (13, 7) (13, 6) (13, 5) (13, 4) (13, 3) (13, 2) (12, 2) (11, 2) (10, 2) (10, 3) (10, 4) (10, 5) (10, 6) (10, 7) (10, 8) (10, 9) (10, 10) (10, 11) (10, 12) (10, 13) (9, 13) (9, 14) (8, 14) (8, 15) (8, 16) (8, 17) (8, 18) (8, 19) (7, 19) (7, 20) (7, 21) (7, 22) (6, 22) (5, 22) (4, 22) (3, 22) (2, 22) (2, 21) (2, 20) (2, 19) (2, 18) (2, 17) (2, 16) (2, 15) (2, 14) (2, 13) (2, 12) (2, 11) (2, 10) (2, 9) (2, 8) (3, 8) (4, 8) (4, 9) (4, 10) (4, 11) (4, 12) (4, 13) (4, 14) (4, 15) (4, 16) (4, 17) (4, 18) (4, 19) (4, 19) (4, 19) (4, 19) 
[Create_Local_problem] Agent 8 is not in the zone at timestep 63
The exit time is 62
[Create_Local_problem] Agent 8 exited the zone at exit time 62
[Create_Local_Problem] Starting to align MDD to the time window: [0, 94]
[Create_Local_Problem] MDD levels: 7
[Create_Local_Problem] Aligned MDD to the time window
[Create_Local_problem] Agent 10 entered the zone at timestep 0
[Create_Local_problem] Path (size: 97): (8, 22) (7, 22) (7, 23) (6, 23) (5, 23) (5, 23) (5, 23) (5, 23) (5, 23) (5, 23) (5, 23) (5, 23) (5, 23) (5, 23) (5, 23) (5, 23) (5, 23) (5, 23) (5, 23) (5, 23) (5, 23) (5, 23) (5, 23) (5, 23) (5, 23) (5, 23) (5, 23) (5, 23) (5, 23) (5, 23) (5, 23) (5, 23) (5, 23) (5, 23) (5, 23) (5, 23) (5, 23) (5, 23) (5, 23) (5, 23) (5, 23) (5, 23) (5, 23) (5, 23) (5, 23) (5, 23) (5, 23) (5, 23) (5, 23) (5, 23) (5, 23) (5, 23) (5, 23) (5, 23) (5, 23) (5, 23) (5, 23) (5, 23) (5, 23) (5, 23) (5, 23) (5, 23) (5, 23) (5, 23) (5, 23) (5, 23) (5, 23) (5, 23) (5, 23) (5, 23) (5, 23) (5, 23) (5, 23) (5, 23) (5, 23) (5, 23) (5, 23) (5, 23) (5, 23) (5, 23) (5, 23) (5, 23) (5, 23) (5, 23) (5, 23) (5, 23) (5, 23) (5, 23) (5, 23) (5, 23) (5, 23) (5, 23) (5, 23) (5, 23) (5, 23) (5, 23) (5, 23) 
[Create_Local_problem] Agent 10 is not in the zone at timestep 3
The exit time is 2
[Create_Local_problem] Agent 10 exited the zone at exit time 2
[Create_Local_Problem] Starting to align MDD to the time window: [0, 94]
[Create_Local_Problem] MDD levels: 3
[Create_Local_Problem] MDD already aligned to the time window
[Create_Local_problem] Agent 11 entered the zone at timestep 29
[Create_Local_problem] Path (size: 97): (8, 7) (8, 8) (8, 9) (8, 10) (7, 10) (6, 10) (5, 10) (4, 10) (4, 9) (4, 8) (3, 8) (2, 8) (2, 9) (2, 10) (2, 11) (2, 12) (2, 13) (2, 14) (2, 15) (2, 16) (2, 17) (2, 18) (2, 19) (2, 20) (2, 21) (2, 22) (3, 22) (4, 22) (5, 22) (6, 22) (7, 22) (7, 21) (7, 20) (7, 19) (7, 18) (7, 17) (7, 16) (8, 16) (8, 15) (8, 14) (9, 14) (10, 14) (10, 13) (11, 13) (11, 12) (11, 11) (11, 10) (11, 9) (11, 8) (11, 7) (11, 6) (11, 5) (11, 4) (11, 3) (11, 2) (12, 2) (13, 2) (14, 2) (14, 3) (14, 4) (14, 5) (14, 6) (14, 7) (14, 8) (14, 9) (14, 10) (15, 10) (16, 10) (16, 9) (16, 8) (16, 7) (17, 7) (17, 6) (17, 5) (18, 5) (19, 5) (20, 5) (21, 5) (22, 5) (23, 5) (23, 6) (23, 7) (23, 8) (24, 8) (25, 8) (25, 9) (25, 10) (25, 11) (25, 12) (25, 13) (25, 14) (25, 15) (25, 16) (25, 17) (25, 18) (25, 18) (25, 18) 
[Create_Local_problem] Agent 11 is not in the zone at timestep 36
The exit time is 35
[Create_Local_problem] Agent 11 exited the zone at exit time 35
[Create_Local_Problem] Starting to align MDD to the time window: [0, 94]
[Create_Local_Problem] MDD levels: 7
[Create_Local_Problem] Aligned MDD to the time window
[Create_Local_problem] Agent 15 entered the zone at timestep 0
[Create_Local_problem] Path (size: 97): (7, 23) (7, 22) (8, 22) (8, 21) (8, 20) (8, 19) (8, 18) (8, 17) (8, 16) (8, 15) (8, 14) (9, 14) (9, 13) (10, 13) (10, 12) (10, 11) (10, 10) (10, 9) (10, 8) (10, 7) (11, 7) (11, 6) (11, 5) (11, 4) (11, 3) (11, 2) (12, 2) (13, 2) (13, 3) (13, 4) (13, 5) (13, 6) (13, 7) (13, 8) (14, 8) (14, 9) (14, 10) (15, 10) (16, 10) (16, 9) (16, 8) (16, 7) (16, 6) (16, 5) (17, 5) (18, 5) (19, 5) (20, 5) (21, 5) (22, 5) (23, 5) (23, 6) (23, 7) (24, 7) (25, 7) (26, 7) (26, 8) (26, 9) (26, 10) (26, 11) (26, 12) (26, 13) (26, 14) (26, 15) (26, 16) (27, 16) (27, 17) (28, 17) (29, 17) (30, 17) (31, 17) (31, 18) (31, 19) (31, 20) (31, 21) (31, 22) (31, 23) (30, 23) (29, 23) (29, 24) (29, 25) (28, 25) (28, 26) (27, 26) (26, 26) (26, 27) (26, 28) (26, 29) (26, 30) (26, 31) (27, 31) (28, 31) (29, 31) (29, 31) (29, 31) (29, 31) (29, 31) 
[Create_Local_problem] Agent 15 is not in the zone at timestep 7
The exit time is 6
[Create_Local_problem] Agent 15 exited the zone at exit time 6
[Create_Local_Problem] Starting to align MDD to the time window: [0, 94]
[Create_Local_Problem] MDD levels: 7
[Create_Local_Problem] MDD already aligned to the time window
[Create_Local_problem] Agent 23 entered the zone at timestep 31
[Create_Local_problem] Path (size: 97): (14, 11) (14, 10) (14, 9) (14, 8) (13, 8) (13, 7) (13, 6) (13, 5) (13, 4) (13, 3) (13, 2) (12, 2) (11, 2) (11, 3) (11, 4) (11, 5) (10, 5) (10, 6) (10, 7) (10, 8) (10, 9) (10, 10) (10, 11) (10, 12) (10, 13) (9, 13) (9, 14) (8, 14) (7, 14) (7, 15) (7, 16) (7, 17) (7, 18) (7, 19) (7, 20) (7, 21) (7, 22) (6, 22) (5, 22) (4, 22) (3, 22) (2, 22) (2, 21) (2, 20) (2, 19) (2, 18) (2, 17) (2, 16) (2, 15) (2, 14) (2, 13) (2, 12) (2, 11) (2, 10) (2, 9) (2, 8) (3, 8) (3, 7) (4, 7) (5, 7) (5, 7) (5, 7) (5, 7) (5, 7) (5, 7) (5, 7) (5, 7) (5, 7) (5, 7) (5, 7) (5, 7) (5, 7) (5, 7) (5, 7) (5, 7) (5, 7) (5, 7) (5, 7) (5, 7) (5, 7) (5, 7) (5, 7) (5, 7) (5, 7) (5, 7) (5, 7) (5, 7) (5, 7) (5, 7) (5, 7) (5, 7) (5, 7) (5, 7) (5, 7) (5, 7) (5, 7) (5, 7) 
[Create_Local_problem] Agent 23 is not in the zone at timestep 38
The exit time is 37
[Create_Local_problem] Agent 23 exited the zone at exit time 37
[Create_Local_Problem] Starting to align MDD to the time window: [0, 94]
[Create_Local_Problem] MDD levels: 7
[Create_Local_Problem] Aligned MDD to the time window
[Create_Local_problem] Agent 24 entered the zone at timestep 5
[Create_Local_problem] Path (size: 97): (1, 22) (2, 22) (3, 22) (4, 22) (5, 22) (6, 22) (7, 22) (7, 21) (8, 21) (8, 20) (8, 19) (8, 18) (8, 17) (8, 16) (8, 15) (8, 14) (9, 14) (10, 14) (10, 13) (10, 12) (11, 12) (11, 11) (11, 10) (11, 9) (11, 8) (11, 7) (11, 6) (11, 5) (11, 4) (11, 3) (11, 2) (12, 2) (13, 2) (13, 3) (14, 3) (14, 4) (14, 5) (14, 6) (14, 7) (14, 8) (14, 9) (14, 10) (15, 10) (16, 10) (16, 9) (16, 8) (17, 8) (17, 7) (17, 6) (17, 5) (18, 5) (19, 5) (20, 5) (21, 5) (22, 5) (22, 6) (23, 6) (23, 7) (24, 7) (25, 7) (25, 8) (25, 9) (25, 10) (25, 11) (25, 12) (25, 13) (24, 13) (24, 13) (24, 13) (24, 13) (24, 13) (24, 13) (24, 13) (24, 13) (24, 13) (24, 13) (24, 13) (24, 13) (24, 13) (24, 13) (24, 13) (24, 13) (24, 13) (24, 13) (24, 13) (24, 13) (24, 13) (24, 13) (24, 13) (24, 13) (24, 13) (24, 13) (24, 13) (24, 13) (24, 13) (24, 13) (24, 13) 
[Create_Local_problem] Agent 24 is not in the zone at timestep 12
The exit time is 11
[Create_Local_problem] Agent 24 exited the zone at exit time 11
[Create_Local_Problem] Starting to align MDD to the time window: [0, 94]
[Create_Local_Problem] MDD levels: 7
[Create_Local_Problem] Aligned MDD to the time window
[Create_Local_problem] Agent 27 entered the zone at timestep 2
[Create_Local_problem] Path (size: 97): (8, 16) (7, 16) (7, 17) (7, 18) (7, 19) (7, 20) (7, 21) (7, 22) (7, 23) (6, 23) (5, 23) (4, 23) (3, 23) (2, 23) (2, 23) (2, 23) (2, 23) (2, 23) (2, 23) (2, 23) (2, 23) (2, 23) (2, 23) (2, 23) (2, 23) (2, 23) (2, 23) (2, 23) (2, 23) (2, 23) (2, 23) (2, 23) (2, 23) (2, 23) (2, 23) (2, 23) (2, 23) (2, 23) (2, 23) (2, 23) (2, 23) (2, 23) (2, 23) (2, 23) (2, 23) (2, 23) (2, 23) (2, 23) (2, 23) (2, 23) (2, 23) (2, 23) (2, 23) (2, 23) (2, 23) (2, 23) (2, 23) (2, 23) (2, 23) (2, 23) (2, 23) (2, 23) (2, 23) (2, 23) (2, 23) (2, 23) (2, 23) (2, 23) (2, 23) (2, 23) (2, 23) (2, 23) (2, 23) (2, 23) (2, 23) (2, 23) (2, 23) (2, 23) (2, 23) (2, 23) (2, 23) (2, 23) (2, 23) (2, 23) (2, 23) (2, 23) (2, 23) (2, 23) (2, 23) (2, 23) (2, 23) (2, 23) (2, 23) (2, 23) (2, 23) (2, 23) (2, 23) 
[Create_Local_problem] Agent 27 is not in the zone at timestep 9
The exit time is 8
[Create_Local_problem] Agent 27 exited the zone at exit time 8
[Create_Local_Problem] Starting to align MDD to the time window: [0, 94]
[Create_Local_Problem] MDD levels: 7
[Create_Local_Problem] Aligned MDD to the time window
[Create_Local_problem] Agent 29 entered the zone at timestep 49
[Create_Local_problem] Path (size: 97): (22, 11) (22, 10) (22, 9) (22, 8) (22, 7) (22, 6) (22, 5) (21, 5) (20, 5) (19, 5) (18, 5) (17, 5) (17, 6) (17, 7) (16, 7) (16, 8) (16, 9) (16, 10) (15, 10) (14, 10) (14, 9) (14, 8) (14, 7) (14, 6) (14, 5) (13, 5) (13, 4) (13, 3) (13, 2) (12, 2) (11, 2) (11, 3) (10, 3) (10, 4) (10, 5) (10, 6) (10, 7) (10, 8) (10, 9) (10, 10) (10, 11) (10, 12) (10, 13) (10, 14) (9, 14) (8, 14) (8, 15) (8, 16) (7, 16) (7, 17) (7, 18) (7, 19) (7, 20) (7, 21) (7, 22) (6, 22) (5, 22) (4, 22) (3, 22) (2, 22) (2, 21) (2, 20) (2, 19) (2, 18) (2, 17) (2, 16) (2, 15) (2, 14) (2, 13) (2, 12) (2, 11) (2, 10) (2, 9) (2, 8) (3, 8) (4, 8) (4, 9) (4, 10) (4, 11) (4, 12) (4, 13) (4, 14) (4, 15) (4, 16) (4, 17) (4, 17) (4, 17) (4, 17) (4, 17) (4, 17) (4, 17) (4, 17) (4, 17) (4, 17) (4, 17) (4, 17) (4, 17) 
[Create_Local_problem] Agent 29 is not in the zone at timestep 56
The exit time is 55
[Create_Local_problem] Agent 29 exited the zone at exit time 55
[Create_Local_Problem] Starting to align MDD to the time window: [0, 94]
[Create_Local_Problem] MDD levels: 7
[Create_Local_Problem] Aligned MDD to the time window
[Create_Local_problem] Agent 30 entered the zone at timestep 63
[Create_Local_problem] Path (size: 97): (31, 16) (30, 16) (29, 16) (28, 16) (27, 16) (26, 16) (26, 15) (26, 14) (26, 13) (25, 13) (25, 12) (25, 11) (25, 10) (25, 9) (25, 8) (25, 7) (24, 7) (23, 7) (23, 6) (23, 5) (22, 5) (21, 5) (20, 5) (19, 5) (18, 5) (17, 5) (16, 5) (16, 6) (16, 7) (16, 8) (16, 9) (16, 10) (15, 10) (14, 10) (14, 9) (14, 8) (13, 8) (13, 7) (13, 6) (13, 5) (13, 4) (13, 3) (13, 2) (12, 2) (11, 2) (11, 3) (10, 3) (10, 4) (10, 5) (10, 6) (10, 7) (10, 8) (10, 9) (10, 10) (10, 11) (10, 12) (10, 13) (9, 13) (9, 14) (8, 14) (7, 14) (7, 15) (7, 16) (7, 17) (7, 18) (7, 19) (7, 20) (7, 21) (7, 22) (6, 22) (6, 23) (5, 23) (4, 23) (3, 23) (2, 23) (2, 24) (1, 24) (1, 25) (1, 26) (1, 27) (1, 28) (1, 29) (1, 30) (1, 30) (1, 30) (1, 30) (1, 30) (1, 30) (1, 30) (1, 30) (1, 30) (1, 30) (1, 30) (1, 30) (1, 30) (1, 30) (1, 30) 
[Create_Local_problem] Agent 30 is not in the zone at timestep 70
The exit time is 69
[Create_Local_problem] Agent 30 exited the zone at exit time 69
[Create_Local_Problem] Starting to align MDD to the time window: [0, 94]
[Create_Local_Problem] MDD levels: 7
[Create_Local_Problem] Aligned MDD to the time window
[Create_Local_problem] Agent 34 entered the zone at timestep 33
[Create_Local_problem] Path (size: 97): (16, 11) (16, 10) (15, 10) (14, 10) (13, 10) (13, 9) (13, 8) (13, 7) (13, 6) (13, 5) (13, 4) (13, 3) (13, 2) (12, 2) (11, 2) (11, 3) (10, 3) (10, 4) (10, 5) (10, 6) (10, 7) (10, 8) (10, 9) (10, 10) (10, 11) (10, 12) (10, 13) (10, 14) (9, 14) (8, 14) (7, 14) (7, 15) (7, 16) (7, 17) (7, 18) (7, 19) (7, 20) (7, 21) (7, 22) (6, 22) (5, 22) (4, 22) (3, 22) (2, 22) (2, 21) (2, 20) (2, 19) (2, 18) (2, 17) (2, 16) (2, 15) (2, 14) (2, 13) (2, 12) (2, 11) (2, 10) (2, 9) (2, 8) (2, 7) (3, 7) (3, 7) (3, 7) (3, 7) (3, 7) (3, 7) (3, 7) (3, 7) (3, 7) (3, 7) (3, 7) (3, 7) (3, 7) (3, 7) (3, 7) (3, 7) (3, 7) (3, 7) (3, 7) (3, 7) (3, 7) (3, 7) (3, 7) (3, 7) (3, 7) (3, 7) (3, 7) (3, 7) (3, 7) (3, 7) (3, 7) (3, 7) (3, 7) (3, 7) (3, 7) (3, 7) (3, 7) (3, 7) 
[Create_Local_problem] Agent 34 is not in the zone at timestep 40
The exit time is 39
[Create_Local_problem] Agent 34 exited the zone at exit time 39
[Create_Local_Problem] Starting to align MDD to the time window: [0, 94]
[Create_Local_Problem] MDD levels: 7
[Create_Local_Problem] Aligned MDD to the time window
[Create_Local_problem] Agent 35 entered the zone at timestep 5
[Create_Local_problem] Path (size: 97): (9, 14) (8, 14) (7, 14) (7, 15) (7, 16) (7, 17) (7, 18) (7, 19) (7, 20) (7, 21) (7, 22) (6, 22) (5, 22) (4, 22) (3, 22) (2, 22) (2, 21) (2, 20) (2, 19) (2, 18) (2, 17) (2, 16) (2, 15) (2, 14) (2, 13) (2, 12) (2, 11) (2, 10) (2, 9) (2, 8) (3, 8) (4, 8) (4, 9) (5, 9) (5, 10) (6, 10) (7, 10) (7, 9) (7, 8) (7, 7) (7, 6) (7, 5) (7, 4) (7, 3) (7, 2) (6, 2) (5, 2) (5, 3) (4, 3) (4, 4) (4, 4) (4, 4) (4, 4) (4, 4) (4, 4) (4, 4) (4, 4) (4, 4) (4, 4) (4, 4) (4, 4) (4, 4) (4, 4) (4, 4) (4, 4) (4, 4) (4, 4) (4, 4) (4, 4) (4, 4) (4, 4) (4, 4) (4, 4) (4, 4) (4, 4) (4, 4) (4, 4) (4, 4) (4, 4) (4, 4) (4, 4) (4, 4) (4, 4) (4, 4) (4, 4) (4, 4) (4, 4) (4, 4) (4, 4) (4, 4) (4, 4) (4, 4) (4, 4) (4, 4) (4, 4) (4, 4) (4, 4) 
[Create_Local_problem] Agent 35 is not in the zone at timestep 12
The exit time is 11
[Create_Local_problem] Agent 35 exited the zone at exit time 11
[Create_Local_Problem] Starting to align MDD to the time window: [0, 94]
[Create_Local_Problem] MDD levels: 7
[Create_Local_Problem] Aligned MDD to the time window
[Create_Local_problem] Agent 37 entered the zone at timestep 30
[Create_Local_problem] Path (size: 97): (14, 10) (13, 10) (13, 9) (13, 8) (13, 7) (13, 6) (13, 5) (13, 4) (13, 3) (13, 2) (12, 2) (11, 2) (11, 3) (11, 4) (10, 4) (10, 5) (10, 6) (10, 7) (10, 8) (10, 9) (10, 10) (10, 11) (10, 12) (10, 13) (9, 13) (9, 14) (8, 14) (7, 14) (7, 15) (7, 16) (7, 17) (7, 18) (7, 19) (7, 20) (7, 21) (7, 22) (6, 22) (5, 22) (4, 22) (3, 22) (2, 22) (2, 21) (2, 20) (2, 19) (2, 18) (2, 17) (2, 16) (2, 15) (2, 14) (2, 13) (2, 12) (2, 11) (2, 10) (2, 9) (2, 8) (3, 8) (4, 8) (5, 8) (5, 9) (5, 10) (5, 11) (5, 12) (5, 12) (5, 12) (5, 12) (5, 12) (5, 12) (5, 12) (5, 12) (5, 12) (5, 12) (5, 12) (5, 12) (5, 12) (5, 12) (5, 12) (5, 12) (5, 12) (5, 12) (5, 12) (5, 12) (5, 12) (5, 12) (5, 12) (5, 12) (5, 12) (5, 12) (5, 12) (5, 12) (5, 12) (5, 12) (5, 12) (5, 12) (5, 12) (5, 12) (5, 12) (5, 12) 
[Create_Local_problem] Agent 37 is not in the zone at timestep 37
The exit time is 36
[Create_Local_problem] Agent 37 exited the zone at exit time 36
[Create_Local_Problem] Starting to align MDD to the time window: [0, 94]
[Create_Local_Problem] MDD levels: 7
[Create_Local_Problem] Aligned MDD to the time window
[Create_Local_problem] Agent 41 entered the zone at timestep 90
[Create_Local_problem] Path (size: 97): (10, 28) (11, 28) (11, 29) (11, 30) (11, 31) (12, 31) (13, 31) (14, 31) (14, 30) (14, 29) (14, 28) (15, 28) (16, 28) (17, 28) (18, 28) (19, 28) (20, 28) (20, 27) (20, 26) (20, 25) (20, 24) (20, 23) (20, 22) (21, 22) (22, 22) (23, 22) (24, 22) (25, 22) (25, 21) (25, 20) (25, 19) (25, 18) (25, 17) (25, 16) (25, 15) (25, 14) (25, 13) (25, 12) (25, 11) (25, 10) (25, 9) (25, 8) (24, 8) (23, 8) (23, 7) (23, 6) (23, 5) (22, 5) (21, 5) (20, 5) (19, 5) (18, 5) (17, 5) (17, 6) (16, 6) (16, 7) (16, 8) (16, 9) (16, 10) (15, 10) (14, 10) (13, 10) (13, 9) (13, 8) (13, 7) (13, 6) (13, 5) (13, 4) (13, 3) (13, 2) (12, 2) (11, 2) (11, 3) (10, 3) (10, 4) (10, 5) (10, 6) (10, 7) (10, 8) (10, 9) (10, 10) (10, 11) (10, 12) (10, 13) (10, 14) (9, 14) (8, 14) (8, 15) (8, 16) (7, 16) (7, 17) (7, 18) (7, 19) (7, 20) (7, 21) (7, 21) (7, 21) 
[Create_Local_problem] Agent 41 exited the zone at exit time 94
[Create_Local_Problem] Starting to align MDD to the time window: [0, 94]
[Create_Local_Problem] MDD levels: 5
[Create_Local_Problem] Aligned MDD to the time window
