[LNS] Loaded map 32x32, agents: 90
[LNS] Map:
.......@.........@@.......@.....
.....................@...@.....@
.......@@......@..@@......@.....
...............@.............@..
@..............@........@.......
.........@..........@.@.........
@...@.@.........................
........@..............@@.......
..@...@.....@.@@...@......@.....
........@...@.............@.....
.................@..............
.......@@....@......@..........@
@....@.@...@.@.............@...@
@........@.@..................@.
....@..@@.......................
........@......@....@...........
@.................@............@
............................@...
@@....@........@.@..............
...@......................@.@...
....@...........................
....@.........................@@
@.............@.......@..@......
....................@..@.@..@...
.....@@..............@..........
................................
.@............@......@......@..@
.......@........................
...@.................@@.........
.........@............@.........
....@..........@................
...@...................@........
[LNS] Number of agents: 90
[LNS] Agents (start -> goal):
  Agent 0: (5,30) -> (14,28)
  Agent 1: (18,23) -> (27,23)
  Agent 2: (6,16) -> (20,1)
  Agent 3: (1,18) -> (29,29)
  Agent 4: (25,2) -> (30,0)
  Agent 5: (29,17) -> (0,31)
  Agent 6: (21,0) -> (23,1)
  Agent 7: (2,23) -> (27,2)
  Agent 8: (0,31) -> (17,4)
  Agent 9: (27,17) -> (19,16)
  Agent 10: (18,21) -> (18,11)
  Agent 11: (10,6) -> (18,29)
  Agent 12: (25,30) -> (14,20)
  Agent 13: (21,7) -> (19,6)
  Agent 14: (22,31) -> (11,1)
  Agent 15: (28,12) -> (5,12)
  Agent 16: (19,13) -> (28,7)
  Agent 17: (15,0) -> (0,9)
  Agent 18: (29,28) -> (19,17)
  Agent 19: (22,19) -> (23,19)
  Agent 20: (5,8) -> (30,22)
  Agent 21: (24,20) -> (30,19)
  Agent 22: (5,2) -> (30,16)
  Agent 23: (17,18) -> (20,20)
  Agent 24: (1,13) -> (7,10)
  Agent 25: (18,18) -> (23,15)
  Agent 26: (21,16) -> (23,14)
  Agent 27: (31,20) -> (6,22)
  Agent 28: (15,4) -> (27,13)
  Agent 29: (28,8) -> (1,5)
  Agent 30: (3,25) -> (30,31)
  Agent 31: (13,13) -> (2,27)
  Agent 32: (5,28) -> (24,29)
  Agent 33: (11,1) -> (30,17)
  Agent 34: (29,13) -> (0,6)
  Agent 35: (27,22) -> (16,3)
  Agent 36: (4,20) -> (3,27)
  Agent 37: (10,29) -> (13,28)
  Agent 38: (26,17) -> (22,23)
  Agent 39: (30,22) -> (2,25)
  Agent 40: (3,28) -> (3,6)
  Agent 41: (12,18) -> (15,25)
  Agent 42: (26,29) -> (13,24)
  Agent 43: (14,24) -> (9,2)
  Agent 44: (29,24) -> (19,31)
  Agent 45: (25,14) -> (6,20)
  Agent 46: (1,20) -> (19,20)
  Agent 47: (1,28) -> (24,18)
  Agent 48: (10,9) -> (20,18)
  Agent 49: (8,20) -> (2,24)
  Agent 50: (2,1) -> (17,27)
  Agent 51: (22,7) -> (31,15)
  Agent 52: (5,17) -> (27,31)
  Agent 53: (13,23) -> (30,24)
  Agent 54: (24,10) -> (1,26)
  Agent 55: (15,7) -> (3,22)
  Agent 56: (4,26) -> (14,3)
  Agent 57: (18,7) -> (30,26)
  Agent 58: (12,26) -> (13,26)
  Agent 59: (6,19) -> (28,14)
  Agent 60: (9,31) -> (23,18)
  Agent 61: (28,29) -> (13,1)
  Agent 62: (24,26) -> (25,21)
  Agent 63: (2,11) -> (3,9)
  Agent 64: (31,27) -> (27,24)
  Agent 65: (24,13) -> (26,26)
  Agent 66: (19,11) -> (10,29)
  Agent 67: (19,15) -> (18,13)
  Agent 68: (21,14) -> (25,15)
  Agent 69: (17,14) -> (17,1)
  Agent 70: (30,12) -> (16,30)
  Agent 71: (4,1) -> (29,11)
  Agent 72: (29,14) -> (1,2)
  Agent 73: (17,5) -> (12,10)
  Agent 74: (13,20) -> (5,14)
  Agent 75: (0,16) -> (15,0)
  Agent 76: (17,19) -> (11,16)
  Agent 77: (5,26) -> (12,29)
  Agent 78: (12,1) -> (31,1)
  Agent 79: (9,15) -> (25,14)
  Agent 80: (25,12) -> (14,16)
  Agent 81: (9,13) -> (9,16)
  Agent 82: (16,10) -> (29,23)
  Agent 83: (12,20) -> (11,26)
  Agent 84: (16,23) -> (14,0)
  Agent 85: (5,3) -> (7,29)
  Agent 86: (16,2) -> (6,27)
  Agent 87: (23,29) -> (28,18)
  Agent 88: (13,16) -> (24,0)
  Agent 89: (30,6) -> (3,2)
[LNS] Base makespan: 46

[LNS] === Attempt with max_timesteps=46 ===
[SAT] Creating MDDs with shortest paths + waiting time...
[SAT] Created 90 MDDs with waiting time structure
[LNS] Built MDDs with waiting time structure for 90 agents at makespan 46
[Current_Solution] Calculating waiting times for agents...
[Current_Solution] Agent 89 reaches goal at t=33, waiting time=13
[Current_Solution] Agent 88 reaches goal at t=27, waiting time=19
[Current_Solution] Agent 87 reaches goal at t=16, waiting time=30
[Current_Solution] Agent 86 reaches goal at t=35, waiting time=11
[Current_Solution] Agent 85 reaches goal at t=28, waiting time=18
[Current_Solution] Agent 84 reaches goal at t=27, waiting time=19
[Current_Solution] Agent 83 reaches goal at t=7, waiting time=39
[Current_Solution] Agent 82 reaches goal at t=26, waiting time=20
[Current_Solution] Agent 81 reaches goal at t=3, waiting time=43
[Current_Solution] Agent 80 reaches goal at t=15, waiting time=31
[Current_Solution] Agent 79 reaches goal at t=19, waiting time=27
[Current_Solution] Agent 78 reaches goal at t=21, waiting time=25
[Current_Solution] Agent 77 reaches goal at t=10, waiting time=36
[Current_Solution] Agent 76 reaches goal at t=9, waiting time=37
[Current_Solution] Agent 75 reaches goal at t=31, waiting time=15
[Current_Solution] Agent 74 reaches goal at t=14, waiting time=32
[Current_Solution] Agent 73 reaches goal at t=10, waiting time=36
[Current_Solution] Agent 72 reaches goal at t=40, waiting time=6
[Current_Solution] Agent 71 reaches goal at t=35, waiting time=11
[Current_Solution] Agent 70 reaches goal at t=32, waiting time=14
[Current_Solution] Agent 69 reaches goal at t=13, waiting time=33
[Current_Solution] Agent 68 reaches goal at t=5, waiting time=41
[Current_Solution] Agent 67 reaches goal at t=3, waiting time=43
[Current_Solution] Agent 66 reaches goal at t=27, waiting time=19
[Current_Solution] Agent 65 reaches goal at t=15, waiting time=31
[Current_Solution] Agent 64 reaches goal at t=7, waiting time=39
[Current_Solution] Agent 63 reaches goal at t=3, waiting time=43
[Current_Solution] Agent 62 reaches goal at t=6, waiting time=40
[Current_Solution] Agent 61 reaches goal at t=43, waiting time=3
[Current_Solution] Agent 60 reaches goal at t=27, waiting time=19
[Current_Solution] Agent 59 reaches goal at t=27, waiting time=19
[Current_Solution] Agent 58 reaches goal at t=1, waiting time=45
[Current_Solution] Agent 57 reaches goal at t=31, waiting time=15
[Current_Solution] Agent 56 reaches goal at t=33, waiting time=13
[Current_Solution] Agent 55 reaches goal at t=29, waiting time=17
[Current_Solution] Agent 54 reaches goal at t=41, waiting time=5
[Current_Solution] Agent 53 reaches goal at t=18, waiting time=28
[Current_Solution] Agent 52 reaches goal at t=36, waiting time=10
[Current_Solution] Agent 51 reaches goal at t=17, waiting time=29
[Current_Solution] Agent 50 reaches goal at t=41, waiting time=5
[Current_Solution] Agent 49 reaches goal at t=10, waiting time=36
[Current_Solution] Agent 48 reaches goal at t=19, waiting time=27
[Current_Solution] Agent 47 reaches goal at t=33, waiting time=13
[Current_Solution] Agent 46 reaches goal at t=20, waiting time=26
[Current_Solution] Agent 45 reaches goal at t=25, waiting time=21
[Current_Solution] Agent 44 reaches goal at t=17, waiting time=29
[Current_Solution] Agent 43 reaches goal at t=27, waiting time=19
[Current_Solution] Agent 42 reaches goal at t=18, waiting time=28
[Current_Solution] Agent 41 reaches goal at t=10, waiting time=36
[Current_Solution] Agent 40 reaches goal at t=26, waiting time=20
[Current_Solution] Agent 39 reaches goal at t=31, waiting time=15
[Current_Solution] Agent 38 reaches goal at t=12, waiting time=34
[Current_Solution] Agent 37 reaches goal at t=4, waiting time=42
[Current_Solution] Agent 36 reaches goal at t=8, waiting time=38
[Current_Solution] Agent 35 reaches goal at t=30, waiting time=16
[Current_Solution] Agent 34 reaches goal at t=36, waiting time=10
[Current_Solution] Agent 33 reaches goal at t=35, waiting time=11
[Current_Solution] Agent 32 reaches goal at t=20, waiting time=26
[Current_Solution] Agent 31 reaches goal at t=25, waiting time=21
[Current_Solution] Agent 30 reaches goal at t=33, waiting time=13
[Current_Solution] Agent 29 reaches goal at t=30, waiting time=16
[Current_Solution] Agent 28 reaches goal at t=21, waiting time=25
[Current_Solution] Agent 27 reaches goal at t=29, waiting time=17
[Current_Solution] Agent 26 reaches goal at t=4, waiting time=42
[Current_Solution] Agent 25 reaches goal at t=8, waiting time=38
[Current_Solution] Agent 24 reaches goal at t=9, waiting time=37
[Current_Solution] Agent 23 reaches goal at t=5, waiting time=41
[Current_Solution] Agent 22 reaches goal at t=39, waiting time=7
[Current_Solution] Agent 21 reaches goal at t=7, waiting time=39
[Current_Solution] Agent 20 reaches goal at t=39, waiting time=7
[Current_Solution] Agent 19 reaches goal at t=1, waiting time=45
[Current_Solution] Agent 18 reaches goal at t=21, waiting time=25
[Current_Solution] Agent 17 reaches goal at t=24, waiting time=22
[Current_Solution] Agent 16 reaches goal at t=15, waiting time=31
[Current_Solution] Agent 15 reaches goal at t=25, waiting time=21
[Current_Solution] Agent 14 reaches goal at t=41, waiting time=5
[Current_Solution] Agent 13 reaches goal at t=3, waiting time=43
[Current_Solution] Agent 12 reaches goal at t=21, waiting time=25
[Current_Solution] Agent 11 reaches goal at t=31, waiting time=15
[Current_Solution] Agent 10 reaches goal at t=12, waiting time=34
[Current_Solution] Agent 9 reaches goal at t=9, waiting time=37
[Current_Solution] Agent 8 reaches goal at t=44, waiting time=2
[Current_Solution] Agent 7 reaches goal at t=46, waiting time=0
[Current_Solution] Agent 6 reaches goal at t=3, waiting time=43
[Current_Solution] Agent 5 reaches goal at t=43, waiting time=3
[Current_Solution] Agent 4 reaches goal at t=7, waiting time=39
[Current_Solution] Agent 3 reaches goal at t=39, waiting time=7
[Current_Solution] Agent 2 reaches goal at t=29, waiting time=17
[Current_Solution] Agent 1 reaches goal at t=11, waiting time=35
[Current_Solution] Agent 0 reaches goal at t=11, waiting time=35
[Current_Solution] Waiting time calculation complete
[LNS] Created current solution with 90 agent paths on a map of size 32x32
[LNS] Analyzing conflicts...
[LNS] Current solution: vertex collisions=149, edge collisions=30
[LNS] Creating conflict buckets...
[LOCAL ZONE] Building diamond bucket for conflict 149
[LOCAL ZONE] Built diamond bucket for conflict 149 with 7 positions, 1 conflicts, 0 - 0 time window
[LNS] Selected most relevant bucket 149 with time window: 0 - 0, 1 conflicts and 7 positions.
[LNS] Solving the best bucket Local Zone...
[Solve_local_zone] Local zone size reached 95% of all walkable positions
[Solve_local_zone] Will try to solve with full time window and all positions
[Solve_local_zone] Makespan: 46
[Solve_local_zone] Time window: [0, 46]
[Current_Solution] Agent 0 used 35 waiting timesteps, 0 remaining
[Current_Solution] Agent 1 used 35 waiting timesteps, 0 remaining
[Current_Solution] Agent 2 used 17 waiting timesteps, 0 remaining
[Current_Solution] Agent 3 used 7 waiting timesteps, 0 remaining
[Current_Solution] Agent 4 used 39 waiting timesteps, 0 remaining
[Current_Solution] Agent 5 used 3 waiting timesteps, 0 remaining
[Current_Solution] Agent 6 used 43 waiting timesteps, 0 remaining
[Current_Solution] Agent 8 used 2 waiting timesteps, 0 remaining
[Current_Solution] Agent 9 used 37 waiting timesteps, 0 remaining
[Current_Solution] Agent 10 used 34 waiting timesteps, 0 remaining
[Current_Solution] Agent 11 used 15 waiting timesteps, 0 remaining
[Current_Solution] Agent 12 used 25 waiting timesteps, 0 remaining
[Current_Solution] Agent 13 used 43 waiting timesteps, 0 remaining
[Current_Solution] Agent 14 used 5 waiting timesteps, 0 remaining
[Current_Solution] Agent 15 used 21 waiting timesteps, 0 remaining
[Current_Solution] Agent 16 used 31 waiting timesteps, 0 remaining
[Current_Solution] Agent 17 used 22 waiting timesteps, 0 remaining
[Current_Solution] Agent 18 used 25 waiting timesteps, 0 remaining
[Current_Solution] Agent 19 used 45 waiting timesteps, 0 remaining
[Current_Solution] Agent 20 used 7 waiting timesteps, 0 remaining
[Current_Solution] Agent 21 used 39 waiting timesteps, 0 remaining
[Current_Solution] Agent 22 used 7 waiting timesteps, 0 remaining
[Current_Solution] Agent 23 used 41 waiting timesteps, 0 remaining
[Current_Solution] Agent 24 used 37 waiting timesteps, 0 remaining
[Current_Solution] Agent 25 used 38 waiting timesteps, 0 remaining
[Current_Solution] Agent 26 used 42 waiting timesteps, 0 remaining
[Current_Solution] Agent 27 used 17 waiting timesteps, 0 remaining
[Current_Solution] Agent 28 used 25 waiting timesteps, 0 remaining
[Current_Solution] Agent 29 used 16 waiting timesteps, 0 remaining
[Current_Solution] Agent 30 used 13 waiting timesteps, 0 remaining
[Current_Solution] Agent 31 used 21 waiting timesteps, 0 remaining
[Current_Solution] Agent 32 used 26 waiting timesteps, 0 remaining
[Current_Solution] Agent 33 used 11 waiting timesteps, 0 remaining
[Current_Solution] Agent 34 used 10 waiting timesteps, 0 remaining
[Current_Solution] Agent 35 used 16 waiting timesteps, 0 remaining
[Current_Solution] Agent 36 used 38 waiting timesteps, 0 remaining
[Current_Solution] Agent 37 used 42 waiting timesteps, 0 remaining
[Current_Solution] Agent 38 used 34 waiting timesteps, 0 remaining
[Current_Solution] Agent 39 used 15 waiting timesteps, 0 remaining
[Current_Solution] Agent 40 used 20 waiting timesteps, 0 remaining
[Current_Solution] Agent 41 used 36 waiting timesteps, 0 remaining
[Current_Solution] Agent 42 used 28 waiting timesteps, 0 remaining
[Current_Solution] Agent 43 used 19 waiting timesteps, 0 remaining
[Current_Solution] Agent 44 used 29 waiting timesteps, 0 remaining
[Current_Solution] Agent 45 used 21 waiting timesteps, 0 remaining
[Current_Solution] Agent 46 used 26 waiting timesteps, 0 remaining
[Current_Solution] Agent 47 used 13 waiting timesteps, 0 remaining
[Current_Solution] Agent 48 used 27 waiting timesteps, 0 remaining
[Current_Solution] Agent 49 used 36 waiting timesteps, 0 remaining
[Current_Solution] Agent 50 used 5 waiting timesteps, 0 remaining
[Current_Solution] Agent 51 used 29 waiting timesteps, 0 remaining
[Current_Solution] Agent 52 used 10 waiting timesteps, 0 remaining
[Current_Solution] Agent 53 used 28 waiting timesteps, 0 remaining
[Current_Solution] Agent 54 used 5 waiting timesteps, 0 remaining
[Current_Solution] Agent 55 used 17 waiting timesteps, 0 remaining
[Current_Solution] Agent 56 used 13 waiting timesteps, 0 remaining
[Current_Solution] Agent 57 used 15 waiting timesteps, 0 remaining
[Current_Solution] Agent 58 used 45 waiting timesteps, 0 remaining
[Current_Solution] Agent 59 used 19 waiting timesteps, 0 remaining
[Current_Solution] Agent 60 used 19 waiting timesteps, 0 remaining
[Current_Solution] Agent 61 used 3 waiting timesteps, 0 remaining
[Current_Solution] Agent 62 used 40 waiting timesteps, 0 remaining
[Current_Solution] Agent 63 used 43 waiting timesteps, 0 remaining
[Current_Solution] Agent 64 used 39 waiting timesteps, 0 remaining
[Current_Solution] Agent 65 used 31 waiting timesteps, 0 remaining
[Current_Solution] Agent 66 used 19 waiting timesteps, 0 remaining
[Current_Solution] Agent 67 used 43 waiting timesteps, 0 remaining
[Current_Solution] Agent 68 used 41 waiting timesteps, 0 remaining
[Current_Solution] Agent 69 used 33 waiting timesteps, 0 remaining
[Current_Solution] Agent 70 used 14 waiting timesteps, 0 remaining
[Current_Solution] Agent 71 used 11 waiting timesteps, 0 remaining
[Current_Solution] Agent 72 used 6 waiting timesteps, 0 remaining
[Current_Solution] Agent 73 used 36 waiting timesteps, 0 remaining
[Current_Solution] Agent 74 used 32 waiting timesteps, 0 remaining
[Current_Solution] Agent 75 used 15 waiting timesteps, 0 remaining
[Current_Solution] Agent 76 used 37 waiting timesteps, 0 remaining
[Current_Solution] Agent 77 used 36 waiting timesteps, 0 remaining
[Current_Solution] Agent 78 used 25 waiting timesteps, 0 remaining
[Current_Solution] Agent 79 used 27 waiting timesteps, 0 remaining
[Current_Solution] Agent 80 used 31 waiting timesteps, 0 remaining
[Current_Solution] Agent 81 used 43 waiting timesteps, 0 remaining
[Current_Solution] Agent 82 used 20 waiting timesteps, 0 remaining
[Current_Solution] Agent 83 used 39 waiting timesteps, 0 remaining
[Current_Solution] Agent 84 used 19 waiting timesteps, 0 remaining
[Current_Solution] Agent 85 used 18 waiting timesteps, 0 remaining
[Current_Solution] Agent 86 used 11 waiting timesteps, 0 remaining
[Current_Solution] Agent 87 used 30 waiting timesteps, 0 remaining
[Current_Solution] Agent 88 used 19 waiting timesteps, 0 remaining
[Current_Solution] Agent 89 used 13 waiting timesteps, 0 remaining
[Waiting_time_Solve] Agent 0 has waiting time 0
[Waiting_time_Solve] Agent 1 has waiting time 0
[Waiting_time_Solve] Agent 2 has waiting time 0
[Waiting_time_Solve] Agent 3 has waiting time 0
[Waiting_time_Solve] Agent 4 has waiting time 0
[Waiting_time_Solve] Agent 5 has waiting time 0
[Waiting_time_Solve] Agent 6 has waiting time 0
[Waiting_time_Solve] Agent 7 has waiting time 0
[Waiting_time_Solve] Agent 8 has waiting time 0
[Waiting_time_Solve] Agent 9 has waiting time 0
[Waiting_time_Solve] Agent 10 has waiting time 0
[Waiting_time_Solve] Agent 11 has waiting time 0
[Waiting_time_Solve] Agent 12 has waiting time 0
[Waiting_time_Solve] Agent 13 has waiting time 0
[Waiting_time_Solve] Agent 14 has waiting time 0
[Waiting_time_Solve] Agent 15 has waiting time 0
[Waiting_time_Solve] Agent 16 has waiting time 0
[Waiting_time_Solve] Agent 17 has waiting time 0
[Waiting_time_Solve] Agent 18 has waiting time 0
[Waiting_time_Solve] Agent 19 has waiting time 0
[Waiting_time_Solve] Agent 20 has waiting time 0
[Waiting_time_Solve] Agent 21 has waiting time 0
[Waiting_time_Solve] Agent 22 has waiting time 0
[Waiting_time_Solve] Agent 23 has waiting time 0
[Waiting_time_Solve] Agent 24 has waiting time 0
[Waiting_time_Solve] Agent 25 has waiting time 0
[Waiting_time_Solve] Agent 26 has waiting time 0
[Waiting_time_Solve] Agent 27 has waiting time 0
[Waiting_time_Solve] Agent 28 has waiting time 0
[Waiting_time_Solve] Agent 29 has waiting time 0
[Waiting_time_Solve] Agent 30 has waiting time 0
[Waiting_time_Solve] Agent 31 has waiting time 0
[Waiting_time_Solve] Agent 32 has waiting time 0
[Waiting_time_Solve] Agent 33 has waiting time 0
[Waiting_time_Solve] Agent 34 has waiting time 0
[Waiting_time_Solve] Agent 35 has waiting time 0
[Waiting_time_Solve] Agent 36 has waiting time 0
[Waiting_time_Solve] Agent 37 has waiting time 0
[Waiting_time_Solve] Agent 38 has waiting time 0
[Waiting_time_Solve] Agent 39 has waiting time 0
[Waiting_time_Solve] Agent 40 has waiting time 0
[Waiting_time_Solve] Agent 41 has waiting time 0
[Waiting_time_Solve] Agent 42 has waiting time 0
[Waiting_time_Solve] Agent 43 has waiting time 0
[Waiting_time_Solve] Agent 44 has waiting time 0
[Waiting_time_Solve] Agent 45 has waiting time 0
[Waiting_time_Solve] Agent 46 has waiting time 0
[Waiting_time_Solve] Agent 47 has waiting time 0
[Waiting_time_Solve] Agent 48 has waiting time 0
[Waiting_time_Solve] Agent 49 has waiting time 0
[Waiting_time_Solve] Agent 50 has waiting time 0
[Waiting_time_Solve] Agent 51 has waiting time 0
[Waiting_time_Solve] Agent 52 has waiting time 0
[Waiting_time_Solve] Agent 53 has waiting time 0
[Waiting_time_Solve] Agent 54 has waiting time 0
[Waiting_time_Solve] Agent 55 has waiting time 0
[Waiting_time_Solve] Agent 56 has waiting time 0
[Waiting_time_Solve] Agent 57 has waiting time 0
[Waiting_time_Solve] Agent 58 has waiting time 0
[Waiting_time_Solve] Agent 59 has waiting time 0
[Waiting_time_Solve] Agent 60 has waiting time 0
[Waiting_time_Solve] Agent 61 has waiting time 0
[Waiting_time_Solve] Agent 62 has waiting time 0
[Waiting_time_Solve] Agent 63 has waiting time 0
[Waiting_time_Solve] Agent 64 has waiting time 0
[Waiting_time_Solve] Agent 65 has waiting time 0
[Waiting_time_Solve] Agent 66 has waiting time 0
[Waiting_time_Solve] Agent 67 has waiting time 0
[Waiting_time_Solve] Agent 68 has waiting time 0
[Waiting_time_Solve] Agent 69 has waiting time 0
[Waiting_time_Solve] Agent 70 has waiting time 0
[Waiting_time_Solve] Agent 71 has waiting time 0
[Waiting_time_Solve] Agent 72 has waiting time 0
[Waiting_time_Solve] Agent 73 has waiting time 0
[Waiting_time_Solve] Agent 74 has waiting time 0
[Waiting_time_Solve] Agent 75 has waiting time 0
[Waiting_time_Solve] Agent 76 has waiting time 0
[Waiting_time_Solve] Agent 77 has waiting time 0
[Waiting_time_Solve] Agent 78 has waiting time 0
[Waiting_time_Solve] Agent 79 has waiting time 0
[Waiting_time_Solve] Agent 80 has waiting time 0
[Waiting_time_Solve] Agent 81 has waiting time 0
[Waiting_time_Solve] Agent 82 has waiting time 0
[Waiting_time_Solve] Agent 83 has waiting time 0
[Waiting_time_Solve] Agent 84 has waiting time 0
[Waiting_time_Solve] Agent 85 has waiting time 0
[Waiting_time_Solve] Agent 86 has waiting time 0
[Waiting_time_Solve] Agent 87 has waiting time 0
[Waiting_time_Solve] Agent 88 has waiting time 0
[Waiting_time_Solve] Agent 89 has waiting time 0
[Waiting_time_Solve] Total available waiting time: 0
[Waiting_time_Solve] Max iterations: 1
[Waiting_time_Solve] Iteration 0...
[SAT] Start solving CNF: 107989894 clauses and 699584 variables
[SAT] Solving local zone with SAT iteration 1...
[SAT] Local CNF: 107989894 clauses 

DEBUG: Adding 107989894 new clauses to MiniSAT (incremental run)
