[LNS] Loaded map 32x32, agents: 10
[LNS] Map:
.......@.........@@.......@.....
.....................@...@.....@
.......@@......@..@@......@.....
...............@.............@..
@..............@........@.......
.........@..........@.@.........
@...@.@.........................
........@..............@@.......
..@...@.....@.@@...@......@.....
........@...@.............@.....
.................@..............
.......@@....@......@..........@
@....@.@...@.@.............@...@
@........@.@..................@.
....@..@@.......................
........@......@....@...........
@.................@............@
............................@...
@@....@........@.@..............
...@......................@.@...
....@...........................
....@.........................@@
@.............@.......@..@......
....................@..@.@..@...
.....@@..............@..........
................................
.@............@......@......@..@
.......@........................
...@.................@@.........
.........@............@.........
....@..........@................
...@...................@........
[LNS] Number of agents: 10
[LNS] Agents (start -> goal):
  Agent 0: (5,30) -> (14,28)
  Agent 1: (18,23) -> (27,23)
  Agent 2: (6,16) -> (20,1)
  Agent 3: (1,18) -> (29,29)
  Agent 4: (25,2) -> (30,0)
  Agent 5: (29,17) -> (0,31)
  Agent 6: (21,0) -> (23,1)
  Agent 7: (2,23) -> (27,2)
  Agent 8: (0,31) -> (17,4)
  Agent 9: (27,17) -> (19,16)
[LNS] Base makespan: 46

[LNS] === Attempt with max_timesteps=46 ===
[SAT] Creating MDDs with shortest paths + waiting time...
[SAT] Created 10 MDDs with waiting time structure
[LNS] Built MDDs with waiting time structure for 10 agents at makespan 46
[Current_Solution] Calculating waiting times for agents...
[Current_Solution] Agent 9 reaches goal at t=9, waiting time=37
[Current_Solution] Agent 8 reaches goal at t=44, waiting time=2
[Current_Solution] Agent 7 reaches goal at t=46, waiting time=0
[Current_Solution] Agent 6 reaches goal at t=3, waiting time=43
[Current_Solution] Agent 5 reaches goal at t=43, waiting time=3
[Current_Solution] Agent 4 reaches goal at t=7, waiting time=39
[Current_Solution] Agent 3 reaches goal at t=39, waiting time=7
[Current_Solution] Agent 2 reaches goal at t=29, waiting time=17
[Current_Solution] Agent 1 reaches goal at t=11, waiting time=35
[Current_Solution] Agent 0 reaches goal at t=11, waiting time=35
[Current_Solution] Waiting time calculation complete
[LNS] Created current solution with 10 agent paths on a map of size 32x32
[LNS] Analyzing conflicts...
[LNS] Current solution: vertex collisions=0, edge collisions=1
[LNS] Creating conflict buckets...
[LOCAL ZONE] Building diamond bucket for conflict 0
[LOCAL ZONE] Built diamond bucket for conflict 0 with 8 positions, 1 conflicts, 25 - 25 time window
[LNS] Selected most relevant bucket 0 with time window: 25 - 25, 1 conflicts and 8 positions.
[LNS] Solving the best bucket Local Zone...
[Solve_local_zone] Local zone size reached 95% of all walkable positions
[Solve_local_zone] Will try to solve with full time window and all positions
[Solve_local_zone] Makespan: 46
[Solve_local_zone] Time window: [0, 46]
[Current_Solution] Agent 0 used 35 waiting timesteps, 0 remaining
[Current_Solution] Agent 1 used 35 waiting timesteps, 0 remaining
[Current_Solution] Agent 2 used 17 waiting timesteps, 0 remaining
[Current_Solution] Agent 3 used 7 waiting timesteps, 0 remaining
[Current_Solution] Agent 4 used 39 waiting timesteps, 0 remaining
[Current_Solution] Agent 5 used 3 waiting timesteps, 0 remaining
[Current_Solution] Agent 6 used 43 waiting timesteps, 0 remaining
[Current_Solution] Agent 8 used 2 waiting timesteps, 0 remaining
[Current_Solution] Agent 9 used 37 waiting timesteps, 0 remaining
[Waiting_time_Solve] Agent 0 has waiting time 0
[Waiting_time_Solve] Agent 1 has waiting time 0
[Waiting_time_Solve] Agent 2 has waiting time 0
[Waiting_time_Solve] Agent 3 has waiting time 0
[Waiting_time_Solve] Agent 4 has waiting time 0
[Waiting_time_Solve] Agent 5 has waiting time 0
[Waiting_time_Solve] Agent 6 has waiting time 0
[Waiting_time_Solve] Agent 7 has waiting time 0
[Waiting_time_Solve] Agent 8 has waiting time 0
[Waiting_time_Solve] Agent 9 has waiting time 0
[Waiting_time_Solve] Total available waiting time: 0
[Waiting_time_Solve] Max iterations: 1
[Waiting_time_Solve] Iteration 0...
[SAT] Start solving CNF: 8152906 clauses and 57293 variables
[SAT] Solving local zone with SAT iteration 1...
[SAT] Local CNF: 8152906 clauses 

DEBUG: Adding 8152906 new clauses to MiniSAT (incremental run)
DEBUG: Clause load summary: input=8152906, added=8152906, tautologies_skipped=0, duplicates_skipped=0, unit_clauses=20, empties=0, intra_clause_literals_removed=0, added_but_db_unchanged=43
DEBUG: After adding clauses, solver has 8152843 clauses and 57293 variables
DEBUG: MiniSAT found 57293 variables
DEBUG: Assignment size: 57293
DEBUG: First few assignment values: 1 0 0 0 0 1 0 0 0 0 

=== DEBUG: cnf_assignment_to_paths ===
Input assignment size: 57293

=== END DEBUG ===
[SAT] Found 6 vertex collisions and 0 edge collisions
[SAT] Adding collision clauses and solving again...
[SAT] Solving local zone with SAT iteration 2...
[SAT] Local CNF: 8152912 clauses 

DEBUG: Adding 6 new clauses to MiniSAT (incremental run)
DEBUG: Clause load summary: input=6, added=6, tautologies_skipped=0, duplicates_skipped=0, unit_clauses=0, empties=0, intra_clause_literals_removed=0, added_but_db_unchanged=0
DEBUG: After adding clauses, solver has 8152849 clauses and 57293 variables
DEBUG: MiniSAT found 57293 variables
DEBUG: Assignment size: 57293
DEBUG: First few assignment values: 1 0 0 0 0 1 0 0 0 0 

=== DEBUG: cnf_assignment_to_paths ===
Input assignment size: 57293

=== END DEBUG ===
[SAT] Found 2 vertex collisions and 0 edge collisions
[SAT] Adding collision clauses and solving again...
[SAT] Solving local zone with SAT iteration 3...
[SAT] Local CNF: 8152914 clauses 

DEBUG: Adding 2 new clauses to MiniSAT (incremental run)
DEBUG: Clause load summary: input=2, added=2, tautologies_skipped=0, duplicates_skipped=0, unit_clauses=0, empties=0, intra_clause_literals_removed=0, added_but_db_unchanged=0
DEBUG: After adding clauses, solver has 8152851 clauses and 57293 variables
DEBUG: MiniSAT found 57293 variables
DEBUG: Assignment size: 57293
DEBUG: First few assignment values: 1 0 0 0 0 1 0 0 0 0 

=== DEBUG: cnf_assignment_to_paths ===
Input assignment size: 57293

=== END DEBUG ===
[SAT] Found 0 vertex collisions and 0 edge collisions
[SAT] Found collision-free local solution!
[Waiting_time_Solve] Solution found, updating global solution
[LNS] Updating global solution with pseudo-agent local paths...
[Current_Solution] Updating global solution for agent 9
[Current_Solution] Global solution is consistent after updating with local path
[LNS] Successfully updated global solution with pseudo-agent local paths!
[Current_Solution] Updating global solution for agent 8
[Current_Solution] Global solution is consistent after updating with local path
[LNS] Successfully updated global solution with pseudo-agent local paths!
[Current_Solution] Updating global solution for agent 7
[Current_Solution] Global solution is consistent after updating with local path
[LNS] Successfully updated global solution with pseudo-agent local paths!
[Current_Solution] Updating global solution for agent 6
[Current_Solution] Global solution is consistent after updating with local path
[LNS] Successfully updated global solution with pseudo-agent local paths!
[Current_Solution] Updating global solution for agent 5
[Current_Solution] Global solution is consistent after updating with local path
[LNS] Successfully updated global solution with pseudo-agent local paths!
[Current_Solution] Updating global solution for agent 4
[Current_Solution] Global solution is consistent after updating with local path
[LNS] Successfully updated global solution with pseudo-agent local paths!
[Current_Solution] Updating global solution for agent 3
[Current_Solution] Global solution is consistent after updating with local path
[LNS] Successfully updated global solution with pseudo-agent local paths!
[Current_Solution] Updating global solution for agent 2
[Current_Solution] Global solution is consistent after updating with local path
[LNS] Successfully updated global solution with pseudo-agent local paths!
[Current_Solution] Updating global solution for agent 1
[Current_Solution] Global solution is consistent after updating with local path
[LNS] Successfully updated global solution with pseudo-agent local paths!
[Current_Solution] Updating global solution for agent 0
[Current_Solution] Global solution is consistent after updating with local path
[LNS] Successfully updated global solution with pseudo-agent local paths!
[LNS] Updating path map with new local paths...
[LNS] Successfully updated global solution with local paths and pseudo agents!
[Solve_local_zone] Successfully solved global zone
[Solve_local_zone] Final local zone size: 922 (100% of all walkable positions)
[LNS] Successfully solved local zone
[LNS] Analyzing conflicts...
[LNS] Current solution: vertex collisions=0, edge collisions=0
[LNS] Collision-free solution found at makespan 46
[LNS] Final agent paths:

=== Agent Paths ===
Agent 9 path:
  Time 0: (27, 17)
  Time 1: (27, 17)
  Time 2: (26, 17)
  Time 3: (25, 17)
  Time 4: (24, 17)
  Time 5: (23, 17)
  Time 6: (22, 17)
  Time 7: (21, 17)
  Time 8: (21, 17)
  Time 9: (20, 17)
  Time 10: (20, 16)
  Time 11: (21, 16)
  Time 12: (21, 17)
  Time 13: (20, 17)
  Time 14: (19, 17)
  Time 15: (20, 17)
  Time 16: (19, 17)
  Time 17: (20, 17)
  Time 18: (19, 17)
  Time 19: (20, 17)
  Time 20: (19, 17)
  Time 21: (20, 17)
  Time 22: (19, 17)
  Time 23: (20, 17)
  Time 24: (19, 17)
  Time 25: (20, 17)
  Time 26: (19, 17)
  Time 27: (20, 17)
  Time 28: (19, 17)
  Time 29: (20, 17)
  Time 30: (19, 17)
  Time 31: (20, 17)
  Time 32: (19, 17)
  Time 33: (20, 17)
  Time 34: (19, 17)
  Time 35: (20, 17)
  Time 36: (19, 17)
  Time 37: (20, 17)
  Time 38: (19, 17)
  Time 39: (20, 17)
  Time 40: (19, 17)
  Time 41: (20, 17)
  Time 42: (19, 17)
  Time 43: (20, 17)
  Time 44: (19, 17)
  Time 45: (19, 16)
  Time 46: (19, 16)

Agent 8 path:
  Time 0: (0, 31)
  Time 1: (0, 30)
  Time 2: (1, 30)
  Time 3: (1, 29)
  Time 4: (2, 29)
  Time 5: (2, 30)
  Time 6: (3, 30)
  Time 7: (4, 30)
  Time 8: (5, 30)
  Time 9: (6, 30)
  Time 10: (7, 30)
  Time 11: (8, 30)
  Time 12: (9, 30)
  Time 13: (10, 30)
  Time 14: (11, 30)
  Time 15: (12, 30)
  Time 16: (12, 29)
  Time 17: (13, 29)
  Time 18: (14, 29)
  Time 19: (15, 29)
  Time 20: (16, 29)
  Time 21: (16, 28)
  Time 22: (16, 27)
  Time 23: (17, 27)
  Time 24: (17, 26)
  Time 25: (17, 25)
  Time 26: (17, 24)
  Time 27: (17, 23)
  Time 28: (17, 22)
  Time 29: (17, 21)
  Time 30: (17, 20)
  Time 31: (17, 19)
  Time 32: (17, 18)
  Time 33: (17, 17)
  Time 34: (17, 16)
  Time 35: (17, 15)
  Time 36: (17, 14)
  Time 37: (17, 13)
  Time 38: (17, 12)
  Time 39: (17, 11)
  Time 40: (17, 10)
  Time 41: (17, 9)
  Time 42: (17, 8)
  Time 43: (17, 7)
  Time 44: (17, 6)
  Time 45: (17, 5)
  Time 46: (17, 4)

Agent 7 path:
  Time 0: (2, 23)
  Time 1: (3, 23)
  Time 2: (4, 23)
  Time 3: (5, 23)
  Time 4: (6, 23)
  Time 5: (6, 22)
  Time 6: (7, 22)
  Time 7: (8, 22)
  Time 8: (9, 22)
  Time 9: (10, 22)
  Time 10: (11, 22)
  Time 11: (12, 22)
  Time 12: (13, 22)
  Time 13: (14, 22)
  Time 14: (15, 22)
  Time 15: (16, 22)
  Time 16: (17, 22)
  Time 17: (18, 22)
  Time 18: (19, 22)
  Time 19: (20, 22)
  Time 20: (21, 22)
  Time 21: (21, 21)
  Time 22: (22, 21)
  Time 23: (22, 20)
  Time 24: (22, 19)
  Time 25: (23, 19)
  Time 26: (24, 19)
  Time 27: (25, 19)
  Time 28: (25, 18)
  Time 29: (25, 17)
  Time 30: (25, 16)
  Time 31: (25, 15)
  Time 32: (25, 14)
  Time 33: (25, 13)
  Time 34: (26, 13)
  Time 35: (26, 12)
  Time 36: (26, 11)
  Time 37: (26, 10)
  Time 38: (26, 9)
  Time 39: (26, 8)
  Time 40: (26, 7)
  Time 41: (26, 6)
  Time 42: (27, 6)
  Time 43: (27, 5)
  Time 44: (27, 4)
  Time 45: (27, 3)
  Time 46: (27, 2)

Agent 6 path:
  Time 0: (21, 0)
  Time 1: (20, 0)
  Time 2: (19, 0)
  Time 3: (20, 0)
  Time 4: (19, 0)
  Time 5: (20, 0)
  Time 6: (19, 0)
  Time 7: (20, 0)
  Time 8: (19, 0)
  Time 9: (20, 0)
  Time 10: (19, 0)
  Time 11: (20, 0)
  Time 12: (19, 0)
  Time 13: (20, 0)
  Time 14: (19, 0)
  Time 15: (20, 0)
  Time 16: (19, 0)
  Time 17: (20, 0)
  Time 18: (19, 0)
  Time 19: (20, 0)
  Time 20: (19, 0)
  Time 21: (20, 0)
  Time 22: (19, 0)
  Time 23: (20, 0)
  Time 24: (19, 0)
  Time 25: (20, 0)
  Time 26: (19, 0)
  Time 27: (20, 0)
  Time 28: (19, 0)
  Time 29: (20, 0)
  Time 30: (19, 0)
  Time 31: (20, 0)
  Time 32: (19, 0)
  Time 33: (20, 0)
  Time 34: (19, 0)
  Time 35: (20, 0)
  Time 36: (19, 0)
  Time 37: (20, 0)
  Time 38: (19, 0)
  Time 39: (20, 0)
  Time 40: (19, 0)
  Time 41: (20, 0)
  Time 42: (21, 0)
  Time 43: (21, 1)
  Time 44: (22, 1)
  Time 45: (23, 1)
  Time 46: (23, 1)

Agent 5 path:
  Time 0: (29, 17)
  Time 1: (28, 17)
  Time 2: (27, 17)
  Time 3: (26, 17)
  Time 4: (25, 17)
  Time 5: (24, 17)
  Time 6: (23, 17)
  Time 7: (22, 17)
  Time 8: (22, 17)
  Time 9: (21, 17)
  Time 10: (21, 17)
  Time 11: (20, 17)
  Time 12: (19, 17)
  Time 13: (19, 18)
  Time 14: (18, 18)
  Time 15: (17, 18)
  Time 16: (17, 19)
  Time 17: (16, 19)
  Time 18: (15, 19)
  Time 19: (14, 19)
  Time 20: (13, 19)
  Time 21: (12, 19)
  Time 22: (11, 19)
  Time 23: (10, 19)
  Time 24: (9, 19)
  Time 25: (9, 20)
  Time 26: (8, 20)
  Time 27: (7, 20)
  Time 28: (6, 20)
  Time 29: (6, 21)
  Time 30: (5, 21)
  Time 31: (4, 21)
  Time 32: (3, 21)
  Time 33: (3, 22)
  Time 34: (3, 23)
  Time 35: (3, 24)
  Time 36: (3, 25)
  Time 37: (3, 26)
  Time 38: (3, 27)
  Time 39: (2, 27)
  Time 40: (1, 27)
  Time 41: (0, 27)
  Time 42: (0, 28)
  Time 43: (0, 29)
  Time 44: (0, 30)
  Time 45: (0, 31)
  Time 46: (0, 31)

Agent 4 path:
  Time 0: (25, 2)
  Time 1: (24, 2)
  Time 2: (23, 2)
  Time 3: (22, 2)
  Time 4: (21, 2)
  Time 5: (20, 2)
  Time 6: (19, 2)
  Time 7: (18, 2)
  Time 8: (17, 2)
  Time 9: (16, 2)
  Time 10: (15, 2)
  Time 11: (14, 2)
  Time 12: (13, 2)
  Time 13: (12, 2)
  Time 14: (11, 2)
  Time 15: (10, 2)
  Time 16: (9, 2)
  Time 17: (10, 2)
  Time 18: (9, 2)
  Time 19: (10, 2)
  Time 20: (9, 2)
  Time 21: (10, 2)
  Time 22: (9, 2)
  Time 23: (10, 2)
  Time 24: (11, 2)
  Time 25: (12, 2)
  Time 26: (13, 2)
  Time 27: (14, 2)
  Time 28: (15, 2)
  Time 29: (16, 2)
  Time 30: (17, 2)
  Time 31: (18, 2)
  Time 32: (19, 2)
  Time 33: (20, 2)
  Time 34: (21, 2)
  Time 35: (22, 2)
  Time 36: (23, 2)
  Time 37: (24, 2)
  Time 38: (25, 2)
  Time 39: (26, 2)
  Time 40: (27, 2)
  Time 41: (28, 2)
  Time 42: (29, 2)
  Time 43: (30, 2)
  Time 44: (30, 1)
  Time 45: (30, 0)
  Time 46: (30, 0)

Agent 3 path:
  Time 0: (1, 18)
  Time 1: (1, 17)
  Time 2: (2, 17)
  Time 3: (1, 17)
  Time 4: (2, 17)
  Time 5: (1, 17)
  Time 6: (2, 17)
  Time 7: (3, 17)
  Time 8: (4, 17)
  Time 9: (5, 17)
  Time 10: (6, 17)
  Time 11: (7, 17)
  Time 12: (8, 17)
  Time 13: (9, 17)
  Time 14: (9, 18)
  Time 15: (10, 18)
  Time 16: (11, 18)
  Time 17: (12, 18)
  Time 18: (13, 18)
  Time 19: (14, 18)
  Time 20: (15, 18)
  Time 21: (15, 19)
  Time 22: (16, 19)
  Time 23: (17, 19)
  Time 24: (18, 19)
  Time 25: (19, 19)
  Time 26: (20, 19)
  Time 27: (21, 19)
  Time 28: (22, 19)
  Time 29: (23, 19)
  Time 30: (24, 19)
  Time 31: (25, 19)
  Time 32: (26, 19)
  Time 33: (27, 19)
  Time 34: (27, 20)
  Time 35: (27, 21)
  Time 36: (27, 22)
  Time 37: (27, 23)
  Time 38: (28, 23)
  Time 39: (29, 23)
  Time 40: (29, 24)
  Time 41: (29, 25)
  Time 42: (29, 26)
  Time 43: (29, 27)
  Time 44: (29, 28)
  Time 45: (29, 29)
  Time 46: (29, 29)

Agent 2 path:
  Time 0: (6, 16)
  Time 1: (5, 16)
  Time 2: (4, 16)
  Time 3: (3, 16)
  Time 4: (2, 16)
  Time 5: (1, 16)
  Time 6: (0, 16)
  Time 7: (1, 16)
  Time 8: (0, 16)
  Time 9: (1, 16)
  Time 10: (0, 16)
  Time 11: (1, 16)
  Time 12: (2, 16)
  Time 13: (3, 16)
  Time 14: (4, 16)
  Time 15: (5, 16)
  Time 16: (6, 16)
  Time 17: (7, 16)
  Time 18: (8, 16)
  Time 19: (9, 16)
  Time 20: (10, 16)
  Time 21: (11, 16)
  Time 22: (12, 16)
  Time 23: (13, 16)
  Time 24: (14, 16)
  Time 25: (15, 16)
  Time 26: (16, 16)
  Time 27: (17, 16)
  Time 28: (17, 15)
  Time 29: (17, 14)
  Time 30: (17, 13)
  Time 31: (17, 12)
  Time 32: (17, 11)
  Time 33: (17, 10)
  Time 34: (17, 9)
  Time 35: (17, 8)
  Time 36: (17, 7)
  Time 37: (17, 6)
  Time 38: (17, 5)
  Time 39: (18, 5)
  Time 40: (18, 4)
  Time 41: (18, 3)
  Time 42: (18, 2)
  Time 43: (19, 2)
  Time 44: (20, 2)
  Time 45: (20, 1)
  Time 46: (20, 1)

Agent 1 path:
  Time 0: (18, 23)
  Time 1: (17, 23)
  Time 2: (16, 23)
  Time 3: (15, 23)
  Time 4: (14, 23)
  Time 5: (13, 23)
  Time 6: (12, 23)
  Time 7: (11, 23)
  Time 8: (10, 23)
  Time 9: (9, 23)
  Time 10: (8, 23)
  Time 11: (9, 23)
  Time 12: (8, 23)
  Time 13: (9, 23)
  Time 14: (8, 23)
  Time 15: (9, 23)
  Time 16: (8, 23)
  Time 17: (9, 23)
  Time 18: (8, 23)
  Time 19: (9, 23)
  Time 20: (8, 23)
  Time 21: (9, 23)
  Time 22: (8, 23)
  Time 23: (9, 23)
  Time 24: (8, 23)
  Time 25: (9, 23)
  Time 26: (10, 23)
  Time 27: (11, 23)
  Time 28: (12, 23)
  Time 29: (13, 23)
  Time 30: (14, 23)
  Time 31: (15, 23)
  Time 32: (16, 23)
  Time 33: (17, 23)
  Time 34: (18, 23)
  Time 35: (19, 23)
  Time 36: (20, 23)
  Time 37: (21, 23)
  Time 38: (22, 23)
  Time 39: (22, 24)
  Time 40: (23, 24)
  Time 41: (24, 24)
  Time 42: (25, 24)
  Time 43: (26, 24)
  Time 44: (27, 24)
  Time 45: (27, 23)
  Time 46: (27, 23)

Agent 0 path:
  Time 0: (5, 30)
  Time 1: (4, 30)
  Time 2: (3, 30)
  Time 3: (2, 30)
  Time 4: (1, 30)
  Time 5: (0, 30)
  Time 6: (1, 30)
  Time 7: (0, 30)
  Time 8: (1, 30)
  Time 9: (0, 30)
  Time 10: (1, 30)
  Time 11: (0, 30)
  Time 12: (1, 30)
  Time 13: (0, 30)
  Time 14: (1, 30)
  Time 15: (0, 30)
  Time 16: (1, 30)
  Time 17: (0, 30)
  Time 18: (1, 30)
  Time 19: (0, 30)
  Time 20: (1, 30)
  Time 21: (0, 30)
  Time 22: (1, 30)
  Time 23: (0, 30)
  Time 24: (1, 30)
  Time 25: (0, 30)
  Time 26: (1, 30)
  Time 27: (0, 30)
  Time 28: (1, 30)
  Time 29: (0, 30)
  Time 30: (1, 30)
  Time 31: (2, 30)
  Time 32: (3, 30)
  Time 33: (4, 30)
  Time 34: (5, 30)
  Time 35: (6, 30)
  Time 36: (7, 30)
  Time 37: (8, 30)
  Time 38: (9, 30)
  Time 39: (10, 30)
  Time 40: (11, 30)
  Time 41: (12, 30)
  Time 42: (12, 29)
  Time 43: (13, 29)
  Time 44: (14, 29)
  Time 45: (14, 28)
  Time 46: (14, 28)

[LNS] All conflicts resolved
[VerificationHelpers] Verifying Agent 9 path
[VerificationHelpers] Verifying Agent 8 path
[VerificationHelpers] Verifying Agent 7 path
[VerificationHelpers] Verifying Agent 6 path
[VerificationHelpers] Verifying Agent 5 path
[VerificationHelpers] Verifying Agent 4 path
[VerificationHelpers] Verifying Agent 3 path
[VerificationHelpers] Verifying Agent 2 path
[VerificationHelpers] Verifying Agent 1 path
[VerificationHelpers] Verifying Agent 0 path
[LNS] Collision-free solution found at makespan 46
[LNS] Final agent paths:

=== Agent Paths ===
Agent 9 path:
  Time 0: (27, 17)
  Time 1: (27, 17)
  Time 2: (26, 17)
  Time 3: (25, 17)
  Time 4: (24, 17)
  Time 5: (23, 17)
  Time 6: (22, 17)
  Time 7: (21, 17)
  Time 8: (21, 17)
  Time 9: (20, 17)
  Time 10: (20, 16)
  Time 11: (21, 16)
  Time 12: (21, 17)
  Time 13: (20, 17)
  Time 14: (19, 17)
  Time 15: (20, 17)
  Time 16: (19, 17)
  Time 17: (20, 17)
  Time 18: (19, 17)
  Time 19: (20, 17)
  Time 20: (19, 17)
  Time 21: (20, 17)
  Time 22: (19, 17)
  Time 23: (20, 17)
  Time 24: (19, 17)
  Time 25: (20, 17)
  Time 26: (19, 17)
  Time 27: (20, 17)
  Time 28: (19, 17)
  Time 29: (20, 17)
  Time 30: (19, 17)
  Time 31: (20, 17)
  Time 32: (19, 17)
  Time 33: (20, 17)
  Time 34: (19, 17)
  Time 35: (20, 17)
  Time 36: (19, 17)
  Time 37: (20, 17)
  Time 38: (19, 17)
  Time 39: (20, 17)
  Time 40: (19, 17)
  Time 41: (20, 17)
  Time 42: (19, 17)
  Time 43: (20, 17)
  Time 44: (19, 17)
  Time 45: (19, 16)
  Time 46: (19, 16)

Agent 8 path:
  Time 0: (0, 31)
  Time 1: (0, 30)
  Time 2: (1, 30)
  Time 3: (1, 29)
  Time 4: (2, 29)
  Time 5: (2, 30)
  Time 6: (3, 30)
  Time 7: (4, 30)
  Time 8: (5, 30)
  Time 9: (6, 30)
  Time 10: (7, 30)
  Time 11: (8, 30)
  Time 12: (9, 30)
  Time 13: (10, 30)
  Time 14: (11, 30)
  Time 15: (12, 30)
  Time 16: (12, 29)
  Time 17: (13, 29)
  Time 18: (14, 29)
  Time 19: (15, 29)
  Time 20: (16, 29)
  Time 21: (16, 28)
  Time 22: (16, 27)
  Time 23: (17, 27)
  Time 24: (17, 26)
  Time 25: (17, 25)
  Time 26: (17, 24)
  Time 27: (17, 23)
  Time 28: (17, 22)
  Time 29: (17, 21)
  Time 30: (17, 20)
  Time 31: (17, 19)
  Time 32: (17, 18)
  Time 33: (17, 17)
  Time 34: (17, 16)
  Time 35: (17, 15)
  Time 36: (17, 14)
  Time 37: (17, 13)
  Time 38: (17, 12)
  Time 39: (17, 11)
  Time 40: (17, 10)
  Time 41: (17, 9)
  Time 42: (17, 8)
  Time 43: (17, 7)
  Time 44: (17, 6)
  Time 45: (17, 5)
  Time 46: (17, 4)

Agent 7 path:
  Time 0: (2, 23)
  Time 1: (3, 23)
  Time 2: (4, 23)
  Time 3: (5, 23)
  Time 4: (6, 23)
  Time 5: (6, 22)
  Time 6: (7, 22)
  Time 7: (8, 22)
  Time 8: (9, 22)
  Time 9: (10, 22)
  Time 10: (11, 22)
  Time 11: (12, 22)
  Time 12: (13, 22)
  Time 13: (14, 22)
  Time 14: (15, 22)
  Time 15: (16, 22)
  Time 16: (17, 22)
  Time 17: (18, 22)
  Time 18: (19, 22)
  Time 19: (20, 22)
  Time 20: (21, 22)
  Time 21: (21, 21)
  Time 22: (22, 21)
  Time 23: (22, 20)
  Time 24: (22, 19)
  Time 25: (23, 19)
  Time 26: (24, 19)
  Time 27: (25, 19)
  Time 28: (25, 18)
  Time 29: (25, 17)
  Time 30: (25, 16)
  Time 31: (25, 15)
  Time 32: (25, 14)
  Time 33: (25, 13)
  Time 34: (26, 13)
  Time 35: (26, 12)
  Time 36: (26, 11)
  Time 37: (26, 10)
  Time 38: (26, 9)
  Time 39: (26, 8)
  Time 40: (26, 7)
  Time 41: (26, 6)
  Time 42: (27, 6)
  Time 43: (27, 5)
  Time 44: (27, 4)
  Time 45: (27, 3)
  Time 46: (27, 2)

Agent 6 path:
  Time 0: (21, 0)
  Time 1: (20, 0)
  Time 2: (19, 0)
  Time 3: (20, 0)
  Time 4: (19, 0)
  Time 5: (20, 0)
  Time 6: (19, 0)
  Time 7: (20, 0)
  Time 8: (19, 0)
  Time 9: (20, 0)
  Time 10: (19, 0)
  Time 11: (20, 0)
  Time 12: (19, 0)
  Time 13: (20, 0)
  Time 14: (19, 0)
  Time 15: (20, 0)
  Time 16: (19, 0)
  Time 17: (20, 0)
  Time 18: (19, 0)
  Time 19: (20, 0)
  Time 20: (19, 0)
  Time 21: (20, 0)
  Time 22: (19, 0)
  Time 23: (20, 0)
  Time 24: (19, 0)
  Time 25: (20, 0)
  Time 26: (19, 0)
  Time 27: (20, 0)
  Time 28: (19, 0)
  Time 29: (20, 0)
  Time 30: (19, 0)
  Time 31: (20, 0)
  Time 32: (19, 0)
  Time 33: (20, 0)
  Time 34: (19, 0)
  Time 35: (20, 0)
  Time 36: (19, 0)
  Time 37: (20, 0)
  Time 38: (19, 0)
  Time 39: (20, 0)
  Time 40: (19, 0)
  Time 41: (20, 0)
  Time 42: (21, 0)
  Time 43: (21, 1)
  Time 44: (22, 1)
  Time 45: (23, 1)
  Time 46: (23, 1)

Agent 5 path:
  Time 0: (29, 17)
  Time 1: (28, 17)
  Time 2: (27, 17)
  Time 3: (26, 17)
  Time 4: (25, 17)
  Time 5: (24, 17)
  Time 6: (23, 17)
  Time 7: (22, 17)
  Time 8: (22, 17)
  Time 9: (21, 17)
  Time 10: (21, 17)
  Time 11: (20, 17)
  Time 12: (19, 17)
  Time 13: (19, 18)
  Time 14: (18, 18)
  Time 15: (17, 18)
  Time 16: (17, 19)
  Time 17: (16, 19)
  Time 18: (15, 19)
  Time 19: (14, 19)
  Time 20: (13, 19)
  Time 21: (12, 19)
  Time 22: (11, 19)
  Time 23: (10, 19)
  Time 24: (9, 19)
  Time 25: (9, 20)
  Time 26: (8, 20)
  Time 27: (7, 20)
  Time 28: (6, 20)
  Time 29: (6, 21)
  Time 30: (5, 21)
  Time 31: (4, 21)
  Time 32: (3, 21)
  Time 33: (3, 22)
  Time 34: (3, 23)
  Time 35: (3, 24)
  Time 36: (3, 25)
  Time 37: (3, 26)
  Time 38: (3, 27)
  Time 39: (2, 27)
  Time 40: (1, 27)
  Time 41: (0, 27)
  Time 42: (0, 28)
  Time 43: (0, 29)
  Time 44: (0, 30)
  Time 45: (0, 31)
  Time 46: (0, 31)

Agent 4 path:
  Time 0: (25, 2)
  Time 1: (24, 2)
  Time 2: (23, 2)
  Time 3: (22, 2)
  Time 4: (21, 2)
  Time 5: (20, 2)
  Time 6: (19, 2)
  Time 7: (18, 2)
  Time 8: (17, 2)
  Time 9: (16, 2)
  Time 10: (15, 2)
  Time 11: (14, 2)
  Time 12: (13, 2)
  Time 13: (12, 2)
  Time 14: (11, 2)
  Time 15: (10, 2)
  Time 16: (9, 2)
  Time 17: (10, 2)
  Time 18: (9, 2)
  Time 19: (10, 2)
  Time 20: (9, 2)
  Time 21: (10, 2)
  Time 22: (9, 2)
  Time 23: (10, 2)
  Time 24: (11, 2)
  Time 25: (12, 2)
  Time 26: (13, 2)
  Time 27: (14, 2)
  Time 28: (15, 2)
  Time 29: (16, 2)
  Time 30: (17, 2)
  Time 31: (18, 2)
  Time 32: (19, 2)
  Time 33: (20, 2)
  Time 34: (21, 2)
  Time 35: (22, 2)
  Time 36: (23, 2)
  Time 37: (24, 2)
  Time 38: (25, 2)
  Time 39: (26, 2)
  Time 40: (27, 2)
  Time 41: (28, 2)
  Time 42: (29, 2)
  Time 43: (30, 2)
  Time 44: (30, 1)
  Time 45: (30, 0)
  Time 46: (30, 0)

Agent 3 path:
  Time 0: (1, 18)
  Time 1: (1, 17)
  Time 2: (2, 17)
  Time 3: (1, 17)
  Time 4: (2, 17)
  Time 5: (1, 17)
  Time 6: (2, 17)
  Time 7: (3, 17)
  Time 8: (4, 17)
  Time 9: (5, 17)
  Time 10: (6, 17)
  Time 11: (7, 17)
  Time 12: (8, 17)
  Time 13: (9, 17)
  Time 14: (9, 18)
  Time 15: (10, 18)
  Time 16: (11, 18)
  Time 17: (12, 18)
  Time 18: (13, 18)
  Time 19: (14, 18)
  Time 20: (15, 18)
  Time 21: (15, 19)
  Time 22: (16, 19)
  Time 23: (17, 19)
  Time 24: (18, 19)
  Time 25: (19, 19)
  Time 26: (20, 19)
  Time 27: (21, 19)
  Time 28: (22, 19)
  Time 29: (23, 19)
  Time 30: (24, 19)
  Time 31: (25, 19)
  Time 32: (26, 19)
  Time 33: (27, 19)
  Time 34: (27, 20)
  Time 35: (27, 21)
  Time 36: (27, 22)
  Time 37: (27, 23)
  Time 38: (28, 23)
  Time 39: (29, 23)
  Time 40: (29, 24)
  Time 41: (29, 25)
  Time 42: (29, 26)
  Time 43: (29, 27)
  Time 44: (29, 28)
  Time 45: (29, 29)
  Time 46: (29, 29)

Agent 2 path:
  Time 0: (6, 16)
  Time 1: (5, 16)
  Time 2: (4, 16)
  Time 3: (3, 16)
  Time 4: (2, 16)
  Time 5: (1, 16)
  Time 6: (0, 16)
  Time 7: (1, 16)
  Time 8: (0, 16)
  Time 9: (1, 16)
  Time 10: (0, 16)
  Time 11: (1, 16)
  Time 12: (2, 16)
  Time 13: (3, 16)
  Time 14: (4, 16)
  Time 15: (5, 16)
  Time 16: (6, 16)
  Time 17: (7, 16)
  Time 18: (8, 16)
  Time 19: (9, 16)
  Time 20: (10, 16)
  Time 21: (11, 16)
  Time 22: (12, 16)
  Time 23: (13, 16)
  Time 24: (14, 16)
  Time 25: (15, 16)
  Time 26: (16, 16)
  Time 27: (17, 16)
  Time 28: (17, 15)
  Time 29: (17, 14)
  Time 30: (17, 13)
  Time 31: (17, 12)
  Time 32: (17, 11)
  Time 33: (17, 10)
  Time 34: (17, 9)
  Time 35: (17, 8)
  Time 36: (17, 7)
  Time 37: (17, 6)
  Time 38: (17, 5)
  Time 39: (18, 5)
  Time 40: (18, 4)
  Time 41: (18, 3)
  Time 42: (18, 2)
  Time 43: (19, 2)
  Time 44: (20, 2)
  Time 45: (20, 1)
  Time 46: (20, 1)

Agent 1 path:
  Time 0: (18, 23)
  Time 1: (17, 23)
  Time 2: (16, 23)
  Time 3: (15, 23)
  Time 4: (14, 23)
  Time 5: (13, 23)
  Time 6: (12, 23)
  Time 7: (11, 23)
  Time 8: (10, 23)
  Time 9: (9, 23)
  Time 10: (8, 23)
  Time 11: (9, 23)
  Time 12: (8, 23)
  Time 13: (9, 23)
  Time 14: (8, 23)
  Time 15: (9, 23)
  Time 16: (8, 23)
  Time 17: (9, 23)
  Time 18: (8, 23)
  Time 19: (9, 23)
  Time 20: (8, 23)
  Time 21: (9, 23)
  Time 22: (8, 23)
  Time 23: (9, 23)
  Time 24: (8, 23)
  Time 25: (9, 23)
  Time 26: (10, 23)
  Time 27: (11, 23)
  Time 28: (12, 23)
  Time 29: (13, 23)
  Time 30: (14, 23)
  Time 31: (15, 23)
  Time 32: (16, 23)
  Time 33: (17, 23)
  Time 34: (18, 23)
  Time 35: (19, 23)
  Time 36: (20, 23)
  Time 37: (21, 23)
  Time 38: (22, 23)
  Time 39: (22, 24)
  Time 40: (23, 24)
  Time 41: (24, 24)
  Time 42: (25, 24)
  Time 43: (26, 24)
  Time 44: (27, 24)
  Time 45: (27, 23)
  Time 46: (27, 23)

Agent 0 path:
  Time 0: (5, 30)
  Time 1: (4, 30)
  Time 2: (3, 30)
  Time 3: (2, 30)
  Time 4: (1, 30)
  Time 5: (0, 30)
  Time 6: (1, 30)
  Time 7: (0, 30)
  Time 8: (1, 30)
  Time 9: (0, 30)
  Time 10: (1, 30)
  Time 11: (0, 30)
  Time 12: (1, 30)
  Time 13: (0, 30)
  Time 14: (1, 30)
  Time 15: (0, 30)
  Time 16: (1, 30)
  Time 17: (0, 30)
  Time 18: (1, 30)
  Time 19: (0, 30)
  Time 20: (1, 30)
  Time 21: (0, 30)
  Time 22: (1, 30)
  Time 23: (0, 30)
  Time 24: (1, 30)
  Time 25: (0, 30)
  Time 26: (1, 30)
  Time 27: (0, 30)
  Time 28: (1, 30)
  Time 29: (0, 30)
  Time 30: (1, 30)
  Time 31: (2, 30)
  Time 32: (3, 30)
  Time 33: (4, 30)
  Time 34: (5, 30)
  Time 35: (6, 30)
  Time 36: (7, 30)
  Time 37: (8, 30)
  Time 38: (9, 30)
  Time 39: (10, 30)
  Time 40: (11, 30)
  Time 41: (12, 30)
  Time 42: (12, 29)
  Time 43: (13, 29)
  Time 44: (14, 29)
  Time 45: (14, 28)
  Time 46: (14, 28)

[LNS] Verified Final agent paths:
[LNS] IT WORKED I THINK
