# Batch started 2025-10-20 21:32:36 | map=/home/max/Documents/PhD/MAPF/LNS/MAPF_LNS_SAT/mapf-map/Paris_1_256.map | agents=50 | total_time_limit=600s

# Run 0 | scenario="/home/max/Documents/PhD/MAPF/LNS/MAPF_LNS_SAT/mapf-scen-even/scen-even/Paris_1_256-even-1.scen" | scenario_index=0
# Command: /home/max/Documents/PhD/MAPF/LNS/MAPF_LNS_SAT/lns_clean/main_clean_lns /home/max/Documents/PhD/MAPF/LNS/MAPF_LNS_SAT/mapf-map/Paris_1_256.map /home/max/Documents/PhD/MAPF/LNS/MAPF_LNS_SAT/mapf-scen-even/scen-even/Paris_1_256-even-1.scen 50 0 minisat 42
# Remaining time budget: 599 seconds
[LNS] Loaded map 256x256, agents: 50
[LNS] Map:
..........................................................................@@@@.....................@@.@@@@@@@............................................@@@................@@@@@@@@@@@..........@@@@..........@@...@@@@@@@@@@@@@.....................@@@@@@@.@@
.................................................................................................@@@@@.@@@@@@@.......................................@@@@@@@................@@@@@@@@@@@@.........@@@@.......@@@@@@...@@...@@@@.@@......................@@@@@@@@@
...............................................................................................@@@@@@@..@@@@@@...................@@..@...........@@@@@@@@@@@@...............@@@@@@@@@@............@@@....@@@@@@@@@........@@...........................@@@@@@@@@
..............................................................................................@@@@@@@...@@@....................@@@@@@@@.........@@@@@@@@@@@@@................@@@@@@...............@@...@@@@@@@@@@@......................................@@...@@@
............................................................................................@@@@@@@........................@@@@@@@@@@@@.........@@@@@@@@@@@@.................@@@.....................@@@@@@@@@@@@@...........................................@@.
............................................................................................@@@@@........................@@@@@@@@@@@@@@@......@@@@@@@@@@@@...........................................@@@@@@@@@@@@@..............................................
.............................................................................................@@..........................@@@@@@@@@@@@@@@..@@@@@@@@@@@@@...............................................@@@@@@@@@@...................@@...........................
..............................................................@@.............................@@........................@@@@@@@@@@@@@@@@@@@@@@@@@@@@@@.................................................@@@@@@@@...................@@@@..............@@@@@........
.............................................................@@@@...................................................@@@@@@@@@@@@@@@@@@@@@@@@@@@@@@@@............................................@......@@@@...................@@@@@@@@......@@....@@@@@@@.......
..............................................................@@@...............................................@@@@@@@@@@@@@@@@@@@.@@@@.@@@@@@@@@@@@..........@@............................@@@@......@@..................@@@@@@@@@@@.....@@@@.@@@@@@@@@.......
.........................................................................................................@..@@@@@@@@@@@@@@@@@@@@@...@@...@@@.@@@@@@@@..........@@@.......................@.@@@@@@@.......................@@@@@@@@@@@@@.....@@@@..@.@@@@.........
......................................................................................................@@@@@@@@@@@@@@@@@@@@@@@@@...............@@..@@............@.........@@...........@@@@@@@@@@@....................@@@@@@@@@@@@@@...............@@@@.........
...................................................................................................@@.@@@@@@@@@@@@@@@@@@@@.@@.............................................@@@.......@@@@@@@@@@@@@@..................@@@@@@@@@@@@............@.....@@@@@.@@......
................................................................................................@@@@@.@@@@@@@@@@@@@@@@....................................................@@@......@@@@@@@@@@@@@@................@@@@@@@@@@@@@............@@@@....@@@@@@@@......
..............................................................................................@@@@@@@..@@@@@@@@@@@@@.......................................................@@...@@@@@@@@@@@@@@................@@@@@@@@@@@@.@@.......@...@@@@@@...@@@@@@@@@@.....
...........................................................................................@@@@@@@@@@@.@@@@@@@@@@@.....................................................@@@@@@.@@@@@@@@@@@@@@@...............@.@@@@@@@@@@@.........@@@@@@@@@@@@@.@@@@@.@@@@@.....
.........................................................................................@@@@@@@@@@@@@.@@@@@@.......................................................@@@@@@@@@@@@@@@@@@.@@...............@@@@@..@@@@@@@@..........@@@@@@@@@@@@@@@.@@...@@@@@@....
.........................................................................................@@@@@@@@@@@@@..@@@@...............@@.....................................@@@@@@@@@@@@@@@@@@@..................@@@@@@@.@@@...............@@@@@@@@@@@@@@@@......@@@@@....
..........................................................................................@@@@@@@@@@@@@....................@@@....................................@@@@@@@@@@@@@@@@@@..................@@@@@@@@....................@@@@@@@@@@@@@@@.......@@@@....
..........................................................................................@@@@@@@...@@@.....................@@...............................@@..@@@@@@@@@@@@@.@@...................@@@@@@@@@@....................@@@@@@.@@@@@@@@@.......@@@@...
..................................................................................@@.......@@........@@......................................................@@@@@@@@@@@@@@.........................@@@@@@@@.............@.........@@@....@.@@@@@@......@@@@@@..
............................................................................@@@@@@@@.................@@@....................................@...........@@@@@@@@@@@@@@@@@.......................@@..@@@@@@..............@@.........@..@@...@@@@@@@@.....@@@@@@..
...........................................................................@@@@@@@@@@.....@@.........@@@...................................@@@..........@@@@@@@@@@@@@@........................@@@@..@@@@@@@.............@@@..........@@@@@@@@@@@@@@@....@@@@@.@@
..........................................................................@@@@@@@@@@@...@@@@@.........@@.................................@@@@.......@@@.@@@@@@@@@@@@.@@.......................@@@@@....@@@@..............@@...........@@@@@@@@@@@@.@@....@@..@@@
.......................................................................@@@@@@@@@@@@@@...@@@@@.........@@...............................@@@@@......@@@@@@@@@@@@@@@@...@@...............@........@@@@.@@.@@@@@.............@@@@.........@@@@@..@@.@@@@@@........@@
................................................................@@@@.@@@@@@@@@@@@@@.....@@@@@@........@@@.............................@@@@........@@@@@@@@@@@@@@....................@@@........@@@@.@@@@@@@@@.............@@@..........@@.....@@@@@@@@..........
.............................................................@@@@@@@.@@@@@@@@@@@@@.......@@@@@........@@@............................@@@@..........@@@@@@@@@@@....................@@@@@@........@@@@@@..@@@@@@............@@@@..............@@@@@@@@...........@
............................................................@@@@@@@@@@@@@@@@@@@@@@.......@@@@@.........@@.............................@....@@.@@...@@@@@@@@@....................@@@@@@@@..........@@@@...@@@..............@@@@...........@@@@@@@@@...........@@@
.........................................................@@.@@@@@@@@@.@@@@@....@@@@......@@@@@@........@.................................@@@@@@@@...@@@@@@......................@@@@@@@@...........@@......................@@@.@@......@@@@@@@@.............@@@@
........................................................@@@..@@@@@...@@@.........@@......@@@@@@.........................................@@@@@@@@@...@@@..........................@@@@@@.........@@@@@......................@@@@@@@....@@@@@@@...............@@@@
.......................................................@@@@@.@@.....@@@..........@@.......@@@@@........................................@@@@@@@@@@@...............................@@.@@@@@........@@@@@.....................@@@@@@@...@@@@@@..................@@@
......................................................@@@@@@.........@............@@......@@@@@......................................@@@@@@@@@@@@@...................................@@@@........@@@@@.....@................@@@@@....@@@@....................@@@
.....................................................@@@@@@@.......@@@.............@......@@@@@@.........@@..........................@@@@@@@@@@@.....................................@@@@@........@@......@@@................@@.......@.......................@@
....................................................@@@@@@@@.....@@@@@.............@...@@@@@@@@@.......@@@@..................@........@@@@@@.........................................@@@@@...........@@...@@@...................................................
....................................................@@@@@@@......@@@@@@..............@@@@@@@@@.......@@@@@@@.....@@@.......@@@.@@.....@@@@@......................@@...................@@@@.........@@@@....@....................................................
....................................................@@@@@........@@@@@@.............@@@@@@@@@......@@@@@@@@@.@@@@@@@......@@@@@@@@.....@@......................@@@@@..................@@@@@........@@@@@........................................................
.....................................................@............@@@@..............@@@@@@@@@......@@@@@@@@@@@@@@@@@@...@@@@@@@@@@..........................@@.@@@@@..................@@@@@.........@@@@........................................................
..................................................................@@................@@@@@@@@@.......@@@@@@@@@@@@@@@@@..@@@@@@@@@@@@.......................@@@@@.@@@@@..................@@@@@........@@@@........................................................
.....................................................................................@@@@..........@@@@@@@@@@@@@@@@@@...@@@@@@@@@........................@@@@@@.@@@@@..................@@@@@........@@@@@@.@@.................................................@.
.....................................................................................@@............@@@@@@@@.@@@@@@......@@@@@@...........................@@@@@@@.@@@....................@@@@@.......@@@@@@.@@...............................................@@@.
....................................................................................................@@.......@@..........@@.......................@@.....@@@@@@@.@@.....................@@@@@.......@@@@@@@@..............................................@@@@@.
................................................................................................................................................@@@@......@@@@..........................@@@@@@.......@@@@@@@@...........................................@@@@@@..
..............................................................................................................................................@@@@@@@.....@@............................@@@@@@........@@@@@@@...........................................@@@@....
.............................................................................................................................................@@@@@@@@....................................@@@@@........@@@@@@@@........................@@................@@......
.............................................................................................................................................@@@@@@@....@@@..............................@@@@.@@.......@@@@@@@.....................@@@@@........................
...@@@.@@@...................................................................................................................................@@@@@@.....@@@.............................@@@@@@@@@......@@@@@@......................@@@@@@.......................
@@@@@@@@@@@@@@...............................................................................................................................@@@@@@......@@.............................@@@@@@@@@......@@@@@@@....................@@@@@@@....@.@@..@@...........
@@@@@@@@@@@@@@......@.@@@@...................................................................................................................@@@@@....@@@@@..............................@@@@@@@@......@@@@@@@....................@@@@@@..@@@@@@@@@@@@.@@.......
@@@@@@@@@@@@@@......@@@@@@.................@@@@@@.............................................................................................@@@@....@@@@@..............................@@..@@@........@@@@@@@....................@@@@@.@@@@@@@@@@@@@@@@@@@....
@@@@@@@@@@@@@.......@@@@@@@@@..............@@@@@@@@@@@@@@@@.....................................................................................@@....@@@@@@.....@@...@@@@..................@............@@@@@@@...................@@@@...@@@@@@@@@@@@@@@@@@....
@@@@@@@@@@@@@.......@@@@@@@@@@@............@@@@@@@@@@@@@@@@@@@@@......................................................................................@@@@@@...@@@@@@@@@@@@...............@@@@..........@@@@@@@@.........................@@@...@@@@@..@@@@@@@...
@@@@@@@..@@@@.......@@@@@@@@@@@............@@@@@@@@@@@@@@@@@@@@@@@@....................................................................................@@@@@.@@@@@@@@@@@@@@..............@@@@@..........@@@@@@@@@.........................@@...@@@@@..@@@@@@@...
@@@@................@@@@@@@@@@@............@@@@@@@@@@@@@@@@@@@@@@@@............@@......................................................................@@@....@@@@@@@@@@@@@..............@@@@@@..........@@@@@@@@..@......................@@....@@@@...@@@@@....
.......................@@@@@@@@............@@@@@@@@@@@@@@@@@@@@@@@@............@@...@@...@....................................................................@@@@@..@@@@@@@.............@@@@@@..@.......@@@@@@@.@@@@@@..........@@@.......@@...@@@@@..@@@@@...@
..........................@@@@@............@@@@@@@@.@@..@@@@@@@@@@@......@@..@@@@@..@@@@@@@@......@............................................................@@.....@@@@@@.....@........@@@@.@@@@.......@@@@..@@@@@@@@.......@@@@@@......@@@.@@@@@@...@@@@@@@@
..........................@@@@@...............@@...........@@@@@@@@......@@@@@@@@@@@@@@@@@@@......@@@...@@............................................................@@@........@@.......@@..@@@@@.......@@...@@@@@@@@@.......@@@@@........@@@@@@@@@@..@@@@@@@@
..........................@@@@@@............................@.@@@@@.......@@@@@@@@@@@@@@@@@@@@..@@@@@@@.@@...@@@................................................................@@............@@@@@@...........@@@@@@@@@........@@@@@.......@@@@@@@@@@...@@@@@@@
.........................@@@@@@@..............................@@@@@......@@@@@@@@@@@@@@@@@@@@@..@@@@@@@@@@@..@@@................@@..............................................@@..@..........@@@@@............@@@@@@@@@........@@@@........@@@@@@@@@@..@@@@@@@
.....@@@@................@@@@@@@..............................@@@@@.....@@@@@@@@@@@@@@@@@@@@@...@@@@@@@@@@@@@@@@@.@@............@@@@@...............................................@@@........@@@@@..........@@@...@@@@@.......@@@@@@........@@...@@@@...@@@..@
..@@@@@@@.................@@@@@.......................................@@@@@@@......@@@@@@@@@@...@@@@@@@@@@@@@@@@@@@@...........@@@@@@@@@...........................................@@@@........@@@@@@.......@@@@....@@@@@@......@@@@@@.............@@@@@........
@@@@@@@@@................@@@@@@.......................................@@@@@@@............@@.....@@@@@@@@@@@@@@@@@@@@...........@@@@@@@@@@@@........................................@@@@@..@@@.@@@@@@@.......@@@@@....@@@@@......@@@@@@@............@@@@@........
@@@@@@@@@@...............@@@@@@.......................................@@@@@@@......................@@.@@@@@@@@@@@@@@@@@.........@@@@@@@@@@@@@@....................................@@@@@@@.@@@.@@@@@@........@@@@@....@@@@@@......@@@@@@..........@@@@@@@@.....@.
@@@@@@@@@@@@@............@@@@@@@......................................@@@@@@................................@@@@@@@@@@@........@@@@@@@@@@@@@@@@@@..................................@@@@@@@@@@@@@@@@.........@@@@@.....@@@@@.......@@@@@@........@@@@@@@@@....@@.
@@@@@@@@@@@@@............@@@@@@@......................................@@@@@@@...................................@@@@@@@........@@@@@@@@@@@@@@@@@@@@..................................@@@@@.@@@..@............@@@@@.....@@@@@.......@@@@.........@@@@@@@@@@...@@@
@@@@@@@@@@@@@@...........@@@@@@......................................@@@@@@@@...................................@@@@@@.........@@@@@@@@@@@@@@@@@@@@@@@................................@@@..@@@.@@@...........@@@@@.....@@@@@.......@@..@@........@@@.@@@@@....@@
@..@@@.@@@@@@@...........@@@@@@......................................@@@@@@@@....................................@@@@@.........@@@@@@@@@@@@@@@@@@@@@@@@@@...............................@...@@@@@@...........@@@........@@@@@........@@@@@............@@@@....@.
.......@@@@@@@...........@@@@@@......................................@@@@@@@.....................................@@@@...........@@@@@@@@@@@@@@@@@@@@@@@@@@@@................................@@@@@@@...@@................@@@@@.......@@@@@@............@@@@@.....
........@@@@@...........@@@@@@................@@@@@@@.@@.............@@@@@@@......................................@.............@@@@@@@@@@@@@@@@@@@@@@@@@@@@@@@..............................@@@@@@.@@@@.................@@@@.......@@@@@@@...........@@@@@.....
........@@@@@...........@@@@@@................@@@@@@@@@@@@@@@..........@@@@@....................................................@@@@@@@.....@@@@@@@@@@@@@@@@@@@@@@...........................@@@@@@@@@@@@................@@@@@.......@@@@@@.........@@@@@@@@....
........@@@@@@..........@@@@@@@...............@@@@@@@@@@@@@@@.........@@@@@@....................................................@@@@@@@.........@..@@@@@@@@@@@@@@@@@..........................@@@@@@@@@@@.........@@.....@@@@@.......@@@@@@@@@.....@@@@@@@@@...@
........@@@@@@..........@@@@@@@...............@@@@@@@@@@@@@@@........@@@@@@@.....................................................@@@@.................@@@@@@@@@@@@@..............................@@@@@@@@.......@@@@......@@@@........@@@@@@@@@@....@@@@@@@@....
........@@@@@@..........@@@@@@................@@@@@@@@@@@@@@@.........@@@@@......................................................@@@@@..................@@@@@@@@@@@@@............................@@@@@@@@@.....@@@@@@.....@@@@........@@@@@@@@@......@...@@@@.@@
.......@@@@@@@..........@@@@@@...............@@@@@@@@@@@@@@@@........@@@@@@.......................................................@@@@....................@@@@@@@@@@...@@@........................@@@@@@@@......@@@@@.....@@@@@........@@@@@@@@@.........@@@@@@@
.......@@@@@@@.............@@@...............@@@@@@@@@@@@@@@.........@@@@@@@......................................................@@@@......................@@@@@@@@.@@@@@..........................@@@@@........@@@@......@@@@........@@@@@@@@@..........@@.@@@
........@@@@@@...............................@@@@@@@@@@@@@@@........@@@@@@@@.............................................@........@@@@@........................@@@@..@@@@@@..........................@@@.........@@..@.....@@@@@........@@@@@@@@..............@@
........@@@@@@...............................@@@@@@@@@@@@@@@........@@@@@@@............................................@@@@........@@@@@.........................@@...@@@@@........................................@@@.....@@@@@........@@@@@@@@@.............@.
.......@@@@@@....................................@@@@@@@@@@@.........@@@@@@..........................................@@@@@@@.......@@@@@@@............................@@@@@@..@@@.................................@@@@.....@@@@@@.......@@@@@@@@@@@.........@...
.......@@@@@@.............@@@@@@........................@@@@.........@@@@@@........................................@@@@@@@@........@@@@@@@@............................@@@@@@@@@@@................................@@........@@@@@........@@@@@@@@@........@@@@@.
......@@@@@@@............@@@@@@.................................................................................@@@@@@@@@@@@........@@@@@@.............................@@@@@@@@@@@@@.................................@......@@@@@@.......@@@@@...........@@@@@@@
......@@@@@@@............@@@@@@@............@@@@.@@......................................@@@..................@@@@@@@@@@@@@@........@@@@@@@.............................@@@@@@@@@@@@@...............................@@@.....@@@@@@........@@@@@...........@@@@@@
........@@@@@............@@@@@@@............@@@@@@@@@@@@@...........................@@@@@@@@..............@@.@@@@@@@@@@@@@@@@........@@@@@@@.............................@@@@@@@@@@@@@.............................@@@@......@@@@@@.......@@@@@........@@@@@@@@.
........@@@@@............@@@@@@@............@@@@@@@@@@@@@@@....................@@@@@@@@@@@@@.............@@@@@@@@@@@@@@@@@@@@........@@@@@@@.............................@@@@@@@@@@@@@.@@..........................@@@@@.....@@@@@@.......@@@@@@.....@@@@@@@@...
.......@@@@@@@@@@@@......@@@@@@@............@@@@@@@@@@@@@@@..................@@@@@@@@@@@@@@@@...........@@@@@@@@@@@@@@@@@@@@@@@.......@@@@@@@.......................@@....@@@@@@@@@@@@@@@..........................@@@@@.....@@@@@@........@@@@@..@@@@@@@@@.....
.......@@@@@@@@@@@@@@@@@@@@@@@.............@@@@@@@@@@@@@@@@..................@@@@@@@@@@@@@@@@.........@@@@@@@@@@@@@@@@@@@@@@@@@.......@@@@@@@@@@...................@@@@@..@@@@@@@@@@@@@@@@..........................@@.......@@@@@@@.......@@@@@@@@@@.@@@@@@....
........@@@@@@@@@@@@@@@@@@@@@@.............@@@@@@@@@@@@@@@@..................@@@@@@@@@@@@@@@@........@@@@@@@@@@@@@@@@@@@@@@@@@@........@@@@@@@@@.................@@@@@@....@@@@@@@@@@@@@@@....................................@@@@@@.......@@@@@@@@@@@@@@@@@....
........@@@@@@@@@@@@@@@@@@@@@@.............@@@@@@@@@@@@@@@....................@@@@@@@@@@@@@..........@@@@@@@@@@@@@@@@@@@@@@@@@@........@@@@@@@@@@..............@@@@@@@@@...@@@@@.@@@@@@@@@@...................................@@@@@@........@@@@@@@@@@.@@@......
..........@@@@@@@@@@@@@@@@@@@..............@@@@@@@@@@@@@@@....................@@@@@....@@............@@@@@@@@@@@@@@@@@@@@@@@@@@.........@@@@@@@@.......@@.....@@@@@@@@@.....@@...@@@@@@@@@@....@@..............................@@@@@@.......@@@@@@@@@...........
.............@@@@@@@@@@@@@@@@................@@@@@@@@@@@@@....................@@@@@..................@@@@@@@@@@@@.....@@@@@@@@@@........@@@@@@@@.....@@@@@.....@@@@@@.............@@@..@@....@@@@@.............................@@@@@@........@@...@.............
.............@@@@..@@@@@.@@........................@@@@@@@...........................................@@@@@@@@@@@@......@@@@@@@@@@........@@@@@@.....@@@@@@.....@@@@@..........................@@@@@............................@@@@@@@..........................
......................@@.............................................................................@@@@@@@@@@@.......@@@@@@@@@@........@@...@......@@@@@@.....@@......................@@...@@@@@@@..........................@@@@@@@@..........................
.....................................................................................................@@@@@..@@.........@@@@@@@@@@@...................@@@@@@...........................@@@@@..@@@@@@@..........................@@@@@@@@@.........................
.....................................................................................................@@@@..............@@@@@@@@@@@....................@@@@@@........................@@@@@@@...@@@@@@...........................@@@@@@@@........................@
.....................................................................................................@@@................@@@@@@@@@@.....................@@@@@.......................@@@@@@@@@..@@@@@............................@@@@@@........................@@@
.........................................................................................................................@@@@@@@@@@.....................@@@@@.......................@@@@@@@@...@@.....@@........................@@.........................@@@@@
..............................................................................................@..........................@@@@@@@@@@.....................@@@@........................@@@@@@@.........@@@@@................................................@@@@@@@
...........................................................................................@@@@...........................@@@@@@@@@@.....................@...........................@@@@@@@@@.......@@@@@.............................................@@@@@@@@@
..........................................................................................@@@@@...........................@@@@@@@@@@..................................................@@@@@@@@.......@@@@@@.......................................@@..@@@@@@@@@.
.........................................................................................@@@@@@......@@@@@................@@@@@@@@@@@..................................................@@@@@@@........@@@@@....................................@@@@@@@@@@@@@@...
........................................................................................@@@@@@@......@@@@@.................@@@@@@@@@@..................................................@@@@@@.........@@@@@@...................................@@@@@@@@@@@@@@...
@@@@@@@@@@@@@@@@@.......................................................................@@@@@@@......@@@@@..................@@@@@@@@@.....................................................@............@@@@@.................................@@.@@@@@@@@@@@@....
@@@@@@@@@@@@@@@@@......................................................................@@@@@@@@......@@@@@..................@@@@@@@@@@.................................................................@@@@................................@@@@@@@@@@.@@@@......
@@@@@@@@@@@@@@@@@@@@...................................................................@@@@@@@@......@@@@@..................@@@@@@@@@@....................................................................@@@...........................@@@@@@@@.@@....@........
@@@@@@@@@@@@@@@@@@@@..................................................................@@@@@@@@@......@@@@@..................@@@@@@@@@@@.........................................................@@....@@@@@@@@.........................@@@@@@@@@@...............
@@@@@@@@@@@@@@@@@@@@..................................................................@@@@@@@@@.......@@@@..................@@@@@@@@@@@.......................................................@@@@....@@@@@@@@.........................@@@@@@@@@................
@@@@@@@@@@@@@@@@@@@@..................................................................@@@@@@@@@.......@@@@..................@@@@@@@@@@@......................................................@@@@@@...@@@@@@@..........................@@@@@@@@.................
@@@@@@@@@@@@@@@@@@@..................@@@@@............................................@@@@@@@@........@@@@...............@@@@@@@@@@@@@.....................................................@@@@@@@@....@@@..............................@@@@@...................
@@@@@@@@@@@@@@@@@@@..................@@@@@@@..........................................@@@@@@@@........@@@@..............@@@@@@@@@@@@......................................................@@@@@@@@@@.....................................@@@@...................
@@@@@@@@@@@@@@@@@@....................@@@@@@@.........................................@@@@@@@@........@@@@..............@@@@@@@@@@@.......................................................@@@@@@@@@@............................................................
@@@@@@...@@@@.........................@@@@@@@@@.......................................@@@@@@@@.........................@@@@@@@@@@@@........................................................@@@@@@@..............................................................
@@@@@@.................................@@@@@@@@@......................................@@@@@@@@........................@@@@@@@@@@@@@........................................................@@@@@.......................@........................................
@@@@@@.................................@@@@@@@@@@.....................................@@@@@@@@.......................@@@@@@@@@@@@@..........................................................@@.......................@@@@................................@@.....
@@@@@@..................................@@@@@@@@@.....................................@@@@@@@@.......................@@@@@@@@@@@....................................................................................@@@@@@.............................@@@@@....
@@@@@@@.................................@@@@@@@@@@....................................@@@@@@@@........................@@@@@@@@@....................................................................................@@@@@@@@....................@......@@@@@@....
@@@@@@@@.................................@@@@@@@@@....................................@@@@@@@@........................@@@@@@@@......................................................................................@@@@@@.@...................@@.....@@@@@@@...
@@@@@@@@.................................@@@@@@@@@@...................................@@@@@@@@.........................@@@@@@@.......................................................................@................@@@.@@@...................@......@@@@@@...
@@@@@@@@..................................@@@@@@@@@...................................@@@@@@@@.........................@@@@@@....................................................................@@@@@@................@.@@@@@@........................@@@@@@@..
@@@@@@@@..@@..............................@@@@@@@@@@..................................@@@@@@@@..........................@@@@...................................................................@@@@@@@@.................@@@@@@@@........................@@@@@@..
@@@@@@@@@@@@@@@@@@.........................@@@@@@@@@.................................@@@@@@@@@..........................@@@.....................................................................@@@@@@.................@@@@@@@@.........................@@@@@@@.
@@@@@@@@@@@@@@@@@@@@@@@@...................@@@@@@@@@@................................@@@@@@@@@...........................@......................................................................@@@@@@..................@@@@@@..........................@@@@@@@.
@@@@@@@@@@@@@@@@@@@@@@@@@@.................@@@@@@@@@@................................@@@@@@@@@...................................................................................................@@@..........@.@........@@@@@.@@...@@...................@@@@@@@
@@@@@@@@@@@@@@@@@@@@@@@@@@..................@@@@@@@@@................................@@@@@@@@@.............@@@@..............................................................................................@@@@.........@@@@@@@@@@@@@...................@@@@@@
@@@@@@@@@@@@@@@@@@@@@@@@@...................@@@@@@@@@@...............................@@@@@@@@.............@@@@@............................................................................................@@@@@@..........@@@@@@@@@@@@@..................@@@@.@
@@@@@@@@@@@@@@@@@@@@@@@@@....................@@@@@@@@@...............................@@@@@@@@............@@@@@@@..........................................................................................@@@@@@@@.........@@@@@@@@@@@@@.......................@
....@@@@@@@@@@@@@@@@@@@@@.....................@@@@@@@@@..............................@@@@@@@@...........@@@@@@@@.........................................................................................@@@@@@@@@@........@@@@@@@@@@@@@........................
.........@@@@@@@@@@@@@@@@.....................@@@@@@@@@@.............................@@@@@@@@...........@@@@@@@@.......................................................................................@@@@@@@@@@.........@@@@@@@@@@@@@.........................
............@@@@@@@@@@@@@......................@@@@@@@@@.............................@@@@@@@@...........@@@@@@@@......................................................................................@@@@@@@@@...........@@@@@..@@@@@..........................
....................@@@@@......................@@@@@@@@@@...........................@@@@@@@@...........@@@@@@@@@.....................................................................................@@@@@@@@@.............@@.....@@@...........................
................................................@@@@@@@@@...........................@@@@@@@@...........@@@@@@@@@......................................................................................@@@@@@.......................@............................
.................................@@.............@@@@@@@@@...........................@@@@@@@@..........@@@@@@@@@@..................................................................@...................@@@@@.....................................................
................................@@@@@............@@@@@@@@@..........................@@@@@@@@..........@@@@@@@@@@................................................................@@@@...................@@@....................................@.................
................................@@@@@@...........@@@@@@@@@..........................@@@@@@@@.........@@@@@@@@@@................................................................@@@@@@...................@....................................@@@................
................................@@@@@@@...........@@@@@@@@@.........................@@@@@@@@.........@@@@@@@@@@......................................@........................@@@@@@@......................@@...............................@@@@@...............
................................@@@@@@@@...........@@@@@@@@.........................@@@@@@@@.........@@@@@@@@@@.....................................@@@.....................@@@@@@@@@@.....................@@@@............................@@@@@@@..............
................................@@@@@@@@...........@@@@@@@@@........................@@@@@@@@.........@@@@@@@@@@...................................@@@@@....................@@@@@@@@@@@@.....................@@..............................@@@@@@@.............
................................@@@@@@@@@..........@@@@@@@@@@.......................@@@@@@@@.........@@@@@@@@@@..................................@@@@@@@.................@@@@@@@@@@@@@@@......................................................@@@@..............
................................@@@@@@@@@...........@@@@@@@@@......................@@@@@@@@@.........@@@@@@@@@..................................@@@@@@@@@...............@@@@@@@@@@@@@@@@@............................@..........................@......@........
................................@@@@@@@@@@..........@@@@@@@@@@.....................@@@@@@@@@.........@@@@@@@@@................................@@@@@@@@@@@@.............@@@@@@@@@@@@@@@@@@@.........................@@@@...................@...........@@@.......
.................................@@@@@@@@@...........@@@@@@@@@.....................@@@@@@@@@.........@@@@@@@@................................@@@@@@@@@@@@@@..........@@@@@@@@@@@@@@@@@@@@@........................@@@@@.........@........@@@.........@@@@.......
.................................@@@@@@@@@@..........@@@@@@@@@.....................@@@@@@@@..........@@@@@@@@...............................@@@@@@@@@@@@@@@.........@@@@@@@@@@@@@@@@@@@@@@@........................@@@@@........@@.......@@@@.......@@@@@@......
..................................@@@@@@@@@...........@@@@@@@@@....................@@@@@@@@..........@@@@@@@.................................@@@@@@@@@@@@@@@.......@@@@@@@@@@@@@@@@@@@@@@@@@........................@@@.........@.......@@@@@@.......@@@@@@@....
..................................@@@@@@@@@@..........@@@@@@@@@@...................@@@@@@@@..........@@@@@@@.................................@@@@@@@@@@@@@@@.....@@@@@@@@@@@@@@@@@@@@@@@@@@@@.....................@.@@...............@@@@@@@@.........@@@@@@@...
..................................@@@@@@@@@@...........@@@@@@@@@@..................@@@@@@@...........@@@@@@..............@@@@.................@@@@@@@@@@@@@@@...@@@@@@@@@@@@@@@@.@@@@@@@@@@@@@@.................@@@@@@..............@@@@@@@@...........@.@@@@...
...................................@@@@@@@@@@...........@@@@@@@@@.................@@@@@@@@...........@@@@@@............@@@@@@@@...............@@@@@@@@@@@@@@@....@@@@@@@@@@@@@.....@@@@@@@@@@@@@...............@@@@@@@.............@@@@@@@@................@@@@.
...................................@@@@@@@@@@...........@@@@@@@@@@................@@@@@@@@............@@@@...........@@@@@@@@@@@@..............@@@@@@@@@@@@@@@...@@@@@@@@@@@@.......@@@@@@@@@@@@@...............@@@@@.............@@@@@@@@@...............@@@@@@
....................................@@@@@@@@@............@@@@@@@@@@...............@@@@@@@@.............@@...........@@@@@@@@@@@@@...............@@@@@@@@@@@@@@....@@@@@@@@@@..........@@@@@@@@@@@@...............@@................@@@@@@@...............@@@@@@@
.....................................@@@@@@@@.............@@@@@@@@@...............@@@@@@@@.........................@@@@@@@@@@@@@@...............@@@@@@@@@@@@@@@....@@@@@@@...........@@@@@@@@@@@@@@..............................@@@@@@@@............@.....@@@@@
.....@@@@.....@@.....................@@@@@@@@@............@@@@@@@@@...............@@@@@@@@........................@@@@@@@@@@@@@@@................@@@@@@@@@@@@@......@@@@@............@@@@@@@@@@@@@@@@...........................@@@@@@@@............@@@@....@@@@
.....@@@@@@@@@@@......................@@@@@@@@.............@@@@@@@@@..............@@@@@@@@.......................@@@@@@@@@@@@@.@@.................@@@@@@@@@@........@@@@............@@@@@@@@@@@@@@@@@@.........................@@@@@@@@...........@@@@@@@....@@@
.....@@@@@@@@@@@......................@@@@@@@@..............@@@@@@@@.............@@@@@@@@@......................@@@@@@@@@@@@@@.....................@@@@@@@@..........@.............@@@@@@@@@@@@@@@@@@@@.......................@@@@@@@@@@.........@@@@@@@......@@
.....@@@@@@@@@@@.......................@@@@@@@..............@@@@@@@@@............@@@@@@@@@.....................@@@@@@@@@@@@@@......................@@@@@@..........................@@@@@@@@@@@@@@@@@@@@@................@.....@@@@@@@@@.........@@@@@@@........@
.....@@@@@@@@@@@........................@@@@@@...............@@@@@@@@@...........@@@@@@@@@....................@@@@@@@@@@@@@@@.......................@@@@..........................@@@@@@@@@@@@@@@@@@@@@@@@.............@@@@..@@@@@@@@@..........@@@@@@..........
.....@@@@@@@@@@@..........................@@@................@@@@@@@@@@..........@@@@@@@@@...................@@@@@@@@@@@@@@@.........................@...........................@@@@@@@@@@@@@@.@@@@@@@@@@@............@@@@@..@@@@@@@@.........@@@@@@@@.........
.....@@@@@@@@@@@...........................@.................@@@@@@@@@@..........@@@@@@@@@...................@@@@@@@@@@@@@@@.....................................................@@@@@@@@@@@@@@..@@@@@@@@@@@..........@@@@@@@..@@@@.@.........@@@@@@@@@.........
.....@@@@@@@@@@@..............................................@@@@@@@@@@........@@@@@@@@@@..................@@@@@@@@@@@@@@@.....................................................@@@@@@@@@@@@@@....@@@@@@@@@@@...........@@@@@...@.............@@@@@@@@..........
.....@@@@@@@@@@@..............................................@@@@@@@@@@@......@@@@@@@@@@.................@.@@@@@@@@@@@@@@.......................................................@@@@@@@@@@@@@......@@@@@@@@@@@........@@@@@@@...............@@@@@@@@@..........
.....@@@@@@@@@@@..............................................@@@@@@@@@@@@...@@@@@@@@@@@@.................@@@@@@@@@@@@@@@.........................................................@@@@@@@@@@@........@@@@@@@@@@@........@@@@@...............@.@@@@@@@...........
.....@@@@@@@@@@@...............................................@@@@@@@@@@@@@@@@@@@@@@@@@@.................@@@@@@@@@@@@@@............................................................@@@@@@@@..........@@@@@@@@@@@........@@@...............@@@@@@@@@............
.....@@@@@@@@@@@................................................@@@@@@@@@@@@@@@@@@@@@@@@@.................@@@@@@@@@@@@@..............................................................@@@@@@@.........@@@@@@@@@@@@@........@...............@@@@@@@@@.............
.....@@@@@@@@@@@................................................@@@@@@@@@@@@@@@@@@@@@@@@..................@@@@@@@@@@@.................................................................@@@@@..........@@@@@@@@@@@@@@.....................@@@@@@@@.@..............
.....@@@@@@@@@@@..................................@@@@...........@@@@@@@@@@@@@@@@@@@@@@@..................@@@@@@@@@@....................................................................@@@.........@@@@@@@@@@@@@@@@@...................@@@@@@@.................
.....@@@@@@@@@@@............................@@@@@@@@@@@@..........@@@@@@@@@@@@@@@@@@@@@............@.........@@@.........................................................................@.........@@@@@@@@@@@@@@@@@@@.................@@@@@@@..................
.....@@@@@@@@@@@..........................@@@@@@@@@@@@@@...........@@@@@@@@@@@@@@@@@@@...........@@@@@.............................................................................................@@@@@@@@@@@@@@@@@@@@................@@@@@@...................
.....@@@@@@@@@@@........................@@@@@@@@@@@@@@@@............@@@@@@@@@@@@@@@@@...........@@@@@@............................................................................................@@@@@@@@@@@@@@@@@@@@................@@@@@.....................
......@@@@@@@@@@.......................@@@@@@@@@@@@@@@@@..............@@@@@@@@@@@@@............@@@@@@@@.....................@@@@@@@@@@...........................................................@@@@@@@@@@@@@@@@@@@@..................@@@......................
......@@@@@@@@@@.....................@@@@@@@@@@@@@@@@@@@................@@@@@@@@@@.............@@@@@@@@@.................@@@@@@@@@@@@@@@@@@@....................................................@@@@@@@@@@@@@@@.@@@@@....................@......................
......@@@@@@@@@@..................@@@@@@@@@@@@@@@@@@@@@.......................................@@@@@@@@@@@..............@@@@@@@@@@@@@@@@@@@@@@@..................................................@@@@@@@@@@@@@@@..@@@............................................
......@@@@@@@@@@..................@@@@@@@@@@@@@@@@@@@@........................................@@@@@@@@@@@@.............@@@@@@@@@@@@@@@@@@@@@@@@@...............................................@@@@@@@@@@@@@@@....@.............................................
......@@@@@@@@@@..................@@@@@@@@@@@@@@@@@@@.........................................@@@@@@@@@@@@.............@@@@@@@@@@@@@@@@@@@@@@@@@@.................................@@............@@@@@@@@@@@@@...................................................
......@@@@@@@@@@.................@@@@@@@@@@@@@@@@@@...........................................@@@@@@@@@@@@.............@@@@@@@@@@@@@@@@@@@@@@@@@@...............................@@@@@............@@@@@@@@@@@....................................................
......@@@@@@@@@@.................@@@@@@@@@@@@@@@@@............@@@.............................@@@@@@@@@@@@.............@@@@@@@@@@@@@@@@@@@@@@@@@.............................@@.@@@@@@.............@@@@@@@@@.............................................@......
......@@@@@@@@@@.................@@@@@@@@@@@@@@@@@@.........@@@@@@@...........................@@@@@@@@@@@@@............@@@@@@@@@@@@@@@@@@@@@@@@@............................@@@@@@@@@@@.............@@@@@@@............................................@.@@.....
......@@@@@@@@@@.................@@@@@@@@@@@@.@@@@@.........@@@@@@@@@.........................@@@@@@@@@@@@@.................@@@@@@@@@@@@@@@@@@@@.........................@@.@@@@@@@@@@@..............@@@@@............................................@@@@@@@...
......@@@@@@@@@@.................@@@@@@@@@@@..@@@@..........@@@@@@@@@@@.......................@@@@@@@@@@@@@.....................@@@@@@@@@@@@@..........................@@@@@@@@@@@@@@@@@@..............@@@...........................................@@@@@@@@@..
......@@@@@@@@@@...................@@@@@@@..................@@@@@@@@@@@@.......................@@@@@@@@@@@@...........................................................@@@@@@@@@@@@@@@@@@@@..............@............................................@@@@@@@@...
......@@@@@@@@@@......................@@.....................@@@@@@@@@@@@......................@@@@@@@@@@@@............................................................@@@@@@@@@@@@@@@@@@@@.........................................................@@@@@@@@....
......@@@@@@@@@@.............................................@@@@@@@@@@@@@.....................@@@@@@@@@@@@............................................................@@@@@@@@@@@@@@@@@@@@@@.........................................................@@@@......
......@@@@@@@@@@..............................................@@@@@@@@@@@@@@...................@@@@@@@@@@@@.............................................................@@@@@@@@@@@@@@@@@@@@@@..................................................................
......@@@@@@@@@@..............................................@@@@@@@@@@@@@@@..................@@@@@@@@@@@@..............................................................@@@@@@@@@.@@@@@@@@@@@@.................................................................
......@@@@@@@@@@...............................................@@@@@@@@@@@@@@..................@@@@@@@@@@@@...............................................................@@@.@@....@@@@@@@@@@@@................................................................
...................................................@............@@@@@@@@@@@@@@..................@@@@@@@@@@@..........................................................................@@@@@@@@@@@@...............................................................
..............................................@@@@@@@@...........@@@@@@@@@@@@@@.................@@@@@@@@@@@...............@@@@@.@@@...................................................@@@@@@@@@@@@..............................................................
............................................@@@@@@@@@@............@@@@@@@@@@@@@@.................@@@@@@@@@................@@@@@@@@@@...................................................@@@@@@@@@@@@.............................................................
..........................................@@@@@@@@@@@@.............@@@@@@@@@@@@@@.................@@@@@@@@................@@@@@@@@@@@@@@.................................................@@@@@@@@@.............................................................@
.........................................@@@@@@@@@@@@@...............@@@@@@@@@@@@..................@@@@@@.................@@@@@@@@@@@@@@@...........................@......................@@@@@@@@.............................................................
........................................@@@@@@@@@@@@@@................@@@@@@@@@@@...................@@@@@................@@@@@@@@@@@@@@@@@@........................@@@@.....................@@@@@@@@.@......................................@@@.................
.......................................@@@@@@@@@@@@@@..................@@@@@@@@@@@...................@@@.................@@@@@@@@@@@@@@@@@@@@@....................@@@@@@@..................@@@@@@@@@@@@.................................@.@@@@@@................
......................................@@@@@@@@@@@@@@@...................@@@@@@@@@@.........................................@@@@@@@@@@@@@@@@@@@...................@@@@@@@@@@.................@@@@@@@@@@@@..............................@@@@@@@@@@@...............
.....................................@@@@@@@@@@@@@@@......................@@@@@@@...........................................@@@@@@@@@@@@@@@@@@@.................@@@@@@@@@@@@@................@@@@@@@@@@@@..........................@@@@@@@@@@@@@@@@.............
.....................................@@@@@@@@@@@@@@.........................@@@@@.............................................@@@@@@@@@@@@@@@@@@@..............@@@@@@@@@@@@@@@@..............@@@@@@@@@@@@@.......................@@@@@@@@@@@@@@@@@@@............
....................................@@@@@@@@@@@@@@.............................................................................@@@@@@@@@@@@@@@@@@@..............@@@@@@@@@@@@@@@@@.........@@@@@@@@@@@@@@@.......................@@@@@@@@@@@@@@@@@@@@@...........
...................................@@@@@@@@@@@@@@@................................................................................@@@@@@@@@@@@@@@@................@@@@@@@@@@@@@@@@......@@@@@@@@@@@@@@@........................@@@@@@@@@@@@@..@@@@@@............
...................................@@@@@@@@@@@@@@...........@@@@@@..................................................................@@@@@@@@@@@@@...................@@@@@@@@@@@@@@....@@@@@@@@@@@@@.@........................@@@@@@@@@@@@@@...@@@@@@@...........
.................................@@@@@@@@@@@@@@@..........@@@@@@@@@....................................................................@@@@@@@@@@.....................@@@@@@@@@@@@..@@@@@@@@@@@@@@.........................@@@@@@@@@@@@@.......@@@@@@@@.........
.................................@@@@@@@@@@@@@@...........@@@@@@@@@..........................................@@@@@@@......................@@@@@@.......................@@@@@@@@@@@@@@@@@@@@@@@@@@@@.......................@@@@@@@@@@@..........@@@@@@@@@........
.................................@@@@@@@@@@@@............@@@@@@@@@@..................@@@@...................@@@@@@@@@@.........................@.........................@@@@@@@@@@@@@@@@@@@@@@@@@.........................@@@@@@@@@............@@@@@@@@........
.......................@@........@@@@@@@@@@...............@@@@@@@@@.................@@@@@@@.................@@@@@@@@@@@@@.................................................@@@@@@@@@@@@@@@@@@@@@@.......................@@@@@@@@@@@@..............@@@@@@@@.......
..............@@@@.@@@@@@.........@@@@@@@@................@@@@@@@@@@@..............@@@@@@@@.................@@@@@@@@@@@@@..................................................@@@@@@@@@@@@@@@@@@@.......................@@@@@@@@@@@@@................@@@@@@........
..........@@@@@@@@@@@@@@@..........@@@@...................@@@@@@@@@@@@.............@@@@@@@@..................@@@@@@@@@@@@@...................................................@@@@@@@@@@@@@@@........................@@@@@@@@@@@@@.................@@@@@@@.......
.......@@@@@@@@@@@@@@@@@@..................................@@@@@@@@@@@.............@@@@@@@@...................@@@@@@@@@@@@@...................................................@.@@@@@@@@@@.........................@@@@@@@@@@@@....................@@@@@@.......
.@@@@@@@@@@@@@@@@@@@@@@@...................................@@@@@@@@@@@@...........@@@@@@@@@...................@@@@@@@@@@@@@@@...................................................@@@@@@@@..........................@@@@@@@@@@@@......................@@@@@.......
.@@@@@@@@@@@@@@@@@@@@@@@...................................@@@@@@@@@@@@...........@@@@@@@@@...................@@@@@@@@@@@@@@@@...................................................@@@@@@@........................@@@@@@@@@@@@.......................@@@@@@@......
.@@@@@@@@@@@@@@@@@@@@@@@...................................@@@@@@@@@@@@@..........@@@@@@@@@....................@@@@@@@@@@@@@@@@....................................................@@@@........................@@@@@@@@@@@@......................@@@@@@@@.......
.@@@@@@@@@@@@@@@@@@@@@@@....................................@@@@@@@@@@@@..........@@@@@@@@@@.....................@@@@@@@@@@@@@@@....................................................@..........................@@@@@@@@@@.......................@@@@@@@@@.......
.@@@@@@@@@@@@@@@@@@@@@......................................@@@@@@@@@@@...........@@@@@@@@@@.....................@@@@@@@@@@@@@@@@...............................................................................@@@@@@@........................@@@@@@@@@........
.@@@@@@@@@@@@@@@@@...........................................@@@@@@@@@@@.........@@@@@@@@@@@......................@@@@@@@@@@@@@@@@...........................................................................@@@@@@@@@.........................@@@@@@@..........
.@@@@@@@@@@@@@...............................................@@@@@@@@@@@.........@@@@@@@@@@@.........@@@............@@@@@@@@@@@@@@.........................................................................@@@@@@@@@@.........................@@@@@@@@@.........
.@@@@@@@.....................................................@@@@@@@@@@@.........@@@@@@@@@@@........@@@@@..............@@@@@@@@@@@........................................................................@@@@@@@@@.........................@@@@@@@@@@..........
@@@@@@......................@.................................@@@@@@@@@@@........@@@@@@@@@@@........@@@@@@..............@@@@@@@@@@..................................................................@@@@@@@@@@@@@@.........................@@@@@@@@@............
@@@@@@.....................@@..................................@@@@@@@@@.........@@@@@@@@@@@.......@@@@@@@@@.............@@@@@@@@...................................................................@@@@@@@@@@@@@@@......................@@@@@@@@@@.............
@@@@@@@@...................@....................................@@@@@@@@.........@@@@@@@@@@@.......@@@@@@@@@.................@@@....................................................................@@@@@@@@@@@@@@.....................@@@@@@@@@@@..............
@@@@@@@@........................................................@@@@@@@@.........@@@@@@@@@@........@@@@@@@@@........................................................................................@@@@@@@@@@@@......................@@@@@@@@@@@...............
@@@@@@@@.........................................................@@@@@@@.........@@@@@@@@@@........@@@@@@@@@@.......................................................................................@@@@@@@@@.@......................@@@@@@@@@@@...............@
@@@@@@@..............@.............................................@@@@@..........@@@@@@@@@........@@@@@@@@@@.......................................................................................@@@@@@@@.......................@@@@@@@@@@@@................@
@@@@@@@.............@@@@............................................@@@...........@@@@@@@@@........@@@@@@@@@@@............................................................................@@@@@@@@@@@@@@..........................@@@@@@@@@@@..................@
@@@@@@@............@@@@@@@@.......................................................@@@@@@@@@........@@@@@@@@@@@.....................................................................@@@@.@@@@@@@@@@@@.............................@@@@@@@@@@@..................@@
@@@@@@@............@@@@@@@@@@.....................................................@@@@@@@@.........@@@@@@@@@@@....................................................................@@@@@@@@@@@@@@@@@@.....................@@@@@@@@@@@@@@@@@....................@@
@@@@@@@...........@@@@@@@@@@.......................................................@@@@@@..........@@@@@@@@@@@.................................................................@@@@@@@@@@@@@@@@@@@@@....................@@@@@@@@@@@@@@@@...................@@...
@@@@@@@..........@@@@@@@@@.........................................................@@@@@@..........@@@@@@@@@@@.................................................................@@@@@@@@@@@@@@@@@@@@@....................@@@@@@@@@@@@@@@@...................@@@@.
@@@@@@..........@@@@@@@@@..............@@...@@.......................................@@.............@@@@@@@@@@@.............................................................@.@@@@@@@@@@@@@@@@@@@@@@....................@@@@@@@@@@@@@@@...................@@@@@@
@@@@@@.........@@@@@@@@@@.............@@@@@@@@@@....................................................@@@@@@@@@@@...........................................................@@@@@@@@@@@@@@@@@@@@.@@@@@....................@@@@@@@@@@@@@.....................@@@@@@
@@@@@@@@.......@@@@@@@@@..............@@@@@@@@@@@@..................................................@@@@@@@@@@@........................................................@.@@@@@@@@@@@@@..................................@@@@@@@@@.@......................@@@@@@@
@@@@@@@@@@@@..@@@@@@@@@..............@@@@@@@@@@@@@@@@................................................@@@@@@@@@@.......................................................@@@.@@@@@@@.........................................@@@@@@.........................@@@@@@.
@@@@@@@@@@@@@@@@@@@@@@...............@@@@@@@@@@@@@@@@@@@@............................................@@@@@@@@@@.......................................................@@@@@@@@@@@.......................................................................@@@@@@@.
@@@@@@@@@@@@@@@@@@@@@@..............@@@@@@@@@@@@@@@@@@@@@@@...........................................@@@@@@@@@......................................................@@@@@@@@@@@...............................................................@.........@@@@@..
@@@@@@@@@@@@@@@@@@@@@@..............@@@@@@@@@@@@@@@@@@@@@@............................................@@@@@@@@@.......................................................@@@@@@@@@...............................................................@@@@........@@@@..
@@@@@@@@@@@@@@@@@@@@@..............@@@@@@@@@@@@@@@@@@@@@@@............................................@@@@@@@@@......................................................@@@@@@.@...........@.....................................................@@@@@......@@@@@..
....@@@@@@@@@@@@@@@@...............@@@@@@@@@@@@@@@@@@@@@@..............................................@@@@@@@@.....................................................@@@@@@..........@..@@@.....................@............................@@@@@@.....@.@@@@...
......@@@@@@@@@@@@@@..............@@@@@@@@@@@@@@@@@@@@@@@@@.............................................@@@@@@.....................................................@@@@@@..........@@@@@@@@...................@@@...........................@@@@@@....@@@@@@@...
.........@@@@@@@@@@...............@@@@@@@@@@@@@@@@@@@@@@@@@@@............................................@@@@......................................................@@@@@@............@@@@@@@.................@@@@@@.....................@@@@@@@@@.....@@@@@@....
.............@@@@@..................@@@@@@@@@@@@@@@@@@@@@@@@@@@...........................................@@........................................................@@@@@@..........@@@@@@@@@...............@@@@@@@@..................@.@@@@@@@@@.....@@@@@@....
.................@....................@@@@@@@@@@@@@@@@@@@@@@@@@@@...................................................................................................@@@@@@@@........@@@@@@@@@@..............@@@@@@@...................@@@@@@@..@.....@@@@@@.....
........................................@@@@@@@@@@@@@@@@@@@@@@@@@@@..................................................................................................@@@@@@@@......@@@@@@@@@@..............@@@@@@@@................@.@@@@@@@.........@@@@@@.....
...........................................@@@@@@@@@@@@@@@@@@@@@@@@@@.................................................................................................@@@@@@@@......@@@@@@@@..............@@@@@@@@.................@@@.@@@@@.......@@..@@@......
....................................@........@@@@@@@@@@@@@@@@@@@@@@@@@@..............................................................................................@@@@@@@@@@......@@@@@@..............@@@@@@@@.................@@@@@@.@@........@@@@..@......
...................................@@@..........@@@@@@@@@@@@@@@@@@@@@@@@@.............................................................................................@@@@@@@@@@......@@@@@.............@@@@@@@@..................@@@@@...........@@@@@@@.......
...................................@@@............@@@@@@@@@@@@@@@@@@@@@@@@@.............................................................................................@.@@@@@........@@@.............@@@@@@@@@.................@@@@@@............@@@@@@.......
..................................@@@...............@@@@@@@@@@@@@@@@@@@@@@@@@............................................................................................@@@@@@@........@..............@@@@@@@@.............@....@@@@@............@@@@@@........
..................................@@@.................@@@@@@@@@@@@@@@@@@@@@@@@@...........................................................................................@@@@@@@@....................@@@@@@@@.............@@@@...@@@@.........@..@@@@@@........
@@@@...............................@.......@............@@@@@@@@@@@@@@@@@@@@@@@@@..........................................................................................@@@@@@@..................@@@@@@@@@.............@@@@@@@...@.........@@@@@@@@@.........
@@@@......................................@@@.............@@@@@@@@@@@@@@@@@@@@@@@@@..........................................................................................@@@@@.................@@@@@@@.@..............@@@@@@@@............@@@@@@@@..........
@@@@....................................@@@@@...............@@@@@@@@@@@@@@@@@@@@@@@@@......................................................................................@.@@@@@................@@@@@@@@...............@@@@@@@@............@@@@@@@@@..........
@@@@..................................@@@@@@@@................@@@@@@@@@@@@@@@@@@@@@@@@@................................................................@@.................@@@@@@@@................@@@@@@@@.................@@@@@@............@@@@@@@............
....................................@@@@@@@@@@@.................@@@@@@@@@@@@@@@@@@@@@@@@@.............................................................@@@@@...............@@@@@@@...............@.@@@@@@@....................@@.............@@@@@@@@............
..................................@@@@@@@@@@@@....................@@@@@@@@@@@@@@@@@@@@@@@@@......................@@................................@.@@@@@@@.@...........@@@@@@@...............@@@@@@@@@......................@..............@@@@@@.............
...................................@@@@@@@@@@@@.....................@@@@@@@@@@@@@@@@@@@@@@@@@...................@@@...............................@@@@@@@@@@@@@..........@@@@@@@@.............@@@@@@@@@@.......................................@@@@.............
....................................@@@@@@@@@@@@........@.............@@@@@@@@@@@@@@@@@@@@@@@@@................@@@@@..............................@@@@@@@@@@@@@@.......@.@@@@@@@..............@@@@@@@@@..............@...........................@..............
....................................@@@@@@@@@@@@........@@..............@@@@@@@@@@@@@@@@@@@@@@..................@@@@@............................@@@@@@@@@@@@@@@@@....@@@@@@@@@@...........@.@@@@@@@@@..............@@@@........................................
.....................................@@@@@@@@@@@@......@@@@@..............@@@@@@@@@@@@@@@@@@@@................@@@@@@@@...........................@@@@@@@.@@@@@@@@@@...@@@@@@@@@...........@@@@@@@@@@@...............@@@@@@......................................
.....................................@@@@@@@@@@@@......@@@@@@@..............@@@@@@@@@@@@@@@@@@...@@..........@@@@@@@@@@.........................@@@@@@@...@@@@@@@@@@.@@@@@@@@@...........@@@@@@@@@@@...............@@@@@@.......................................
.....................................@@@@@@@@@@@@@.....@@@@@@@@@..............@@@@@@@@@@@@@@@@...@@@.......@@@@@@@@@@@@@.......................@@@@@@@@....@@@@@@@@@@@@@@@@@.............@@@@@@@@@@...............@@@@@@@.......................................
@@@@@@@@@@@@@@@@@@@@@@@@@@@@@.........@@@@@@@@@@@@......@@@@@@@@@@..............@@@@@@@@@@@@@...@@@@@@....@@@@@@@@@@@@@@@.....................@@@@@@.@......@@@@@@@@@@@@@@@.............@@@@@@..@@.................@@@@@.....................................@@.
@@@@@@@@@@@@@@@@@@@@@@@@@@@@@.........@@@@@@@@@@@@@.....@@@@@@@@@@@@..............@@@@@@@@@@@...@@@@@@@@@...@@@@@@@@@@@@@......................@@@@@@.........@@@@@@@@@@@@@............@@@@@@@@...................@@@@@@.....................................@@@
@@@@@@@@@@@@@@@@@@@@@@@@@@@@@..........@@@@@@@@@@@......@@@@@@@@@@@@@@.....@@....@@@@@@@@@@@....@@@@@@@@@@@..@@@@@@@@@@@@@....................@@@@@@...........@.@@@@@@@.@............@@@@@@@@......................@@@................@....................@@@@
@@@@@@@@@@@@@@@@@@@@@@@@@@@@@..........@@@@@@@@@@@@.....@@@@@@@@@@@@@@@@...@@@@@.@@@@.@@@@@@....@@@@@@@@@@....@@@@@@@@@@@@@..................@@@@@@@...............@@@@..............@@@@@@@@.........................@................@@@@.................@@@@
@@@@@@@@@@@@@@@@@@@@@@@@@@@@@@@.........@@@@@@@@@@@.......@@@@@@@@@@@@@@@@@@@@@@@@@@@@@.@@@@...@@@@@@@@@@@.....@@@@@@@@@@@@@.................@@@@@@.................@@..............@@@@@@@@.......................@..................@@@@@@@..............@@@@@
@@@@@@@@@@@@@@@@@@@@@@@@@@@@@@@.........@@@@@@@@@@@@........@@@@@@@@@@@@@@@@@@@@@@@@@@@@@@@@@..@@@@@@@@@@......@@@@@@@@@@@@@@...............@@@@@@.................................@@@@@@@@................@@......@@@..................@@@@@@@............@@@@@
[LNS] Number of agents: 50
[LNS] Agents (start -> goal):
  Agent 0: (254,168) -> (154,93)
  Agent 1: (233,40) -> (227,192)
  Agent 2: (96,16) -> (37,254)
  Agent 3: (17,20) -> (220,186)
  Agent 4: (197,237) -> (116,29)
  Agent 5: (21,65) -> (110,107)
  Agent 6: (232,189) -> (23,35)
  Agent 7: (8,148) -> (129,93)
  Agent 8: (197,4) -> (180,9)
  Agent 9: (196,105) -> (129,156)
  Agent 10: (179,0) -> (253,174)
  Agent 11: (191,52) -> (44,241)
  Agent 12: (127,34) -> (239,251)
  Agent 13: (25,253) -> (224,74)
  Agent 14: (14,34) -> (100,114)
  Agent 15: (203,215) -> (4,1)
  Agent 16: (41,44) -> (23,144)
  Agent 17: (234,32) -> (107,223)
  Agent 18: (214,127) -> (222,132)
  Agent 19: (176,1) -> (254,149)
  Agent 20: (253,161) -> (130,64)
  Agent 21: (52,255) -> (244,67)
  Agent 22: (236,176) -> (11,52)
  Agent 23: (15,7) -> (158,152)
  Agent 24: (208,217) -> (103,208)
  Agent 25: (138,24) -> (98,98)
  Agent 26: (237,185) -> (67,119)
  Agent 27: (204,230) -> (143,8)
  Agent 28: (234,176) -> (216,89)
  Agent 29: (160,248) -> (78,229)
  Agent 30: (223,26) -> (28,158)
  Agent 31: (45,223) -> (253,133)
  Agent 32: (49,37) -> (12,21)
  Agent 33: (47,57) -> (52,4)
  Agent 34: (155,126) -> (175,44)
  Agent 35: (249,21) -> (129,204)
  Agent 36: (167,24) -> (139,51)
  Agent 37: (214,31) -> (39,237)
  Agent 38: (41,247) -> (64,186)
  Agent 39: (94,148) -> (165,164)
  Agent 40: (122,162) -> (238,117)
  Agent 41: (163,37) -> (187,23)
  Agent 42: (2,222) -> (188,72)
  Agent 43: (210,157) -> (179,129)
  Agent 44: (173,118) -> (19,55)
  Agent 45: (24,249) -> (189,61)
  Agent 46: (209,15) -> (245,225)
  Agent 47: (206,18) -> (206,19)
  Agent 48: (203,152) -> (101,75)
  Agent 49: (140,3) -> (7,229)
[LNS] Base makespan: 521

[LNS] === Attempt with max_timesteps=521 ===
[SAT] Creating MDDs with shortest paths + waiting time...
[SAT] Created 50 MDDs with waiting time structure
[LNS] Built MDDs with waiting time structure for 50 agents at makespan 521
[Current_Solution] Calculating waiting times for agents...
[Current_Solution] Agent 49 reaches goal at t=363, waiting time=158
[Current_Solution] Agent 48 reaches goal at t=195, waiting time=326
[Current_Solution] Agent 47 reaches goal at t=1, waiting time=520
[Current_Solution] Agent 46 reaches goal at t=374, waiting time=147
[Current_Solution] Agent 45 reaches goal at t=371, waiting time=150
[Current_Solution] Agent 44 reaches goal at t=217, waiting time=304
[Current_Solution] Agent 43 reaches goal at t=59, waiting time=462
[Current_Solution] Agent 42 reaches goal at t=338, waiting time=183
[Current_Solution] Agent 41 reaches goal at t=38, waiting time=483
[Current_Solution] Agent 40 reaches goal at t=161, waiting time=360
[Current_Solution] Agent 39 reaches goal at t=87, waiting time=434
[Current_Solution] Agent 38 reaches goal at t=140, waiting time=381
[Current_Solution] Agent 37 reaches goal at t=399, waiting time=122
[Current_Solution] Agent 36 reaches goal at t=55, waiting time=466
[Current_Solution] Agent 35 reaches goal at t=311, waiting time=210
[Current_Solution] Agent 34 reaches goal at t=106, waiting time=415
[Current_Solution] Agent 33 reaches goal at t=60, waiting time=461
[Current_Solution] Agent 32 reaches goal at t=53, waiting time=468
[Current_Solution] Agent 31 reaches goal at t=316, waiting time=205
[Current_Solution] Agent 30 reaches goal at t=327, waiting time=194
[Current_Solution] Agent 29 reaches goal at t=105, waiting time=416
[Current_Solution] Agent 28 reaches goal at t=331, waiting time=190
[Current_Solution] Agent 27 reaches goal at t=401, waiting time=120
[Current_Solution] Agent 26 reaches goal at t=366, waiting time=155
[Current_Solution] Agent 25 reaches goal at t=124, waiting time=397
[Current_Solution] Agent 24 reaches goal at t=212, waiting time=309
[Current_Solution] Agent 23 reaches goal at t=288, waiting time=233
[Current_Solution] Agent 22 reaches goal at t=497, waiting time=24
[Current_Solution] Agent 21 reaches goal at t=480, waiting time=41
[Current_Solution] Agent 20 reaches goal at t=476, waiting time=45
[Current_Solution] Agent 19 reaches goal at t=470, waiting time=51
[Current_Solution] Agent 18 reaches goal at t=13, waiting time=508
[Current_Solution] Agent 17 reaches goal at t=318, waiting time=203
[Current_Solution] Agent 16 reaches goal at t=118, waiting time=403
[Current_Solution] Agent 15 reaches goal at t=521, waiting time=0
[Current_Solution] Agent 14 reaches goal at t=166, waiting time=355
[Current_Solution] Agent 13 reaches goal at t=396, waiting time=125
[Current_Solution] Agent 12 reaches goal at t=385, waiting time=136
[Current_Solution] Agent 11 reaches goal at t=354, waiting time=167
[Current_Solution] Agent 10 reaches goal at t=440, waiting time=81
[Current_Solution] Agent 9 reaches goal at t=118, waiting time=403
[Current_Solution] Agent 8 reaches goal at t=22, waiting time=499
[Current_Solution] Agent 7 reaches goal at t=178, waiting time=343
[Current_Solution] Agent 6 reaches goal at t=485, waiting time=36
[Current_Solution] Agent 5 reaches goal at t=137, waiting time=384
[Current_Solution] Agent 4 reaches goal at t=421, waiting time=100
[Current_Solution] Agent 3 reaches goal at t=501, waiting time=20
[Current_Solution] Agent 2 reaches goal at t=327, waiting time=194
[Current_Solution] Agent 1 reaches goal at t=392, waiting time=129
[Current_Solution] Agent 0 reaches goal at t=339, waiting time=182
[Current_Solution] Waiting time calculation complete
[LNS] Created current solution with 50 agent paths on a map of size 256x256
[LNS] Analyzing conflicts...
[LNS] Current solution: vertex collisions=9, edge collisions=1
[LNS] Creating conflict buckets...
[LOCAL ZONE] Building diamond bucket for conflict 9
[LOCAL ZONE] Built diamond bucket for conflict 9 with 8 positions, 1 conflicts, 26 - 26 time window
[LNS] Selected most relevant bucket 9 with time window: 26 - 26, 1 conflicts and 8 positions.
[LNS] Solving the best bucket Local Zone...
[Solve_local_zone] Local zone size reached 95% of all walkable positions
[Solve_local_zone] Will try to solve with full time window and all positions
[Solve_local_zone] Makespan: 521
[Solve_local_zone] Time window: [0, 521]
[Current_Solution] Agent 0 used 182 waiting timesteps, 0 remaining
[Current_Solution] Agent 1 used 129 waiting timesteps, 0 remaining
[Current_Solution] Agent 2 used 194 waiting timesteps, 0 remaining
[Current_Solution] Agent 3 used 20 waiting timesteps, 0 remaining
[Current_Solution] Agent 4 used 100 waiting timesteps, 0 remaining
[Current_Solution] Agent 5 used 384 waiting timesteps, 0 remaining
[Current_Solution] Agent 6 used 36 waiting timesteps, 0 remaining
[Current_Solution] Agent 7 used 343 waiting timesteps, 0 remaining
[Current_Solution] Agent 8 used 499 waiting timesteps, 0 remaining
[Current_Solution] Agent 9 used 403 waiting timesteps, 0 remaining
[Current_Solution] Agent 10 used 81 waiting timesteps, 0 remaining
[Current_Solution] Agent 11 used 167 waiting timesteps, 0 remaining
[Current_Solution] Agent 12 used 136 waiting timesteps, 0 remaining
[Current_Solution] Agent 13 used 125 waiting timesteps, 0 remaining
[Current_Solution] Agent 14 used 355 waiting timesteps, 0 remaining
[Current_Solution] Agent 16 used 403 waiting timesteps, 0 remaining
[Current_Solution] Agent 17 used 203 waiting timesteps, 0 remaining
Command terminated after exceeding the time limit.
# Run terminated after reaching overall time limit

# Batch stopped after reaching overall time limit (elapsed 599s)
