# Batch started 2025-10-20 21:52:35 | map=/home/max/Documents/PhD/MAPF/LNS/MAPF_LNS_SAT/mapf-map/Paris_1_256.map | agents=200 | total_time_limit=600s

# Run 0 | scenario="/home/max/Documents/PhD/MAPF/LNS/MAPF_LNS_SAT/mapf-scen-even/scen-even/Paris_1_256-even-1.scen" | scenario_index=0
# Command: /home/max/Documents/PhD/MAPF/LNS/MAPF_LNS_SAT/lns_clean/main_clean_lns /home/max/Documents/PhD/MAPF/LNS/MAPF_LNS_SAT/mapf-map/Paris_1_256.map /home/max/Documents/PhD/MAPF/LNS/MAPF_LNS_SAT/mapf-scen-even/scen-even/Paris_1_256-even-1.scen 200 0 minisat 42
# Remaining time budget: 599 seconds
[LNS] Loaded map 256x256, agents: 200
[LNS] Map:
..........................................................................@@@@.....................@@.@@@@@@@............................................@@@................@@@@@@@@@@@..........@@@@..........@@...@@@@@@@@@@@@@.....................@@@@@@@.@@
.................................................................................................@@@@@.@@@@@@@.......................................@@@@@@@................@@@@@@@@@@@@.........@@@@.......@@@@@@...@@...@@@@.@@......................@@@@@@@@@
...............................................................................................@@@@@@@..@@@@@@...................@@..@...........@@@@@@@@@@@@...............@@@@@@@@@@............@@@....@@@@@@@@@........@@...........................@@@@@@@@@
..............................................................................................@@@@@@@...@@@....................@@@@@@@@.........@@@@@@@@@@@@@................@@@@@@...............@@...@@@@@@@@@@@......................................@@...@@@
............................................................................................@@@@@@@........................@@@@@@@@@@@@.........@@@@@@@@@@@@.................@@@.....................@@@@@@@@@@@@@...........................................@@.
............................................................................................@@@@@........................@@@@@@@@@@@@@@@......@@@@@@@@@@@@...........................................@@@@@@@@@@@@@..............................................
.............................................................................................@@..........................@@@@@@@@@@@@@@@..@@@@@@@@@@@@@...............................................@@@@@@@@@@...................@@...........................
..............................................................@@.............................@@........................@@@@@@@@@@@@@@@@@@@@@@@@@@@@@@.................................................@@@@@@@@...................@@@@..............@@@@@........
.............................................................@@@@...................................................@@@@@@@@@@@@@@@@@@@@@@@@@@@@@@@@............................................@......@@@@...................@@@@@@@@......@@....@@@@@@@.......
..............................................................@@@...............................................@@@@@@@@@@@@@@@@@@@.@@@@.@@@@@@@@@@@@..........@@............................@@@@......@@..................@@@@@@@@@@@.....@@@@.@@@@@@@@@.......
.........................................................................................................@..@@@@@@@@@@@@@@@@@@@@@...@@...@@@.@@@@@@@@..........@@@.......................@.@@@@@@@.......................@@@@@@@@@@@@@.....@@@@..@.@@@@.........
......................................................................................................@@@@@@@@@@@@@@@@@@@@@@@@@...............@@..@@............@.........@@...........@@@@@@@@@@@....................@@@@@@@@@@@@@@...............@@@@.........
...................................................................................................@@.@@@@@@@@@@@@@@@@@@@@.@@.............................................@@@.......@@@@@@@@@@@@@@..................@@@@@@@@@@@@............@.....@@@@@.@@......
................................................................................................@@@@@.@@@@@@@@@@@@@@@@....................................................@@@......@@@@@@@@@@@@@@................@@@@@@@@@@@@@............@@@@....@@@@@@@@......
..............................................................................................@@@@@@@..@@@@@@@@@@@@@.......................................................@@...@@@@@@@@@@@@@@................@@@@@@@@@@@@.@@.......@...@@@@@@...@@@@@@@@@@.....
...........................................................................................@@@@@@@@@@@.@@@@@@@@@@@.....................................................@@@@@@.@@@@@@@@@@@@@@@...............@.@@@@@@@@@@@.........@@@@@@@@@@@@@.@@@@@.@@@@@.....
.........................................................................................@@@@@@@@@@@@@.@@@@@@.......................................................@@@@@@@@@@@@@@@@@@.@@...............@@@@@..@@@@@@@@..........@@@@@@@@@@@@@@@.@@...@@@@@@....
.........................................................................................@@@@@@@@@@@@@..@@@@...............@@.....................................@@@@@@@@@@@@@@@@@@@..................@@@@@@@.@@@...............@@@@@@@@@@@@@@@@......@@@@@....
..........................................................................................@@@@@@@@@@@@@....................@@@....................................@@@@@@@@@@@@@@@@@@..................@@@@@@@@....................@@@@@@@@@@@@@@@.......@@@@....
..........................................................................................@@@@@@@...@@@.....................@@...............................@@..@@@@@@@@@@@@@.@@...................@@@@@@@@@@....................@@@@@@.@@@@@@@@@.......@@@@...
..................................................................................@@.......@@........@@......................................................@@@@@@@@@@@@@@.........................@@@@@@@@.............@.........@@@....@.@@@@@@......@@@@@@..
............................................................................@@@@@@@@.................@@@....................................@...........@@@@@@@@@@@@@@@@@.......................@@..@@@@@@..............@@.........@..@@...@@@@@@@@.....@@@@@@..
...........................................................................@@@@@@@@@@.....@@.........@@@...................................@@@..........@@@@@@@@@@@@@@........................@@@@..@@@@@@@.............@@@..........@@@@@@@@@@@@@@@....@@@@@.@@
..........................................................................@@@@@@@@@@@...@@@@@.........@@.................................@@@@.......@@@.@@@@@@@@@@@@.@@.......................@@@@@....@@@@..............@@...........@@@@@@@@@@@@.@@....@@..@@@
.......................................................................@@@@@@@@@@@@@@...@@@@@.........@@...............................@@@@@......@@@@@@@@@@@@@@@@...@@...............@........@@@@.@@.@@@@@.............@@@@.........@@@@@..@@.@@@@@@........@@
................................................................@@@@.@@@@@@@@@@@@@@.....@@@@@@........@@@.............................@@@@........@@@@@@@@@@@@@@....................@@@........@@@@.@@@@@@@@@.............@@@..........@@.....@@@@@@@@..........
.............................................................@@@@@@@.@@@@@@@@@@@@@.......@@@@@........@@@............................@@@@..........@@@@@@@@@@@....................@@@@@@........@@@@@@..@@@@@@............@@@@..............@@@@@@@@...........@
............................................................@@@@@@@@@@@@@@@@@@@@@@.......@@@@@.........@@.............................@....@@.@@...@@@@@@@@@....................@@@@@@@@..........@@@@...@@@..............@@@@...........@@@@@@@@@...........@@@
.........................................................@@.@@@@@@@@@.@@@@@....@@@@......@@@@@@........@.................................@@@@@@@@...@@@@@@......................@@@@@@@@...........@@......................@@@.@@......@@@@@@@@.............@@@@
........................................................@@@..@@@@@...@@@.........@@......@@@@@@.........................................@@@@@@@@@...@@@..........................@@@@@@.........@@@@@......................@@@@@@@....@@@@@@@...............@@@@
.......................................................@@@@@.@@.....@@@..........@@.......@@@@@........................................@@@@@@@@@@@...............................@@.@@@@@........@@@@@.....................@@@@@@@...@@@@@@..................@@@
......................................................@@@@@@.........@............@@......@@@@@......................................@@@@@@@@@@@@@...................................@@@@........@@@@@.....@................@@@@@....@@@@....................@@@
.....................................................@@@@@@@.......@@@.............@......@@@@@@.........@@..........................@@@@@@@@@@@.....................................@@@@@........@@......@@@................@@.......@.......................@@
....................................................@@@@@@@@.....@@@@@.............@...@@@@@@@@@.......@@@@..................@........@@@@@@.........................................@@@@@...........@@...@@@...................................................
....................................................@@@@@@@......@@@@@@..............@@@@@@@@@.......@@@@@@@.....@@@.......@@@.@@.....@@@@@......................@@...................@@@@.........@@@@....@....................................................
....................................................@@@@@........@@@@@@.............@@@@@@@@@......@@@@@@@@@.@@@@@@@......@@@@@@@@.....@@......................@@@@@..................@@@@@........@@@@@........................................................
.....................................................@............@@@@..............@@@@@@@@@......@@@@@@@@@@@@@@@@@@...@@@@@@@@@@..........................@@.@@@@@..................@@@@@.........@@@@........................................................
..................................................................@@................@@@@@@@@@.......@@@@@@@@@@@@@@@@@..@@@@@@@@@@@@.......................@@@@@.@@@@@..................@@@@@........@@@@........................................................
.....................................................................................@@@@..........@@@@@@@@@@@@@@@@@@...@@@@@@@@@........................@@@@@@.@@@@@..................@@@@@........@@@@@@.@@.................................................@.
.....................................................................................@@............@@@@@@@@.@@@@@@......@@@@@@...........................@@@@@@@.@@@....................@@@@@.......@@@@@@.@@...............................................@@@.
....................................................................................................@@.......@@..........@@.......................@@.....@@@@@@@.@@.....................@@@@@.......@@@@@@@@..............................................@@@@@.
................................................................................................................................................@@@@......@@@@..........................@@@@@@.......@@@@@@@@...........................................@@@@@@..
..............................................................................................................................................@@@@@@@.....@@............................@@@@@@........@@@@@@@...........................................@@@@....
.............................................................................................................................................@@@@@@@@....................................@@@@@........@@@@@@@@........................@@................@@......
.............................................................................................................................................@@@@@@@....@@@..............................@@@@.@@.......@@@@@@@.....................@@@@@........................
...@@@.@@@...................................................................................................................................@@@@@@.....@@@.............................@@@@@@@@@......@@@@@@......................@@@@@@.......................
@@@@@@@@@@@@@@...............................................................................................................................@@@@@@......@@.............................@@@@@@@@@......@@@@@@@....................@@@@@@@....@.@@..@@...........
@@@@@@@@@@@@@@......@.@@@@...................................................................................................................@@@@@....@@@@@..............................@@@@@@@@......@@@@@@@....................@@@@@@..@@@@@@@@@@@@.@@.......
@@@@@@@@@@@@@@......@@@@@@.................@@@@@@.............................................................................................@@@@....@@@@@..............................@@..@@@........@@@@@@@....................@@@@@.@@@@@@@@@@@@@@@@@@@....
@@@@@@@@@@@@@.......@@@@@@@@@..............@@@@@@@@@@@@@@@@.....................................................................................@@....@@@@@@.....@@...@@@@..................@............@@@@@@@...................@@@@...@@@@@@@@@@@@@@@@@@....
@@@@@@@@@@@@@.......@@@@@@@@@@@............@@@@@@@@@@@@@@@@@@@@@......................................................................................@@@@@@...@@@@@@@@@@@@...............@@@@..........@@@@@@@@.........................@@@...@@@@@..@@@@@@@...
@@@@@@@..@@@@.......@@@@@@@@@@@............@@@@@@@@@@@@@@@@@@@@@@@@....................................................................................@@@@@.@@@@@@@@@@@@@@..............@@@@@..........@@@@@@@@@.........................@@...@@@@@..@@@@@@@...
@@@@................@@@@@@@@@@@............@@@@@@@@@@@@@@@@@@@@@@@@............@@......................................................................@@@....@@@@@@@@@@@@@..............@@@@@@..........@@@@@@@@..@......................@@....@@@@...@@@@@....
.......................@@@@@@@@............@@@@@@@@@@@@@@@@@@@@@@@@............@@...@@...@....................................................................@@@@@..@@@@@@@.............@@@@@@..@.......@@@@@@@.@@@@@@..........@@@.......@@...@@@@@..@@@@@...@
..........................@@@@@............@@@@@@@@.@@..@@@@@@@@@@@......@@..@@@@@..@@@@@@@@......@............................................................@@.....@@@@@@.....@........@@@@.@@@@.......@@@@..@@@@@@@@.......@@@@@@......@@@.@@@@@@...@@@@@@@@
..........................@@@@@...............@@...........@@@@@@@@......@@@@@@@@@@@@@@@@@@@......@@@...@@............................................................@@@........@@.......@@..@@@@@.......@@...@@@@@@@@@.......@@@@@........@@@@@@@@@@..@@@@@@@@
..........................@@@@@@............................@.@@@@@.......@@@@@@@@@@@@@@@@@@@@..@@@@@@@.@@...@@@................................................................@@............@@@@@@...........@@@@@@@@@........@@@@@.......@@@@@@@@@@...@@@@@@@
.........................@@@@@@@..............................@@@@@......@@@@@@@@@@@@@@@@@@@@@..@@@@@@@@@@@..@@@................@@..............................................@@..@..........@@@@@............@@@@@@@@@........@@@@........@@@@@@@@@@..@@@@@@@
.....@@@@................@@@@@@@..............................@@@@@.....@@@@@@@@@@@@@@@@@@@@@...@@@@@@@@@@@@@@@@@.@@............@@@@@...............................................@@@........@@@@@..........@@@...@@@@@.......@@@@@@........@@...@@@@...@@@..@
..@@@@@@@.................@@@@@.......................................@@@@@@@......@@@@@@@@@@...@@@@@@@@@@@@@@@@@@@@...........@@@@@@@@@...........................................@@@@........@@@@@@.......@@@@....@@@@@@......@@@@@@.............@@@@@........
@@@@@@@@@................@@@@@@.......................................@@@@@@@............@@.....@@@@@@@@@@@@@@@@@@@@...........@@@@@@@@@@@@........................................@@@@@..@@@.@@@@@@@.......@@@@@....@@@@@......@@@@@@@............@@@@@........
@@@@@@@@@@...............@@@@@@.......................................@@@@@@@......................@@.@@@@@@@@@@@@@@@@@.........@@@@@@@@@@@@@@....................................@@@@@@@.@@@.@@@@@@........@@@@@....@@@@@@......@@@@@@..........@@@@@@@@.....@.
@@@@@@@@@@@@@............@@@@@@@......................................@@@@@@................................@@@@@@@@@@@........@@@@@@@@@@@@@@@@@@..................................@@@@@@@@@@@@@@@@.........@@@@@.....@@@@@.......@@@@@@........@@@@@@@@@....@@.
@@@@@@@@@@@@@............@@@@@@@......................................@@@@@@@...................................@@@@@@@........@@@@@@@@@@@@@@@@@@@@..................................@@@@@.@@@..@............@@@@@.....@@@@@.......@@@@.........@@@@@@@@@@...@@@
@@@@@@@@@@@@@@...........@@@@@@......................................@@@@@@@@...................................@@@@@@.........@@@@@@@@@@@@@@@@@@@@@@@................................@@@..@@@.@@@...........@@@@@.....@@@@@.......@@..@@........@@@.@@@@@....@@
@..@@@.@@@@@@@...........@@@@@@......................................@@@@@@@@....................................@@@@@.........@@@@@@@@@@@@@@@@@@@@@@@@@@...............................@...@@@@@@...........@@@........@@@@@........@@@@@............@@@@....@.
.......@@@@@@@...........@@@@@@......................................@@@@@@@.....................................@@@@...........@@@@@@@@@@@@@@@@@@@@@@@@@@@@................................@@@@@@@...@@................@@@@@.......@@@@@@............@@@@@.....
........@@@@@...........@@@@@@................@@@@@@@.@@.............@@@@@@@......................................@.............@@@@@@@@@@@@@@@@@@@@@@@@@@@@@@@..............................@@@@@@.@@@@.................@@@@.......@@@@@@@...........@@@@@.....
........@@@@@...........@@@@@@................@@@@@@@@@@@@@@@..........@@@@@....................................................@@@@@@@.....@@@@@@@@@@@@@@@@@@@@@@...........................@@@@@@@@@@@@................@@@@@.......@@@@@@.........@@@@@@@@....
........@@@@@@..........@@@@@@@...............@@@@@@@@@@@@@@@.........@@@@@@....................................................@@@@@@@.........@..@@@@@@@@@@@@@@@@@..........................@@@@@@@@@@@.........@@.....@@@@@.......@@@@@@@@@.....@@@@@@@@@...@
........@@@@@@..........@@@@@@@...............@@@@@@@@@@@@@@@........@@@@@@@.....................................................@@@@.................@@@@@@@@@@@@@..............................@@@@@@@@.......@@@@......@@@@........@@@@@@@@@@....@@@@@@@@....
........@@@@@@..........@@@@@@................@@@@@@@@@@@@@@@.........@@@@@......................................................@@@@@..................@@@@@@@@@@@@@............................@@@@@@@@@.....@@@@@@.....@@@@........@@@@@@@@@......@...@@@@.@@
.......@@@@@@@..........@@@@@@...............@@@@@@@@@@@@@@@@........@@@@@@.......................................................@@@@....................@@@@@@@@@@...@@@........................@@@@@@@@......@@@@@.....@@@@@........@@@@@@@@@.........@@@@@@@
.......@@@@@@@.............@@@...............@@@@@@@@@@@@@@@.........@@@@@@@......................................................@@@@......................@@@@@@@@.@@@@@..........................@@@@@........@@@@......@@@@........@@@@@@@@@..........@@.@@@
........@@@@@@...............................@@@@@@@@@@@@@@@........@@@@@@@@.............................................@........@@@@@........................@@@@..@@@@@@..........................@@@.........@@..@.....@@@@@........@@@@@@@@..............@@
........@@@@@@...............................@@@@@@@@@@@@@@@........@@@@@@@............................................@@@@........@@@@@.........................@@...@@@@@........................................@@@.....@@@@@........@@@@@@@@@.............@.
.......@@@@@@....................................@@@@@@@@@@@.........@@@@@@..........................................@@@@@@@.......@@@@@@@............................@@@@@@..@@@.................................@@@@.....@@@@@@.......@@@@@@@@@@@.........@...
.......@@@@@@.............@@@@@@........................@@@@.........@@@@@@........................................@@@@@@@@........@@@@@@@@............................@@@@@@@@@@@................................@@........@@@@@........@@@@@@@@@........@@@@@.
......@@@@@@@............@@@@@@.................................................................................@@@@@@@@@@@@........@@@@@@.............................@@@@@@@@@@@@@.................................@......@@@@@@.......@@@@@...........@@@@@@@
......@@@@@@@............@@@@@@@............@@@@.@@......................................@@@..................@@@@@@@@@@@@@@........@@@@@@@.............................@@@@@@@@@@@@@...............................@@@.....@@@@@@........@@@@@...........@@@@@@
........@@@@@............@@@@@@@............@@@@@@@@@@@@@...........................@@@@@@@@..............@@.@@@@@@@@@@@@@@@@........@@@@@@@.............................@@@@@@@@@@@@@.............................@@@@......@@@@@@.......@@@@@........@@@@@@@@.
........@@@@@............@@@@@@@............@@@@@@@@@@@@@@@....................@@@@@@@@@@@@@.............@@@@@@@@@@@@@@@@@@@@........@@@@@@@.............................@@@@@@@@@@@@@.@@..........................@@@@@.....@@@@@@.......@@@@@@.....@@@@@@@@...
.......@@@@@@@@@@@@......@@@@@@@............@@@@@@@@@@@@@@@..................@@@@@@@@@@@@@@@@...........@@@@@@@@@@@@@@@@@@@@@@@.......@@@@@@@.......................@@....@@@@@@@@@@@@@@@..........................@@@@@.....@@@@@@........@@@@@..@@@@@@@@@.....
.......@@@@@@@@@@@@@@@@@@@@@@@.............@@@@@@@@@@@@@@@@..................@@@@@@@@@@@@@@@@.........@@@@@@@@@@@@@@@@@@@@@@@@@.......@@@@@@@@@@...................@@@@@..@@@@@@@@@@@@@@@@..........................@@.......@@@@@@@.......@@@@@@@@@@.@@@@@@....
........@@@@@@@@@@@@@@@@@@@@@@.............@@@@@@@@@@@@@@@@..................@@@@@@@@@@@@@@@@........@@@@@@@@@@@@@@@@@@@@@@@@@@........@@@@@@@@@.................@@@@@@....@@@@@@@@@@@@@@@....................................@@@@@@.......@@@@@@@@@@@@@@@@@....
........@@@@@@@@@@@@@@@@@@@@@@.............@@@@@@@@@@@@@@@....................@@@@@@@@@@@@@..........@@@@@@@@@@@@@@@@@@@@@@@@@@........@@@@@@@@@@..............@@@@@@@@@...@@@@@.@@@@@@@@@@...................................@@@@@@........@@@@@@@@@@.@@@......
..........@@@@@@@@@@@@@@@@@@@..............@@@@@@@@@@@@@@@....................@@@@@....@@............@@@@@@@@@@@@@@@@@@@@@@@@@@.........@@@@@@@@.......@@.....@@@@@@@@@.....@@...@@@@@@@@@@....@@..............................@@@@@@.......@@@@@@@@@...........
.............@@@@@@@@@@@@@@@@................@@@@@@@@@@@@@....................@@@@@..................@@@@@@@@@@@@.....@@@@@@@@@@........@@@@@@@@.....@@@@@.....@@@@@@.............@@@..@@....@@@@@.............................@@@@@@........@@...@.............
.............@@@@..@@@@@.@@........................@@@@@@@...........................................@@@@@@@@@@@@......@@@@@@@@@@........@@@@@@.....@@@@@@.....@@@@@..........................@@@@@............................@@@@@@@..........................
......................@@.............................................................................@@@@@@@@@@@.......@@@@@@@@@@........@@...@......@@@@@@.....@@......................@@...@@@@@@@..........................@@@@@@@@..........................
.....................................................................................................@@@@@..@@.........@@@@@@@@@@@...................@@@@@@...........................@@@@@..@@@@@@@..........................@@@@@@@@@.........................
.....................................................................................................@@@@..............@@@@@@@@@@@....................@@@@@@........................@@@@@@@...@@@@@@...........................@@@@@@@@........................@
.....................................................................................................@@@................@@@@@@@@@@.....................@@@@@.......................@@@@@@@@@..@@@@@............................@@@@@@........................@@@
.........................................................................................................................@@@@@@@@@@.....................@@@@@.......................@@@@@@@@...@@.....@@........................@@.........................@@@@@
..............................................................................................@..........................@@@@@@@@@@.....................@@@@........................@@@@@@@.........@@@@@................................................@@@@@@@
...........................................................................................@@@@...........................@@@@@@@@@@.....................@...........................@@@@@@@@@.......@@@@@.............................................@@@@@@@@@
..........................................................................................@@@@@...........................@@@@@@@@@@..................................................@@@@@@@@.......@@@@@@.......................................@@..@@@@@@@@@.
.........................................................................................@@@@@@......@@@@@................@@@@@@@@@@@..................................................@@@@@@@........@@@@@....................................@@@@@@@@@@@@@@...
........................................................................................@@@@@@@......@@@@@.................@@@@@@@@@@..................................................@@@@@@.........@@@@@@...................................@@@@@@@@@@@@@@...
@@@@@@@@@@@@@@@@@.......................................................................@@@@@@@......@@@@@..................@@@@@@@@@.....................................................@............@@@@@.................................@@.@@@@@@@@@@@@....
@@@@@@@@@@@@@@@@@......................................................................@@@@@@@@......@@@@@..................@@@@@@@@@@.................................................................@@@@................................@@@@@@@@@@.@@@@......
@@@@@@@@@@@@@@@@@@@@...................................................................@@@@@@@@......@@@@@..................@@@@@@@@@@....................................................................@@@...........................@@@@@@@@.@@....@........
@@@@@@@@@@@@@@@@@@@@..................................................................@@@@@@@@@......@@@@@..................@@@@@@@@@@@.........................................................@@....@@@@@@@@.........................@@@@@@@@@@...............
@@@@@@@@@@@@@@@@@@@@..................................................................@@@@@@@@@.......@@@@..................@@@@@@@@@@@.......................................................@@@@....@@@@@@@@.........................@@@@@@@@@................
@@@@@@@@@@@@@@@@@@@@..................................................................@@@@@@@@@.......@@@@..................@@@@@@@@@@@......................................................@@@@@@...@@@@@@@..........................@@@@@@@@.................
@@@@@@@@@@@@@@@@@@@..................@@@@@............................................@@@@@@@@........@@@@...............@@@@@@@@@@@@@.....................................................@@@@@@@@....@@@..............................@@@@@...................
@@@@@@@@@@@@@@@@@@@..................@@@@@@@..........................................@@@@@@@@........@@@@..............@@@@@@@@@@@@......................................................@@@@@@@@@@.....................................@@@@...................
@@@@@@@@@@@@@@@@@@....................@@@@@@@.........................................@@@@@@@@........@@@@..............@@@@@@@@@@@.......................................................@@@@@@@@@@............................................................
@@@@@@...@@@@.........................@@@@@@@@@.......................................@@@@@@@@.........................@@@@@@@@@@@@........................................................@@@@@@@..............................................................
@@@@@@.................................@@@@@@@@@......................................@@@@@@@@........................@@@@@@@@@@@@@........................................................@@@@@.......................@........................................
@@@@@@.................................@@@@@@@@@@.....................................@@@@@@@@.......................@@@@@@@@@@@@@..........................................................@@.......................@@@@................................@@.....
@@@@@@..................................@@@@@@@@@.....................................@@@@@@@@.......................@@@@@@@@@@@....................................................................................@@@@@@.............................@@@@@....
@@@@@@@.................................@@@@@@@@@@....................................@@@@@@@@........................@@@@@@@@@....................................................................................@@@@@@@@....................@......@@@@@@....
@@@@@@@@.................................@@@@@@@@@....................................@@@@@@@@........................@@@@@@@@......................................................................................@@@@@@.@...................@@.....@@@@@@@...
@@@@@@@@.................................@@@@@@@@@@...................................@@@@@@@@.........................@@@@@@@.......................................................................@................@@@.@@@...................@......@@@@@@...
@@@@@@@@..................................@@@@@@@@@...................................@@@@@@@@.........................@@@@@@....................................................................@@@@@@................@.@@@@@@........................@@@@@@@..
@@@@@@@@..@@..............................@@@@@@@@@@..................................@@@@@@@@..........................@@@@...................................................................@@@@@@@@.................@@@@@@@@........................@@@@@@..
@@@@@@@@@@@@@@@@@@.........................@@@@@@@@@.................................@@@@@@@@@..........................@@@.....................................................................@@@@@@.................@@@@@@@@.........................@@@@@@@.
@@@@@@@@@@@@@@@@@@@@@@@@...................@@@@@@@@@@................................@@@@@@@@@...........................@......................................................................@@@@@@..................@@@@@@..........................@@@@@@@.
@@@@@@@@@@@@@@@@@@@@@@@@@@.................@@@@@@@@@@................................@@@@@@@@@...................................................................................................@@@..........@.@........@@@@@.@@...@@...................@@@@@@@
@@@@@@@@@@@@@@@@@@@@@@@@@@..................@@@@@@@@@................................@@@@@@@@@.............@@@@..............................................................................................@@@@.........@@@@@@@@@@@@@...................@@@@@@
@@@@@@@@@@@@@@@@@@@@@@@@@...................@@@@@@@@@@...............................@@@@@@@@.............@@@@@............................................................................................@@@@@@..........@@@@@@@@@@@@@..................@@@@.@
@@@@@@@@@@@@@@@@@@@@@@@@@....................@@@@@@@@@...............................@@@@@@@@............@@@@@@@..........................................................................................@@@@@@@@.........@@@@@@@@@@@@@.......................@
....@@@@@@@@@@@@@@@@@@@@@.....................@@@@@@@@@..............................@@@@@@@@...........@@@@@@@@.........................................................................................@@@@@@@@@@........@@@@@@@@@@@@@........................
.........@@@@@@@@@@@@@@@@.....................@@@@@@@@@@.............................@@@@@@@@...........@@@@@@@@.......................................................................................@@@@@@@@@@.........@@@@@@@@@@@@@.........................
............@@@@@@@@@@@@@......................@@@@@@@@@.............................@@@@@@@@...........@@@@@@@@......................................................................................@@@@@@@@@...........@@@@@..@@@@@..........................
....................@@@@@......................@@@@@@@@@@...........................@@@@@@@@...........@@@@@@@@@.....................................................................................@@@@@@@@@.............@@.....@@@...........................
................................................@@@@@@@@@...........................@@@@@@@@...........@@@@@@@@@......................................................................................@@@@@@.......................@............................
.................................@@.............@@@@@@@@@...........................@@@@@@@@..........@@@@@@@@@@..................................................................@...................@@@@@.....................................................
................................@@@@@............@@@@@@@@@..........................@@@@@@@@..........@@@@@@@@@@................................................................@@@@...................@@@....................................@.................
................................@@@@@@...........@@@@@@@@@..........................@@@@@@@@.........@@@@@@@@@@................................................................@@@@@@...................@....................................@@@................
................................@@@@@@@...........@@@@@@@@@.........................@@@@@@@@.........@@@@@@@@@@......................................@........................@@@@@@@......................@@...............................@@@@@...............
................................@@@@@@@@...........@@@@@@@@.........................@@@@@@@@.........@@@@@@@@@@.....................................@@@.....................@@@@@@@@@@.....................@@@@............................@@@@@@@..............
................................@@@@@@@@...........@@@@@@@@@........................@@@@@@@@.........@@@@@@@@@@...................................@@@@@....................@@@@@@@@@@@@.....................@@..............................@@@@@@@.............
................................@@@@@@@@@..........@@@@@@@@@@.......................@@@@@@@@.........@@@@@@@@@@..................................@@@@@@@.................@@@@@@@@@@@@@@@......................................................@@@@..............
................................@@@@@@@@@...........@@@@@@@@@......................@@@@@@@@@.........@@@@@@@@@..................................@@@@@@@@@...............@@@@@@@@@@@@@@@@@............................@..........................@......@........
................................@@@@@@@@@@..........@@@@@@@@@@.....................@@@@@@@@@.........@@@@@@@@@................................@@@@@@@@@@@@.............@@@@@@@@@@@@@@@@@@@.........................@@@@...................@...........@@@.......
.................................@@@@@@@@@...........@@@@@@@@@.....................@@@@@@@@@.........@@@@@@@@................................@@@@@@@@@@@@@@..........@@@@@@@@@@@@@@@@@@@@@........................@@@@@.........@........@@@.........@@@@.......
.................................@@@@@@@@@@..........@@@@@@@@@.....................@@@@@@@@..........@@@@@@@@...............................@@@@@@@@@@@@@@@.........@@@@@@@@@@@@@@@@@@@@@@@........................@@@@@........@@.......@@@@.......@@@@@@......
..................................@@@@@@@@@...........@@@@@@@@@....................@@@@@@@@..........@@@@@@@.................................@@@@@@@@@@@@@@@.......@@@@@@@@@@@@@@@@@@@@@@@@@........................@@@.........@.......@@@@@@.......@@@@@@@....
..................................@@@@@@@@@@..........@@@@@@@@@@...................@@@@@@@@..........@@@@@@@.................................@@@@@@@@@@@@@@@.....@@@@@@@@@@@@@@@@@@@@@@@@@@@@.....................@.@@...............@@@@@@@@.........@@@@@@@...
..................................@@@@@@@@@@...........@@@@@@@@@@..................@@@@@@@...........@@@@@@..............@@@@.................@@@@@@@@@@@@@@@...@@@@@@@@@@@@@@@@.@@@@@@@@@@@@@@.................@@@@@@..............@@@@@@@@...........@.@@@@...
...................................@@@@@@@@@@...........@@@@@@@@@.................@@@@@@@@...........@@@@@@............@@@@@@@@...............@@@@@@@@@@@@@@@....@@@@@@@@@@@@@.....@@@@@@@@@@@@@...............@@@@@@@.............@@@@@@@@................@@@@.
...................................@@@@@@@@@@...........@@@@@@@@@@................@@@@@@@@............@@@@...........@@@@@@@@@@@@..............@@@@@@@@@@@@@@@...@@@@@@@@@@@@.......@@@@@@@@@@@@@...............@@@@@.............@@@@@@@@@...............@@@@@@
....................................@@@@@@@@@............@@@@@@@@@@...............@@@@@@@@.............@@...........@@@@@@@@@@@@@...............@@@@@@@@@@@@@@....@@@@@@@@@@..........@@@@@@@@@@@@...............@@................@@@@@@@...............@@@@@@@
.....................................@@@@@@@@.............@@@@@@@@@...............@@@@@@@@.........................@@@@@@@@@@@@@@...............@@@@@@@@@@@@@@@....@@@@@@@...........@@@@@@@@@@@@@@..............................@@@@@@@@............@.....@@@@@
.....@@@@.....@@.....................@@@@@@@@@............@@@@@@@@@...............@@@@@@@@........................@@@@@@@@@@@@@@@................@@@@@@@@@@@@@......@@@@@............@@@@@@@@@@@@@@@@...........................@@@@@@@@............@@@@....@@@@
.....@@@@@@@@@@@......................@@@@@@@@.............@@@@@@@@@..............@@@@@@@@.......................@@@@@@@@@@@@@.@@.................@@@@@@@@@@........@@@@............@@@@@@@@@@@@@@@@@@.........................@@@@@@@@...........@@@@@@@....@@@
.....@@@@@@@@@@@......................@@@@@@@@..............@@@@@@@@.............@@@@@@@@@......................@@@@@@@@@@@@@@.....................@@@@@@@@..........@.............@@@@@@@@@@@@@@@@@@@@.......................@@@@@@@@@@.........@@@@@@@......@@
.....@@@@@@@@@@@.......................@@@@@@@..............@@@@@@@@@............@@@@@@@@@.....................@@@@@@@@@@@@@@......................@@@@@@..........................@@@@@@@@@@@@@@@@@@@@@................@.....@@@@@@@@@.........@@@@@@@........@
.....@@@@@@@@@@@........................@@@@@@...............@@@@@@@@@...........@@@@@@@@@....................@@@@@@@@@@@@@@@.......................@@@@..........................@@@@@@@@@@@@@@@@@@@@@@@@.............@@@@..@@@@@@@@@..........@@@@@@..........
.....@@@@@@@@@@@..........................@@@................@@@@@@@@@@..........@@@@@@@@@...................@@@@@@@@@@@@@@@.........................@...........................@@@@@@@@@@@@@@.@@@@@@@@@@@............@@@@@..@@@@@@@@.........@@@@@@@@.........
.....@@@@@@@@@@@...........................@.................@@@@@@@@@@..........@@@@@@@@@...................@@@@@@@@@@@@@@@.....................................................@@@@@@@@@@@@@@..@@@@@@@@@@@..........@@@@@@@..@@@@.@.........@@@@@@@@@.........
.....@@@@@@@@@@@..............................................@@@@@@@@@@........@@@@@@@@@@..................@@@@@@@@@@@@@@@.....................................................@@@@@@@@@@@@@@....@@@@@@@@@@@...........@@@@@...@.............@@@@@@@@..........
.....@@@@@@@@@@@..............................................@@@@@@@@@@@......@@@@@@@@@@.................@.@@@@@@@@@@@@@@.......................................................@@@@@@@@@@@@@......@@@@@@@@@@@........@@@@@@@...............@@@@@@@@@..........
.....@@@@@@@@@@@..............................................@@@@@@@@@@@@...@@@@@@@@@@@@.................@@@@@@@@@@@@@@@.........................................................@@@@@@@@@@@........@@@@@@@@@@@........@@@@@...............@.@@@@@@@...........
.....@@@@@@@@@@@...............................................@@@@@@@@@@@@@@@@@@@@@@@@@@.................@@@@@@@@@@@@@@............................................................@@@@@@@@..........@@@@@@@@@@@........@@@...............@@@@@@@@@............
.....@@@@@@@@@@@................................................@@@@@@@@@@@@@@@@@@@@@@@@@.................@@@@@@@@@@@@@..............................................................@@@@@@@.........@@@@@@@@@@@@@........@...............@@@@@@@@@.............
.....@@@@@@@@@@@................................................@@@@@@@@@@@@@@@@@@@@@@@@..................@@@@@@@@@@@.................................................................@@@@@..........@@@@@@@@@@@@@@.....................@@@@@@@@.@..............
.....@@@@@@@@@@@..................................@@@@...........@@@@@@@@@@@@@@@@@@@@@@@..................@@@@@@@@@@....................................................................@@@.........@@@@@@@@@@@@@@@@@...................@@@@@@@.................
.....@@@@@@@@@@@............................@@@@@@@@@@@@..........@@@@@@@@@@@@@@@@@@@@@............@.........@@@.........................................................................@.........@@@@@@@@@@@@@@@@@@@.................@@@@@@@..................
.....@@@@@@@@@@@..........................@@@@@@@@@@@@@@...........@@@@@@@@@@@@@@@@@@@...........@@@@@.............................................................................................@@@@@@@@@@@@@@@@@@@@................@@@@@@...................
.....@@@@@@@@@@@........................@@@@@@@@@@@@@@@@............@@@@@@@@@@@@@@@@@...........@@@@@@............................................................................................@@@@@@@@@@@@@@@@@@@@................@@@@@.....................
......@@@@@@@@@@.......................@@@@@@@@@@@@@@@@@..............@@@@@@@@@@@@@............@@@@@@@@.....................@@@@@@@@@@...........................................................@@@@@@@@@@@@@@@@@@@@..................@@@......................
......@@@@@@@@@@.....................@@@@@@@@@@@@@@@@@@@................@@@@@@@@@@.............@@@@@@@@@.................@@@@@@@@@@@@@@@@@@@....................................................@@@@@@@@@@@@@@@.@@@@@....................@......................
......@@@@@@@@@@..................@@@@@@@@@@@@@@@@@@@@@.......................................@@@@@@@@@@@..............@@@@@@@@@@@@@@@@@@@@@@@..................................................@@@@@@@@@@@@@@@..@@@............................................
......@@@@@@@@@@..................@@@@@@@@@@@@@@@@@@@@........................................@@@@@@@@@@@@.............@@@@@@@@@@@@@@@@@@@@@@@@@...............................................@@@@@@@@@@@@@@@....@.............................................
......@@@@@@@@@@..................@@@@@@@@@@@@@@@@@@@.........................................@@@@@@@@@@@@.............@@@@@@@@@@@@@@@@@@@@@@@@@@.................................@@............@@@@@@@@@@@@@...................................................
......@@@@@@@@@@.................@@@@@@@@@@@@@@@@@@...........................................@@@@@@@@@@@@.............@@@@@@@@@@@@@@@@@@@@@@@@@@...............................@@@@@............@@@@@@@@@@@....................................................
......@@@@@@@@@@.................@@@@@@@@@@@@@@@@@............@@@.............................@@@@@@@@@@@@.............@@@@@@@@@@@@@@@@@@@@@@@@@.............................@@.@@@@@@.............@@@@@@@@@.............................................@......
......@@@@@@@@@@.................@@@@@@@@@@@@@@@@@@.........@@@@@@@...........................@@@@@@@@@@@@@............@@@@@@@@@@@@@@@@@@@@@@@@@............................@@@@@@@@@@@.............@@@@@@@............................................@.@@.....
......@@@@@@@@@@.................@@@@@@@@@@@@.@@@@@.........@@@@@@@@@.........................@@@@@@@@@@@@@.................@@@@@@@@@@@@@@@@@@@@.........................@@.@@@@@@@@@@@..............@@@@@............................................@@@@@@@...
......@@@@@@@@@@.................@@@@@@@@@@@..@@@@..........@@@@@@@@@@@.......................@@@@@@@@@@@@@.....................@@@@@@@@@@@@@..........................@@@@@@@@@@@@@@@@@@..............@@@...........................................@@@@@@@@@..
......@@@@@@@@@@...................@@@@@@@..................@@@@@@@@@@@@.......................@@@@@@@@@@@@...........................................................@@@@@@@@@@@@@@@@@@@@..............@............................................@@@@@@@@...
......@@@@@@@@@@......................@@.....................@@@@@@@@@@@@......................@@@@@@@@@@@@............................................................@@@@@@@@@@@@@@@@@@@@.........................................................@@@@@@@@....
......@@@@@@@@@@.............................................@@@@@@@@@@@@@.....................@@@@@@@@@@@@............................................................@@@@@@@@@@@@@@@@@@@@@@.........................................................@@@@......
......@@@@@@@@@@..............................................@@@@@@@@@@@@@@...................@@@@@@@@@@@@.............................................................@@@@@@@@@@@@@@@@@@@@@@..................................................................
......@@@@@@@@@@..............................................@@@@@@@@@@@@@@@..................@@@@@@@@@@@@..............................................................@@@@@@@@@.@@@@@@@@@@@@.................................................................
......@@@@@@@@@@...............................................@@@@@@@@@@@@@@..................@@@@@@@@@@@@...............................................................@@@.@@....@@@@@@@@@@@@................................................................
...................................................@............@@@@@@@@@@@@@@..................@@@@@@@@@@@..........................................................................@@@@@@@@@@@@...............................................................
..............................................@@@@@@@@...........@@@@@@@@@@@@@@.................@@@@@@@@@@@...............@@@@@.@@@...................................................@@@@@@@@@@@@..............................................................
............................................@@@@@@@@@@............@@@@@@@@@@@@@@.................@@@@@@@@@................@@@@@@@@@@...................................................@@@@@@@@@@@@.............................................................
..........................................@@@@@@@@@@@@.............@@@@@@@@@@@@@@.................@@@@@@@@................@@@@@@@@@@@@@@.................................................@@@@@@@@@.............................................................@
.........................................@@@@@@@@@@@@@...............@@@@@@@@@@@@..................@@@@@@.................@@@@@@@@@@@@@@@...........................@......................@@@@@@@@.............................................................
........................................@@@@@@@@@@@@@@................@@@@@@@@@@@...................@@@@@................@@@@@@@@@@@@@@@@@@........................@@@@.....................@@@@@@@@.@......................................@@@.................
.......................................@@@@@@@@@@@@@@..................@@@@@@@@@@@...................@@@.................@@@@@@@@@@@@@@@@@@@@@....................@@@@@@@..................@@@@@@@@@@@@.................................@.@@@@@@................
......................................@@@@@@@@@@@@@@@...................@@@@@@@@@@.........................................@@@@@@@@@@@@@@@@@@@...................@@@@@@@@@@.................@@@@@@@@@@@@..............................@@@@@@@@@@@...............
.....................................@@@@@@@@@@@@@@@......................@@@@@@@...........................................@@@@@@@@@@@@@@@@@@@.................@@@@@@@@@@@@@................@@@@@@@@@@@@..........................@@@@@@@@@@@@@@@@.............
.....................................@@@@@@@@@@@@@@.........................@@@@@.............................................@@@@@@@@@@@@@@@@@@@..............@@@@@@@@@@@@@@@@..............@@@@@@@@@@@@@.......................@@@@@@@@@@@@@@@@@@@............
....................................@@@@@@@@@@@@@@.............................................................................@@@@@@@@@@@@@@@@@@@..............@@@@@@@@@@@@@@@@@.........@@@@@@@@@@@@@@@.......................@@@@@@@@@@@@@@@@@@@@@...........
...................................@@@@@@@@@@@@@@@................................................................................@@@@@@@@@@@@@@@@................@@@@@@@@@@@@@@@@......@@@@@@@@@@@@@@@........................@@@@@@@@@@@@@..@@@@@@............
...................................@@@@@@@@@@@@@@...........@@@@@@..................................................................@@@@@@@@@@@@@...................@@@@@@@@@@@@@@....@@@@@@@@@@@@@.@........................@@@@@@@@@@@@@@...@@@@@@@...........
.................................@@@@@@@@@@@@@@@..........@@@@@@@@@....................................................................@@@@@@@@@@.....................@@@@@@@@@@@@..@@@@@@@@@@@@@@.........................@@@@@@@@@@@@@.......@@@@@@@@.........
.................................@@@@@@@@@@@@@@...........@@@@@@@@@..........................................@@@@@@@......................@@@@@@.......................@@@@@@@@@@@@@@@@@@@@@@@@@@@@.......................@@@@@@@@@@@..........@@@@@@@@@........
.................................@@@@@@@@@@@@............@@@@@@@@@@..................@@@@...................@@@@@@@@@@.........................@.........................@@@@@@@@@@@@@@@@@@@@@@@@@.........................@@@@@@@@@............@@@@@@@@........
.......................@@........@@@@@@@@@@...............@@@@@@@@@.................@@@@@@@.................@@@@@@@@@@@@@.................................................@@@@@@@@@@@@@@@@@@@@@@.......................@@@@@@@@@@@@..............@@@@@@@@.......
..............@@@@.@@@@@@.........@@@@@@@@................@@@@@@@@@@@..............@@@@@@@@.................@@@@@@@@@@@@@..................................................@@@@@@@@@@@@@@@@@@@.......................@@@@@@@@@@@@@................@@@@@@........
..........@@@@@@@@@@@@@@@..........@@@@...................@@@@@@@@@@@@.............@@@@@@@@..................@@@@@@@@@@@@@...................................................@@@@@@@@@@@@@@@........................@@@@@@@@@@@@@.................@@@@@@@.......
.......@@@@@@@@@@@@@@@@@@..................................@@@@@@@@@@@.............@@@@@@@@...................@@@@@@@@@@@@@...................................................@.@@@@@@@@@@.........................@@@@@@@@@@@@....................@@@@@@.......
.@@@@@@@@@@@@@@@@@@@@@@@...................................@@@@@@@@@@@@...........@@@@@@@@@...................@@@@@@@@@@@@@@@...................................................@@@@@@@@..........................@@@@@@@@@@@@......................@@@@@.......
.@@@@@@@@@@@@@@@@@@@@@@@...................................@@@@@@@@@@@@...........@@@@@@@@@...................@@@@@@@@@@@@@@@@...................................................@@@@@@@........................@@@@@@@@@@@@.......................@@@@@@@......
.@@@@@@@@@@@@@@@@@@@@@@@...................................@@@@@@@@@@@@@..........@@@@@@@@@....................@@@@@@@@@@@@@@@@....................................................@@@@........................@@@@@@@@@@@@......................@@@@@@@@.......
.@@@@@@@@@@@@@@@@@@@@@@@....................................@@@@@@@@@@@@..........@@@@@@@@@@.....................@@@@@@@@@@@@@@@....................................................@..........................@@@@@@@@@@.......................@@@@@@@@@.......
.@@@@@@@@@@@@@@@@@@@@@......................................@@@@@@@@@@@...........@@@@@@@@@@.....................@@@@@@@@@@@@@@@@...............................................................................@@@@@@@........................@@@@@@@@@........
.@@@@@@@@@@@@@@@@@...........................................@@@@@@@@@@@.........@@@@@@@@@@@......................@@@@@@@@@@@@@@@@...........................................................................@@@@@@@@@.........................@@@@@@@..........
.@@@@@@@@@@@@@...............................................@@@@@@@@@@@.........@@@@@@@@@@@.........@@@............@@@@@@@@@@@@@@.........................................................................@@@@@@@@@@.........................@@@@@@@@@.........
.@@@@@@@.....................................................@@@@@@@@@@@.........@@@@@@@@@@@........@@@@@..............@@@@@@@@@@@........................................................................@@@@@@@@@.........................@@@@@@@@@@..........
@@@@@@......................@.................................@@@@@@@@@@@........@@@@@@@@@@@........@@@@@@..............@@@@@@@@@@..................................................................@@@@@@@@@@@@@@.........................@@@@@@@@@............
@@@@@@.....................@@..................................@@@@@@@@@.........@@@@@@@@@@@.......@@@@@@@@@.............@@@@@@@@...................................................................@@@@@@@@@@@@@@@......................@@@@@@@@@@.............
@@@@@@@@...................@....................................@@@@@@@@.........@@@@@@@@@@@.......@@@@@@@@@.................@@@....................................................................@@@@@@@@@@@@@@.....................@@@@@@@@@@@..............
@@@@@@@@........................................................@@@@@@@@.........@@@@@@@@@@........@@@@@@@@@........................................................................................@@@@@@@@@@@@......................@@@@@@@@@@@...............
@@@@@@@@.........................................................@@@@@@@.........@@@@@@@@@@........@@@@@@@@@@.......................................................................................@@@@@@@@@.@......................@@@@@@@@@@@...............@
@@@@@@@..............@.............................................@@@@@..........@@@@@@@@@........@@@@@@@@@@.......................................................................................@@@@@@@@.......................@@@@@@@@@@@@................@
@@@@@@@.............@@@@............................................@@@...........@@@@@@@@@........@@@@@@@@@@@............................................................................@@@@@@@@@@@@@@..........................@@@@@@@@@@@..................@
@@@@@@@............@@@@@@@@.......................................................@@@@@@@@@........@@@@@@@@@@@.....................................................................@@@@.@@@@@@@@@@@@.............................@@@@@@@@@@@..................@@
@@@@@@@............@@@@@@@@@@.....................................................@@@@@@@@.........@@@@@@@@@@@....................................................................@@@@@@@@@@@@@@@@@@.....................@@@@@@@@@@@@@@@@@....................@@
@@@@@@@...........@@@@@@@@@@.......................................................@@@@@@..........@@@@@@@@@@@.................................................................@@@@@@@@@@@@@@@@@@@@@....................@@@@@@@@@@@@@@@@...................@@...
@@@@@@@..........@@@@@@@@@.........................................................@@@@@@..........@@@@@@@@@@@.................................................................@@@@@@@@@@@@@@@@@@@@@....................@@@@@@@@@@@@@@@@...................@@@@.
@@@@@@..........@@@@@@@@@..............@@...@@.......................................@@.............@@@@@@@@@@@.............................................................@.@@@@@@@@@@@@@@@@@@@@@@....................@@@@@@@@@@@@@@@...................@@@@@@
@@@@@@.........@@@@@@@@@@.............@@@@@@@@@@....................................................@@@@@@@@@@@...........................................................@@@@@@@@@@@@@@@@@@@@.@@@@@....................@@@@@@@@@@@@@.....................@@@@@@
@@@@@@@@.......@@@@@@@@@..............@@@@@@@@@@@@..................................................@@@@@@@@@@@........................................................@.@@@@@@@@@@@@@..................................@@@@@@@@@.@......................@@@@@@@
@@@@@@@@@@@@..@@@@@@@@@..............@@@@@@@@@@@@@@@@................................................@@@@@@@@@@.......................................................@@@.@@@@@@@.........................................@@@@@@.........................@@@@@@.
@@@@@@@@@@@@@@@@@@@@@@...............@@@@@@@@@@@@@@@@@@@@............................................@@@@@@@@@@.......................................................@@@@@@@@@@@.......................................................................@@@@@@@.
@@@@@@@@@@@@@@@@@@@@@@..............@@@@@@@@@@@@@@@@@@@@@@@...........................................@@@@@@@@@......................................................@@@@@@@@@@@...............................................................@.........@@@@@..
@@@@@@@@@@@@@@@@@@@@@@..............@@@@@@@@@@@@@@@@@@@@@@............................................@@@@@@@@@.......................................................@@@@@@@@@...............................................................@@@@........@@@@..
@@@@@@@@@@@@@@@@@@@@@..............@@@@@@@@@@@@@@@@@@@@@@@............................................@@@@@@@@@......................................................@@@@@@.@...........@.....................................................@@@@@......@@@@@..
....@@@@@@@@@@@@@@@@...............@@@@@@@@@@@@@@@@@@@@@@..............................................@@@@@@@@.....................................................@@@@@@..........@..@@@.....................@............................@@@@@@.....@.@@@@...
......@@@@@@@@@@@@@@..............@@@@@@@@@@@@@@@@@@@@@@@@@.............................................@@@@@@.....................................................@@@@@@..........@@@@@@@@...................@@@...........................@@@@@@....@@@@@@@...
.........@@@@@@@@@@...............@@@@@@@@@@@@@@@@@@@@@@@@@@@............................................@@@@......................................................@@@@@@............@@@@@@@.................@@@@@@.....................@@@@@@@@@.....@@@@@@....
.............@@@@@..................@@@@@@@@@@@@@@@@@@@@@@@@@@@...........................................@@........................................................@@@@@@..........@@@@@@@@@...............@@@@@@@@..................@.@@@@@@@@@.....@@@@@@....
.................@....................@@@@@@@@@@@@@@@@@@@@@@@@@@@...................................................................................................@@@@@@@@........@@@@@@@@@@..............@@@@@@@...................@@@@@@@..@.....@@@@@@.....
........................................@@@@@@@@@@@@@@@@@@@@@@@@@@@..................................................................................................@@@@@@@@......@@@@@@@@@@..............@@@@@@@@................@.@@@@@@@.........@@@@@@.....
...........................................@@@@@@@@@@@@@@@@@@@@@@@@@@.................................................................................................@@@@@@@@......@@@@@@@@..............@@@@@@@@.................@@@.@@@@@.......@@..@@@......
....................................@........@@@@@@@@@@@@@@@@@@@@@@@@@@..............................................................................................@@@@@@@@@@......@@@@@@..............@@@@@@@@.................@@@@@@.@@........@@@@..@......
...................................@@@..........@@@@@@@@@@@@@@@@@@@@@@@@@.............................................................................................@@@@@@@@@@......@@@@@.............@@@@@@@@..................@@@@@...........@@@@@@@.......
...................................@@@............@@@@@@@@@@@@@@@@@@@@@@@@@.............................................................................................@.@@@@@........@@@.............@@@@@@@@@.................@@@@@@............@@@@@@.......
..................................@@@...............@@@@@@@@@@@@@@@@@@@@@@@@@............................................................................................@@@@@@@........@..............@@@@@@@@.............@....@@@@@............@@@@@@........
..................................@@@.................@@@@@@@@@@@@@@@@@@@@@@@@@...........................................................................................@@@@@@@@....................@@@@@@@@.............@@@@...@@@@.........@..@@@@@@........
@@@@...............................@.......@............@@@@@@@@@@@@@@@@@@@@@@@@@..........................................................................................@@@@@@@..................@@@@@@@@@.............@@@@@@@...@.........@@@@@@@@@.........
@@@@......................................@@@.............@@@@@@@@@@@@@@@@@@@@@@@@@..........................................................................................@@@@@.................@@@@@@@.@..............@@@@@@@@............@@@@@@@@..........
@@@@....................................@@@@@...............@@@@@@@@@@@@@@@@@@@@@@@@@......................................................................................@.@@@@@................@@@@@@@@...............@@@@@@@@............@@@@@@@@@..........
@@@@..................................@@@@@@@@................@@@@@@@@@@@@@@@@@@@@@@@@@................................................................@@.................@@@@@@@@................@@@@@@@@.................@@@@@@............@@@@@@@............
....................................@@@@@@@@@@@.................@@@@@@@@@@@@@@@@@@@@@@@@@.............................................................@@@@@...............@@@@@@@...............@.@@@@@@@....................@@.............@@@@@@@@............
..................................@@@@@@@@@@@@....................@@@@@@@@@@@@@@@@@@@@@@@@@......................@@................................@.@@@@@@@.@...........@@@@@@@...............@@@@@@@@@......................@..............@@@@@@.............
...................................@@@@@@@@@@@@.....................@@@@@@@@@@@@@@@@@@@@@@@@@...................@@@...............................@@@@@@@@@@@@@..........@@@@@@@@.............@@@@@@@@@@.......................................@@@@.............
....................................@@@@@@@@@@@@........@.............@@@@@@@@@@@@@@@@@@@@@@@@@................@@@@@..............................@@@@@@@@@@@@@@.......@.@@@@@@@..............@@@@@@@@@..............@...........................@..............
....................................@@@@@@@@@@@@........@@..............@@@@@@@@@@@@@@@@@@@@@@..................@@@@@............................@@@@@@@@@@@@@@@@@....@@@@@@@@@@...........@.@@@@@@@@@..............@@@@........................................
.....................................@@@@@@@@@@@@......@@@@@..............@@@@@@@@@@@@@@@@@@@@................@@@@@@@@...........................@@@@@@@.@@@@@@@@@@...@@@@@@@@@...........@@@@@@@@@@@...............@@@@@@......................................
.....................................@@@@@@@@@@@@......@@@@@@@..............@@@@@@@@@@@@@@@@@@...@@..........@@@@@@@@@@.........................@@@@@@@...@@@@@@@@@@.@@@@@@@@@...........@@@@@@@@@@@...............@@@@@@.......................................
.....................................@@@@@@@@@@@@@.....@@@@@@@@@..............@@@@@@@@@@@@@@@@...@@@.......@@@@@@@@@@@@@.......................@@@@@@@@....@@@@@@@@@@@@@@@@@.............@@@@@@@@@@...............@@@@@@@.......................................
@@@@@@@@@@@@@@@@@@@@@@@@@@@@@.........@@@@@@@@@@@@......@@@@@@@@@@..............@@@@@@@@@@@@@...@@@@@@....@@@@@@@@@@@@@@@.....................@@@@@@.@......@@@@@@@@@@@@@@@.............@@@@@@..@@.................@@@@@.....................................@@.
@@@@@@@@@@@@@@@@@@@@@@@@@@@@@.........@@@@@@@@@@@@@.....@@@@@@@@@@@@..............@@@@@@@@@@@...@@@@@@@@@...@@@@@@@@@@@@@......................@@@@@@.........@@@@@@@@@@@@@............@@@@@@@@...................@@@@@@.....................................@@@
@@@@@@@@@@@@@@@@@@@@@@@@@@@@@..........@@@@@@@@@@@......@@@@@@@@@@@@@@.....@@....@@@@@@@@@@@....@@@@@@@@@@@..@@@@@@@@@@@@@....................@@@@@@...........@.@@@@@@@.@............@@@@@@@@......................@@@................@....................@@@@
@@@@@@@@@@@@@@@@@@@@@@@@@@@@@..........@@@@@@@@@@@@.....@@@@@@@@@@@@@@@@...@@@@@.@@@@.@@@@@@....@@@@@@@@@@....@@@@@@@@@@@@@..................@@@@@@@...............@@@@..............@@@@@@@@.........................@................@@@@.................@@@@
@@@@@@@@@@@@@@@@@@@@@@@@@@@@@@@.........@@@@@@@@@@@.......@@@@@@@@@@@@@@@@@@@@@@@@@@@@@.@@@@...@@@@@@@@@@@.....@@@@@@@@@@@@@.................@@@@@@.................@@..............@@@@@@@@.......................@..................@@@@@@@..............@@@@@
@@@@@@@@@@@@@@@@@@@@@@@@@@@@@@@.........@@@@@@@@@@@@........@@@@@@@@@@@@@@@@@@@@@@@@@@@@@@@@@..@@@@@@@@@@......@@@@@@@@@@@@@@...............@@@@@@.................................@@@@@@@@................@@......@@@..................@@@@@@@............@@@@@
[LNS] Number of agents: 200
[LNS] Agents (start -> goal):
  Agent 0: (254,168) -> (154,93)
  Agent 1: (233,40) -> (227,192)
  Agent 2: (96,16) -> (37,254)
  Agent 3: (17,20) -> (220,186)
  Agent 4: (197,237) -> (116,29)
  Agent 5: (21,65) -> (110,107)
  Agent 6: (232,189) -> (23,35)
  Agent 7: (8,148) -> (129,93)
  Agent 8: (197,4) -> (180,9)
  Agent 9: (196,105) -> (129,156)
  Agent 10: (179,0) -> (253,174)
  Agent 11: (191,52) -> (44,241)
  Agent 12: (127,34) -> (239,251)
  Agent 13: (25,253) -> (224,74)
  Agent 14: (14,34) -> (100,114)
  Agent 15: (203,215) -> (4,1)
  Agent 16: (41,44) -> (23,144)
  Agent 17: (234,32) -> (107,223)
  Agent 18: (214,127) -> (222,132)
  Agent 19: (176,1) -> (254,149)
  Agent 20: (253,161) -> (130,64)
  Agent 21: (52,255) -> (244,67)
  Agent 22: (236,176) -> (11,52)
  Agent 23: (15,7) -> (158,152)
  Agent 24: (208,217) -> (103,208)
  Agent 25: (138,24) -> (98,98)
  Agent 26: (237,185) -> (67,119)
  Agent 27: (204,230) -> (143,8)
  Agent 28: (234,176) -> (216,89)
  Agent 29: (160,248) -> (78,229)
  Agent 30: (223,26) -> (28,158)
  Agent 31: (45,223) -> (253,133)
  Agent 32: (49,37) -> (12,21)
  Agent 33: (47,57) -> (52,4)
  Agent 34: (155,126) -> (175,44)
  Agent 35: (249,21) -> (129,204)
  Agent 36: (167,24) -> (139,51)
  Agent 37: (214,31) -> (39,237)
  Agent 38: (41,247) -> (64,186)
  Agent 39: (94,148) -> (165,164)
  Agent 40: (122,162) -> (238,117)
  Agent 41: (163,37) -> (187,23)
  Agent 42: (2,222) -> (188,72)
  Agent 43: (210,157) -> (179,129)
  Agent 44: (173,118) -> (19,55)
  Agent 45: (24,249) -> (189,61)
  Agent 46: (209,15) -> (245,225)
  Agent 47: (206,18) -> (206,19)
  Agent 48: (203,152) -> (101,75)
  Agent 49: (140,3) -> (7,229)
  Agent 50: (241,29) -> (34,193)
  Agent 51: (62,24) -> (23,120)
  Agent 52: (185,24) -> (202,138)
  Agent 53: (117,206) -> (239,15)
  Agent 54: (199,201) -> (83,160)
  Agent 55: (234,179) -> (32,50)
  Agent 56: (133,48) -> (225,192)
  Agent 57: (70,226) -> (173,190)
  Agent 58: (20,35) -> (46,20)
  Agent 59: (25,133) -> (254,35)
  Agent 60: (245,165) -> (237,116)
  Agent 61: (172,220) -> (49,135)
  Agent 62: (16,215) -> (20,216)
  Agent 63: (123,187) -> (240,143)
  Agent 64: (75,253) -> (207,55)
  Agent 65: (5,182) -> (191,24)
  Agent 66: (0,116) -> (254,172)
  Agent 67: (30,109) -> (255,159)
  Agent 68: (230,31) -> (99,40)
  Agent 69: (167,111) -> (220,241)
  Agent 70: (205,15) -> (79,93)
  Agent 71: (71,90) -> (111,152)
  Agent 72: (101,206) -> (6,99)
  Agent 73: (46,56) -> (255,228)
  Agent 74: (150,23) -> (112,204)
  Agent 75: (208,252) -> (20,21)
  Agent 76: (169,81) -> (181,11)
  Agent 77: (105,62) -> (94,47)
  Agent 78: (201,204) -> (18,39)
  Agent 79: (206,159) -> (80,245)
  Agent 80: (221,181) -> (115,55)
  Agent 81: (198,236) -> (19,105)
  Agent 82: (108,108) -> (43,35)
  Agent 83: (110,159) -> (141,206)
  Agent 84: (228,0) -> (210,222)
  Agent 85: (254,169) -> (104,41)
  Agent 86: (33,20) -> (225,230)
  Agent 87: (127,69) -> (181,227)
  Agent 88: (210,16) -> (238,32)
  Agent 89: (156,130) -> (148,128)
  Agent 90: (51,181) -> (40,178)
  Agent 91: (84,144) -> (12,195)
  Agent 92: (202,44) -> (245,222)
  Agent 93: (27,88) -> (14,81)
  Agent 94: (15,224) -> (234,109)
  Agent 95: (9,105) -> (208,232)
  Agent 96: (0,85) -> (80,190)
  Agent 97: (19,64) -> (21,47)
  Agent 98: (41,175) -> (106,100)
  Agent 99: (174,2) -> (27,175)
  Agent 100: (81,227) -> (110,7)
  Agent 101: (250,135) -> (187,93)
  Agent 102: (112,241) -> (26,111)
  Agent 103: (93,43) -> (91,34)
  Agent 104: (227,202) -> (173,22)
  Agent 105: (162,133) -> (89,157)
  Agent 106: (93,25) -> (245,51)
  Agent 107: (108,80) -> (116,30)
  Agent 108: (108,136) -> (138,113)
  Agent 109: (168,244) -> (79,187)
  Agent 110: (19,255) -> (235,1)
  Agent 111: (254,57) -> (226,235)
  Agent 112: (166,79) -> (121,178)
  Agent 113: (17,63) -> (215,235)
  Agent 114: (177,107) -> (28,11)
  Agent 115: (226,170) -> (61,43)
  Agent 116: (110,175) -> (127,154)
  Agent 117: (43,228) -> (41,113)
  Agent 118: (37,241) -> (234,5)
  Agent 119: (87,174) -> (44,197)
  Agent 120: (195,43) -> (186,86)
  Agent 121: (167,106) -> (3,114)
  Agent 122: (214,113) -> (95,46)
  Agent 123: (255,187) -> (25,26)
  Agent 124: (249,207) -> (57,3)
  Agent 125: (226,2) -> (18,247)
  Agent 126: (131,131) -> (0,58)
  Agent 127: (189,82) -> (22,188)
  Agent 128: (59,40) -> (210,125)
  Agent 129: (81,32) -> (249,172)
  Agent 130: (16,218) -> (11,228)
  Agent 131: (213,62) -> (168,244)
  Agent 132: (146,141) -> (231,75)
  Agent 133: (73,248) -> (66,243)
  Agent 134: (9,233) -> (16,220)
  Agent 135: (154,192) -> (10,5)
  Agent 136: (238,170) -> (133,162)
  Agent 137: (65,84) -> (216,123)
  Agent 138: (195,10) -> (95,80)
  Agent 139: (144,33) -> (252,157)
  Agent 140: (117,241) -> (253,38)
  Agent 141: (87,194) -> (70,101)
  Agent 142: (5,8) -> (61,189)
  Agent 143: (243,177) -> (24,55)
  Agent 144: (226,230) -> (187,244)
  Agent 145: (172,188) -> (25,210)
  Agent 146: (163,4) -> (52,219)
  Agent 147: (112,27) -> (181,133)
  Agent 148: (17,253) -> (197,52)
  Agent 149: (201,159) -> (34,1)
  Agent 150: (98,45) -> (76,25)
  Agent 151: (89,33) -> (229,173)
  Agent 152: (32,12) -> (49,221)
  Agent 153: (102,152) -> (249,121)
  Agent 154: (93,23) -> (255,158)
  Agent 155: (1,92) -> (235,14)
  Agent 156: (99,159) -> (117,203)
  Agent 157: (208,213) -> (3,251)
  Agent 158: (248,62) -> (151,148)
  Agent 159: (75,155) -> (118,111)
  Agent 160: (209,116) -> (3,83)
  Agent 161: (117,105) -> (169,227)
  Agent 162: (49,125) -> (59,43)
  Agent 163: (17,82) -> (25,50)
  Agent 164: (235,178) -> (44,111)
  Agent 165: (202,42) -> (232,212)
  Agent 166: (119,186) -> (93,52)
  Agent 167: (159,243) -> (168,226)
  Agent 168: (232,211) -> (29,84)
  Agent 169: (86,9) -> (221,196)
  Agent 170: (255,205) -> (79,35)
  Agent 171: (121,27) -> (244,122)
  Agent 172: (27,161) -> (236,19)
  Agent 173: (63,65) -> (208,212)
  Agent 174: (179,198) -> (45,112)
  Agent 175: (240,114) -> (248,205)
  Agent 176: (30,2) -> (233,209)
  Agent 177: (186,25) -> (14,222)
  Agent 178: (57,170) -> (111,218)
  Agent 179: (199,209) -> (199,189)
  Agent 180: (87,176) -> (134,195)
  Agent 181: (253,148) -> (218,13)
  Agent 182: (231,176) -> (58,56)
  Agent 183: (28,98) -> (119,80)
  Agent 184: (240,116) -> (216,98)
  Agent 185: (29,197) -> (75,164)
  Agent 186: (254,163) -> (172,4)
  Agent 187: (119,116) -> (20,45)
  Agent 188: (211,153) -> (239,129)
  Agent 189: (254,175) -> (120,84)
  Agent 190: (79,197) -> (98,72)
  Agent 191: (31,26) -> (27,32)
  Agent 192: (248,206) -> (25,29)
  Agent 193: (47,225) -> (152,145)
  Agent 194: (240,133) -> (66,222)
  Agent 195: (218,33) -> (48,208)
  Agent 196: (125,103) -> (151,77)
  Agent 197: (255,106) -> (235,124)
  Agent 198: (58,201) -> (81,63)
  Agent 199: (15,23) -> (207,146)
[LNS] Base makespan: 521

[LNS] === Attempt with max_timesteps=521 ===
[SAT] Creating MDDs with shortest paths + waiting time...
[SAT] Created 200 MDDs with waiting time structure
[LNS] Built MDDs with waiting time structure for 200 agents at makespan 521
[Current_Solution] Calculating waiting times for agents...
[Current_Solution] Agent 199 reaches goal at t=315, waiting time=206
[Current_Solution] Agent 198 reaches goal at t=201, waiting time=320
[Current_Solution] Agent 197 reaches goal at t=42, waiting time=479
[Current_Solution] Agent 196 reaches goal at t=116, waiting time=405
[Current_Solution] Agent 195 reaches goal at t=391, waiting time=130
[Current_Solution] Agent 194 reaches goal at t=281, waiting time=240
[Current_Solution] Agent 193 reaches goal at t=203, waiting time=318
[Current_Solution] Agent 192 reaches goal at t=488, waiting time=33
[Current_Solution] Agent 191 reaches goal at t=10, waiting time=511
[Current_Solution] Agent 190 reaches goal at t=188, waiting time=333
[Current_Solution] Agent 189 reaches goal at t=429, waiting time=92
[Current_Solution] Agent 188 reaches goal at t=52, waiting time=469
[Current_Solution] Agent 187 reaches goal at t=170, waiting time=351
[Current_Solution] Agent 186 reaches goal at t=457, waiting time=64
[Current_Solution] Agent 185 reaches goal at t=101, waiting time=420
[Current_Solution] Agent 184 reaches goal at t=42, waiting time=479
[Current_Solution] Agent 183 reaches goal at t=109, waiting time=412
[Current_Solution] Agent 182 reaches goal at t=441, waiting time=80
[Current_Solution] Agent 181 reaches goal at t=474, waiting time=47
[Current_Solution] Agent 180 reaches goal at t=66, waiting time=455
[Current_Solution] Agent 179 reaches goal at t=20, waiting time=501
[Current_Solution] Agent 178 reaches goal at t=102, waiting time=419
[Current_Solution] Agent 177 reaches goal at t=377, waiting time=144
[Current_Solution] Agent 176 reaches goal at t=492, waiting time=29
[Current_Solution] Agent 175 reaches goal at t=303, waiting time=218
[Current_Solution] Agent 174 reaches goal at t=220, waiting time=301
[Current_Solution] Agent 173 reaches goal at t=396, waiting time=125
[Current_Solution] Agent 172 reaches goal at t=351, waiting time=170
[Current_Solution] Agent 171 reaches goal at t=218, waiting time=303
[Current_Solution] Agent 170 reaches goal at t=436, waiting time=85
[Current_Solution] Agent 169 reaches goal at t=432, waiting time=89
[Current_Solution] Agent 168 reaches goal at t=410, waiting time=111
[Current_Solution] Agent 167 reaches goal at t=26, waiting time=495
[Current_Solution] Agent 166 reaches goal at t=160, waiting time=361
[Current_Solution] Agent 165 reaches goal at t=340, waiting time=181
[Current_Solution] Agent 164 reaches goal at t=402, waiting time=119
[Current_Solution] Agent 163 reaches goal at t=40, waiting time=481
[Current_Solution] Agent 162 reaches goal at t=92, waiting time=429
[Current_Solution] Agent 161 reaches goal at t=174, waiting time=347
[Current_Solution] Agent 160 reaches goal at t=241, waiting time=280
[Current_Solution] Agent 159 reaches goal at t=89, waiting time=432
[Current_Solution] Agent 158 reaches goal at t=241, waiting time=280
[Current_Solution] Agent 157 reaches goal at t=341, waiting time=180
[Current_Solution] Agent 156 reaches goal at t=62, waiting time=459
[Current_Solution] Agent 155 reaches goal at t=312, waiting time=209
[Current_Solution] Agent 154 reaches goal at t=481, waiting time=40
[Current_Solution] Agent 153 reaches goal at t=192, waiting time=329
[Current_Solution] Agent 152 reaches goal at t=264, waiting time=257
[Current_Solution] Agent 151 reaches goal at t=434, waiting time=87
[Current_Solution] Agent 150 reaches goal at t=42, waiting time=479
[Current_Solution] Agent 149 reaches goal at t=325, waiting time=196
[Current_Solution] Agent 148 reaches goal at t=405, waiting time=116
[Current_Solution] Agent 147 reaches goal at t=187, waiting time=334
[Current_Solution] Agent 146 reaches goal at t=382, waiting time=139
[Current_Solution] Agent 145 reaches goal at t=221, waiting time=300
[Current_Solution] Agent 144 reaches goal at t=65, waiting time=456
[Current_Solution] Agent 143 reaches goal at t=487, waiting time=34
[Current_Solution] Agent 142 reaches goal at t=237, waiting time=284
[Current_Solution] Agent 141 reaches goal at t=130, waiting time=391
[Current_Solution] Agent 140 reaches goal at t=357, waiting time=164
[Current_Solution] Agent 139 reaches goal at t=436, waiting time=85
[Current_Solution] Agent 138 reaches goal at t=170, waiting time=351
[Current_Solution] Agent 137 reaches goal at t=190, waiting time=331
[Current_Solution] Agent 136 reaches goal at t=121, waiting time=400
[Current_Solution] Agent 135 reaches goal at t=345, waiting time=176
[Current_Solution] Agent 134 reaches goal at t=20, waiting time=501
[Current_Solution] Agent 133 reaches goal at t=14, waiting time=507
[Current_Solution] Agent 132 reaches goal at t=151, waiting time=370
[Current_Solution] Agent 131 reaches goal at t=245, waiting time=276
[Current_Solution] Agent 130 reaches goal at t=15, waiting time=506
[Current_Solution] Agent 129 reaches goal at t=464, waiting time=57
[Current_Solution] Agent 128 reaches goal at t=236, waiting time=285
[Current_Solution] Agent 127 reaches goal at t=273, waiting time=248
[Current_Solution] Agent 126 reaches goal at t=204, waiting time=317
[Current_Solution] Agent 125 reaches goal at t=481, waiting time=40
[Current_Solution] Agent 124 reaches goal at t=482, waiting time=39
[Current_Solution] Agent 123 reaches goal at t=517, waiting time=4
[Current_Solution] Agent 122 reaches goal at t=190, waiting time=331
[Current_Solution] Agent 121 reaches goal at t=202, waiting time=319
[Current_Solution] Agent 120 reaches goal at t=52, waiting time=469
[Current_Solution] Agent 119 reaches goal at t=78, waiting time=443
[Current_Solution] Agent 118 reaches goal at t=451, waiting time=70
[Current_Solution] Agent 117 reaches goal at t=155, waiting time=366
[Current_Solution] Agent 116 reaches goal at t=38, waiting time=483
[Current_Solution] Agent 115 reaches goal at t=452, waiting time=69
[Current_Solution] Agent 114 reaches goal at t=245, waiting time=276
[Current_Solution] Agent 113 reaches goal at t=400, waiting time=121
[Current_Solution] Agent 112 reaches goal at t=144, waiting time=377
[Current_Solution] Agent 111 reaches goal at t=386, waiting time=135
[Current_Solution] Agent 110 reaches goal at t=498, waiting time=23
[Current_Solution] Agent 109 reaches goal at t=146, waiting time=375
[Current_Solution] Agent 108 reaches goal at t=53, waiting time=468
[Current_Solution] Agent 107 reaches goal at t=66, waiting time=455
[Current_Solution] Agent 106 reaches goal at t=178, waiting time=343
[Current_Solution] Agent 105 reaches goal at t=97, waiting time=424
[Current_Solution] Agent 104 reaches goal at t=362, waiting time=159
[Current_Solution] Agent 103 reaches goal at t=11, waiting time=510
[Current_Solution] Agent 102 reaches goal at t=216, waiting time=305
[Current_Solution] Agent 101 reaches goal at t=105, waiting time=416
[Current_Solution] Agent 100 reaches goal at t=309, waiting time=212
[Current_Solution] Agent 99 reaches goal at t=320, waiting time=201
[Current_Solution] Agent 98 reaches goal at t=140, waiting time=381
[Current_Solution] Agent 97 reaches goal at t=19, waiting time=502
[Current_Solution] Agent 96 reaches goal at t=185, waiting time=336
[Current_Solution] Agent 95 reaches goal at t=432, waiting time=89
[Current_Solution] Agent 94 reaches goal at t=346, waiting time=175
[Current_Solution] Agent 93 reaches goal at t=20, waiting time=501
[Current_Solution] Agent 92 reaches goal at t=341, waiting time=180
[Current_Solution] Agent 91 reaches goal at t=123, waiting time=398
[Current_Solution] Agent 90 reaches goal at t=14, waiting time=507
[Current_Solution] Agent 89 reaches goal at t=10, waiting time=511
[Current_Solution] Agent 88 reaches goal at t=44, waiting time=477
[Current_Solution] Agent 87 reaches goal at t=280, waiting time=241
[Current_Solution] Agent 86 reaches goal at t=442, waiting time=79
[Current_Solution] Agent 85 reaches goal at t=462, waiting time=59
[Current_Solution] Agent 84 reaches goal at t=410, waiting time=111
[Current_Solution] Agent 83 reaches goal at t=78, waiting time=443
[Current_Solution] Agent 82 reaches goal at t=138, waiting time=383
[Current_Solution] Agent 81 reaches goal at t=428, waiting time=93
[Current_Solution] Agent 80 reaches goal at t=416, waiting time=105
[Current_Solution] Agent 79 reaches goal at t=288, waiting time=233
[Current_Solution] Agent 78 reaches goal at t=348, waiting time=173
[Current_Solution] Agent 77 reaches goal at t=26, waiting time=495
[Current_Solution] Agent 76 reaches goal at t=84, waiting time=437
[Current_Solution] Agent 75 reaches goal at t=419, waiting time=102
[Current_Solution] Agent 74 reaches goal at t=249, waiting time=272
[Current_Solution] Agent 73 reaches goal at t=425, waiting time=96
[Current_Solution] Agent 72 reaches goal at t=202, waiting time=319
[Current_Solution] Agent 71 reaches goal at t=102, waiting time=419
[Current_Solution] Agent 70 reaches goal at t=204, waiting time=317
[Current_Solution] Agent 69 reaches goal at t=211, waiting time=310
[Current_Solution] Agent 68 reaches goal at t=140, waiting time=381
[Current_Solution] Agent 67 reaches goal at t=457, waiting time=64
[Current_Solution] Agent 66 reaches goal at t=496, waiting time=25
[Current_Solution] Agent 65 reaches goal at t=344, waiting time=177
[Current_Solution] Agent 64 reaches goal at t=394, waiting time=127
[Current_Solution] Agent 63 reaches goal at t=161, waiting time=360
[Current_Solution] Agent 62 reaches goal at t=5, waiting time=516
[Current_Solution] Agent 61 reaches goal at t=210, waiting time=311
[Current_Solution] Agent 60 reaches goal at t=57, waiting time=464
[Current_Solution] Agent 59 reaches goal at t=331, waiting time=190
[Current_Solution] Agent 58 reaches goal at t=41, waiting time=480
[Current_Solution] Agent 57 reaches goal at t=159, waiting time=362
[Current_Solution] Agent 56 reaches goal at t=364, waiting time=157
[Current_Solution] Agent 55 reaches goal at t=475, waiting time=46
[Current_Solution] Agent 54 reaches goal at t=165, waiting time=356
[Current_Solution] Agent 53 reaches goal at t=313, waiting time=208
[Current_Solution] Agent 52 reaches goal at t=145, waiting time=376
[Current_Solution] Agent 51 reaches goal at t=145, waiting time=376
[Current_Solution] Agent 50 reaches goal at t=389, waiting time=132
[Current_Solution] Agent 49 reaches goal at t=363, waiting time=158
[Current_Solution] Agent 48 reaches goal at t=195, waiting time=326
[Current_Solution] Agent 47 reaches goal at t=1, waiting time=520
[Current_Solution] Agent 46 reaches goal at t=374, waiting time=147
[Current_Solution] Agent 45 reaches goal at t=371, waiting time=150
[Current_Solution] Agent 44 reaches goal at t=217, waiting time=304
[Current_Solution] Agent 43 reaches goal at t=59, waiting time=462
[Current_Solution] Agent 42 reaches goal at t=338, waiting time=183
[Current_Solution] Agent 41 reaches goal at t=38, waiting time=483
[Current_Solution] Agent 40 reaches goal at t=161, waiting time=360
[Current_Solution] Agent 39 reaches goal at t=87, waiting time=434
[Current_Solution] Agent 38 reaches goal at t=140, waiting time=381
[Current_Solution] Agent 37 reaches goal at t=399, waiting time=122
[Current_Solution] Agent 36 reaches goal at t=55, waiting time=466
[Current_Solution] Agent 35 reaches goal at t=311, waiting time=210
[Current_Solution] Agent 34 reaches goal at t=106, waiting time=415
[Current_Solution] Agent 33 reaches goal at t=60, waiting time=461
[Current_Solution] Agent 32 reaches goal at t=53, waiting time=468
[Current_Solution] Agent 31 reaches goal at t=316, waiting time=205
[Current_Solution] Agent 30 reaches goal at t=327, waiting time=194
[Current_Solution] Agent 29 reaches goal at t=105, waiting time=416
[Current_Solution] Agent 28 reaches goal at t=331, waiting time=190
[Current_Solution] Agent 27 reaches goal at t=401, waiting time=120
[Current_Solution] Agent 26 reaches goal at t=366, waiting time=155
[Current_Solution] Agent 25 reaches goal at t=124, waiting time=397
[Current_Solution] Agent 24 reaches goal at t=212, waiting time=309
[Current_Solution] Agent 23 reaches goal at t=288, waiting time=233
[Current_Solution] Agent 22 reaches goal at t=497, waiting time=24
[Current_Solution] Agent 21 reaches goal at t=480, waiting time=41
[Current_Solution] Agent 20 reaches goal at t=476, waiting time=45
[Current_Solution] Agent 19 reaches goal at t=470, waiting time=51
[Current_Solution] Agent 18 reaches goal at t=13, waiting time=508
[Current_Solution] Agent 17 reaches goal at t=318, waiting time=203
[Current_Solution] Agent 16 reaches goal at t=118, waiting time=403
[Current_Solution] Agent 15 reaches goal at t=521, waiting time=0
[Current_Solution] Agent 14 reaches goal at t=166, waiting time=355
[Current_Solution] Agent 13 reaches goal at t=396, waiting time=125
[Current_Solution] Agent 12 reaches goal at t=385, waiting time=136
[Current_Solution] Agent 11 reaches goal at t=354, waiting time=167
[Current_Solution] Agent 10 reaches goal at t=440, waiting time=81
[Current_Solution] Agent 9 reaches goal at t=118, waiting time=403
[Current_Solution] Agent 8 reaches goal at t=22, waiting time=499
[Current_Solution] Agent 7 reaches goal at t=178, waiting time=343
[Current_Solution] Agent 6 reaches goal at t=485, waiting time=36
[Current_Solution] Agent 5 reaches goal at t=137, waiting time=384
[Current_Solution] Agent 4 reaches goal at t=421, waiting time=100
[Current_Solution] Agent 3 reaches goal at t=501, waiting time=20
[Current_Solution] Agent 2 reaches goal at t=327, waiting time=194
[Current_Solution] Agent 1 reaches goal at t=392, waiting time=129
[Current_Solution] Agent 0 reaches goal at t=339, waiting time=182
[Current_Solution] Waiting time calculation complete
[LNS] Created current solution with 200 agent paths on a map of size 256x256
[LNS] Analyzing conflicts...
[LNS] Current solution: vertex collisions=963, edge collisions=24
[LNS] Creating conflict buckets...
[LOCAL ZONE] Building diamond bucket for conflict 0
[LOCAL ZONE] Built diamond bucket for conflict 0 with 5 positions, 1 conflicts, 1 - 1 time window
[LNS] Selected most relevant bucket 0 with time window: 1 - 1, 1 conflicts and 5 positions.
[LNS] Solving the best bucket Local Zone...
[Solve_local_zone] Local zone size reached 95% of all walkable positions
[Solve_local_zone] Will try to solve with full time window and all positions
[Solve_local_zone] Makespan: 521
[Solve_local_zone] Time window: [0, 521]
[Current_Solution] Agent 0 used 182 waiting timesteps, 0 remaining
[Current_Solution] Agent 1 used 129 waiting timesteps, 0 remaining
[Current_Solution] Agent 2 used 194 waiting timesteps, 0 remaining
[Current_Solution] Agent 3 used 20 waiting timesteps, 0 remaining
[Current_Solution] Agent 4 used 100 waiting timesteps, 0 remaining
[Current_Solution] Agent 5 used 384 waiting timesteps, 0 remaining
[Current_Solution] Agent 6 used 36 waiting timesteps, 0 remaining
[Current_Solution] Agent 7 used 343 waiting timesteps, 0 remaining
[Current_Solution] Agent 8 used 499 waiting timesteps, 0 remaining
[Current_Solution] Agent 9 used 403 waiting timesteps, 0 remaining
[Current_Solution] Agent 10 used 81 waiting timesteps, 0 remaining
[Current_Solution] Agent 11 used 167 waiting timesteps, 0 remaining
[Current_Solution] Agent 12 used 136 waiting timesteps, 0 remaining
[Current_Solution] Agent 13 used 125 waiting timesteps, 0 remaining
[Current_Solution] Agent 14 used 355 waiting timesteps, 0 remaining
[Current_Solution] Agent 16 used 403 waiting timesteps, 0 remaining
Command terminated after exceeding the time limit.
# Run terminated after reaching overall time limit

# Batch stopped after reaching overall time limit (elapsed 599s)
