# Batch started 2025-10-20 21:22:37 | map=/home/max/Documents/PhD/MAPF/LNS/MAPF_LNS_SAT/mapf-map/Paris_1_256.map | agents=20 | total_time_limit=600s

# Run 0 | scenario="/home/max/Documents/PhD/MAPF/LNS/MAPF_LNS_SAT/mapf-scen-even/scen-even/Paris_1_256-even-1.scen" | scenario_index=0
# Command: /home/max/Documents/PhD/MAPF/LNS/MAPF_LNS_SAT/lns_clean/main_clean_lns /home/max/Documents/PhD/MAPF/LNS/MAPF_LNS_SAT/mapf-map/Paris_1_256.map /home/max/Documents/PhD/MAPF/LNS/MAPF_LNS_SAT/mapf-scen-even/scen-even/Paris_1_256-even-1.scen 20 0 minisat 42
# Remaining time budget: 599 seconds
[LNS] Loaded map 256x256, agents: 20
[LNS] Map:
..........................................................................@@@@.....................@@.@@@@@@@............................................@@@................@@@@@@@@@@@..........@@@@..........@@...@@@@@@@@@@@@@.....................@@@@@@@.@@
.................................................................................................@@@@@.@@@@@@@.......................................@@@@@@@................@@@@@@@@@@@@.........@@@@.......@@@@@@...@@...@@@@.@@......................@@@@@@@@@
...............................................................................................@@@@@@@..@@@@@@...................@@..@...........@@@@@@@@@@@@...............@@@@@@@@@@............@@@....@@@@@@@@@........@@...........................@@@@@@@@@
..............................................................................................@@@@@@@...@@@....................@@@@@@@@.........@@@@@@@@@@@@@................@@@@@@...............@@...@@@@@@@@@@@......................................@@...@@@
............................................................................................@@@@@@@........................@@@@@@@@@@@@.........@@@@@@@@@@@@.................@@@.....................@@@@@@@@@@@@@...........................................@@.
............................................................................................@@@@@........................@@@@@@@@@@@@@@@......@@@@@@@@@@@@...........................................@@@@@@@@@@@@@..............................................
.............................................................................................@@..........................@@@@@@@@@@@@@@@..@@@@@@@@@@@@@...............................................@@@@@@@@@@...................@@...........................
..............................................................@@.............................@@........................@@@@@@@@@@@@@@@@@@@@@@@@@@@@@@.................................................@@@@@@@@...................@@@@..............@@@@@........
.............................................................@@@@...................................................@@@@@@@@@@@@@@@@@@@@@@@@@@@@@@@@............................................@......@@@@...................@@@@@@@@......@@....@@@@@@@.......
..............................................................@@@...............................................@@@@@@@@@@@@@@@@@@@.@@@@.@@@@@@@@@@@@..........@@............................@@@@......@@..................@@@@@@@@@@@.....@@@@.@@@@@@@@@.......
.........................................................................................................@..@@@@@@@@@@@@@@@@@@@@@...@@...@@@.@@@@@@@@..........@@@.......................@.@@@@@@@.......................@@@@@@@@@@@@@.....@@@@..@.@@@@.........
......................................................................................................@@@@@@@@@@@@@@@@@@@@@@@@@...............@@..@@............@.........@@...........@@@@@@@@@@@....................@@@@@@@@@@@@@@...............@@@@.........
...................................................................................................@@.@@@@@@@@@@@@@@@@@@@@.@@.............................................@@@.......@@@@@@@@@@@@@@..................@@@@@@@@@@@@............@.....@@@@@.@@......
................................................................................................@@@@@.@@@@@@@@@@@@@@@@....................................................@@@......@@@@@@@@@@@@@@................@@@@@@@@@@@@@............@@@@....@@@@@@@@......
..............................................................................................@@@@@@@..@@@@@@@@@@@@@.......................................................@@...@@@@@@@@@@@@@@................@@@@@@@@@@@@.@@.......@...@@@@@@...@@@@@@@@@@.....
...........................................................................................@@@@@@@@@@@.@@@@@@@@@@@.....................................................@@@@@@.@@@@@@@@@@@@@@@...............@.@@@@@@@@@@@.........@@@@@@@@@@@@@.@@@@@.@@@@@.....
.........................................................................................@@@@@@@@@@@@@.@@@@@@.......................................................@@@@@@@@@@@@@@@@@@.@@...............@@@@@..@@@@@@@@..........@@@@@@@@@@@@@@@.@@...@@@@@@....
.........................................................................................@@@@@@@@@@@@@..@@@@...............@@.....................................@@@@@@@@@@@@@@@@@@@..................@@@@@@@.@@@...............@@@@@@@@@@@@@@@@......@@@@@....
..........................................................................................@@@@@@@@@@@@@....................@@@....................................@@@@@@@@@@@@@@@@@@..................@@@@@@@@....................@@@@@@@@@@@@@@@.......@@@@....
..........................................................................................@@@@@@@...@@@.....................@@...............................@@..@@@@@@@@@@@@@.@@...................@@@@@@@@@@....................@@@@@@.@@@@@@@@@.......@@@@...
..................................................................................@@.......@@........@@......................................................@@@@@@@@@@@@@@.........................@@@@@@@@.............@.........@@@....@.@@@@@@......@@@@@@..
............................................................................@@@@@@@@.................@@@....................................@...........@@@@@@@@@@@@@@@@@.......................@@..@@@@@@..............@@.........@..@@...@@@@@@@@.....@@@@@@..
...........................................................................@@@@@@@@@@.....@@.........@@@...................................@@@..........@@@@@@@@@@@@@@........................@@@@..@@@@@@@.............@@@..........@@@@@@@@@@@@@@@....@@@@@.@@
..........................................................................@@@@@@@@@@@...@@@@@.........@@.................................@@@@.......@@@.@@@@@@@@@@@@.@@.......................@@@@@....@@@@..............@@...........@@@@@@@@@@@@.@@....@@..@@@
.......................................................................@@@@@@@@@@@@@@...@@@@@.........@@...............................@@@@@......@@@@@@@@@@@@@@@@...@@...............@........@@@@.@@.@@@@@.............@@@@.........@@@@@..@@.@@@@@@........@@
................................................................@@@@.@@@@@@@@@@@@@@.....@@@@@@........@@@.............................@@@@........@@@@@@@@@@@@@@....................@@@........@@@@.@@@@@@@@@.............@@@..........@@.....@@@@@@@@..........
.............................................................@@@@@@@.@@@@@@@@@@@@@.......@@@@@........@@@............................@@@@..........@@@@@@@@@@@....................@@@@@@........@@@@@@..@@@@@@............@@@@..............@@@@@@@@...........@
............................................................@@@@@@@@@@@@@@@@@@@@@@.......@@@@@.........@@.............................@....@@.@@...@@@@@@@@@....................@@@@@@@@..........@@@@...@@@..............@@@@...........@@@@@@@@@...........@@@
.........................................................@@.@@@@@@@@@.@@@@@....@@@@......@@@@@@........@.................................@@@@@@@@...@@@@@@......................@@@@@@@@...........@@......................@@@.@@......@@@@@@@@.............@@@@
........................................................@@@..@@@@@...@@@.........@@......@@@@@@.........................................@@@@@@@@@...@@@..........................@@@@@@.........@@@@@......................@@@@@@@....@@@@@@@...............@@@@
.......................................................@@@@@.@@.....@@@..........@@.......@@@@@........................................@@@@@@@@@@@...............................@@.@@@@@........@@@@@.....................@@@@@@@...@@@@@@..................@@@
......................................................@@@@@@.........@............@@......@@@@@......................................@@@@@@@@@@@@@...................................@@@@........@@@@@.....@................@@@@@....@@@@....................@@@
.....................................................@@@@@@@.......@@@.............@......@@@@@@.........@@..........................@@@@@@@@@@@.....................................@@@@@........@@......@@@................@@.......@.......................@@
....................................................@@@@@@@@.....@@@@@.............@...@@@@@@@@@.......@@@@..................@........@@@@@@.........................................@@@@@...........@@...@@@...................................................
....................................................@@@@@@@......@@@@@@..............@@@@@@@@@.......@@@@@@@.....@@@.......@@@.@@.....@@@@@......................@@...................@@@@.........@@@@....@....................................................
....................................................@@@@@........@@@@@@.............@@@@@@@@@......@@@@@@@@@.@@@@@@@......@@@@@@@@.....@@......................@@@@@..................@@@@@........@@@@@........................................................
.....................................................@............@@@@..............@@@@@@@@@......@@@@@@@@@@@@@@@@@@...@@@@@@@@@@..........................@@.@@@@@..................@@@@@.........@@@@........................................................
..................................................................@@................@@@@@@@@@.......@@@@@@@@@@@@@@@@@..@@@@@@@@@@@@.......................@@@@@.@@@@@..................@@@@@........@@@@........................................................
.....................................................................................@@@@..........@@@@@@@@@@@@@@@@@@...@@@@@@@@@........................@@@@@@.@@@@@..................@@@@@........@@@@@@.@@.................................................@.
.....................................................................................@@............@@@@@@@@.@@@@@@......@@@@@@...........................@@@@@@@.@@@....................@@@@@.......@@@@@@.@@...............................................@@@.
....................................................................................................@@.......@@..........@@.......................@@.....@@@@@@@.@@.....................@@@@@.......@@@@@@@@..............................................@@@@@.
................................................................................................................................................@@@@......@@@@..........................@@@@@@.......@@@@@@@@...........................................@@@@@@..
..............................................................................................................................................@@@@@@@.....@@............................@@@@@@........@@@@@@@...........................................@@@@....
.............................................................................................................................................@@@@@@@@....................................@@@@@........@@@@@@@@........................@@................@@......
.............................................................................................................................................@@@@@@@....@@@..............................@@@@.@@.......@@@@@@@.....................@@@@@........................
...@@@.@@@...................................................................................................................................@@@@@@.....@@@.............................@@@@@@@@@......@@@@@@......................@@@@@@.......................
@@@@@@@@@@@@@@...............................................................................................................................@@@@@@......@@.............................@@@@@@@@@......@@@@@@@....................@@@@@@@....@.@@..@@...........
@@@@@@@@@@@@@@......@.@@@@...................................................................................................................@@@@@....@@@@@..............................@@@@@@@@......@@@@@@@....................@@@@@@..@@@@@@@@@@@@.@@.......
@@@@@@@@@@@@@@......@@@@@@.................@@@@@@.............................................................................................@@@@....@@@@@..............................@@..@@@........@@@@@@@....................@@@@@.@@@@@@@@@@@@@@@@@@@....
@@@@@@@@@@@@@.......@@@@@@@@@..............@@@@@@@@@@@@@@@@.....................................................................................@@....@@@@@@.....@@...@@@@..................@............@@@@@@@...................@@@@...@@@@@@@@@@@@@@@@@@....
@@@@@@@@@@@@@.......@@@@@@@@@@@............@@@@@@@@@@@@@@@@@@@@@......................................................................................@@@@@@...@@@@@@@@@@@@...............@@@@..........@@@@@@@@.........................@@@...@@@@@..@@@@@@@...
@@@@@@@..@@@@.......@@@@@@@@@@@............@@@@@@@@@@@@@@@@@@@@@@@@....................................................................................@@@@@.@@@@@@@@@@@@@@..............@@@@@..........@@@@@@@@@.........................@@...@@@@@..@@@@@@@...
@@@@................@@@@@@@@@@@............@@@@@@@@@@@@@@@@@@@@@@@@............@@......................................................................@@@....@@@@@@@@@@@@@..............@@@@@@..........@@@@@@@@..@......................@@....@@@@...@@@@@....
.......................@@@@@@@@............@@@@@@@@@@@@@@@@@@@@@@@@............@@...@@...@....................................................................@@@@@..@@@@@@@.............@@@@@@..@.......@@@@@@@.@@@@@@..........@@@.......@@...@@@@@..@@@@@...@
..........................@@@@@............@@@@@@@@.@@..@@@@@@@@@@@......@@..@@@@@..@@@@@@@@......@............................................................@@.....@@@@@@.....@........@@@@.@@@@.......@@@@..@@@@@@@@.......@@@@@@......@@@.@@@@@@...@@@@@@@@
..........................@@@@@...............@@...........@@@@@@@@......@@@@@@@@@@@@@@@@@@@......@@@...@@............................................................@@@........@@.......@@..@@@@@.......@@...@@@@@@@@@.......@@@@@........@@@@@@@@@@..@@@@@@@@
..........................@@@@@@............................@.@@@@@.......@@@@@@@@@@@@@@@@@@@@..@@@@@@@.@@...@@@................................................................@@............@@@@@@...........@@@@@@@@@........@@@@@.......@@@@@@@@@@...@@@@@@@
.........................@@@@@@@..............................@@@@@......@@@@@@@@@@@@@@@@@@@@@..@@@@@@@@@@@..@@@................@@..............................................@@..@..........@@@@@............@@@@@@@@@........@@@@........@@@@@@@@@@..@@@@@@@
.....@@@@................@@@@@@@..............................@@@@@.....@@@@@@@@@@@@@@@@@@@@@...@@@@@@@@@@@@@@@@@.@@............@@@@@...............................................@@@........@@@@@..........@@@...@@@@@.......@@@@@@........@@...@@@@...@@@..@
..@@@@@@@.................@@@@@.......................................@@@@@@@......@@@@@@@@@@...@@@@@@@@@@@@@@@@@@@@...........@@@@@@@@@...........................................@@@@........@@@@@@.......@@@@....@@@@@@......@@@@@@.............@@@@@........
@@@@@@@@@................@@@@@@.......................................@@@@@@@............@@.....@@@@@@@@@@@@@@@@@@@@...........@@@@@@@@@@@@........................................@@@@@..@@@.@@@@@@@.......@@@@@....@@@@@......@@@@@@@............@@@@@........
@@@@@@@@@@...............@@@@@@.......................................@@@@@@@......................@@.@@@@@@@@@@@@@@@@@.........@@@@@@@@@@@@@@....................................@@@@@@@.@@@.@@@@@@........@@@@@....@@@@@@......@@@@@@..........@@@@@@@@.....@.
@@@@@@@@@@@@@............@@@@@@@......................................@@@@@@................................@@@@@@@@@@@........@@@@@@@@@@@@@@@@@@..................................@@@@@@@@@@@@@@@@.........@@@@@.....@@@@@.......@@@@@@........@@@@@@@@@....@@.
@@@@@@@@@@@@@............@@@@@@@......................................@@@@@@@...................................@@@@@@@........@@@@@@@@@@@@@@@@@@@@..................................@@@@@.@@@..@............@@@@@.....@@@@@.......@@@@.........@@@@@@@@@@...@@@
@@@@@@@@@@@@@@...........@@@@@@......................................@@@@@@@@...................................@@@@@@.........@@@@@@@@@@@@@@@@@@@@@@@................................@@@..@@@.@@@...........@@@@@.....@@@@@.......@@..@@........@@@.@@@@@....@@
@..@@@.@@@@@@@...........@@@@@@......................................@@@@@@@@....................................@@@@@.........@@@@@@@@@@@@@@@@@@@@@@@@@@...............................@...@@@@@@...........@@@........@@@@@........@@@@@............@@@@....@.
.......@@@@@@@...........@@@@@@......................................@@@@@@@.....................................@@@@...........@@@@@@@@@@@@@@@@@@@@@@@@@@@@................................@@@@@@@...@@................@@@@@.......@@@@@@............@@@@@.....
........@@@@@...........@@@@@@................@@@@@@@.@@.............@@@@@@@......................................@.............@@@@@@@@@@@@@@@@@@@@@@@@@@@@@@@..............................@@@@@@.@@@@.................@@@@.......@@@@@@@...........@@@@@.....
........@@@@@...........@@@@@@................@@@@@@@@@@@@@@@..........@@@@@....................................................@@@@@@@.....@@@@@@@@@@@@@@@@@@@@@@...........................@@@@@@@@@@@@................@@@@@.......@@@@@@.........@@@@@@@@....
........@@@@@@..........@@@@@@@...............@@@@@@@@@@@@@@@.........@@@@@@....................................................@@@@@@@.........@..@@@@@@@@@@@@@@@@@..........................@@@@@@@@@@@.........@@.....@@@@@.......@@@@@@@@@.....@@@@@@@@@...@
........@@@@@@..........@@@@@@@...............@@@@@@@@@@@@@@@........@@@@@@@.....................................................@@@@.................@@@@@@@@@@@@@..............................@@@@@@@@.......@@@@......@@@@........@@@@@@@@@@....@@@@@@@@....
........@@@@@@..........@@@@@@................@@@@@@@@@@@@@@@.........@@@@@......................................................@@@@@..................@@@@@@@@@@@@@............................@@@@@@@@@.....@@@@@@.....@@@@........@@@@@@@@@......@...@@@@.@@
.......@@@@@@@..........@@@@@@...............@@@@@@@@@@@@@@@@........@@@@@@.......................................................@@@@....................@@@@@@@@@@...@@@........................@@@@@@@@......@@@@@.....@@@@@........@@@@@@@@@.........@@@@@@@
.......@@@@@@@.............@@@...............@@@@@@@@@@@@@@@.........@@@@@@@......................................................@@@@......................@@@@@@@@.@@@@@..........................@@@@@........@@@@......@@@@........@@@@@@@@@..........@@.@@@
........@@@@@@...............................@@@@@@@@@@@@@@@........@@@@@@@@.............................................@........@@@@@........................@@@@..@@@@@@..........................@@@.........@@..@.....@@@@@........@@@@@@@@..............@@
........@@@@@@...............................@@@@@@@@@@@@@@@........@@@@@@@............................................@@@@........@@@@@.........................@@...@@@@@........................................@@@.....@@@@@........@@@@@@@@@.............@.
.......@@@@@@....................................@@@@@@@@@@@.........@@@@@@..........................................@@@@@@@.......@@@@@@@............................@@@@@@..@@@.................................@@@@.....@@@@@@.......@@@@@@@@@@@.........@...
.......@@@@@@.............@@@@@@........................@@@@.........@@@@@@........................................@@@@@@@@........@@@@@@@@............................@@@@@@@@@@@................................@@........@@@@@........@@@@@@@@@........@@@@@.
......@@@@@@@............@@@@@@.................................................................................@@@@@@@@@@@@........@@@@@@.............................@@@@@@@@@@@@@.................................@......@@@@@@.......@@@@@...........@@@@@@@
......@@@@@@@............@@@@@@@............@@@@.@@......................................@@@..................@@@@@@@@@@@@@@........@@@@@@@.............................@@@@@@@@@@@@@...............................@@@.....@@@@@@........@@@@@...........@@@@@@
........@@@@@............@@@@@@@............@@@@@@@@@@@@@...........................@@@@@@@@..............@@.@@@@@@@@@@@@@@@@........@@@@@@@.............................@@@@@@@@@@@@@.............................@@@@......@@@@@@.......@@@@@........@@@@@@@@.
........@@@@@............@@@@@@@............@@@@@@@@@@@@@@@....................@@@@@@@@@@@@@.............@@@@@@@@@@@@@@@@@@@@........@@@@@@@.............................@@@@@@@@@@@@@.@@..........................@@@@@.....@@@@@@.......@@@@@@.....@@@@@@@@...
.......@@@@@@@@@@@@......@@@@@@@............@@@@@@@@@@@@@@@..................@@@@@@@@@@@@@@@@...........@@@@@@@@@@@@@@@@@@@@@@@.......@@@@@@@.......................@@....@@@@@@@@@@@@@@@..........................@@@@@.....@@@@@@........@@@@@..@@@@@@@@@.....
.......@@@@@@@@@@@@@@@@@@@@@@@.............@@@@@@@@@@@@@@@@..................@@@@@@@@@@@@@@@@.........@@@@@@@@@@@@@@@@@@@@@@@@@.......@@@@@@@@@@...................@@@@@..@@@@@@@@@@@@@@@@..........................@@.......@@@@@@@.......@@@@@@@@@@.@@@@@@....
........@@@@@@@@@@@@@@@@@@@@@@.............@@@@@@@@@@@@@@@@..................@@@@@@@@@@@@@@@@........@@@@@@@@@@@@@@@@@@@@@@@@@@........@@@@@@@@@.................@@@@@@....@@@@@@@@@@@@@@@....................................@@@@@@.......@@@@@@@@@@@@@@@@@....
........@@@@@@@@@@@@@@@@@@@@@@.............@@@@@@@@@@@@@@@....................@@@@@@@@@@@@@..........@@@@@@@@@@@@@@@@@@@@@@@@@@........@@@@@@@@@@..............@@@@@@@@@...@@@@@.@@@@@@@@@@...................................@@@@@@........@@@@@@@@@@.@@@......
..........@@@@@@@@@@@@@@@@@@@..............@@@@@@@@@@@@@@@....................@@@@@....@@............@@@@@@@@@@@@@@@@@@@@@@@@@@.........@@@@@@@@.......@@.....@@@@@@@@@.....@@...@@@@@@@@@@....@@..............................@@@@@@.......@@@@@@@@@...........
.............@@@@@@@@@@@@@@@@................@@@@@@@@@@@@@....................@@@@@..................@@@@@@@@@@@@.....@@@@@@@@@@........@@@@@@@@.....@@@@@.....@@@@@@.............@@@..@@....@@@@@.............................@@@@@@........@@...@.............
.............@@@@..@@@@@.@@........................@@@@@@@...........................................@@@@@@@@@@@@......@@@@@@@@@@........@@@@@@.....@@@@@@.....@@@@@..........................@@@@@............................@@@@@@@..........................
......................@@.............................................................................@@@@@@@@@@@.......@@@@@@@@@@........@@...@......@@@@@@.....@@......................@@...@@@@@@@..........................@@@@@@@@..........................
.....................................................................................................@@@@@..@@.........@@@@@@@@@@@...................@@@@@@...........................@@@@@..@@@@@@@..........................@@@@@@@@@.........................
.....................................................................................................@@@@..............@@@@@@@@@@@....................@@@@@@........................@@@@@@@...@@@@@@...........................@@@@@@@@........................@
.....................................................................................................@@@................@@@@@@@@@@.....................@@@@@.......................@@@@@@@@@..@@@@@............................@@@@@@........................@@@
.........................................................................................................................@@@@@@@@@@.....................@@@@@.......................@@@@@@@@...@@.....@@........................@@.........................@@@@@
..............................................................................................@..........................@@@@@@@@@@.....................@@@@........................@@@@@@@.........@@@@@................................................@@@@@@@
...........................................................................................@@@@...........................@@@@@@@@@@.....................@...........................@@@@@@@@@.......@@@@@.............................................@@@@@@@@@
..........................................................................................@@@@@...........................@@@@@@@@@@..................................................@@@@@@@@.......@@@@@@.......................................@@..@@@@@@@@@.
.........................................................................................@@@@@@......@@@@@................@@@@@@@@@@@..................................................@@@@@@@........@@@@@....................................@@@@@@@@@@@@@@...
........................................................................................@@@@@@@......@@@@@.................@@@@@@@@@@..................................................@@@@@@.........@@@@@@...................................@@@@@@@@@@@@@@...
@@@@@@@@@@@@@@@@@.......................................................................@@@@@@@......@@@@@..................@@@@@@@@@.....................................................@............@@@@@.................................@@.@@@@@@@@@@@@....
@@@@@@@@@@@@@@@@@......................................................................@@@@@@@@......@@@@@..................@@@@@@@@@@.................................................................@@@@................................@@@@@@@@@@.@@@@......
@@@@@@@@@@@@@@@@@@@@...................................................................@@@@@@@@......@@@@@..................@@@@@@@@@@....................................................................@@@...........................@@@@@@@@.@@....@........
@@@@@@@@@@@@@@@@@@@@..................................................................@@@@@@@@@......@@@@@..................@@@@@@@@@@@.........................................................@@....@@@@@@@@.........................@@@@@@@@@@...............
@@@@@@@@@@@@@@@@@@@@..................................................................@@@@@@@@@.......@@@@..................@@@@@@@@@@@.......................................................@@@@....@@@@@@@@.........................@@@@@@@@@................
@@@@@@@@@@@@@@@@@@@@..................................................................@@@@@@@@@.......@@@@..................@@@@@@@@@@@......................................................@@@@@@...@@@@@@@..........................@@@@@@@@.................
@@@@@@@@@@@@@@@@@@@..................@@@@@............................................@@@@@@@@........@@@@...............@@@@@@@@@@@@@.....................................................@@@@@@@@....@@@..............................@@@@@...................
@@@@@@@@@@@@@@@@@@@..................@@@@@@@..........................................@@@@@@@@........@@@@..............@@@@@@@@@@@@......................................................@@@@@@@@@@.....................................@@@@...................
@@@@@@@@@@@@@@@@@@....................@@@@@@@.........................................@@@@@@@@........@@@@..............@@@@@@@@@@@.......................................................@@@@@@@@@@............................................................
@@@@@@...@@@@.........................@@@@@@@@@.......................................@@@@@@@@.........................@@@@@@@@@@@@........................................................@@@@@@@..............................................................
@@@@@@.................................@@@@@@@@@......................................@@@@@@@@........................@@@@@@@@@@@@@........................................................@@@@@.......................@........................................
@@@@@@.................................@@@@@@@@@@.....................................@@@@@@@@.......................@@@@@@@@@@@@@..........................................................@@.......................@@@@................................@@.....
@@@@@@..................................@@@@@@@@@.....................................@@@@@@@@.......................@@@@@@@@@@@....................................................................................@@@@@@.............................@@@@@....
@@@@@@@.................................@@@@@@@@@@....................................@@@@@@@@........................@@@@@@@@@....................................................................................@@@@@@@@....................@......@@@@@@....
@@@@@@@@.................................@@@@@@@@@....................................@@@@@@@@........................@@@@@@@@......................................................................................@@@@@@.@...................@@.....@@@@@@@...
@@@@@@@@.................................@@@@@@@@@@...................................@@@@@@@@.........................@@@@@@@.......................................................................@................@@@.@@@...................@......@@@@@@...
@@@@@@@@..................................@@@@@@@@@...................................@@@@@@@@.........................@@@@@@....................................................................@@@@@@................@.@@@@@@........................@@@@@@@..
@@@@@@@@..@@..............................@@@@@@@@@@..................................@@@@@@@@..........................@@@@...................................................................@@@@@@@@.................@@@@@@@@........................@@@@@@..
@@@@@@@@@@@@@@@@@@.........................@@@@@@@@@.................................@@@@@@@@@..........................@@@.....................................................................@@@@@@.................@@@@@@@@.........................@@@@@@@.
@@@@@@@@@@@@@@@@@@@@@@@@...................@@@@@@@@@@................................@@@@@@@@@...........................@......................................................................@@@@@@..................@@@@@@..........................@@@@@@@.
@@@@@@@@@@@@@@@@@@@@@@@@@@.................@@@@@@@@@@................................@@@@@@@@@...................................................................................................@@@..........@.@........@@@@@.@@...@@...................@@@@@@@
@@@@@@@@@@@@@@@@@@@@@@@@@@..................@@@@@@@@@................................@@@@@@@@@.............@@@@..............................................................................................@@@@.........@@@@@@@@@@@@@...................@@@@@@
@@@@@@@@@@@@@@@@@@@@@@@@@...................@@@@@@@@@@...............................@@@@@@@@.............@@@@@............................................................................................@@@@@@..........@@@@@@@@@@@@@..................@@@@.@
@@@@@@@@@@@@@@@@@@@@@@@@@....................@@@@@@@@@...............................@@@@@@@@............@@@@@@@..........................................................................................@@@@@@@@.........@@@@@@@@@@@@@.......................@
....@@@@@@@@@@@@@@@@@@@@@.....................@@@@@@@@@..............................@@@@@@@@...........@@@@@@@@.........................................................................................@@@@@@@@@@........@@@@@@@@@@@@@........................
.........@@@@@@@@@@@@@@@@.....................@@@@@@@@@@.............................@@@@@@@@...........@@@@@@@@.......................................................................................@@@@@@@@@@.........@@@@@@@@@@@@@.........................
............@@@@@@@@@@@@@......................@@@@@@@@@.............................@@@@@@@@...........@@@@@@@@......................................................................................@@@@@@@@@...........@@@@@..@@@@@..........................
....................@@@@@......................@@@@@@@@@@...........................@@@@@@@@...........@@@@@@@@@.....................................................................................@@@@@@@@@.............@@.....@@@...........................
................................................@@@@@@@@@...........................@@@@@@@@...........@@@@@@@@@......................................................................................@@@@@@.......................@............................
.................................@@.............@@@@@@@@@...........................@@@@@@@@..........@@@@@@@@@@..................................................................@...................@@@@@.....................................................
................................@@@@@............@@@@@@@@@..........................@@@@@@@@..........@@@@@@@@@@................................................................@@@@...................@@@....................................@.................
................................@@@@@@...........@@@@@@@@@..........................@@@@@@@@.........@@@@@@@@@@................................................................@@@@@@...................@....................................@@@................
................................@@@@@@@...........@@@@@@@@@.........................@@@@@@@@.........@@@@@@@@@@......................................@........................@@@@@@@......................@@...............................@@@@@...............
................................@@@@@@@@...........@@@@@@@@.........................@@@@@@@@.........@@@@@@@@@@.....................................@@@.....................@@@@@@@@@@.....................@@@@............................@@@@@@@..............
................................@@@@@@@@...........@@@@@@@@@........................@@@@@@@@.........@@@@@@@@@@...................................@@@@@....................@@@@@@@@@@@@.....................@@..............................@@@@@@@.............
................................@@@@@@@@@..........@@@@@@@@@@.......................@@@@@@@@.........@@@@@@@@@@..................................@@@@@@@.................@@@@@@@@@@@@@@@......................................................@@@@..............
................................@@@@@@@@@...........@@@@@@@@@......................@@@@@@@@@.........@@@@@@@@@..................................@@@@@@@@@...............@@@@@@@@@@@@@@@@@............................@..........................@......@........
................................@@@@@@@@@@..........@@@@@@@@@@.....................@@@@@@@@@.........@@@@@@@@@................................@@@@@@@@@@@@.............@@@@@@@@@@@@@@@@@@@.........................@@@@...................@...........@@@.......
.................................@@@@@@@@@...........@@@@@@@@@.....................@@@@@@@@@.........@@@@@@@@................................@@@@@@@@@@@@@@..........@@@@@@@@@@@@@@@@@@@@@........................@@@@@.........@........@@@.........@@@@.......
.................................@@@@@@@@@@..........@@@@@@@@@.....................@@@@@@@@..........@@@@@@@@...............................@@@@@@@@@@@@@@@.........@@@@@@@@@@@@@@@@@@@@@@@........................@@@@@........@@.......@@@@.......@@@@@@......
..................................@@@@@@@@@...........@@@@@@@@@....................@@@@@@@@..........@@@@@@@.................................@@@@@@@@@@@@@@@.......@@@@@@@@@@@@@@@@@@@@@@@@@........................@@@.........@.......@@@@@@.......@@@@@@@....
..................................@@@@@@@@@@..........@@@@@@@@@@...................@@@@@@@@..........@@@@@@@.................................@@@@@@@@@@@@@@@.....@@@@@@@@@@@@@@@@@@@@@@@@@@@@.....................@.@@...............@@@@@@@@.........@@@@@@@...
..................................@@@@@@@@@@...........@@@@@@@@@@..................@@@@@@@...........@@@@@@..............@@@@.................@@@@@@@@@@@@@@@...@@@@@@@@@@@@@@@@.@@@@@@@@@@@@@@.................@@@@@@..............@@@@@@@@...........@.@@@@...
...................................@@@@@@@@@@...........@@@@@@@@@.................@@@@@@@@...........@@@@@@............@@@@@@@@...............@@@@@@@@@@@@@@@....@@@@@@@@@@@@@.....@@@@@@@@@@@@@...............@@@@@@@.............@@@@@@@@................@@@@.
...................................@@@@@@@@@@...........@@@@@@@@@@................@@@@@@@@............@@@@...........@@@@@@@@@@@@..............@@@@@@@@@@@@@@@...@@@@@@@@@@@@.......@@@@@@@@@@@@@...............@@@@@.............@@@@@@@@@...............@@@@@@
....................................@@@@@@@@@............@@@@@@@@@@...............@@@@@@@@.............@@...........@@@@@@@@@@@@@...............@@@@@@@@@@@@@@....@@@@@@@@@@..........@@@@@@@@@@@@...............@@................@@@@@@@...............@@@@@@@
.....................................@@@@@@@@.............@@@@@@@@@...............@@@@@@@@.........................@@@@@@@@@@@@@@...............@@@@@@@@@@@@@@@....@@@@@@@...........@@@@@@@@@@@@@@..............................@@@@@@@@............@.....@@@@@
.....@@@@.....@@.....................@@@@@@@@@............@@@@@@@@@...............@@@@@@@@........................@@@@@@@@@@@@@@@................@@@@@@@@@@@@@......@@@@@............@@@@@@@@@@@@@@@@...........................@@@@@@@@............@@@@....@@@@
.....@@@@@@@@@@@......................@@@@@@@@.............@@@@@@@@@..............@@@@@@@@.......................@@@@@@@@@@@@@.@@.................@@@@@@@@@@........@@@@............@@@@@@@@@@@@@@@@@@.........................@@@@@@@@...........@@@@@@@....@@@
.....@@@@@@@@@@@......................@@@@@@@@..............@@@@@@@@.............@@@@@@@@@......................@@@@@@@@@@@@@@.....................@@@@@@@@..........@.............@@@@@@@@@@@@@@@@@@@@.......................@@@@@@@@@@.........@@@@@@@......@@
.....@@@@@@@@@@@.......................@@@@@@@..............@@@@@@@@@............@@@@@@@@@.....................@@@@@@@@@@@@@@......................@@@@@@..........................@@@@@@@@@@@@@@@@@@@@@................@.....@@@@@@@@@.........@@@@@@@........@
.....@@@@@@@@@@@........................@@@@@@...............@@@@@@@@@...........@@@@@@@@@....................@@@@@@@@@@@@@@@.......................@@@@..........................@@@@@@@@@@@@@@@@@@@@@@@@.............@@@@..@@@@@@@@@..........@@@@@@..........
.....@@@@@@@@@@@..........................@@@................@@@@@@@@@@..........@@@@@@@@@...................@@@@@@@@@@@@@@@.........................@...........................@@@@@@@@@@@@@@.@@@@@@@@@@@............@@@@@..@@@@@@@@.........@@@@@@@@.........
.....@@@@@@@@@@@...........................@.................@@@@@@@@@@..........@@@@@@@@@...................@@@@@@@@@@@@@@@.....................................................@@@@@@@@@@@@@@..@@@@@@@@@@@..........@@@@@@@..@@@@.@.........@@@@@@@@@.........
.....@@@@@@@@@@@..............................................@@@@@@@@@@........@@@@@@@@@@..................@@@@@@@@@@@@@@@.....................................................@@@@@@@@@@@@@@....@@@@@@@@@@@...........@@@@@...@.............@@@@@@@@..........
.....@@@@@@@@@@@..............................................@@@@@@@@@@@......@@@@@@@@@@.................@.@@@@@@@@@@@@@@.......................................................@@@@@@@@@@@@@......@@@@@@@@@@@........@@@@@@@...............@@@@@@@@@..........
.....@@@@@@@@@@@..............................................@@@@@@@@@@@@...@@@@@@@@@@@@.................@@@@@@@@@@@@@@@.........................................................@@@@@@@@@@@........@@@@@@@@@@@........@@@@@...............@.@@@@@@@...........
.....@@@@@@@@@@@...............................................@@@@@@@@@@@@@@@@@@@@@@@@@@.................@@@@@@@@@@@@@@............................................................@@@@@@@@..........@@@@@@@@@@@........@@@...............@@@@@@@@@............
.....@@@@@@@@@@@................................................@@@@@@@@@@@@@@@@@@@@@@@@@.................@@@@@@@@@@@@@..............................................................@@@@@@@.........@@@@@@@@@@@@@........@...............@@@@@@@@@.............
.....@@@@@@@@@@@................................................@@@@@@@@@@@@@@@@@@@@@@@@..................@@@@@@@@@@@.................................................................@@@@@..........@@@@@@@@@@@@@@.....................@@@@@@@@.@..............
.....@@@@@@@@@@@..................................@@@@...........@@@@@@@@@@@@@@@@@@@@@@@..................@@@@@@@@@@....................................................................@@@.........@@@@@@@@@@@@@@@@@...................@@@@@@@.................
.....@@@@@@@@@@@............................@@@@@@@@@@@@..........@@@@@@@@@@@@@@@@@@@@@............@.........@@@.........................................................................@.........@@@@@@@@@@@@@@@@@@@.................@@@@@@@..................
.....@@@@@@@@@@@..........................@@@@@@@@@@@@@@...........@@@@@@@@@@@@@@@@@@@...........@@@@@.............................................................................................@@@@@@@@@@@@@@@@@@@@................@@@@@@...................
.....@@@@@@@@@@@........................@@@@@@@@@@@@@@@@............@@@@@@@@@@@@@@@@@...........@@@@@@............................................................................................@@@@@@@@@@@@@@@@@@@@................@@@@@.....................
......@@@@@@@@@@.......................@@@@@@@@@@@@@@@@@..............@@@@@@@@@@@@@............@@@@@@@@.....................@@@@@@@@@@...........................................................@@@@@@@@@@@@@@@@@@@@..................@@@......................
......@@@@@@@@@@.....................@@@@@@@@@@@@@@@@@@@................@@@@@@@@@@.............@@@@@@@@@.................@@@@@@@@@@@@@@@@@@@....................................................@@@@@@@@@@@@@@@.@@@@@....................@......................
......@@@@@@@@@@..................@@@@@@@@@@@@@@@@@@@@@.......................................@@@@@@@@@@@..............@@@@@@@@@@@@@@@@@@@@@@@..................................................@@@@@@@@@@@@@@@..@@@............................................
......@@@@@@@@@@..................@@@@@@@@@@@@@@@@@@@@........................................@@@@@@@@@@@@.............@@@@@@@@@@@@@@@@@@@@@@@@@...............................................@@@@@@@@@@@@@@@....@.............................................
......@@@@@@@@@@..................@@@@@@@@@@@@@@@@@@@.........................................@@@@@@@@@@@@.............@@@@@@@@@@@@@@@@@@@@@@@@@@.................................@@............@@@@@@@@@@@@@...................................................
......@@@@@@@@@@.................@@@@@@@@@@@@@@@@@@...........................................@@@@@@@@@@@@.............@@@@@@@@@@@@@@@@@@@@@@@@@@...............................@@@@@............@@@@@@@@@@@....................................................
......@@@@@@@@@@.................@@@@@@@@@@@@@@@@@............@@@.............................@@@@@@@@@@@@.............@@@@@@@@@@@@@@@@@@@@@@@@@.............................@@.@@@@@@.............@@@@@@@@@.............................................@......
......@@@@@@@@@@.................@@@@@@@@@@@@@@@@@@.........@@@@@@@...........................@@@@@@@@@@@@@............@@@@@@@@@@@@@@@@@@@@@@@@@............................@@@@@@@@@@@.............@@@@@@@............................................@.@@.....
......@@@@@@@@@@.................@@@@@@@@@@@@.@@@@@.........@@@@@@@@@.........................@@@@@@@@@@@@@.................@@@@@@@@@@@@@@@@@@@@.........................@@.@@@@@@@@@@@..............@@@@@............................................@@@@@@@...
......@@@@@@@@@@.................@@@@@@@@@@@..@@@@..........@@@@@@@@@@@.......................@@@@@@@@@@@@@.....................@@@@@@@@@@@@@..........................@@@@@@@@@@@@@@@@@@..............@@@...........................................@@@@@@@@@..
......@@@@@@@@@@...................@@@@@@@..................@@@@@@@@@@@@.......................@@@@@@@@@@@@...........................................................@@@@@@@@@@@@@@@@@@@@..............@............................................@@@@@@@@...
......@@@@@@@@@@......................@@.....................@@@@@@@@@@@@......................@@@@@@@@@@@@............................................................@@@@@@@@@@@@@@@@@@@@.........................................................@@@@@@@@....
......@@@@@@@@@@.............................................@@@@@@@@@@@@@.....................@@@@@@@@@@@@............................................................@@@@@@@@@@@@@@@@@@@@@@.........................................................@@@@......
......@@@@@@@@@@..............................................@@@@@@@@@@@@@@...................@@@@@@@@@@@@.............................................................@@@@@@@@@@@@@@@@@@@@@@..................................................................
......@@@@@@@@@@..............................................@@@@@@@@@@@@@@@..................@@@@@@@@@@@@..............................................................@@@@@@@@@.@@@@@@@@@@@@.................................................................
......@@@@@@@@@@...............................................@@@@@@@@@@@@@@..................@@@@@@@@@@@@...............................................................@@@.@@....@@@@@@@@@@@@................................................................
...................................................@............@@@@@@@@@@@@@@..................@@@@@@@@@@@..........................................................................@@@@@@@@@@@@...............................................................
..............................................@@@@@@@@...........@@@@@@@@@@@@@@.................@@@@@@@@@@@...............@@@@@.@@@...................................................@@@@@@@@@@@@..............................................................
............................................@@@@@@@@@@............@@@@@@@@@@@@@@.................@@@@@@@@@................@@@@@@@@@@...................................................@@@@@@@@@@@@.............................................................
..........................................@@@@@@@@@@@@.............@@@@@@@@@@@@@@.................@@@@@@@@................@@@@@@@@@@@@@@.................................................@@@@@@@@@.............................................................@
.........................................@@@@@@@@@@@@@...............@@@@@@@@@@@@..................@@@@@@.................@@@@@@@@@@@@@@@...........................@......................@@@@@@@@.............................................................
........................................@@@@@@@@@@@@@@................@@@@@@@@@@@...................@@@@@................@@@@@@@@@@@@@@@@@@........................@@@@.....................@@@@@@@@.@......................................@@@.................
.......................................@@@@@@@@@@@@@@..................@@@@@@@@@@@...................@@@.................@@@@@@@@@@@@@@@@@@@@@....................@@@@@@@..................@@@@@@@@@@@@.................................@.@@@@@@................
......................................@@@@@@@@@@@@@@@...................@@@@@@@@@@.........................................@@@@@@@@@@@@@@@@@@@...................@@@@@@@@@@.................@@@@@@@@@@@@..............................@@@@@@@@@@@...............
.....................................@@@@@@@@@@@@@@@......................@@@@@@@...........................................@@@@@@@@@@@@@@@@@@@.................@@@@@@@@@@@@@................@@@@@@@@@@@@..........................@@@@@@@@@@@@@@@@.............
.....................................@@@@@@@@@@@@@@.........................@@@@@.............................................@@@@@@@@@@@@@@@@@@@..............@@@@@@@@@@@@@@@@..............@@@@@@@@@@@@@.......................@@@@@@@@@@@@@@@@@@@............
....................................@@@@@@@@@@@@@@.............................................................................@@@@@@@@@@@@@@@@@@@..............@@@@@@@@@@@@@@@@@.........@@@@@@@@@@@@@@@.......................@@@@@@@@@@@@@@@@@@@@@...........
...................................@@@@@@@@@@@@@@@................................................................................@@@@@@@@@@@@@@@@................@@@@@@@@@@@@@@@@......@@@@@@@@@@@@@@@........................@@@@@@@@@@@@@..@@@@@@............
...................................@@@@@@@@@@@@@@...........@@@@@@..................................................................@@@@@@@@@@@@@...................@@@@@@@@@@@@@@....@@@@@@@@@@@@@.@........................@@@@@@@@@@@@@@...@@@@@@@...........
.................................@@@@@@@@@@@@@@@..........@@@@@@@@@....................................................................@@@@@@@@@@.....................@@@@@@@@@@@@..@@@@@@@@@@@@@@.........................@@@@@@@@@@@@@.......@@@@@@@@.........
.................................@@@@@@@@@@@@@@...........@@@@@@@@@..........................................@@@@@@@......................@@@@@@.......................@@@@@@@@@@@@@@@@@@@@@@@@@@@@.......................@@@@@@@@@@@..........@@@@@@@@@........
.................................@@@@@@@@@@@@............@@@@@@@@@@..................@@@@...................@@@@@@@@@@.........................@.........................@@@@@@@@@@@@@@@@@@@@@@@@@.........................@@@@@@@@@............@@@@@@@@........
.......................@@........@@@@@@@@@@...............@@@@@@@@@.................@@@@@@@.................@@@@@@@@@@@@@.................................................@@@@@@@@@@@@@@@@@@@@@@.......................@@@@@@@@@@@@..............@@@@@@@@.......
..............@@@@.@@@@@@.........@@@@@@@@................@@@@@@@@@@@..............@@@@@@@@.................@@@@@@@@@@@@@..................................................@@@@@@@@@@@@@@@@@@@.......................@@@@@@@@@@@@@................@@@@@@........
..........@@@@@@@@@@@@@@@..........@@@@...................@@@@@@@@@@@@.............@@@@@@@@..................@@@@@@@@@@@@@...................................................@@@@@@@@@@@@@@@........................@@@@@@@@@@@@@.................@@@@@@@.......
.......@@@@@@@@@@@@@@@@@@..................................@@@@@@@@@@@.............@@@@@@@@...................@@@@@@@@@@@@@...................................................@.@@@@@@@@@@.........................@@@@@@@@@@@@....................@@@@@@.......
.@@@@@@@@@@@@@@@@@@@@@@@...................................@@@@@@@@@@@@...........@@@@@@@@@...................@@@@@@@@@@@@@@@...................................................@@@@@@@@..........................@@@@@@@@@@@@......................@@@@@.......
.@@@@@@@@@@@@@@@@@@@@@@@...................................@@@@@@@@@@@@...........@@@@@@@@@...................@@@@@@@@@@@@@@@@...................................................@@@@@@@........................@@@@@@@@@@@@.......................@@@@@@@......
.@@@@@@@@@@@@@@@@@@@@@@@...................................@@@@@@@@@@@@@..........@@@@@@@@@....................@@@@@@@@@@@@@@@@....................................................@@@@........................@@@@@@@@@@@@......................@@@@@@@@.......
.@@@@@@@@@@@@@@@@@@@@@@@....................................@@@@@@@@@@@@..........@@@@@@@@@@.....................@@@@@@@@@@@@@@@....................................................@..........................@@@@@@@@@@.......................@@@@@@@@@.......
.@@@@@@@@@@@@@@@@@@@@@......................................@@@@@@@@@@@...........@@@@@@@@@@.....................@@@@@@@@@@@@@@@@...............................................................................@@@@@@@........................@@@@@@@@@........
.@@@@@@@@@@@@@@@@@...........................................@@@@@@@@@@@.........@@@@@@@@@@@......................@@@@@@@@@@@@@@@@...........................................................................@@@@@@@@@.........................@@@@@@@..........
.@@@@@@@@@@@@@...............................................@@@@@@@@@@@.........@@@@@@@@@@@.........@@@............@@@@@@@@@@@@@@.........................................................................@@@@@@@@@@.........................@@@@@@@@@.........
.@@@@@@@.....................................................@@@@@@@@@@@.........@@@@@@@@@@@........@@@@@..............@@@@@@@@@@@........................................................................@@@@@@@@@.........................@@@@@@@@@@..........
@@@@@@......................@.................................@@@@@@@@@@@........@@@@@@@@@@@........@@@@@@..............@@@@@@@@@@..................................................................@@@@@@@@@@@@@@.........................@@@@@@@@@............
@@@@@@.....................@@..................................@@@@@@@@@.........@@@@@@@@@@@.......@@@@@@@@@.............@@@@@@@@...................................................................@@@@@@@@@@@@@@@......................@@@@@@@@@@.............
@@@@@@@@...................@....................................@@@@@@@@.........@@@@@@@@@@@.......@@@@@@@@@.................@@@....................................................................@@@@@@@@@@@@@@.....................@@@@@@@@@@@..............
@@@@@@@@........................................................@@@@@@@@.........@@@@@@@@@@........@@@@@@@@@........................................................................................@@@@@@@@@@@@......................@@@@@@@@@@@...............
@@@@@@@@.........................................................@@@@@@@.........@@@@@@@@@@........@@@@@@@@@@.......................................................................................@@@@@@@@@.@......................@@@@@@@@@@@...............@
@@@@@@@..............@.............................................@@@@@..........@@@@@@@@@........@@@@@@@@@@.......................................................................................@@@@@@@@.......................@@@@@@@@@@@@................@
@@@@@@@.............@@@@............................................@@@...........@@@@@@@@@........@@@@@@@@@@@............................................................................@@@@@@@@@@@@@@..........................@@@@@@@@@@@..................@
@@@@@@@............@@@@@@@@.......................................................@@@@@@@@@........@@@@@@@@@@@.....................................................................@@@@.@@@@@@@@@@@@.............................@@@@@@@@@@@..................@@
@@@@@@@............@@@@@@@@@@.....................................................@@@@@@@@.........@@@@@@@@@@@....................................................................@@@@@@@@@@@@@@@@@@.....................@@@@@@@@@@@@@@@@@....................@@
@@@@@@@...........@@@@@@@@@@.......................................................@@@@@@..........@@@@@@@@@@@.................................................................@@@@@@@@@@@@@@@@@@@@@....................@@@@@@@@@@@@@@@@...................@@...
@@@@@@@..........@@@@@@@@@.........................................................@@@@@@..........@@@@@@@@@@@.................................................................@@@@@@@@@@@@@@@@@@@@@....................@@@@@@@@@@@@@@@@...................@@@@.
@@@@@@..........@@@@@@@@@..............@@...@@.......................................@@.............@@@@@@@@@@@.............................................................@.@@@@@@@@@@@@@@@@@@@@@@....................@@@@@@@@@@@@@@@...................@@@@@@
@@@@@@.........@@@@@@@@@@.............@@@@@@@@@@....................................................@@@@@@@@@@@...........................................................@@@@@@@@@@@@@@@@@@@@.@@@@@....................@@@@@@@@@@@@@.....................@@@@@@
@@@@@@@@.......@@@@@@@@@..............@@@@@@@@@@@@..................................................@@@@@@@@@@@........................................................@.@@@@@@@@@@@@@..................................@@@@@@@@@.@......................@@@@@@@
@@@@@@@@@@@@..@@@@@@@@@..............@@@@@@@@@@@@@@@@................................................@@@@@@@@@@.......................................................@@@.@@@@@@@.........................................@@@@@@.........................@@@@@@.
@@@@@@@@@@@@@@@@@@@@@@...............@@@@@@@@@@@@@@@@@@@@............................................@@@@@@@@@@.......................................................@@@@@@@@@@@.......................................................................@@@@@@@.
@@@@@@@@@@@@@@@@@@@@@@..............@@@@@@@@@@@@@@@@@@@@@@@...........................................@@@@@@@@@......................................................@@@@@@@@@@@...............................................................@.........@@@@@..
@@@@@@@@@@@@@@@@@@@@@@..............@@@@@@@@@@@@@@@@@@@@@@............................................@@@@@@@@@.......................................................@@@@@@@@@...............................................................@@@@........@@@@..
@@@@@@@@@@@@@@@@@@@@@..............@@@@@@@@@@@@@@@@@@@@@@@............................................@@@@@@@@@......................................................@@@@@@.@...........@.....................................................@@@@@......@@@@@..
....@@@@@@@@@@@@@@@@...............@@@@@@@@@@@@@@@@@@@@@@..............................................@@@@@@@@.....................................................@@@@@@..........@..@@@.....................@............................@@@@@@.....@.@@@@...
......@@@@@@@@@@@@@@..............@@@@@@@@@@@@@@@@@@@@@@@@@.............................................@@@@@@.....................................................@@@@@@..........@@@@@@@@...................@@@...........................@@@@@@....@@@@@@@...
.........@@@@@@@@@@...............@@@@@@@@@@@@@@@@@@@@@@@@@@@............................................@@@@......................................................@@@@@@............@@@@@@@.................@@@@@@.....................@@@@@@@@@.....@@@@@@....
.............@@@@@..................@@@@@@@@@@@@@@@@@@@@@@@@@@@...........................................@@........................................................@@@@@@..........@@@@@@@@@...............@@@@@@@@..................@.@@@@@@@@@.....@@@@@@....
.................@....................@@@@@@@@@@@@@@@@@@@@@@@@@@@...................................................................................................@@@@@@@@........@@@@@@@@@@..............@@@@@@@...................@@@@@@@..@.....@@@@@@.....
........................................@@@@@@@@@@@@@@@@@@@@@@@@@@@..................................................................................................@@@@@@@@......@@@@@@@@@@..............@@@@@@@@................@.@@@@@@@.........@@@@@@.....
...........................................@@@@@@@@@@@@@@@@@@@@@@@@@@.................................................................................................@@@@@@@@......@@@@@@@@..............@@@@@@@@.................@@@.@@@@@.......@@..@@@......
....................................@........@@@@@@@@@@@@@@@@@@@@@@@@@@..............................................................................................@@@@@@@@@@......@@@@@@..............@@@@@@@@.................@@@@@@.@@........@@@@..@......
...................................@@@..........@@@@@@@@@@@@@@@@@@@@@@@@@.............................................................................................@@@@@@@@@@......@@@@@.............@@@@@@@@..................@@@@@...........@@@@@@@.......
...................................@@@............@@@@@@@@@@@@@@@@@@@@@@@@@.............................................................................................@.@@@@@........@@@.............@@@@@@@@@.................@@@@@@............@@@@@@.......
..................................@@@...............@@@@@@@@@@@@@@@@@@@@@@@@@............................................................................................@@@@@@@........@..............@@@@@@@@.............@....@@@@@............@@@@@@........
..................................@@@.................@@@@@@@@@@@@@@@@@@@@@@@@@...........................................................................................@@@@@@@@....................@@@@@@@@.............@@@@...@@@@.........@..@@@@@@........
@@@@...............................@.......@............@@@@@@@@@@@@@@@@@@@@@@@@@..........................................................................................@@@@@@@..................@@@@@@@@@.............@@@@@@@...@.........@@@@@@@@@.........
@@@@......................................@@@.............@@@@@@@@@@@@@@@@@@@@@@@@@..........................................................................................@@@@@.................@@@@@@@.@..............@@@@@@@@............@@@@@@@@..........
@@@@....................................@@@@@...............@@@@@@@@@@@@@@@@@@@@@@@@@......................................................................................@.@@@@@................@@@@@@@@...............@@@@@@@@............@@@@@@@@@..........
@@@@..................................@@@@@@@@................@@@@@@@@@@@@@@@@@@@@@@@@@................................................................@@.................@@@@@@@@................@@@@@@@@.................@@@@@@............@@@@@@@............
....................................@@@@@@@@@@@.................@@@@@@@@@@@@@@@@@@@@@@@@@.............................................................@@@@@...............@@@@@@@...............@.@@@@@@@....................@@.............@@@@@@@@............
..................................@@@@@@@@@@@@....................@@@@@@@@@@@@@@@@@@@@@@@@@......................@@................................@.@@@@@@@.@...........@@@@@@@...............@@@@@@@@@......................@..............@@@@@@.............
...................................@@@@@@@@@@@@.....................@@@@@@@@@@@@@@@@@@@@@@@@@...................@@@...............................@@@@@@@@@@@@@..........@@@@@@@@.............@@@@@@@@@@.......................................@@@@.............
....................................@@@@@@@@@@@@........@.............@@@@@@@@@@@@@@@@@@@@@@@@@................@@@@@..............................@@@@@@@@@@@@@@.......@.@@@@@@@..............@@@@@@@@@..............@...........................@..............
....................................@@@@@@@@@@@@........@@..............@@@@@@@@@@@@@@@@@@@@@@..................@@@@@............................@@@@@@@@@@@@@@@@@....@@@@@@@@@@...........@.@@@@@@@@@..............@@@@........................................
.....................................@@@@@@@@@@@@......@@@@@..............@@@@@@@@@@@@@@@@@@@@................@@@@@@@@...........................@@@@@@@.@@@@@@@@@@...@@@@@@@@@...........@@@@@@@@@@@...............@@@@@@......................................
.....................................@@@@@@@@@@@@......@@@@@@@..............@@@@@@@@@@@@@@@@@@...@@..........@@@@@@@@@@.........................@@@@@@@...@@@@@@@@@@.@@@@@@@@@...........@@@@@@@@@@@...............@@@@@@.......................................
.....................................@@@@@@@@@@@@@.....@@@@@@@@@..............@@@@@@@@@@@@@@@@...@@@.......@@@@@@@@@@@@@.......................@@@@@@@@....@@@@@@@@@@@@@@@@@.............@@@@@@@@@@...............@@@@@@@.......................................
@@@@@@@@@@@@@@@@@@@@@@@@@@@@@.........@@@@@@@@@@@@......@@@@@@@@@@..............@@@@@@@@@@@@@...@@@@@@....@@@@@@@@@@@@@@@.....................@@@@@@.@......@@@@@@@@@@@@@@@.............@@@@@@..@@.................@@@@@.....................................@@.
@@@@@@@@@@@@@@@@@@@@@@@@@@@@@.........@@@@@@@@@@@@@.....@@@@@@@@@@@@..............@@@@@@@@@@@...@@@@@@@@@...@@@@@@@@@@@@@......................@@@@@@.........@@@@@@@@@@@@@............@@@@@@@@...................@@@@@@.....................................@@@
@@@@@@@@@@@@@@@@@@@@@@@@@@@@@..........@@@@@@@@@@@......@@@@@@@@@@@@@@.....@@....@@@@@@@@@@@....@@@@@@@@@@@..@@@@@@@@@@@@@....................@@@@@@...........@.@@@@@@@.@............@@@@@@@@......................@@@................@....................@@@@
@@@@@@@@@@@@@@@@@@@@@@@@@@@@@..........@@@@@@@@@@@@.....@@@@@@@@@@@@@@@@...@@@@@.@@@@.@@@@@@....@@@@@@@@@@....@@@@@@@@@@@@@..................@@@@@@@...............@@@@..............@@@@@@@@.........................@................@@@@.................@@@@
@@@@@@@@@@@@@@@@@@@@@@@@@@@@@@@.........@@@@@@@@@@@.......@@@@@@@@@@@@@@@@@@@@@@@@@@@@@.@@@@...@@@@@@@@@@@.....@@@@@@@@@@@@@.................@@@@@@.................@@..............@@@@@@@@.......................@..................@@@@@@@..............@@@@@
@@@@@@@@@@@@@@@@@@@@@@@@@@@@@@@.........@@@@@@@@@@@@........@@@@@@@@@@@@@@@@@@@@@@@@@@@@@@@@@..@@@@@@@@@@......@@@@@@@@@@@@@@...............@@@@@@.................................@@@@@@@@................@@......@@@..................@@@@@@@............@@@@@
[LNS] Number of agents: 20
[LNS] Agents (start -> goal):
  Agent 0: (254,168) -> (154,93)
  Agent 1: (233,40) -> (227,192)
  Agent 2: (96,16) -> (37,254)
  Agent 3: (17,20) -> (220,186)
  Agent 4: (197,237) -> (116,29)
  Agent 5: (21,65) -> (110,107)
  Agent 6: (232,189) -> (23,35)
  Agent 7: (8,148) -> (129,93)
  Agent 8: (197,4) -> (180,9)
  Agent 9: (196,105) -> (129,156)
  Agent 10: (179,0) -> (253,174)
  Agent 11: (191,52) -> (44,241)
  Agent 12: (127,34) -> (239,251)
  Agent 13: (25,253) -> (224,74)
  Agent 14: (14,34) -> (100,114)
  Agent 15: (203,215) -> (4,1)
  Agent 16: (41,44) -> (23,144)
  Agent 17: (234,32) -> (107,223)
  Agent 18: (214,127) -> (222,132)
  Agent 19: (176,1) -> (254,149)
[LNS] Base makespan: 521

[LNS] === Attempt with max_timesteps=521 ===
[SAT] Creating MDDs with shortest paths + waiting time...
[SAT] Created 20 MDDs with waiting time structure
[LNS] Built MDDs with waiting time structure for 20 agents at makespan 521
[Current_Solution] Calculating waiting times for agents...
[Current_Solution] Agent 19 reaches goal at t=470, waiting time=51
[Current_Solution] Agent 18 reaches goal at t=13, waiting time=508
[Current_Solution] Agent 17 reaches goal at t=318, waiting time=203
[Current_Solution] Agent 16 reaches goal at t=118, waiting time=403
[Current_Solution] Agent 15 reaches goal at t=521, waiting time=0
[Current_Solution] Agent 14 reaches goal at t=166, waiting time=355
[Current_Solution] Agent 13 reaches goal at t=396, waiting time=125
[Current_Solution] Agent 12 reaches goal at t=385, waiting time=136
[Current_Solution] Agent 11 reaches goal at t=354, waiting time=167
[Current_Solution] Agent 10 reaches goal at t=440, waiting time=81
[Current_Solution] Agent 9 reaches goal at t=118, waiting time=403
[Current_Solution] Agent 8 reaches goal at t=22, waiting time=499
[Current_Solution] Agent 7 reaches goal at t=178, waiting time=343
[Current_Solution] Agent 6 reaches goal at t=485, waiting time=36
[Current_Solution] Agent 5 reaches goal at t=137, waiting time=384
[Current_Solution] Agent 4 reaches goal at t=421, waiting time=100
[Current_Solution] Agent 3 reaches goal at t=501, waiting time=20
[Current_Solution] Agent 2 reaches goal at t=327, waiting time=194
[Current_Solution] Agent 1 reaches goal at t=392, waiting time=129
[Current_Solution] Agent 0 reaches goal at t=339, waiting time=182
[Current_Solution] Waiting time calculation complete
[LNS] Created current solution with 20 agent paths on a map of size 256x256
[LNS] Analyzing conflicts...
[LNS] Current solution: vertex collisions=5, edge collisions=0
[LNS] Creating conflict buckets...
[LOCAL ZONE] Building diamond bucket for conflict 0
[LOCAL ZONE] Built diamond bucket for conflict 0 with 12 positions, 4 conflicts, 106 - 109 time window
[LNS] Selected most relevant bucket 0 with time window: 106 - 109, 4 conflicts and 12 positions.
[LNS] Solving the best bucket Local Zone...
[Solve_local_zone] Local zone size reached 95% of all walkable positions
[Solve_local_zone] Will try to solve with full time window and all positions
[Solve_local_zone] Makespan: 521
[Solve_local_zone] Time window: [0, 521]
[Current_Solution] Agent 0 used 182 waiting timesteps, 0 remaining
[Current_Solution] Agent 1 used 129 waiting timesteps, 0 remaining
[Current_Solution] Agent 2 used 194 waiting timesteps, 0 remaining
[Current_Solution] Agent 3 used 20 waiting timesteps, 0 remaining
[Current_Solution] Agent 4 used 100 waiting timesteps, 0 remaining
[Current_Solution] Agent 5 used 384 waiting timesteps, 0 remaining
[Current_Solution] Agent 6 used 36 waiting timesteps, 0 remaining
[Current_Solution] Agent 7 used 343 waiting timesteps, 0 remaining
[Current_Solution] Agent 8 used 499 waiting timesteps, 0 remaining
[Current_Solution] Agent 9 used 403 waiting timesteps, 0 remaining
[Current_Solution] Agent 10 used 81 waiting timesteps, 0 remaining
[Current_Solution] Agent 11 used 167 waiting timesteps, 0 remaining
[Current_Solution] Agent 12 used 136 waiting timesteps, 0 remaining
[Current_Solution] Agent 13 used 125 waiting timesteps, 0 remaining
[Current_Solution] Agent 14 used 355 waiting timesteps, 0 remaining
[Current_Solution] Agent 16 used 403 waiting timesteps, 0 remaining
[Current_Solution] Agent 17 used 203 waiting timesteps, 0 remaining
Command terminated after exceeding the time limit.
# Run terminated after reaching overall time limit

# Batch stopped after reaching overall time limit (elapsed 599s)
